{'PATH_MOD': '/mnt/d/时空数据/白文豪/week1/DiffSTG/output/model/', 'PATH_LOG': '/mnt/d/时空数据/白文豪/week1/DiffSTG/output/log/', 'PATH_FORECAST': '/mnt/d/时空数据/白文豪/week1/DiffSTG/output/forecast/', 'data': {'name': 'AIR_N95_PE', 'path': '/mnt/d/时空数据/白文豪/week1/DiffSTG/data/dataset/', 'feature_file': '/mnt/d/时空数据/白文豪/week1/DiffSTG/data/dataset/AIR_N95_PE/flow.npy', 'spatial': '/mnt/d/时空数据/白文豪/week1/DiffSTG/data/dataset/AIR_N95_PE/adj.npy', 'num_recent': 1, 'num_features': 1, 'num_vertices': 95, 'points_per_hour': 1, 'val_start_idx': 7378, 'test_start_idx': 8047}, 'gpu_id': None, 'model': {'T_p': 6, 'T_h': 24, 'V': 95, 'F': 1, 'week_len': 7, 'day_len': 24, 'device': device(type='cuda'), 'd_h': 32, 'N': 200, 'sample_steps': 200, 'epsilon_theta': 'UGnet', 'is_label_condition': True, 'beta_end': 0.1, 'beta_schedule': 'quad', 'sample_strategy': 'ddpm', 'channel_multipliers': [1, 2], 'supports_len': 2, 'C': 32, 'n_channels': 32}, 'n_samples': 8, 'model_name': 'DiffSTG', 'is_test': False, 'epoch': 300, 'optimizer': 'adam', 'lr': 0.0001, 'batch_size': 32, 'wd': 1e-05, 'early_stop': 10, 'start_epoch': 0, 'device': device(type='cuda'), 'logger': <utils.common_utils.Logger object at 0x7f5ff3b18f90>, 'mask_ratio': 0.0, 'T_h': 24, 'T_p': 6, 'trial_name': 'UGnet+32+200+quad+0.1+200+ddpm+24+6+8+AIR_N95_PE+0.0001+32+42+0.0+300+10+0.001+/mnt/d/时空数据/白文豪/week2/DiffSTG/output', 'log_path': '/mnt/d/时空数据/白文豪/week1/DiffSTG/output/log//UGnet+32+200+quad+0.1+200+ddpm+24+6+8+AIR_N95_PE+0.0001+32+42+0.0+300+10+0.001+/mnt/d/时空数据/白文豪/week2/DiffSTG/output.log'}
model path:/mnt/d/时空数据/白文豪/week1/DiffSTG/output/model/UGnet+32+200+quad+0.1+200+ddpm+24+6+8+AIR_N95_PE+0.0001+32+42+0.0+300+10+0.001+/mnt/d/时空数据/白文豪/week2/DiffSTG/outputN-200+T_h-24+T_p-6+epsilon_theta-UGnet.dm4stg
DiffSTG(
  (eps_model): UGnet(
    (down): ModuleList(
      (0-1): 2 x DownBlock(
        (res): ResidualBlock(
          (tcn1): TcnBlock(
            (conv): Conv2d(32, 32, kernel_size=(3, 3), stride=(1, 1), padding=(1, 2))
            (chomp): Chomp()
            (drop): Dropout(p=0.0, inplace=False)
            (net): Sequential(
              (0): Conv2d(32, 32, kernel_size=(3, 3), stride=(1, 1), padding=(1, 2))
              (1): Chomp()
              (2): Dropout(p=0.0, inplace=False)
            )
          )
          (tcn2): TcnBlock(
            (conv): Conv2d(32, 32, kernel_size=(3, 3), stride=(1, 1), padding=(1, 2))
            (chomp): Chomp()
            (drop): Dropout(p=0.0, inplace=False)
            (net): Sequential(
              (0): Conv2d(32, 32, kernel_size=(3, 3), stride=(1, 1), padding=(1, 2))
              (1): Chomp()
              (2): Dropout(p=0.0, inplace=False)
            )
          )
          (shortcut): Identity()
          (t_conv): Conv2d(32, 32, kernel_size=(1, 1), stride=(1, 1))
          (spatial): SpatialBlock()
          (norm): LayerNorm((95, 32), eps=1e-05, elementwise_affine=True)
        )
      )
      (2): Downsample(
        (conv): Conv2d(32, 32, kernel_size=(1, 3), stride=(1, 2), padding=(0, 1))
      )
      (3): DownBlock(
        (res): ResidualBlock(
          (tcn1): TcnBlock(
            (conv): Conv2d(32, 64, kernel_size=(3, 3), stride=(1, 1), padding=(1, 2))
            (chomp): Chomp()
            (drop): Dropout(p=0.0, inplace=False)
            (net): Sequential(
              (0): Conv2d(32, 64, kernel_size=(3, 3), stride=(1, 1), padding=(1, 2))
              (1): Chomp()
              (2): Dropout(p=0.0, inplace=False)
            )
            (shortcut): Conv2d(32, 64, kernel_size=(1, 1), stride=(1, 1))
          )
          (tcn2): TcnBlock(
            (conv): Conv2d(64, 64, kernel_size=(3, 3), stride=(1, 1), padding=(1, 2))
            (chomp): Chomp()
            (drop): Dropout(p=0.0, inplace=False)
            (net): Sequential(
              (0): Conv2d(64, 64, kernel_size=(3, 3), stride=(1, 1), padding=(1, 2))
              (1): Chomp()
              (2): Dropout(p=0.0, inplace=False)
            )
          )
          (shortcut): Conv2d(32, 64, kernel_size=(1, 1), stride=(1, 1))
          (t_conv): Conv2d(32, 64, kernel_size=(1, 1), stride=(1, 1))
          (spatial): SpatialBlock()
          (norm): LayerNorm((95, 64), eps=1e-05, elementwise_affine=True)
        )
      )
      (4): DownBlock(
        (res): ResidualBlock(
          (tcn1): TcnBlock(
            (conv): Conv2d(64, 64, kernel_size=(3, 3), stride=(1, 1), padding=(1, 2))
            (chomp): Chomp()
            (drop): Dropout(p=0.0, inplace=False)
            (net): Sequential(
              (0): Conv2d(64, 64, kernel_size=(3, 3), stride=(1, 1), padding=(1, 2))
              (1): Chomp()
              (2): Dropout(p=0.0, inplace=False)
            )
          )
          (tcn2): TcnBlock(
            (conv): Conv2d(64, 64, kernel_size=(3, 3), stride=(1, 1), padding=(1, 2))
            (chomp): Chomp()
            (drop): Dropout(p=0.0, inplace=False)
            (net): Sequential(
              (0): Conv2d(64, 64, kernel_size=(3, 3), stride=(1, 1), padding=(1, 2))
              (1): Chomp()
              (2): Dropout(p=0.0, inplace=False)
            )
          )
          (shortcut): Identity()
          (t_conv): Conv2d(32, 64, kernel_size=(1, 1), stride=(1, 1))
          (spatial): SpatialBlock()
          (norm): LayerNorm((95, 64), eps=1e-05, elementwise_affine=True)
        )
      )
    )
    (middle): MiddleBlock(
      (res1): ResidualBlock(
        (tcn1): TcnBlock(
          (conv): Conv2d(64, 64, kernel_size=(3, 3), stride=(1, 1), padding=(1, 2))
          (chomp): Chomp()
          (drop): Dropout(p=0.0, inplace=False)
          (net): Sequential(
            (0): Conv2d(64, 64, kernel_size=(3, 3), stride=(1, 1), padding=(1, 2))
            (1): Chomp()
            (2): Dropout(p=0.0, inplace=False)
          )
        )
        (tcn2): TcnBlock(
          (conv): Conv2d(64, 64, kernel_size=(3, 3), stride=(1, 1), padding=(1, 2))
          (chomp): Chomp()
          (drop): Dropout(p=0.0, inplace=False)
          (net): Sequential(
            (0): Conv2d(64, 64, kernel_size=(3, 3), stride=(1, 1), padding=(1, 2))
            (1): Chomp()
            (2): Dropout(p=0.0, inplace=False)
          )
        )
        (shortcut): Identity()
        (t_conv): Conv2d(32, 64, kernel_size=(1, 1), stride=(1, 1))
        (spatial): SpatialBlock()
        (norm): LayerNorm((95, 64), eps=1e-05, elementwise_affine=True)
      )
      (res2): ResidualBlock(
        (tcn1): TcnBlock(
          (conv): Conv2d(64, 64, kernel_size=(3, 3), stride=(1, 1), padding=(1, 2))
          (chomp): Chomp()
          (drop): Dropout(p=0.0, inplace=False)
          (net): Sequential(
            (0): Conv2d(64, 64, kernel_size=(3, 3), stride=(1, 1), padding=(1, 2))
            (1): Chomp()
            (2): Dropout(p=0.0, inplace=False)
          )
        )
        (tcn2): TcnBlock(
          (conv): Conv2d(64, 64, kernel_size=(3, 3), stride=(1, 1), padding=(1, 2))
          (chomp): Chomp()
          (drop): Dropout(p=0.0, inplace=False)
          (net): Sequential(
            (0): Conv2d(64, 64, kernel_size=(3, 3), stride=(1, 1), padding=(1, 2))
            (1): Chomp()
            (2): Dropout(p=0.0, inplace=False)
          )
        )
        (shortcut): Identity()
        (t_conv): Conv2d(32, 64, kernel_size=(1, 1), stride=(1, 1))
        (spatial): SpatialBlock()
        (norm): LayerNorm((95, 64), eps=1e-05, elementwise_affine=True)
      )
    )
    (up): ModuleList(
      (0-1): 2 x UpBlock(
        (res): ResidualBlock(
          (tcn1): TcnBlock(
            (conv): Conv2d(128, 64, kernel_size=(3, 3), stride=(1, 1), padding=(1, 2))
            (chomp): Chomp()
            (drop): Dropout(p=0.0, inplace=False)
            (net): Sequential(
              (0): Conv2d(128, 64, kernel_size=(3, 3), stride=(1, 1), padding=(1, 2))
              (1): Chomp()
              (2): Dropout(p=0.0, inplace=False)
            )
            (shortcut): Conv2d(128, 64, kernel_size=(1, 1), stride=(1, 1))
          )
          (tcn2): TcnBlock(
            (conv): Conv2d(64, 64, kernel_size=(3, 3), stride=(1, 1), padding=(1, 2))
            (chomp): Chomp()
            (drop): Dropout(p=0.0, inplace=False)
            (net): Sequential(
              (0): Conv2d(64, 64, kernel_size=(3, 3), stride=(1, 1), padding=(1, 2))
              (1): Chomp()
              (2): Dropout(p=0.0, inplace=False)
            )
          )
          (shortcut): Conv2d(128, 64, kernel_size=(1, 1), stride=(1, 1))
          (t_conv): Conv2d(32, 64, kernel_size=(1, 1), stride=(1, 1))
          (spatial): SpatialBlock()
          (norm): LayerNorm((95, 64), eps=1e-05, elementwise_affine=True)
        )
      )
      (2): UpBlock(
        (res): ResidualBlock(
          (tcn1): TcnBlock(
            (conv): Conv2d(96, 32, kernel_size=(3, 3), stride=(1, 1), padding=(1, 2))
            (chomp): Chomp()
            (drop): Dropout(p=0.0, inplace=False)
            (net): Sequential(
              (0): Conv2d(96, 32, kernel_size=(3, 3), stride=(1, 1), padding=(1, 2))
              (1): Chomp()
              (2): Dropout(p=0.0, inplace=False)
            )
            (shortcut): Conv2d(96, 32, kernel_size=(1, 1), stride=(1, 1))
          )
          (tcn2): TcnBlock(
            (conv): Conv2d(32, 32, kernel_size=(3, 3), stride=(1, 1), padding=(1, 2))
            (chomp): Chomp()
            (drop): Dropout(p=0.0, inplace=False)
            (net): Sequential(
              (0): Conv2d(32, 32, kernel_size=(3, 3), stride=(1, 1), padding=(1, 2))
              (1): Chomp()
              (2): Dropout(p=0.0, inplace=False)
            )
          )
          (shortcut): Conv2d(96, 32, kernel_size=(1, 1), stride=(1, 1))
          (t_conv): Conv2d(32, 32, kernel_size=(1, 1), stride=(1, 1))
          (spatial): SpatialBlock()
          (norm): LayerNorm((95, 32), eps=1e-05, elementwise_affine=True)
        )
      )
      (3): Upsample(
        (conv): ConvTranspose2d(32, 32, kernel_size=(1, 4), stride=(1, 2), padding=(0, 1))
      )
      (4-6): 3 x UpBlock(
        (res): ResidualBlock(
          (tcn1): TcnBlock(
            (conv): Conv2d(64, 32, kernel_size=(3, 3), stride=(1, 1), padding=(1, 2))
            (chomp): Chomp()
            (drop): Dropout(p=0.0, inplace=False)
            (net): Sequential(
              (0): Conv2d(64, 32, kernel_size=(3, 3), stride=(1, 1), padding=(1, 2))
              (1): Chomp()
              (2): Dropout(p=0.0, inplace=False)
            )
            (shortcut): Conv2d(64, 32, kernel_size=(1, 1), stride=(1, 1))
          )
          (tcn2): TcnBlock(
            (conv): Conv2d(32, 32, kernel_size=(3, 3), stride=(1, 1), padding=(1, 2))
            (chomp): Chomp()
            (drop): Dropout(p=0.0, inplace=False)
            (net): Sequential(
              (0): Conv2d(32, 32, kernel_size=(3, 3), stride=(1, 1), padding=(1, 2))
              (1): Chomp()
              (2): Dropout(p=0.0, inplace=False)
            )
          )
          (shortcut): Conv2d(64, 32, kernel_size=(1, 1), stride=(1, 1))
          (t_conv): Conv2d(32, 32, kernel_size=(1, 1), stride=(1, 1))
          (spatial): SpatialBlock()
          (norm): LayerNorm((95, 32), eps=1e-05, elementwise_affine=True)
        )
      )
    )
    (x_proj): Conv2d(1, 32, kernel_size=(1, 1), stride=(1, 1))
    (out): Sequential(
      (0): Conv2d(32, 1, kernel_size=(1, 1), stride=(1, 1))
      (1): Linear(in_features=60, out_features=30, bias=True)
    )
  )
)Num_of_parameters:911047
      |---Train--- |---Val Future-- -|-----Val History----|
Epoch | Loss  Time | MAE     RMSE    |  MAE    RMSE   Time|
   1.0| 8.782 57.6s |[1.6299 2.8865 ] | 1.8813 3.2763 369.32s
   2.0| 3.924 58.0s |[0.3790 0.6027 ] | 0.3573 0.6328 375.45s
   3.0| 2.420 58.6s |[0.2066 0.2852 ] | 0.1323 0.2020 377.51s
   4.0| 1.974 59.0s |[0.1090 0.1533 ] | 0.1138 0.1600 381.52s
   5.0| 1.716 59.9s |[0.0809 0.1073 ] | 0.1035 0.1382 388.37s
   6.0| 1.554 59.7s | 0.0853 0.1143  | 0.0912 0.1217 393.11s
   7.0| 1.448 58.6s | 0.0943 0.1281  | 0.0831 0.1135 391.86s
   8.0| 1.371 59.8s | 0.0820 0.1094  | 0.0565 0.0778 389.84s
   9.0| 1.311 58.8s |[0.0763 0.1002 ] | 0.0507 0.0696 388.60s
  10.0| 1.262 59.6s | 0.0780 0.1039  | 0.0480 0.0664 386.96s
  11.0| 1.219 60.9s | 0.0790 0.1057  | 0.0451 0.0611 389.04s
  12.0| 1.183 58.7s | 0.0926 0.1249  | 0.0558 0.0794 388.37s
  13.0| 1.147 58.9s | 0.1303 0.1678  | 0.0776 0.0958 388.44s
  14.0| 1.120 61.3s | 0.0827 0.1111  | 0.0578 0.0829 388.34s
  15.0| 1.091 59.6s |[0.0733 0.0978 ] | 0.0489 0.0674 386.45s
  16.0| 1.064 61.2s | 0.0752 0.1002  | 0.0460 0.0627 383.53s
  17.0| 1.041 56.6s | 0.0762 0.1016  | 0.0457 0.0624 371.94s
  18.0| 1.018 56.3s |[0.0708 0.0946 ] | 0.0539 0.0752 369.54s
  19.0| 0.997 56.2s | 0.0723 0.0967  | 0.0561 0.0801 374.88s
  20.0| 0.978 56.7s | 0.0723 0.0966  | 0.0544 0.0780 367.69s
  21.0| 0.960 56.0s |[0.0705 0.0945 ] | 0.0521 0.0743 368.96s
  22.0| 0.943 57.0s | 0.0725 0.0972  | 0.0524 0.0756 369.54s
  23.0| 0.928 57.5s |[0.0704 0.0945 ] | 0.0482 0.0696 370.89s
  24.0| 0.913 57.7s |[0.0680 0.0913 ] | 0.0454 0.0650 372.80s
  25.0| 0.900 58.1s |[0.0621 0.0835 ] | 0.0414 0.0580 369.15s
  26.0| 0.899 56.9s |[0.0615 0.0815 ] | 0.0324 0.0428 374.77s
  27.0| 0.875 58.3s | 0.0620 0.0835  | 0.0412 0.0602 375.41s
  28.0| 0.866 57.1s |[0.0586 0.0785 ] | 0.0398 0.0559 375.40s
  29.0| 0.855 59.5s | 0.0593 0.0801  | 0.0398 0.0576 383.07s
  30.0| 0.844 60.6s |[0.0583 0.0781 ] | 0.0380 0.0539 375.74s
  31.0| 0.833 57.1s |[0.0581 0.0784 ] | 0.0383 0.0551 376.12s
  32.0| 0.824 57.3s | 0.0593 0.0787  | 0.0348 0.0490 377.08s
  33.0| 0.813 57.6s |[0.0572 0.0770 ] | 0.0401 0.0571 373.31s
  34.0| 0.805 57.6s | 0.0591 0.0784  | 0.0337 0.0475 379.80s
  35.0| 0.797 57.7s | 0.0591 0.0783  | 0.0310 0.0435 376.35s
  36.0| 0.790 58.7s | 0.0604 0.0796  | 0.0286 0.0381 369.01s
  37.0| 0.779 55.6s | 0.0576 0.0765  | 0.0324 0.0449 369.11s
  38.0| 0.772 57.4s |[0.0562 0.0751 ] | 0.0323 0.0450 367.84s
  39.0| 0.765 56.7s |[0.0554 0.0744 ] | 0.0305 0.0395 370.79s
  40.0| 0.756 59.4s |[0.0544 0.0734 ] | 0.0353 0.0487 397.70s
  41.0| 0.748 60.8s |[0.0542 0.0730 ] | 0.0383 0.0550 390.83s
  42.0| 0.743 62.0s | 0.0542 0.0729  | 0.0366 0.0510 392.21s
  43.0| 0.734 63.5s |[0.0538 0.0725 ] | 0.0380 0.0531 400.88s
  44.0| 0.726 61.2s |[0.0529 0.0716 ] | 0.0417 0.0595 396.06s
  45.0| 0.720 60.3s |[0.0525 0.0710 ] | 0.0438 0.0621 401.40s
  46.0| 0.717 60.3s | 0.0526 0.0713  | 0.0389 0.0550 397.78s
  47.0| 0.714 61.7s | 0.0538 0.0724  | 0.0285 0.0368 398.38s
  48.0| 0.702 62.4s | 0.0531 0.0720  | 0.0312 0.0411 397.56s
  49.0| 0.697 59.7s | 0.0527 0.0713  | 0.0310 0.0409 394.35s
  50.0| 0.691 60.8s |[0.0524 0.0715 ] | 0.0333 0.0444 392.23s
  51.0| 0.685 60.3s |[0.0519 0.0704 ] | 0.0319 0.0424 407.85s
  52.0| 0.680 58.9s |[0.0511 0.0694 ] | 0.0301 0.0397 387.57s
  53.0| 0.675 58.9s |[0.0509 0.0691 ] | 0.0284 0.0371 382.87s
  54.0| 0.670 58.8s | 0.0512 0.0696  | 0.0285 0.0371 381.88s
  55.0| 0.666 58.8s |[0.0509 0.0691 ] | 0.0267 0.0345 381.52s
  56.0| 0.664 58.8s | 0.0512 0.0695  | 0.0190 0.0236 380.68s
  57.0| 0.666 58.8s | 0.0577 0.0803  | 0.0207 0.0260 379.32s
  58.0| 0.650 58.8s | 0.0532 0.0730  | 0.0277 0.0359 379.37s
  59.0| 0.650 58.8s | 0.0528 0.0724  | 0.0220 0.0280 379.70s
  60.0| 0.653 58.8s | 0.0632 0.0881  | 0.0177 0.0222 375.89s
  61.0| 0.641 58.5s | 0.0547 0.0751  | 0.0224 0.0284 377.61s
 |[0.0455 0.0568 ] | 0.0263 0.0291 1162.04s
