{'PATH_MOD': '/mnt/d/时空数据/白文豪/week1/DiffSTG/output/model/', 'PATH_LOG': '/mnt/d/时空数据/白文豪/week1/DiffSTG/output/log/', 'PATH_FORECAST': '/mnt/d/时空数据/白文豪/week1/DiffSTG/output/forecast/', 'data': {'name': 'AIR_N95', 'path': '/mnt/d/时空数据/白文豪/week1/DiffSTG/data/dataset/', 'feature_file': '/mnt/d/时空数据/白文豪/week1/DiffSTG/data/dataset/AIR_N95/flow.npy', 'spatial': '/mnt/d/时空数据/白文豪/week1/DiffSTG/data/dataset/AIR_N95/adj.npy', 'num_recent': 1, 'num_features': 1, 'num_vertices': 95, 'points_per_hour': 1, 'val_start_idx': 7378, 'test_start_idx': 8047}, 'gpu_id': None, 'model': {'T_p': 6, 'T_h': 24, 'V': 95, 'F': 1, 'week_len': 7, 'day_len': 24, 'device': device(type='cuda'), 'd_h': 32, 'N': 200, 'sample_steps': 200, 'epsilon_theta': 'UGnet', 'is_label_condition': True, 'beta_end': 0.1, 'beta_schedule': 'quad', 'sample_strategy': 'ddpm', 'channel_multipliers': [1, 2], 'supports_len': 2, 'C': 32, 'n_channels': 32}, 'n_samples': 8, 'model_name': 'DiffSTG', 'is_test': False, 'epoch': 300, 'optimizer': 'adam', 'lr': 0.0001, 'batch_size': 32, 'wd': 1e-05, 'early_stop': 10, 'start_epoch': 0, 'device': device(type='cuda'), 'logger': <utils.common_utils.Logger object at 0x7705c794d5d0>, 'mask_ratio': 0.0, 'T_h': 24, 'T_p': 6, 'trial_name': 'UGnet+32+200+quad+0.1+200+ddpm+24+6+8+AIR_N95+0.0001+32+42+0.0+300+10+0.001+/mnt/d/时空数据/白文豪/week2/DiffSTG/output', 'log_path': '/mnt/d/时空数据/白文豪/week1/DiffSTG/output/log//UGnet+32+200+quad+0.1+200+ddpm+24+6+8+AIR_N95+0.0001+32+42+0.0+300+10+0.001+/mnt/d/时空数据/白文豪/week2/DiffSTG/output.log'}
model path:/mnt/d/时空数据/白文豪/week1/DiffSTG/output/model/UGnet+32+200+quad+0.1+200+ddpm+24+6+8+AIR_N95+0.0001+32+42+0.0+300+10+0.001+/mnt/d/时空数据/白文豪/week2/DiffSTG/outputN-200+T_h-24+T_p-6+epsilon_theta-UGnet.dm4stg
DiffSTG(
  (eps_model): UGnet(
    (down): ModuleList(
      (0-1): 2 x DownBlock(
        (res): ResidualBlock(
          (tcn1): TcnBlock(
            (conv): Conv2d(32, 32, kernel_size=(3, 3), stride=(1, 1), padding=(1, 2))
            (chomp): Chomp()
            (drop): Dropout(p=0.0, inplace=False)
            (net): Sequential(
              (0): Conv2d(32, 32, kernel_size=(3, 3), stride=(1, 1), padding=(1, 2))
              (1): Chomp()
              (2): Dropout(p=0.0, inplace=False)
            )
          )
          (tcn2): TcnBlock(
            (conv): Conv2d(32, 32, kernel_size=(3, 3), stride=(1, 1), padding=(1, 2))
            (chomp): Chomp()
            (drop): Dropout(p=0.0, inplace=False)
            (net): Sequential(
              (0): Conv2d(32, 32, kernel_size=(3, 3), stride=(1, 1), padding=(1, 2))
              (1): Chomp()
              (2): Dropout(p=0.0, inplace=False)
            )
          )
          (shortcut): Identity()
          (t_conv): Conv2d(32, 32, kernel_size=(1, 1), stride=(1, 1))
          (spatial): SpatialBlock()
          (norm): LayerNorm((95, 32), eps=1e-05, elementwise_affine=True)
        )
      )
      (2): Downsample(
        (conv): Conv2d(32, 32, kernel_size=(1, 3), stride=(1, 2), padding=(0, 1))
      )
      (3): DownBlock(
        (res): ResidualBlock(
          (tcn1): TcnBlock(
            (conv): Conv2d(32, 64, kernel_size=(3, 3), stride=(1, 1), padding=(1, 2))
            (chomp): Chomp()
            (drop): Dropout(p=0.0, inplace=False)
            (net): Sequential(
              (0): Conv2d(32, 64, kernel_size=(3, 3), stride=(1, 1), padding=(1, 2))
              (1): Chomp()
              (2): Dropout(p=0.0, inplace=False)
            )
            (shortcut): Conv2d(32, 64, kernel_size=(1, 1), stride=(1, 1))
          )
          (tcn2): TcnBlock(
            (conv): Conv2d(64, 64, kernel_size=(3, 3), stride=(1, 1), padding=(1, 2))
            (chomp): Chomp()
            (drop): Dropout(p=0.0, inplace=False)
            (net): Sequential(
              (0): Conv2d(64, 64, kernel_size=(3, 3), stride=(1, 1), padding=(1, 2))
              (1): Chomp()
              (2): Dropout(p=0.0, inplace=False)
            )
          )
          (shortcut): Conv2d(32, 64, kernel_size=(1, 1), stride=(1, 1))
          (t_conv): Conv2d(32, 64, kernel_size=(1, 1), stride=(1, 1))
          (spatial): SpatialBlock()
          (norm): LayerNorm((95, 64), eps=1e-05, elementwise_affine=True)
        )
      )
      (4): DownBlock(
        (res): ResidualBlock(
          (tcn1): TcnBlock(
            (conv): Conv2d(64, 64, kernel_size=(3, 3), stride=(1, 1), padding=(1, 2))
            (chomp): Chomp()
            (drop): Dropout(p=0.0, inplace=False)
            (net): Sequential(
              (0): Conv2d(64, 64, kernel_size=(3, 3), stride=(1, 1), padding=(1, 2))
              (1): Chomp()
              (2): Dropout(p=0.0, inplace=False)
            )
          )
          (tcn2): TcnBlock(
            (conv): Conv2d(64, 64, kernel_size=(3, 3), stride=(1, 1), padding=(1, 2))
            (chomp): Chomp()
            (drop): Dropout(p=0.0, inplace=False)
            (net): Sequential(
              (0): Conv2d(64, 64, kernel_size=(3, 3), stride=(1, 1), padding=(1, 2))
              (1): Chomp()
              (2): Dropout(p=0.0, inplace=False)
            )
          )
          (shortcut): Identity()
          (t_conv): Conv2d(32, 64, kernel_size=(1, 1), stride=(1, 1))
          (spatial): SpatialBlock()
          (norm): LayerNorm((95, 64), eps=1e-05, elementwise_affine=True)
        )
      )
    )
    (middle): MiddleBlock(
      (res1): ResidualBlock(
        (tcn1): TcnBlock(
          (conv): Conv2d(64, 64, kernel_size=(3, 3), stride=(1, 1), padding=(1, 2))
          (chomp): Chomp()
          (drop): Dropout(p=0.0, inplace=False)
          (net): Sequential(
            (0): Conv2d(64, 64, kernel_size=(3, 3), stride=(1, 1), padding=(1, 2))
            (1): Chomp()
            (2): Dropout(p=0.0, inplace=False)
          )
        )
        (tcn2): TcnBlock(
          (conv): Conv2d(64, 64, kernel_size=(3, 3), stride=(1, 1), padding=(1, 2))
          (chomp): Chomp()
          (drop): Dropout(p=0.0, inplace=False)
          (net): Sequential(
            (0): Conv2d(64, 64, kernel_size=(3, 3), stride=(1, 1), padding=(1, 2))
            (1): Chomp()
            (2): Dropout(p=0.0, inplace=False)
          )
        )
        (shortcut): Identity()
        (t_conv): Conv2d(32, 64, kernel_size=(1, 1), stride=(1, 1))
        (spatial): SpatialBlock()
        (norm): LayerNorm((95, 64), eps=1e-05, elementwise_affine=True)
      )
      (res2): ResidualBlock(
        (tcn1): TcnBlock(
          (conv): Conv2d(64, 64, kernel_size=(3, 3), stride=(1, 1), padding=(1, 2))
          (chomp): Chomp()
          (drop): Dropout(p=0.0, inplace=False)
          (net): Sequential(
            (0): Conv2d(64, 64, kernel_size=(3, 3), stride=(1, 1), padding=(1, 2))
            (1): Chomp()
            (2): Dropout(p=0.0, inplace=False)
          )
        )
        (tcn2): TcnBlock(
          (conv): Conv2d(64, 64, kernel_size=(3, 3), stride=(1, 1), padding=(1, 2))
          (chomp): Chomp()
          (drop): Dropout(p=0.0, inplace=False)
          (net): Sequential(
            (0): Conv2d(64, 64, kernel_size=(3, 3), stride=(1, 1), padding=(1, 2))
            (1): Chomp()
            (2): Dropout(p=0.0, inplace=False)
          )
        )
        (shortcut): Identity()
        (t_conv): Conv2d(32, 64, kernel_size=(1, 1), stride=(1, 1))
        (spatial): SpatialBlock()
        (norm): LayerNorm((95, 64), eps=1e-05, elementwise_affine=True)
      )
    )
    (up): ModuleList(
      (0-1): 2 x UpBlock(
        (res): ResidualBlock(
          (tcn1): TcnBlock(
            (conv): Conv2d(128, 64, kernel_size=(3, 3), stride=(1, 1), padding=(1, 2))
            (chomp): Chomp()
            (drop): Dropout(p=0.0, inplace=False)
            (net): Sequential(
              (0): Conv2d(128, 64, kernel_size=(3, 3), stride=(1, 1), padding=(1, 2))
              (1): Chomp()
              (2): Dropout(p=0.0, inplace=False)
            )
            (shortcut): Conv2d(128, 64, kernel_size=(1, 1), stride=(1, 1))
          )
          (tcn2): TcnBlock(
            (conv): Conv2d(64, 64, kernel_size=(3, 3), stride=(1, 1), padding=(1, 2))
            (chomp): Chomp()
            (drop): Dropout(p=0.0, inplace=False)
            (net): Sequential(
              (0): Conv2d(64, 64, kernel_size=(3, 3), stride=(1, 1), padding=(1, 2))
              (1): Chomp()
              (2): Dropout(p=0.0, inplace=False)
            )
          )
          (shortcut): Conv2d(128, 64, kernel_size=(1, 1), stride=(1, 1))
          (t_conv): Conv2d(32, 64, kernel_size=(1, 1), stride=(1, 1))
          (spatial): SpatialBlock()
          (norm): LayerNorm((95, 64), eps=1e-05, elementwise_affine=True)
        )
      )
      (2): UpBlock(
        (res): ResidualBlock(
          (tcn1): TcnBlock(
            (conv): Conv2d(96, 32, kernel_size=(3, 3), stride=(1, 1), padding=(1, 2))
            (chomp): Chomp()
            (drop): Dropout(p=0.0, inplace=False)
            (net): Sequential(
              (0): Conv2d(96, 32, kernel_size=(3, 3), stride=(1, 1), padding=(1, 2))
              (1): Chomp()
              (2): Dropout(p=0.0, inplace=False)
            )
            (shortcut): Conv2d(96, 32, kernel_size=(1, 1), stride=(1, 1))
          )
          (tcn2): TcnBlock(
            (conv): Conv2d(32, 32, kernel_size=(3, 3), stride=(1, 1), padding=(1, 2))
            (chomp): Chomp()
            (drop): Dropout(p=0.0, inplace=False)
            (net): Sequential(
              (0): Conv2d(32, 32, kernel_size=(3, 3), stride=(1, 1), padding=(1, 2))
              (1): Chomp()
              (2): Dropout(p=0.0, inplace=False)
            )
          )
          (shortcut): Conv2d(96, 32, kernel_size=(1, 1), stride=(1, 1))
          (t_conv): Conv2d(32, 32, kernel_size=(1, 1), stride=(1, 1))
          (spatial): SpatialBlock()
          (norm): LayerNorm((95, 32), eps=1e-05, elementwise_affine=True)
        )
      )
      (3): Upsample(
        (conv): ConvTranspose2d(32, 32, kernel_size=(1, 4), stride=(1, 2), padding=(0, 1))
      )
      (4-6): 3 x UpBlock(
        (res): ResidualBlock(
          (tcn1): TcnBlock(
            (conv): Conv2d(64, 32, kernel_size=(3, 3), stride=(1, 1), padding=(1, 2))
            (chomp): Chomp()
            (drop): Dropout(p=0.0, inplace=False)
            (net): Sequential(
              (0): Conv2d(64, 32, kernel_size=(3, 3), stride=(1, 1), padding=(1, 2))
              (1): Chomp()
              (2): Dropout(p=0.0, inplace=False)
            )
            (shortcut): Conv2d(64, 32, kernel_size=(1, 1), stride=(1, 1))
          )
          (tcn2): TcnBlock(
            (conv): Conv2d(32, 32, kernel_size=(3, 3), stride=(1, 1), padding=(1, 2))
            (chomp): Chomp()
            (drop): Dropout(p=0.0, inplace=False)
            (net): Sequential(
              (0): Conv2d(32, 32, kernel_size=(3, 3), stride=(1, 1), padding=(1, 2))
              (1): Chomp()
              (2): Dropout(p=0.0, inplace=False)
            )
          )
          (shortcut): Conv2d(64, 32, kernel_size=(1, 1), stride=(1, 1))
          (t_conv): Conv2d(32, 32, kernel_size=(1, 1), stride=(1, 1))
          (spatial): SpatialBlock()
          (norm): LayerNorm((95, 32), eps=1e-05, elementwise_affine=True)
        )
      )
    )
    (x_proj): Conv2d(1, 32, kernel_size=(1, 1), stride=(1, 1))
    (out): Sequential(
      (0): Conv2d(32, 1, kernel_size=(1, 1), stride=(1, 1))
      (1): Linear(in_features=60, out_features=30, bias=True)
    )
  )
)Num_of_parameters:911047
      |---Train--- |---Val Future-- -|-----Val History----|
Epoch | Loss  Time | MAE     RMSE    |  MAE    RMSE   Time|
   1.0| 8.809 58.9s |[1.6019 2.8579 ] | 1.9215 3.3456 381.50s
   2.0| 3.995 59.5s |[0.3907 0.6000 ] | 0.3758 0.6505 379.99s
   3.0| 2.400 57.7s |[0.2034 0.2781 ] | 0.1029 0.1706 378.87s
   4.0| 1.969 57.9s |[0.1508 0.2062 ] | 0.0728 0.1054 382.70s
   5.0| 1.750 57.3s |[0.0869 0.1203 ] | 0.0598 0.0847 379.21s
   6.0| 1.582 57.9s | 0.0895 0.1242  | 0.0547 0.0763 445.60s
   7.0| 1.456 82.6s |[0.0770 0.1009 ] | 0.0542 0.0730 641.92s
   8.0| 1.367 101.6s | 0.1416 0.1854  | 0.0484 0.0663 611.08s
   9.0| 1.300 94.3s | 0.1349 0.1755  | 0.0426 0.0592 609.43s
  10.0| 1.245 96.6s | 0.1114 0.1467  | 0.0341 0.0491 666.45s
  11.0| 1.199 108.3s | 0.1774 0.2179  | 0.0454 0.0651 674.86s
  12.0| 1.159 76.2s | 0.1749 0.2129  | 0.0523 0.0699 686.37s
  13.0| 1.125 110.3s | 0.1045 0.1365  | 0.0379 0.0488 706.23s
  14.0| 1.079 106.6s |[0.0756 0.1014 ] | 0.0214 0.0292 687.10s
  15.0| 1.063 112.3s |[0.0599 0.0798 ] | 0.0209 0.0276 692.77s
  16.0| 1.048 91.0s |[0.0592 0.0791 ] | 0.0190 0.0253 609.97s
  17.0| 1.032 90.9s |[0.0581 0.0776 ] | 0.0185 0.0246 588.34s
  18.0| 1.018 76.2s |[0.0575 0.0768 ] | 0.0183 0.0244 635.00s
  19.0| 1.004 94.3s |[0.0569 0.0761 ] | 0.0174 0.0234 601.06s
  20.0| 0.991 89.7s |[0.0565 0.0757 ] | 0.0180 0.0243 530.58s
  21.0| 0.978 98.5s |[0.0560 0.0751 ] | 0.0169 0.0227 603.57s
  22.0| 0.966 116.2s |[0.0558 0.0748 ] | 0.0174 0.0234 706.31s
  23.0| 0.954 106.4s |[0.0557 0.0746 ] | 0.0166 0.0224 621.93s
  24.0| 0.943 95.8s |[0.0551 0.0740 ] | 0.0170 0.0228 639.67s
  25.0| 0.932 103.9s |[0.0549 0.0737 ] | 0.0160 0.0212 462.14s
  26.0| 0.922 61.5s |[0.0545 0.0732 ] | 0.0153 0.0203 377.91s
  27.0| 0.912 58.8s |[0.0541 0.0727 ] | 0.0132 0.0173 383.86s
  28.0| 0.902 58.3s |[0.0540 0.0725 ] | 0.0133 0.0173 390.85s
  29.0| 0.893 59.5s |[0.0536 0.0720 ] | 0.0121 0.0158 382.66s
  30.0| 0.884 56.6s |[0.0535 0.0719 ] | 0.0122 0.0159 372.54s
  31.0| 0.876 55.8s |[0.0533 0.0717 ] | 0.0126 0.0166 391.13s
  32.0| 0.867 58.7s | 0.0535 0.0719  | 0.0137 0.0181 391.33s
  33.0| 0.859 61.2s |[0.0528 0.0710 ] | 0.0122 0.0163 393.75s
  34.0| 0.851 59.4s |[0.0524 0.0706 ] | 0.0110 0.0145 378.71s
  35.0| 0.844 55.1s |[0.0523 0.0704 ] | 0.0102 0.0134 364.72s
  36.0| 0.836 56.0s | 0.0532 0.0715  | 0.0102 0.0133 373.44s
  37.0| 0.829 55.5s | 0.0539 0.0724  | 0.0104 0.0135 366.76s
  38.0| 0.822 56.0s | 0.0530 0.0713  | 0.0096 0.0125 360.45s
  39.0| 0.816 54.6s | 0.0530 0.0713  | 0.0097 0.0126 372.43s
  40.0| 0.809 56.9s | 0.0553 0.0741  | 0.0103 0.0134 359.08s
  41.0| 0.802 55.5s | 0.0531 0.0714  | 0.0096 0.0125 361.04s
  42.0| 0.786 54.7s | 0.0531 0.0722  | 0.0093 0.0121 358.24s
  43.0| 0.782 54.5s | 0.0619 0.0838  | 0.0097 0.0129 355.98s
  44.0| 0.778 56.0s | 0.0605 0.0814  | 0.0082 0.0109 380.21s
  45.0| 0.775 58.9s |[0.0514 0.0696 ] | 0.0092 0.0118 372.94s
 |[0.0505 0.0628 ] | 0.0063 0.0076 2368.64s
