==========================================
[5/6] s52-nodiff-l24-p6
==========================================
Label: s52-nodiff-l24-p6 | Seed: 52 | Seq: 24 | Pre: 6
Diff: 0 | PE Graph: 1 | PE FiLM: 1
Output: d:/Ê°åÈù¢/Ëá≠Ê∞ßÈ¢ÑÊµãËµÑÊñô/Ëá≠Ê∞ßÈ¢ÑÊµãËµÑÊñô/matrix_N95_PEDiffWaveNet_noleak_student_w2_s52-nodiff-l24-p6 | Start: 2026-07-14 05:39:42
==========================================
[INFO] PE-DiffWaveNet noleak training
[INFO] device=cuda, world_size=1
[INFO] output_dir=d:/◊¿√Ê/≥Ù—ı‘§≤‚◊ ¡œ/≥Ù—ı‘§≤‚◊ ¡œ\matrix_N95_PEDiffWaveNet_noleak_student_w2_s52-nodiff-l24-p6
[INFO] clean_room=1, pe_source=train, use_pe_graph=1, use_pe_film=1, use_diffusion=0, pe_graph_alpha=1.0, pe_film_scale=1.0, pe_film_zero_init=0, pe_shuffle_seed=-1, pe_adaptive_loss=0, pe_loss_weight=0.15
[INFO] loading meteorological data...
[INFO] loading met cache: d:/◊¿√Ê/≥Ù—ı‘§≤‚◊ ¡œ/≥Ù—ı‘§≤‚◊ ¡œ\matrix_N95\met_raw_aligned_cache.npz
[INFO] trainX=(7349, 24, 95, 15), trainY=(7349, 6, 95)
[INFO] validX=(640, 24, 95, 15), validY=(640, 6, 95)
[INFO] testX=(641, 24, 95, 15), testY=(641, 6, 95)
[INFO] train-only PE time range: {'start_idx': 0, 'end_idx': 7377, 'start_time': '2022-01-01 00:00:00', 'end_time': '2022-11-05 23:00:00', 'length': 7378}
[INFO] building PE features: nodes=95, scales=[6, 9, 12, 24, 48, 72], step=168
[INFO] PE feature progress: 20/95
[INFO] PE feature progress: 40/95
[INFO] PE feature progress: 60/95
[INFO] PE feature progress: 80/95
[INFO] PE feature progress: 95/95
[INFO] building PE features: nodes=95, scales=[6, 9, 12, 24, 48, 72], step=168
[INFO] PE feature progress: 20/95
[INFO] PE feature progress: 40/95
[INFO] PE feature progress: 60/95
[INFO] PE feature progress: 80/95
[INFO] PE feature progress: 95/95
[INFO] graph nnz: S=691, T=1570, PE=317
[INFO] train batches/epoch=460, effective_batch=16
[INFO] model_params=621635
d:\◊¿√Ê\≥Ù—ı‘§≤‚◊ ¡œ\≥Ù—ı‘§≤‚◊ ¡œ\code\train_pediffwavenet_noleak.py:410: FutureWarning: `torch.cuda.amp.GradScaler(args...)` is deprecated. Please use `torch.amp.GradScaler('cuda', args...)` instead.
  scaler = torch.cuda.amp.GradScaler(enabled=use_amp)
[INFO] start epoch 1/120
  [WARN] skip non-finite grad at epoch 1 batch 1
  [WARN] skip non-finite grad at epoch 1 batch 2
  [WARN] skip non-finite grad at epoch 1 batch 23
  Epoch 1 Batch 50/460 | Loss=1.567330 | diff=1.5673 | coarse=1.5673 | 9.3s
  Epoch 1 Batch 100/460 | Loss=0.646140 | diff=0.6461 | coarse=0.6461 | 18.0s
  Epoch 1 Batch 150/460 | Loss=0.540961 | diff=0.5410 | coarse=0.5410 | 26.8s
  Epoch 1 Batch 200/460 | Loss=0.452177 | diff=0.4522 | coarse=0.4522 | 35.3s
  Epoch 1 Batch 250/460 | Loss=0.374990 | diff=0.3750 | coarse=0.3750 | 44.0s
  Epoch 1 Batch 300/460 | Loss=0.299361 | diff=0.2994 | coarse=0.2994 | 52.3s
  Epoch 1 Batch 350/460 | Loss=0.284083 | diff=0.2841 | coarse=0.2841 | 60.6s
  Epoch 1 Batch 400/460 | Loss=0.262919 | diff=0.2629 | coarse=0.2629 | 68.7s
  Epoch 1 Batch 450/460 | Loss=0.286753 | diff=0.2868 | coarse=0.2868 | 77.6s
  Epoch 1 Batch 460/460 | Loss=0.100208 | diff=0.1002 | coarse=0.1002 | 79.4s
Epoch 1/120 | Loss=0.960598 | Val RMSE=125.5586 | Val MAE=121.8946 | Val MAPE=554.15% | LR=2.80e-04 | 84.8s
  [BEST] epoch=1, val_rmse=125.5586
[INFO] start epoch 2/120
  Epoch 2 Batch 50/460 | Loss=0.305282 | diff=0.3053 | coarse=0.3053 | 8.9s
  Epoch 2 Batch 100/460 | Loss=0.405830 | diff=0.4058 | coarse=0.4058 | 17.5s
  Epoch 2 Batch 150/460 | Loss=0.301944 | diff=0.3019 | coarse=0.3019 | 26.4s
  Epoch 2 Batch 200/460 | Loss=0.282875 | diff=0.2829 | coarse=0.2829 | 35.0s
  Epoch 2 Batch 250/460 | Loss=0.316633 | diff=0.3166 | coarse=0.3166 | 43.2s
  Epoch 2 Batch 300/460 | Loss=0.335378 | diff=0.3354 | coarse=0.3354 | 51.4s
  Epoch 2 Batch 350/460 | Loss=0.264099 | diff=0.2641 | coarse=0.2641 | 59.6s
  Epoch 2 Batch 400/460 | Loss=0.378075 | diff=0.3781 | coarse=0.3781 | 68.0s
  Epoch 2 Batch 450/460 | Loss=0.210081 | diff=0.2101 | coarse=0.2101 | 76.3s
  Epoch 2 Batch 460/460 | Loss=0.067390 | diff=0.0674 | coarse=0.0674 | 77.8s
Epoch 2/120 | Loss=0.296459 | Val RMSE=80.6230 | Val MAE=76.5900 | Val MAPE=356.33% | LR=4.20e-04 | 82.8s
  [BEST] epoch=2, val_rmse=80.6230
[INFO] start epoch 3/120
  Epoch 3 Batch 50/460 | Loss=0.342695 | diff=0.3427 | coarse=0.3427 | 9.4s
  Epoch 3 Batch 100/460 | Loss=0.378862 | diff=0.3789 | coarse=0.3789 | 18.4s
  Epoch 3 Batch 150/460 | Loss=0.346213 | diff=0.3462 | coarse=0.3462 | 27.1s
  Epoch 3 Batch 200/460 | Loss=0.247602 | diff=0.2476 | coarse=0.2476 | 35.7s
  Epoch 3 Batch 250/460 | Loss=0.293546 | diff=0.2935 | coarse=0.2935 | 44.7s
  Epoch 3 Batch 300/460 | Loss=0.293413 | diff=0.2934 | coarse=0.2934 | 53.4s
  Epoch 3 Batch 350/460 | Loss=0.245120 | diff=0.2451 | coarse=0.2451 | 62.0s
  Epoch 3 Batch 400/460 | Loss=0.362783 | diff=0.3628 | coarse=0.3628 | 70.9s
  Epoch 3 Batch 450/460 | Loss=0.182941 | diff=0.1829 | coarse=0.1829 | 79.4s
  Epoch 3 Batch 460/460 | Loss=0.061242 | diff=0.0612 | coarse=0.0612 | 80.9s
Epoch 3/120 | Loss=0.266100 | Val RMSE=58.2219 | Val MAE=54.5800 | Val MAPE=258.51% | LR=5.60e-04 | 86.1s
  [BEST] epoch=3, val_rmse=58.2219
[INFO] start epoch 4/120
  Epoch 4 Batch 50/460 | Loss=0.284593 | diff=0.2846 | coarse=0.2846 | 8.5s
  Epoch 4 Batch 100/460 | Loss=0.443310 | diff=0.4433 | coarse=0.4433 | 16.9s
  Epoch 4 Batch 150/460 | Loss=0.338734 | diff=0.3387 | coarse=0.3387 | 25.3s
  Epoch 4 Batch 200/460 | Loss=0.218693 | diff=0.2187 | coarse=0.2187 | 33.7s
  Epoch 4 Batch 250/460 | Loss=0.210780 | diff=0.2108 | coarse=0.2108 | 42.0s
  Epoch 4 Batch 300/460 | Loss=0.249841 | diff=0.2498 | coarse=0.2498 | 50.5s
  Epoch 4 Batch 350/460 | Loss=0.267862 | diff=0.2679 | coarse=0.2679 | 59.0s
  Epoch 4 Batch 400/460 | Loss=0.386892 | diff=0.3869 | coarse=0.3869 | 68.5s
  Epoch 4 Batch 450/460 | Loss=0.183535 | diff=0.1835 | coarse=0.1835 | 77.6s
  Epoch 4 Batch 460/460 | Loss=0.062741 | diff=0.0627 | coarse=0.0627 | 79.4s
Epoch 4/120 | Loss=0.248981 | Val RMSE=45.2989 | Val MAE=41.9436 | Val MAPE=202.07% | LR=7.00e-04 | 84.7s
  [BEST] epoch=4, val_rmse=45.2989
[INFO] start epoch 5/120
  Epoch 5 Batch 50/460 | Loss=0.252847 | diff=0.2528 | coarse=0.2528 | 8.4s
  Epoch 5 Batch 100/460 | Loss=0.423461 | diff=0.4235 | coarse=0.4235 | 16.8s
  Epoch 5 Batch 150/460 | Loss=0.313766 | diff=0.3138 | coarse=0.3138 | 25.1s
  Epoch 5 Batch 200/460 | Loss=0.215979 | diff=0.2160 | coarse=0.2160 | 33.9s
  Epoch 5 Batch 250/460 | Loss=0.200153 | diff=0.2002 | coarse=0.2002 | 42.1s
  Epoch 5 Batch 300/460 | Loss=0.217308 | diff=0.2173 | coarse=0.2173 | 50.5s
  Epoch 5 Batch 350/460 | Loss=0.259671 | diff=0.2597 | coarse=0.2597 | 58.7s
  Epoch 5 Batch 400/460 | Loss=0.422193 | diff=0.4222 | coarse=0.4222 | 66.9s
  Epoch 5 Batch 450/460 | Loss=0.170703 | diff=0.1707 | coarse=0.1707 | 75.2s
  Epoch 5 Batch 460/460 | Loss=0.060910 | diff=0.0609 | coarse=0.0609 | 76.8s
Epoch 5/120 | Loss=0.235762 | Val RMSE=38.9778 | Val MAE=35.7385 | Val MAPE=174.89% | LR=7.00e-04 | 81.7s
  [BEST] epoch=5, val_rmse=38.9778
[INFO] start epoch 6/120
  Epoch 6 Batch 50/460 | Loss=0.206978 | diff=0.2070 | coarse=0.2070 | 8.4s
  Epoch 6 Batch 100/460 | Loss=0.393976 | diff=0.3940 | coarse=0.3940 | 17.1s
  Epoch 6 Batch 150/460 | Loss=0.250630 | diff=0.2506 | coarse=0.2506 | 25.8s
  Epoch 6 Batch 200/460 | Loss=0.202467 | diff=0.2025 | coarse=0.2025 | 34.2s
  Epoch 6 Batch 250/460 | Loss=0.176935 | diff=0.1769 | coarse=0.1769 | 43.1s
  Epoch 6 Batch 300/460 | Loss=0.214754 | diff=0.2148 | coarse=0.2148 | 51.7s
  Epoch 6 Batch 350/460 | Loss=0.232240 | diff=0.2322 | coarse=0.2322 | 60.4s
  Epoch 6 Batch 400/460 | Loss=0.391156 | diff=0.3912 | coarse=0.3912 | 69.3s
  Epoch 6 Batch 450/460 | Loss=0.147404 | diff=0.1474 | coarse=0.1474 | 78.3s
  Epoch 6 Batch 460/460 | Loss=0.054692 | diff=0.0547 | coarse=0.0547 | 79.9s
Epoch 6/120 | Loss=0.215697 | Val RMSE=27.5867 | Val MAE=24.5471 | Val MAPE=121.94% | LR=7.00e-04 | 85.3s
  [BEST] epoch=6, val_rmse=27.5867
[INFO] start epoch 7/120
  Epoch 7 Batch 50/460 | Loss=0.197146 | diff=0.1971 | coarse=0.1971 | 8.6s
  Epoch 7 Batch 100/460 | Loss=0.320405 | diff=0.3204 | coarse=0.3204 | 17.2s
  Epoch 7 Batch 150/460 | Loss=0.217517 | diff=0.2175 | coarse=0.2175 | 25.8s
  Epoch 7 Batch 200/460 | Loss=0.179791 | diff=0.1798 | coarse=0.1798 | 34.5s
  Epoch 7 Batch 250/460 | Loss=0.162497 | diff=0.1625 | coarse=0.1625 | 43.5s
  Epoch 7 Batch 300/460 | Loss=0.222310 | diff=0.2223 | coarse=0.2223 | 52.8s
  Epoch 7 Batch 350/460 | Loss=0.213489 | diff=0.2135 | coarse=0.2135 | 62.0s
  Epoch 7 Batch 400/460 | Loss=0.386216 | diff=0.3862 | coarse=0.3862 | 70.8s
  Epoch 7 Batch 450/460 | Loss=0.142626 | diff=0.1426 | coarse=0.1426 | 79.4s
  Epoch 7 Batch 460/460 | Loss=0.056273 | diff=0.0563 | coarse=0.0563 | 81.0s
Epoch 7/120 | Loss=0.201215 | Val RMSE=21.1244 | Val MAE=18.2273 | Val MAPE=90.82% | LR=6.99e-04 | 86.1s
  [BEST] epoch=7, val_rmse=21.1244
[INFO] start epoch 8/120
  Epoch 8 Batch 50/460 | Loss=0.199925 | diff=0.1999 | coarse=0.1999 | 8.4s
  Epoch 8 Batch 100/460 | Loss=0.275082 | diff=0.2751 | coarse=0.2751 | 16.6s
  Epoch 8 Batch 150/460 | Loss=0.187375 | diff=0.1874 | coarse=0.1874 | 24.9s
  Epoch 8 Batch 200/460 | Loss=0.174199 | diff=0.1742 | coarse=0.1742 | 32.9s
  Epoch 8 Batch 250/460 | Loss=0.150573 | diff=0.1506 | coarse=0.1506 | 41.5s
  Epoch 8 Batch 300/460 | Loss=0.248367 | diff=0.2484 | coarse=0.2484 | 49.7s
  Epoch 8 Batch 350/460 | Loss=0.172064 | diff=0.1721 | coarse=0.1721 | 58.0s
  Epoch 8 Batch 400/460 | Loss=0.366395 | diff=0.3664 | coarse=0.3664 | 66.4s
  Epoch 8 Batch 450/460 | Loss=0.148248 | diff=0.1482 | coarse=0.1482 | 74.6s
  Epoch 8 Batch 460/460 | Loss=0.052473 | diff=0.0525 | coarse=0.0525 | 76.2s
Epoch 8/120 | Loss=0.189637 | Val RMSE=17.2685 | Val MAE=14.4050 | Val MAPE=70.69% | LR=6.99e-04 | 81.2s
  [BEST] epoch=8, val_rmse=17.2685
[INFO] start epoch 9/120
  Epoch 9 Batch 50/460 | Loss=0.188588 | diff=0.1886 | coarse=0.1886 | 8.5s
  Epoch 9 Batch 100/460 | Loss=0.240026 | diff=0.2400 | coarse=0.2400 | 16.9s
  Epoch 9 Batch 150/460 | Loss=0.212447 | diff=0.2124 | coarse=0.2124 | 25.6s
  Epoch 9 Batch 200/460 | Loss=0.174066 | diff=0.1741 | coarse=0.1741 | 34.3s
  Epoch 9 Batch 250/460 | Loss=0.136918 | diff=0.1369 | coarse=0.1369 | 43.1s
  Epoch 9 Batch 300/460 | Loss=0.187257 | diff=0.1873 | coarse=0.1873 | 51.8s
  Epoch 9 Batch 350/460 | Loss=0.155129 | diff=0.1551 | coarse=0.1551 | 60.6s
  Epoch 9 Batch 400/460 | Loss=0.304155 | diff=0.3042 | coarse=0.3042 | 69.5s
  Epoch 9 Batch 450/460 | Loss=0.126285 | diff=0.1263 | coarse=0.1263 | 78.2s
  Epoch 9 Batch 460/460 | Loss=0.048424 | diff=0.0484 | coarse=0.0484 | 79.9s
Epoch 9/120 | Loss=0.178092 | Val RMSE=14.7415 | Val MAE=11.8861 | Val MAPE=56.78% | LR=6.98e-04 | 85.3s
  [BEST] epoch=9, val_rmse=14.7415
[INFO] start epoch 10/120
  Epoch 10 Batch 50/460 | Loss=0.182414 | diff=0.1824 | coarse=0.1824 | 8.7s
  Epoch 10 Batch 100/460 | Loss=0.244496 | diff=0.2445 | coarse=0.2445 | 16.9s
  Epoch 10 Batch 150/460 | Loss=0.189061 | diff=0.1891 | coarse=0.1891 | 25.1s
  Epoch 10 Batch 200/460 | Loss=0.168150 | diff=0.1682 | coarse=0.1682 | 33.6s
  Epoch 10 Batch 250/460 | Loss=0.129916 | diff=0.1299 | coarse=0.1299 | 41.9s
  Epoch 10 Batch 300/460 | Loss=0.184667 | diff=0.1847 | coarse=0.1847 | 50.3s
  Epoch 10 Batch 350/460 | Loss=0.148367 | diff=0.1484 | coarse=0.1484 | 58.8s
  Epoch 10 Batch 400/460 | Loss=0.281085 | diff=0.2811 | coarse=0.2811 | 67.0s
  Epoch 10 Batch 450/460 | Loss=0.121495 | diff=0.1215 | coarse=0.1215 | 75.9s
  Epoch 10 Batch 460/460 | Loss=0.052771 | diff=0.0528 | coarse=0.0528 | 77.4s
Epoch 10/120 | Loss=0.168146 | Val RMSE=13.4953 | Val MAE=10.5260 | Val MAPE=48.66% | LR=6.97e-04 | 82.6s
  [BEST] epoch=10, val_rmse=13.4953
[INFO] start epoch 11/120
  Epoch 11 Batch 50/460 | Loss=0.166892 | diff=0.1669 | coarse=0.1669 | 8.3s
  Epoch 11 Batch 100/460 | Loss=0.224731 | diff=0.2247 | coarse=0.2247 | 16.2s
  Epoch 11 Batch 150/460 | Loss=0.180727 | diff=0.1807 | coarse=0.1807 | 24.2s
  Epoch 11 Batch 200/460 | Loss=0.163941 | diff=0.1639 | coarse=0.1639 | 32.3s
  Epoch 11 Batch 250/460 | Loss=0.126962 | diff=0.1270 | coarse=0.1270 | 40.6s
  Epoch 11 Batch 300/460 | Loss=0.185446 | diff=0.1854 | coarse=0.1854 | 48.8s
  Epoch 11 Batch 350/460 | Loss=0.149437 | diff=0.1494 | coarse=0.1494 | 57.9s
  Epoch 11 Batch 400/460 | Loss=0.277474 | diff=0.2775 | coarse=0.2775 | 66.9s
  Epoch 11 Batch 450/460 | Loss=0.119203 | diff=0.1192 | coarse=0.1192 | 75.5s
  Epoch 11 Batch 460/460 | Loss=0.049525 | diff=0.0495 | coarse=0.0495 | 77.2s
Epoch 11/120 | Loss=0.163062 | Val RMSE=12.8058 | Val MAE=9.7444 | Val MAPE=43.64% | LR=6.95e-04 | 82.6s
  [BEST] epoch=11, val_rmse=12.8058
[INFO] start epoch 12/120
  Epoch 12 Batch 50/460 | Loss=0.161916 | diff=0.1619 | coarse=0.1619 | 8.8s
  Epoch 12 Batch 100/460 | Loss=0.220277 | diff=0.2203 | coarse=0.2203 | 17.5s
  Epoch 12 Batch 150/460 | Loss=0.168070 | diff=0.1681 | coarse=0.1681 | 26.3s
  Epoch 12 Batch 200/460 | Loss=0.166078 | diff=0.1661 | coarse=0.1661 | 35.1s
  Epoch 12 Batch 250/460 | Loss=0.125227 | diff=0.1252 | coarse=0.1252 | 43.7s
  Epoch 12 Batch 300/460 | Loss=0.181226 | diff=0.1812 | coarse=0.1812 | 51.8s
  Epoch 12 Batch 350/460 | Loss=0.141331 | diff=0.1413 | coarse=0.1413 | 60.0s
  Epoch 12 Batch 400/460 | Loss=0.254912 | diff=0.2549 | coarse=0.2549 | 68.1s
  Epoch 12 Batch 450/460 | Loss=0.111680 | diff=0.1117 | coarse=0.1117 | 76.3s
  Epoch 12 Batch 460/460 | Loss=0.044456 | diff=0.0445 | coarse=0.0445 | 77.9s
Epoch 12/120 | Loss=0.155783 | Val RMSE=12.2825 | Val MAE=9.1288 | Val MAPE=39.78% | LR=6.94e-04 | 82.9s
  [BEST] epoch=12, val_rmse=12.2825
[INFO] start epoch 13/120
  Epoch 13 Batch 50/460 | Loss=0.154283 | diff=0.1543 | coarse=0.1543 | 8.2s
  Epoch 13 Batch 100/460 | Loss=0.190245 | diff=0.1902 | coarse=0.1902 | 16.3s
  Epoch 13 Batch 150/460 | Loss=0.161709 | diff=0.1617 | coarse=0.1617 | 24.9s
  Epoch 13 Batch 200/460 | Loss=0.167551 | diff=0.1676 | coarse=0.1676 | 34.2s
  Epoch 13 Batch 250/460 | Loss=0.118577 | diff=0.1186 | coarse=0.1186 | 43.4s
  Epoch 13 Batch 300/460 | Loss=0.166361 | diff=0.1664 | coarse=0.1664 | 51.7s
  Epoch 13 Batch 350/460 | Loss=0.142270 | diff=0.1423 | coarse=0.1423 | 60.3s
  Epoch 13 Batch 400/460 | Loss=0.227272 | diff=0.2273 | coarse=0.2273 | 68.9s
  Epoch 13 Batch 450/460 | Loss=0.106877 | diff=0.1069 | coarse=0.1069 | 77.4s
  Epoch 13 Batch 460/460 | Loss=0.041352 | diff=0.0414 | coarse=0.0414 | 79.1s
Epoch 13/120 | Loss=0.148591 | Val RMSE=11.9811 | Val MAE=8.7540 | Val MAPE=37.00% | LR=6.92e-04 | 84.2s
  [BEST] epoch=13, val_rmse=11.9811
[INFO] start epoch 14/120
  Epoch 14 Batch 50/460 | Loss=0.144509 | diff=0.1445 | coarse=0.1445 | 8.4s
  Epoch 14 Batch 100/460 | Loss=0.177521 | diff=0.1775 | coarse=0.1775 | 16.8s
  Epoch 14 Batch 150/460 | Loss=0.141935 | diff=0.1419 | coarse=0.1419 | 24.9s
  Epoch 14 Batch 200/460 | Loss=0.163830 | diff=0.1638 | coarse=0.1638 | 33.1s
  Epoch 14 Batch 250/460 | Loss=0.115707 | diff=0.1157 | coarse=0.1157 | 41.3s
  Epoch 14 Batch 300/460 | Loss=0.156790 | diff=0.1568 | coarse=0.1568 | 49.5s
  Epoch 14 Batch 350/460 | Loss=0.142944 | diff=0.1429 | coarse=0.1429 | 57.6s
  Epoch 14 Batch 400/460 | Loss=0.219854 | diff=0.2199 | coarse=0.2199 | 66.3s
  Epoch 14 Batch 450/460 | Loss=0.106300 | diff=0.1063 | coarse=0.1063 | 74.9s
  Epoch 14 Batch 460/460 | Loss=0.040771 | diff=0.0408 | coarse=0.0408 | 76.4s
Epoch 14/120 | Loss=0.143459 | Val RMSE=11.6124 | Val MAE=8.2439 | Val MAPE=33.41% | LR=6.89e-04 | 81.8s
  [BEST] epoch=14, val_rmse=11.6124
[INFO] start epoch 15/120
  Epoch 15 Batch 50/460 | Loss=0.142716 | diff=0.1427 | coarse=0.1427 | 8.6s
  Epoch 15 Batch 100/460 | Loss=0.158412 | diff=0.1584 | coarse=0.1584 | 17.3s
  Epoch 15 Batch 150/460 | Loss=0.136827 | diff=0.1368 | coarse=0.1368 | 26.0s
  Epoch 15 Batch 200/460 | Loss=0.160104 | diff=0.1601 | coarse=0.1601 | 34.7s
  Epoch 15 Batch 250/460 | Loss=0.112983 | diff=0.1130 | coarse=0.1130 | 43.2s
  Epoch 15 Batch 300/460 | Loss=0.156208 | diff=0.1562 | coarse=0.1562 | 51.7s
  Epoch 15 Batch 350/460 | Loss=0.137239 | diff=0.1372 | coarse=0.1372 | 60.3s
  Epoch 15 Batch 400/460 | Loss=0.234760 | diff=0.2348 | coarse=0.2348 | 69.0s
  Epoch 15 Batch 450/460 | Loss=0.103323 | diff=0.1033 | coarse=0.1033 | 77.8s
  Epoch 15 Batch 460/460 | Loss=0.050066 | diff=0.0501 | coarse=0.0501 | 79.5s
Epoch 15/120 | Loss=0.140635 | Val RMSE=11.8327 | Val MAE=8.5883 | Val MAPE=36.56% | LR=6.87e-04 | 84.8s
[INFO] start epoch 16/120
  Epoch 16 Batch 50/460 | Loss=0.142590 | diff=0.1426 | coarse=0.1426 | 8.8s
  Epoch 16 Batch 100/460 | Loss=0.158267 | diff=0.1583 | coarse=0.1583 | 17.2s
  Epoch 16 Batch 150/460 | Loss=0.153226 | diff=0.1532 | coarse=0.1532 | 25.6s
  Epoch 16 Batch 200/460 | Loss=0.165400 | diff=0.1654 | coarse=0.1654 | 34.4s
  Epoch 16 Batch 250/460 | Loss=0.111735 | diff=0.1117 | coarse=0.1117 | 42.6s
  Epoch 16 Batch 300/460 | Loss=0.171608 | diff=0.1716 | coarse=0.1716 | 50.8s
  Epoch 16 Batch 350/460 | Loss=0.133763 | diff=0.1338 | coarse=0.1338 | 59.4s
  Epoch 16 Batch 400/460 | Loss=0.216956 | diff=0.2170 | coarse=0.2170 | 67.8s
  Epoch 16 Batch 450/460 | Loss=0.102141 | diff=0.1021 | coarse=0.1021 | 75.8s
  Epoch 16 Batch 460/460 | Loss=0.037738 | diff=0.0377 | coarse=0.0377 | 77.4s
Epoch 16/120 | Loss=0.137866 | Val RMSE=11.6115 | Val MAE=8.2308 | Val MAPE=33.83% | LR=6.84e-04 | 82.1s
[INFO] start epoch 17/120
  Epoch 17 Batch 50/460 | Loss=0.138774 | diff=0.1388 | coarse=0.1388 | 8.2s
  Epoch 17 Batch 100/460 | Loss=0.136039 | diff=0.1360 | coarse=0.1360 | 16.9s
  Epoch 17 Batch 150/460 | Loss=0.142468 | diff=0.1425 | coarse=0.1425 | 25.2s
  Epoch 17 Batch 200/460 | Loss=0.162958 | diff=0.1630 | coarse=0.1630 | 33.4s
  Epoch 17 Batch 250/460 | Loss=0.124754 | diff=0.1248 | coarse=0.1248 | 41.6s
  Epoch 17 Batch 300/460 | Loss=0.147354 | diff=0.1474 | coarse=0.1474 | 50.1s
  Epoch 17 Batch 350/460 | Loss=0.132723 | diff=0.1327 | coarse=0.1327 | 58.6s
  Epoch 17 Batch 400/460 | Loss=0.216151 | diff=0.2162 | coarse=0.2162 | 67.1s
  Epoch 17 Batch 450/460 | Loss=0.103279 | diff=0.1033 | coarse=0.1033 | 75.6s
  Epoch 17 Batch 460/460 | Loss=0.038400 | diff=0.0384 | coarse=0.0384 | 77.3s
Epoch 17/120 | Loss=0.137077 | Val RMSE=11.6625 | Val MAE=8.3612 | Val MAPE=34.72% | LR=6.81e-04 | 82.6s
[INFO] start epoch 18/120
  Epoch 18 Batch 50/460 | Loss=0.131158 | diff=0.1312 | coarse=0.1312 | 8.7s
  Epoch 18 Batch 100/460 | Loss=0.146167 | diff=0.1462 | coarse=0.1462 | 17.5s
  Epoch 18 Batch 150/460 | Loss=0.147543 | diff=0.1475 | coarse=0.1475 | 26.3s
  Epoch 18 Batch 200/460 | Loss=0.148042 | diff=0.1480 | coarse=0.1480 | 35.0s
  Epoch 18 Batch 250/460 | Loss=0.107571 | diff=0.1076 | coarse=0.1076 | 43.8s
  [WARN] skip non-finite grad at epoch 18 batch 290
  Epoch 18 Batch 300/460 | Loss=0.182671 | diff=0.1827 | coarse=0.1827 | 52.8s
  Epoch 18 Batch 350/460 | Loss=0.127511 | diff=0.1275 | coarse=0.1275 | 61.7s
  Epoch 18 Batch 400/460 | Loss=0.205912 | diff=0.2059 | coarse=0.2059 | 70.5s
  Epoch 18 Batch 450/460 | Loss=0.096743 | diff=0.0967 | coarse=0.0967 | 79.2s
  Epoch 18 Batch 460/460 | Loss=0.035855 | diff=0.0359 | coarse=0.0359 | 80.8s
Epoch 18/120 | Loss=0.132041 | Val RMSE=11.7089 | Val MAE=8.3573 | Val MAPE=34.80% | LR=6.78e-04 | 86.3s
[INFO] start epoch 19/120
  Epoch 19 Batch 50/460 | Loss=0.129314 | diff=0.1293 | coarse=0.1293 | 9.4s
  Epoch 19 Batch 100/460 | Loss=0.148584 | diff=0.1486 | coarse=0.1486 | 18.0s
  Epoch 19 Batch 150/460 | Loss=0.130129 | diff=0.1301 | coarse=0.1301 | 27.5s
  Epoch 19 Batch 200/460 | Loss=0.133970 | diff=0.1340 | coarse=0.1340 | 35.7s
  Epoch 19 Batch 250/460 | Loss=0.105085 | diff=0.1051 | coarse=0.1051 | 44.3s
  Epoch 19 Batch 300/460 | Loss=0.143871 | diff=0.1439 | coarse=0.1439 | 53.1s
  Epoch 19 Batch 350/460 | Loss=0.122280 | diff=0.1223 | coarse=0.1223 | 61.7s
  Epoch 19 Batch 400/460 | Loss=0.210364 | diff=0.2104 | coarse=0.2104 | 70.1s
  Epoch 19 Batch 450/460 | Loss=0.092947 | diff=0.0929 | coarse=0.0929 | 78.4s
  Epoch 19 Batch 460/460 | Loss=0.032285 | diff=0.0323 | coarse=0.0323 | 80.0s
Epoch 19/120 | Loss=0.126907 | Val RMSE=11.7141 | Val MAE=8.5104 | Val MAPE=36.36% | LR=6.75e-04 | 84.9s
[INFO] start epoch 20/120
  Epoch 20 Batch 50/460 | Loss=0.131631 | diff=0.1316 | coarse=0.1316 | 8.2s
  Epoch 20 Batch 100/460 | Loss=0.132697 | diff=0.1327 | coarse=0.1327 | 16.4s
  Epoch 20 Batch 150/460 | Loss=0.120017 | diff=0.1200 | coarse=0.1200 | 25.1s
  Epoch 20 Batch 200/460 | Loss=0.128124 | diff=0.1281 | coarse=0.1281 | 34.0s
  Epoch 20 Batch 250/460 | Loss=0.106335 | diff=0.1063 | coarse=0.1063 | 42.4s
  Epoch 20 Batch 300/460 | Loss=0.136969 | diff=0.1370 | coarse=0.1370 | 51.0s
  Epoch 20 Batch 350/460 | Loss=0.119062 | diff=0.1191 | coarse=0.1191 | 59.6s
  Epoch 20 Batch 400/460 | Loss=0.184958 | diff=0.1850 | coarse=0.1850 | 68.3s
  Epoch 20 Batch 450/460 | Loss=0.089953 | diff=0.0900 | coarse=0.0900 | 77.0s
  Epoch 20 Batch 460/460 | Loss=0.031344 | diff=0.0313 | coarse=0.0313 | 78.6s
Epoch 20/120 | Loss=0.122235 | Val RMSE=11.7715 | Val MAE=8.4853 | Val MAPE=36.08% | LR=6.71e-04 | 84.0s
[INFO] start epoch 21/120
  Epoch 21 Batch 50/460 | Loss=0.123386 | diff=0.1234 | coarse=0.1234 | 8.8s
  Epoch 21 Batch 100/460 | Loss=0.143142 | diff=0.1431 | coarse=0.1431 | 17.4s
  Epoch 21 Batch 150/460 | Loss=0.118984 | diff=0.1190 | coarse=0.1190 | 26.1s
  Epoch 21 Batch 200/460 | Loss=0.129954 | diff=0.1300 | coarse=0.1300 | 34.5s
  Epoch 21 Batch 250/460 | Loss=0.094130 | diff=0.0941 | coarse=0.0941 | 43.1s
  Epoch 21 Batch 300/460 | Loss=0.131195 | diff=0.1312 | coarse=0.1312 | 51.5s
  Epoch 21 Batch 350/460 | Loss=0.115907 | diff=0.1159 | coarse=0.1159 | 60.0s
  Epoch 21 Batch 400/460 | Loss=0.164803 | diff=0.1648 | coarse=0.1648 | 68.4s
  Epoch 21 Batch 450/460 | Loss=0.088392 | diff=0.0884 | coarse=0.0884 | 77.1s
  Epoch 21 Batch 460/460 | Loss=0.029401 | diff=0.0294 | coarse=0.0294 | 78.6s
Epoch 21/120 | Loss=0.118251 | Val RMSE=11.7378 | Val MAE=8.4114 | Val MAPE=36.13% | LR=6.67e-04 | 83.6s
[INFO] start epoch 22/120
  Epoch 22 Batch 50/460 | Loss=0.136441 | diff=0.1364 | coarse=0.1364 | 8.4s
  Epoch 22 Batch 100/460 | Loss=0.122310 | diff=0.1223 | coarse=0.1223 | 16.7s
  Epoch 22 Batch 150/460 | Loss=0.113778 | diff=0.1138 | coarse=0.1138 | 25.3s
  Epoch 22 Batch 200/460 | Loss=0.122301 | diff=0.1223 | coarse=0.1223 | 33.9s
  Epoch 22 Batch 250/460 | Loss=0.094487 | diff=0.0945 | coarse=0.0945 | 42.4s
  Epoch 22 Batch 300/460 | Loss=0.128154 | diff=0.1282 | coarse=0.1282 | 50.9s
  Epoch 22 Batch 350/460 | Loss=0.113970 | diff=0.1140 | coarse=0.1140 | 59.6s
  Epoch 22 Batch 400/460 | Loss=0.182772 | diff=0.1828 | coarse=0.1828 | 67.6s
  Epoch 22 Batch 450/460 | Loss=0.085496 | diff=0.0855 | coarse=0.0855 | 75.7s
  Epoch 22 Batch 460/460 | Loss=0.031437 | diff=0.0314 | coarse=0.0314 | 77.2s
Epoch 22/120 | Loss=0.116616 | Val RMSE=11.7333 | Val MAE=8.3424 | Val MAPE=35.76% | LR=6.63e-04 | 82.2s
[INFO] start epoch 23/120
  Epoch 23 Batch 50/460 | Loss=0.129322 | diff=0.1293 | coarse=0.1293 | 8.1s
  Epoch 23 Batch 100/460 | Loss=0.118213 | diff=0.1182 | coarse=0.1182 | 16.3s
  Epoch 23 Batch 150/460 | Loss=0.108126 | diff=0.1081 | coarse=0.1081 | 24.5s
  Epoch 23 Batch 200/460 | Loss=0.124257 | diff=0.1243 | coarse=0.1243 | 32.8s
  Epoch 23 Batch 250/460 | Loss=0.089395 | diff=0.0894 | coarse=0.0894 | 41.3s
  Epoch 23 Batch 300/460 | Loss=0.121825 | diff=0.1218 | coarse=0.1218 | 50.1s
  Epoch 23 Batch 350/460 | Loss=0.115374 | diff=0.1154 | coarse=0.1154 | 59.0s
  Epoch 23 Batch 400/460 | Loss=0.165731 | diff=0.1657 | coarse=0.1657 | 67.8s
  Epoch 23 Batch 450/460 | Loss=0.093545 | diff=0.0935 | coarse=0.0935 | 76.6s
  Epoch 23 Batch 460/460 | Loss=0.030571 | diff=0.0306 | coarse=0.0306 | 78.2s
Epoch 23/120 | Loss=0.113636 | Val RMSE=11.8177 | Val MAE=8.4037 | Val MAPE=36.25% | LR=6.59e-04 | 83.6s
[INFO] start epoch 24/120
  Epoch 24 Batch 50/460 | Loss=0.121621 | diff=0.1216 | coarse=0.1216 | 8.8s
  Epoch 24 Batch 100/460 | Loss=0.116382 | diff=0.1164 | coarse=0.1164 | 17.4s
  Epoch 24 Batch 150/460 | Loss=0.107210 | diff=0.1072 | coarse=0.1072 | 26.2s
  Epoch 24 Batch 200/460 | Loss=0.129510 | diff=0.1295 | coarse=0.1295 | 34.4s
  Epoch 24 Batch 250/460 | Loss=0.089432 | diff=0.0894 | coarse=0.0894 | 42.8s
  Epoch 24 Batch 300/460 | Loss=0.117733 | diff=0.1177 | coarse=0.1177 | 50.9s
  Epoch 24 Batch 350/460 | Loss=0.110452 | diff=0.1105 | coarse=0.1105 | 59.1s
  Epoch 24 Batch 400/460 | Loss=0.156970 | diff=0.1570 | coarse=0.1570 | 67.5s
  Epoch 24 Batch 450/460 | Loss=0.091898 | diff=0.0919 | coarse=0.0919 | 75.9s
  Epoch 24 Batch 460/460 | Loss=0.028850 | diff=0.0289 | coarse=0.0289 | 77.6s
Epoch 24/120 | Loss=0.110718 | Val RMSE=11.9082 | Val MAE=8.5127 | Val MAPE=37.19% | LR=6.54e-04 | 82.6s
[INFO] start epoch 25/120
  Epoch 25 Batch 50/460 | Loss=0.112427 | diff=0.1124 | coarse=0.1124 | 8.8s
  Epoch 25 Batch 100/460 | Loss=0.116717 | diff=0.1167 | coarse=0.1167 | 17.3s
  Epoch 25 Batch 150/460 | Loss=0.104712 | diff=0.1047 | coarse=0.1047 | 25.8s
  Epoch 25 Batch 200/460 | Loss=0.120536 | diff=0.1205 | coarse=0.1205 | 34.3s
  Epoch 25 Batch 250/460 | Loss=0.088520 | diff=0.0885 | coarse=0.0885 | 42.4s
  Epoch 25 Batch 300/460 | Loss=0.140380 | diff=0.1404 | coarse=0.1404 | 50.4s
  Epoch 25 Batch 350/460 | Loss=0.106659 | diff=0.1067 | coarse=0.1067 | 58.5s
  Epoch 25 Batch 400/460 | Loss=0.143579 | diff=0.1436 | coarse=0.1436 | 66.6s
  Epoch 25 Batch 450/460 | Loss=0.099084 | diff=0.0991 | coarse=0.0991 | 76.0s
  Epoch 25 Batch 460/460 | Loss=0.028439 | diff=0.0284 | coarse=0.0284 | 77.8s
Epoch 25/120 | Loss=0.109970 | Val RMSE=11.9210 | Val MAE=8.4192 | Val MAPE=36.21% | LR=6.49e-04 | 83.2s
[INFO] start epoch 26/120
  Epoch 26 Batch 50/460 | Loss=0.120275 | diff=0.1203 | coarse=0.1203 | 9.1s
  Epoch 26 Batch 100/460 | Loss=0.115711 | diff=0.1157 | coarse=0.1157 | 17.7s
  Epoch 26 Batch 150/460 | Loss=0.116277 | diff=0.1163 | coarse=0.1163 | 26.3s
  Epoch 26 Batch 200/460 | Loss=0.115970 | diff=0.1160 | coarse=0.1160 | 35.0s
  Epoch 26 Batch 250/460 | Loss=0.089506 | diff=0.0895 | coarse=0.0895 | 43.7s
  Epoch 26 Batch 300/460 | Loss=0.142456 | diff=0.1425 | coarse=0.1425 | 52.4s
  Epoch 26 Batch 350/460 | Loss=0.110042 | diff=0.1100 | coarse=0.1100 | 61.1s
  Epoch 26 Batch 400/460 | Loss=0.147720 | diff=0.1477 | coarse=0.1477 | 69.8s
  Epoch 26 Batch 450/460 | Loss=0.097484 | diff=0.0975 | coarse=0.0975 | 78.6s
  Epoch 26 Batch 460/460 | Loss=0.028566 | diff=0.0286 | coarse=0.0286 | 80.3s
Epoch 26/120 | Loss=0.108940 | Val RMSE=12.1335 | Val MAE=8.6769 | Val MAPE=38.07% | LR=6.44e-04 | 85.3s
[INFO] start epoch 27/120
  Epoch 27 Batch 50/460 | Loss=0.119932 | diff=0.1199 | coarse=0.1199 | 8.7s
  Epoch 27 Batch 100/460 | Loss=0.118152 | diff=0.1182 | coarse=0.1182 | 17.4s
  Epoch 27 Batch 150/460 | Loss=0.108769 | diff=0.1088 | coarse=0.1088 | 25.6s
  [WARN] skip non-finite grad at epoch 27 batch 156
  Epoch 27 Batch 200/460 | Loss=0.115273 | diff=0.1153 | coarse=0.1153 | 34.1s
  Epoch 27 Batch 250/460 | Loss=0.098823 | diff=0.0988 | coarse=0.0988 | 42.6s
  Epoch 27 Batch 300/460 | Loss=0.127471 | diff=0.1275 | coarse=0.1275 | 51.1s
  Epoch 27 Batch 350/460 | Loss=0.106925 | diff=0.1069 | coarse=0.1069 | 59.4s
  Epoch 27 Batch 400/460 | Loss=0.135725 | diff=0.1357 | coarse=0.1357 | 67.9s
  Epoch 27 Batch 450/460 | Loss=0.080748 | diff=0.0807 | coarse=0.0807 | 76.2s
  Epoch 27 Batch 460/460 | Loss=0.032103 | diff=0.0321 | coarse=0.0321 | 77.8s
Epoch 27/120 | Loss=0.108684 | Val RMSE=11.8788 | Val MAE=8.4263 | Val MAPE=36.33% | LR=6.39e-04 | 82.9s
[INFO] start epoch 28/120
  Epoch 28 Batch 50/460 | Loss=0.111996 | diff=0.1120 | coarse=0.1120 | 8.6s
  Epoch 28 Batch 100/460 | Loss=0.109967 | diff=0.1100 | coarse=0.1100 | 17.5s
  Epoch 28 Batch 150/460 | Loss=0.103146 | diff=0.1031 | coarse=0.1031 | 25.9s
  Epoch 28 Batch 200/460 | Loss=0.127461 | diff=0.1275 | coarse=0.1275 | 33.9s
  Epoch 28 Batch 250/460 | Loss=0.098035 | diff=0.0980 | coarse=0.0980 | 42.1s
  Epoch 28 Batch 300/460 | Loss=0.119867 | diff=0.1199 | coarse=0.1199 | 50.0s
  Epoch 28 Batch 350/460 | Loss=0.102382 | diff=0.1024 | coarse=0.1024 | 58.2s
  Epoch 28 Batch 400/460 | Loss=0.142899 | diff=0.1429 | coarse=0.1429 | 66.4s
  Epoch 28 Batch 450/460 | Loss=0.079072 | diff=0.0791 | coarse=0.0791 | 74.6s
  Epoch 28 Batch 460/460 | Loss=0.028438 | diff=0.0284 | coarse=0.0284 | 76.2s
Epoch 28/120 | Loss=0.106209 | Val RMSE=11.7695 | Val MAE=8.2846 | Val MAPE=35.49% | LR=6.33e-04 | 82.0s
[INFO] start epoch 29/120
  Epoch 29 Batch 50/460 | Loss=0.105082 | diff=0.1051 | coarse=0.1051 | 8.8s
  Epoch 29 Batch 100/460 | Loss=0.103095 | diff=0.1031 | coarse=0.1031 | 17.4s
  Epoch 29 Batch 150/460 | Loss=0.098013 | diff=0.0980 | coarse=0.0980 | 26.1s
  Epoch 29 Batch 200/460 | Loss=0.151764 | diff=0.1518 | coarse=0.1518 | 34.8s
  Epoch 29 Batch 250/460 | Loss=0.089037 | diff=0.0890 | coarse=0.0890 | 43.2s
  Epoch 29 Batch 300/460 | Loss=0.112614 | diff=0.1126 | coarse=0.1126 | 51.8s
  Epoch 29 Batch 350/460 | Loss=0.097555 | diff=0.0976 | coarse=0.0976 | 60.5s
  Epoch 29 Batch 400/460 | Loss=0.145778 | diff=0.1458 | coarse=0.1458 | 69.3s
  Epoch 29 Batch 450/460 | Loss=0.077243 | diff=0.0772 | coarse=0.0772 | 77.8s
  Epoch 29 Batch 460/460 | Loss=0.028097 | diff=0.0281 | coarse=0.0281 | 79.4s
Epoch 29/120 | Loss=0.103407 | Val RMSE=11.9305 | Val MAE=8.4181 | Val MAPE=36.53% | LR=6.27e-04 | 84.6s
[EARLY STOP] patience=15, best_val_rmse=11.6124 at epoch 14
d:\◊¿√Ê\≥Ù—ı‘§≤‚◊ ¡œ\≥Ù—ı‘§≤‚◊ ¡œ\code\train_pediffwavenet_noleak.py:595: FutureWarning: You are using `torch.load` with `weights_only=False` (the current default value), which uses the default pickle module implicitly. It is possible to construct malicious pickle data which will execute arbitrary code during unpickling (See https://github.com/pytorch/pytorch/blob/main/SECURITY.md#untrusted-models for more details). In a future release, the default value for `weights_only` will be flipped to `True`. This limits the functions that could be executed during unpickling. Arbitrary objects will no longer be allowed to be loaded via this mode unless they are explicitly allowlisted by the user via `torch.serialization.add_safe_globals`. We recommend you start setting `weights_only=True` for any use case where you don't have full control of the loaded file. Please open an issue on GitHub for any issues related to this experimental feature.
  base_model.load_state_dict(torch.load(os.path.join(weight_dir, "best_ema.pt"), map_location=device))
[INFO] PE-DiffWaveNet noleak training finished
{
  "split_mode": "noleak",
  "model_name": "PE-DiffWaveNet",
  "best_epoch": 14,
  "best_valid_rmse": 11.61238874058619,
  "best_valid_mae": 8.2438944256805,
  "best_valid_mape": 33.412366290668785,
  "test_rmse": 10.879675283435656,
  "test_mae": 7.724018706618076,
  "test_mape": 32.061479202644676,
  "relative_rmse": 2.6535793374233307,
  "relative_mae": 1.883907001614165,
  "train_scale_max": 410.0,
  "world_size": 1,
  "eval_inference_steps": 50,
  "eval_num_samples": 3,
  "eval_t_start_ratio": 0.25,
  "use_diffusion": 0,
  "use_pe_graph": 1,
  "use_pe_film": 1,
  "pe_source": "train",
  "pe_graph_alpha": 1.0,
  "pe_film_scale": 1.0,
  "pe_film_zero_init": 0,
  "normalize_pe_features": 1,
  "pe_shuffle_seed": -1,
  "pe_adaptive_loss": 0,
  "pe_loss_weight": 0.15,
  "pe_loss_start_step": 4,
  "pe_loss_normalize": 1,
  "per_step_rmse": [
    6.630266684164712,
    9.002700910977595,
    10.487577218907084,
    11.608353929215774,
    12.582149851257288,
    13.495973247393863
  ],
  "per_step_mae": [
    4.8158627120729465,
    6.458805979572245,
    7.597834505692282,
    8.394036811643836,
    9.156833391901397,
    9.92073883882578
  ],
  "step4_6_rmse_avg": 12.562159009288976,
  "peak_mode": "percentile",
  "peak_threshold": 65.99999815225601,
  "peak_count": 36556,
  "peak_ratio": 0.1000520020800832,
  "rmse_peak": 13.743868656684025,
  "mae_peak": 9.142747256185483
}
  Peak_mode      : percentile
  Peak_threshold : 66.00 ug/m^3
  Peak_count     : 36556
  Peak_ratio     : 10.01%
  RMSE_peak      : 13.7439
  MAE_peak       : 9.1427
Per-step metrics:
  Step        RMSE         MAE
     1      6.6303      4.8159
     2      9.0027      6.4588
     3     10.4876      7.5978
     4     11.6084      8.3940
     5     12.5821      9.1568
     6     13.4960      9.9207
[INFO] outputs: d:/◊¿√Ê/≥Ù—ı‘§≤‚◊ ¡œ/≥Ù—ı‘§≤‚◊ ¡œ\matrix_N95_PEDiffWaveNet_noleak_student_w2_s52-nodiff-l24-p6
[INFO] weights: d:/◊¿√Ê/≥Ù—ı‘§≤‚◊ ¡œ/≥Ù—ı‘§≤‚◊ ¡œ\weights_N95/weights_pediffwavenet_noleak_student_w2_s52-nodiff-l24-p6

--- [5/6] s52-nodiff-l24-p6 finished at 2026-07-14 06:20:26 | Exit: 0 ---
