{'PATH_MOD': '/mnt/d/时空数据/白文豪/week1/DiffSTG/output/model/', 'PATH_LOG': '/mnt/d/时空数据/白文豪/week1/DiffSTG/output/log/', 'PATH_FORECAST': '/mnt/d/时空数据/白文豪/week1/DiffSTG/output/forecast/', 'data': {'name': 'AIR_N95', 'path': '/mnt/d/时空数据/白文豪/week1/DiffSTG/data/dataset/', 'feature_file': '/mnt/d/时空数据/白文豪/week1/DiffSTG/data/dataset/AIR_N95/flow.npy', 'spatial': '/mnt/d/时空数据/白文豪/week1/DiffSTG/data/dataset/AIR_N95/adj.npy', 'num_recent': 1, 'num_features': 1, 'num_vertices': 95, 'points_per_hour': 1, 'val_start_idx': 7378, 'test_start_idx': 8047}, 'gpu_id': None, 'model': {'T_p': 1, 'T_h': 24, 'V': 95, 'F': 1, 'week_len': 7, 'day_len': 24, 'device': device(type='cuda'), 'd_h': 32, 'N': 200, 'sample_steps': 200, 'epsilon_theta': 'UGnet', 'is_label_condition': True, 'beta_end': 0.1, 'beta_schedule': 'quad', 'sample_strategy': 'ddpm', 'channel_multipliers': [1, 2], 'supports_len': 2, 'C': 32, 'n_channels': 32}, 'n_samples': 8, 'model_name': 'DiffSTG', 'is_test': False, 'epoch': 300, 'optimizer': 'adam', 'lr': 0.0001, 'batch_size': 32, 'wd': 1e-05, 'early_stop': 10, 'start_epoch': 0, 'device': device(type='cuda'), 'logger': <utils.common_utils.Logger object at 0x7fb7217b45d0>, 'mask_ratio': 0.0, 'T_h': 24, 'T_p': 1, 'trial_name': 'UGnet+32+200+quad+0.1+200+ddpm+24+1+8+AIR_N95+0.0001+32+42+0.0+300+10+0.001+/mnt/d/时空数据/白文豪/week2/DiffSTG/output', 'log_path': '/mnt/d/时空数据/白文豪/week1/DiffSTG/output/log//UGnet+32+200+quad+0.1+200+ddpm+24+1+8+AIR_N95+0.0001+32+42+0.0+300+10+0.001+/mnt/d/时空数据/白文豪/week2/DiffSTG/output.log'}
model path:/mnt/d/时空数据/白文豪/week1/DiffSTG/output/model/UGnet+32+200+quad+0.1+200+ddpm+24+1+8+AIR_N95+0.0001+32+42+0.0+300+10+0.001+/mnt/d/时空数据/白文豪/week2/DiffSTG/outputN-200+T_h-24+T_p-1+epsilon_theta-UGnet.dm4stg
DiffSTG(
  (eps_model): UGnet(
    (down): ModuleList(
      (0-1): 2 x DownBlock(
        (res): ResidualBlock(
          (tcn1): TcnBlock(
            (conv): Conv2d(32, 32, kernel_size=(3, 3), stride=(1, 1), padding=(1, 2))
            (chomp): Chomp()
            (drop): Dropout(p=0.0, inplace=False)
            (net): Sequential(
              (0): Conv2d(32, 32, kernel_size=(3, 3), stride=(1, 1), padding=(1, 2))
              (1): Chomp()
              (2): Dropout(p=0.0, inplace=False)
            )
          )
          (tcn2): TcnBlock(
            (conv): Conv2d(32, 32, kernel_size=(3, 3), stride=(1, 1), padding=(1, 2))
            (chomp): Chomp()
            (drop): Dropout(p=0.0, inplace=False)
            (net): Sequential(
              (0): Conv2d(32, 32, kernel_size=(3, 3), stride=(1, 1), padding=(1, 2))
              (1): Chomp()
              (2): Dropout(p=0.0, inplace=False)
            )
          )
          (shortcut): Identity()
          (t_conv): Conv2d(32, 32, kernel_size=(1, 1), stride=(1, 1))
          (spatial): SpatialBlock()
          (norm): LayerNorm((95, 32), eps=1e-05, elementwise_affine=True)
        )
      )
      (2): Downsample(
        (conv): Conv2d(32, 32, kernel_size=(1, 3), stride=(1, 2), padding=(0, 1))
      )
      (3): DownBlock(
        (res): ResidualBlock(
          (tcn1): TcnBlock(
            (conv): Conv2d(32, 64, kernel_size=(3, 3), stride=(1, 1), padding=(1, 2))
            (chomp): Chomp()
            (drop): Dropout(p=0.0, inplace=False)
            (net): Sequential(
              (0): Conv2d(32, 64, kernel_size=(3, 3), stride=(1, 1), padding=(1, 2))
              (1): Chomp()
              (2): Dropout(p=0.0, inplace=False)
            )
            (shortcut): Conv2d(32, 64, kernel_size=(1, 1), stride=(1, 1))
          )
          (tcn2): TcnBlock(
            (conv): Conv2d(64, 64, kernel_size=(3, 3), stride=(1, 1), padding=(1, 2))
            (chomp): Chomp()
            (drop): Dropout(p=0.0, inplace=False)
            (net): Sequential(
              (0): Conv2d(64, 64, kernel_size=(3, 3), stride=(1, 1), padding=(1, 2))
              (1): Chomp()
              (2): Dropout(p=0.0, inplace=False)
            )
          )
          (shortcut): Conv2d(32, 64, kernel_size=(1, 1), stride=(1, 1))
          (t_conv): Conv2d(32, 64, kernel_size=(1, 1), stride=(1, 1))
          (spatial): SpatialBlock()
          (norm): LayerNorm((95, 64), eps=1e-05, elementwise_affine=True)
        )
      )
      (4): DownBlock(
        (res): ResidualBlock(
          (tcn1): TcnBlock(
            (conv): Conv2d(64, 64, kernel_size=(3, 3), stride=(1, 1), padding=(1, 2))
            (chomp): Chomp()
            (drop): Dropout(p=0.0, inplace=False)
            (net): Sequential(
              (0): Conv2d(64, 64, kernel_size=(3, 3), stride=(1, 1), padding=(1, 2))
              (1): Chomp()
              (2): Dropout(p=0.0, inplace=False)
            )
          )
          (tcn2): TcnBlock(
            (conv): Conv2d(64, 64, kernel_size=(3, 3), stride=(1, 1), padding=(1, 2))
            (chomp): Chomp()
            (drop): Dropout(p=0.0, inplace=False)
            (net): Sequential(
              (0): Conv2d(64, 64, kernel_size=(3, 3), stride=(1, 1), padding=(1, 2))
              (1): Chomp()
              (2): Dropout(p=0.0, inplace=False)
            )
          )
          (shortcut): Identity()
          (t_conv): Conv2d(32, 64, kernel_size=(1, 1), stride=(1, 1))
          (spatial): SpatialBlock()
          (norm): LayerNorm((95, 64), eps=1e-05, elementwise_affine=True)
        )
      )
    )
    (middle): MiddleBlock(
      (res1): ResidualBlock(
        (tcn1): TcnBlock(
          (conv): Conv2d(64, 64, kernel_size=(3, 3), stride=(1, 1), padding=(1, 2))
          (chomp): Chomp()
          (drop): Dropout(p=0.0, inplace=False)
          (net): Sequential(
            (0): Conv2d(64, 64, kernel_size=(3, 3), stride=(1, 1), padding=(1, 2))
            (1): Chomp()
            (2): Dropout(p=0.0, inplace=False)
          )
        )
        (tcn2): TcnBlock(
          (conv): Conv2d(64, 64, kernel_size=(3, 3), stride=(1, 1), padding=(1, 2))
          (chomp): Chomp()
          (drop): Dropout(p=0.0, inplace=False)
          (net): Sequential(
            (0): Conv2d(64, 64, kernel_size=(3, 3), stride=(1, 1), padding=(1, 2))
            (1): Chomp()
            (2): Dropout(p=0.0, inplace=False)
          )
        )
        (shortcut): Identity()
        (t_conv): Conv2d(32, 64, kernel_size=(1, 1), stride=(1, 1))
        (spatial): SpatialBlock()
        (norm): LayerNorm((95, 64), eps=1e-05, elementwise_affine=True)
      )
      (res2): ResidualBlock(
        (tcn1): TcnBlock(
          (conv): Conv2d(64, 64, kernel_size=(3, 3), stride=(1, 1), padding=(1, 2))
          (chomp): Chomp()
          (drop): Dropout(p=0.0, inplace=False)
          (net): Sequential(
            (0): Conv2d(64, 64, kernel_size=(3, 3), stride=(1, 1), padding=(1, 2))
            (1): Chomp()
            (2): Dropout(p=0.0, inplace=False)
          )
        )
        (tcn2): TcnBlock(
          (conv): Conv2d(64, 64, kernel_size=(3, 3), stride=(1, 1), padding=(1, 2))
          (chomp): Chomp()
          (drop): Dropout(p=0.0, inplace=False)
          (net): Sequential(
            (0): Conv2d(64, 64, kernel_size=(3, 3), stride=(1, 1), padding=(1, 2))
            (1): Chomp()
            (2): Dropout(p=0.0, inplace=False)
          )
        )
        (shortcut): Identity()
        (t_conv): Conv2d(32, 64, kernel_size=(1, 1), stride=(1, 1))
        (spatial): SpatialBlock()
        (norm): LayerNorm((95, 64), eps=1e-05, elementwise_affine=True)
      )
    )
    (up): ModuleList(
      (0-1): 2 x UpBlock(
        (res): ResidualBlock(
          (tcn1): TcnBlock(
            (conv): Conv2d(128, 64, kernel_size=(3, 3), stride=(1, 1), padding=(1, 2))
            (chomp): Chomp()
            (drop): Dropout(p=0.0, inplace=False)
            (net): Sequential(
              (0): Conv2d(128, 64, kernel_size=(3, 3), stride=(1, 1), padding=(1, 2))
              (1): Chomp()
              (2): Dropout(p=0.0, inplace=False)
            )
            (shortcut): Conv2d(128, 64, kernel_size=(1, 1), stride=(1, 1))
          )
          (tcn2): TcnBlock(
            (conv): Conv2d(64, 64, kernel_size=(3, 3), stride=(1, 1), padding=(1, 2))
            (chomp): Chomp()
            (drop): Dropout(p=0.0, inplace=False)
            (net): Sequential(
              (0): Conv2d(64, 64, kernel_size=(3, 3), stride=(1, 1), padding=(1, 2))
              (1): Chomp()
              (2): Dropout(p=0.0, inplace=False)
            )
          )
          (shortcut): Conv2d(128, 64, kernel_size=(1, 1), stride=(1, 1))
          (t_conv): Conv2d(32, 64, kernel_size=(1, 1), stride=(1, 1))
          (spatial): SpatialBlock()
          (norm): LayerNorm((95, 64), eps=1e-05, elementwise_affine=True)
        )
      )
      (2): UpBlock(
        (res): ResidualBlock(
          (tcn1): TcnBlock(
            (conv): Conv2d(96, 32, kernel_size=(3, 3), stride=(1, 1), padding=(1, 2))
            (chomp): Chomp()
            (drop): Dropout(p=0.0, inplace=False)
            (net): Sequential(
              (0): Conv2d(96, 32, kernel_size=(3, 3), stride=(1, 1), padding=(1, 2))
              (1): Chomp()
              (2): Dropout(p=0.0, inplace=False)
            )
            (shortcut): Conv2d(96, 32, kernel_size=(1, 1), stride=(1, 1))
          )
          (tcn2): TcnBlock(
            (conv): Conv2d(32, 32, kernel_size=(3, 3), stride=(1, 1), padding=(1, 2))
            (chomp): Chomp()
            (drop): Dropout(p=0.0, inplace=False)
            (net): Sequential(
              (0): Conv2d(32, 32, kernel_size=(3, 3), stride=(1, 1), padding=(1, 2))
              (1): Chomp()
              (2): Dropout(p=0.0, inplace=False)
            )
          )
          (shortcut): Conv2d(96, 32, kernel_size=(1, 1), stride=(1, 1))
          (t_conv): Conv2d(32, 32, kernel_size=(1, 1), stride=(1, 1))
          (spatial): SpatialBlock()
          (norm): LayerNorm((95, 32), eps=1e-05, elementwise_affine=True)
        )
      )
      (3): Upsample(
        (conv): ConvTranspose2d(32, 32, kernel_size=(1, 4), stride=(1, 2), padding=(0, 1))
      )
      (4-6): 3 x UpBlock(
        (res): ResidualBlock(
          (tcn1): TcnBlock(
            (conv): Conv2d(64, 32, kernel_size=(3, 3), stride=(1, 1), padding=(1, 2))
            (chomp): Chomp()
            (drop): Dropout(p=0.0, inplace=False)
            (net): Sequential(
              (0): Conv2d(64, 32, kernel_size=(3, 3), stride=(1, 1), padding=(1, 2))
              (1): Chomp()
              (2): Dropout(p=0.0, inplace=False)
            )
            (shortcut): Conv2d(64, 32, kernel_size=(1, 1), stride=(1, 1))
          )
          (tcn2): TcnBlock(
            (conv): Conv2d(32, 32, kernel_size=(3, 3), stride=(1, 1), padding=(1, 2))
            (chomp): Chomp()
            (drop): Dropout(p=0.0, inplace=False)
            (net): Sequential(
              (0): Conv2d(32, 32, kernel_size=(3, 3), stride=(1, 1), padding=(1, 2))
              (1): Chomp()
              (2): Dropout(p=0.0, inplace=False)
            )
          )
          (shortcut): Conv2d(64, 32, kernel_size=(1, 1), stride=(1, 1))
          (t_conv): Conv2d(32, 32, kernel_size=(1, 1), stride=(1, 1))
          (spatial): SpatialBlock()
          (norm): LayerNorm((95, 32), eps=1e-05, elementwise_affine=True)
        )
      )
    )
    (x_proj): Conv2d(1, 32, kernel_size=(1, 1), stride=(1, 1))
    (out): Sequential(
      (0): Conv2d(32, 1, kernel_size=(1, 1), stride=(1, 1))
      (1): Linear(in_features=50, out_features=25, bias=True)
    )
  )
)Num_of_parameters:910492
      |---Train--- |---Val Future-- -|-----Val History----|
Epoch | Loss  Time | MAE     RMSE    |  MAE    RMSE   Time|
   1.0| 8.657 51.8s |[1.0709 1.8111 ] | 1.7927 3.1311 334.81s
   2.0| 3.654 50.2s |[0.2000 0.3260 ] | 0.3190 0.5363 332.02s
   3.0| 2.281 50.4s | 0.2119 0.2931  | 0.1470 0.2118 336.61s
   4.0| 1.950 51.3s | 0.2320 0.3025  | 0.0774 0.1116 333.75s
   5.0| 1.718 50.3s | 0.2971 0.3600  | 0.0727 0.1049 338.98s
   6.0| 1.499 52.1s |[0.1974 0.2510 ] | 0.0540 0.0745 336.61s
   7.0| 1.332 50.5s |[0.1658 0.2112 ] | 0.0546 0.0725 338.23s
   8.0| 1.215 51.6s |[0.1247 0.1644 ] | 0.0521 0.0690 335.51s
   9.0| 1.126 50.4s | 0.1269 0.1628  | 0.0524 0.0693 334.55s
  10.0| 1.054 50.3s |[0.1121 0.1437 ] | 0.0503 0.0667 335.02s
  11.0| 0.990 50.4s |[0.0860 0.1135 ] | 0.0469 0.0623 334.73s
  12.0| 0.937 50.3s | 0.1081 0.1342  | 0.0438 0.0580 332.99s
  13.0| 0.888 50.7s | 0.1157 0.1397  | 0.0414 0.0549 334.83s
  14.0| 0.845 50.2s | 0.1270 0.1481  | 0.0384 0.0508 333.55s
  15.0| 0.807 50.2s |[0.0796 0.1001 ] | 0.0386 0.0511 335.27s
  16.0| 0.775 50.3s |[0.0585 0.0760 ] | 0.0340 0.0454 334.58s
  17.0| 0.747 50.6s |[0.0466 0.0621 ] | 0.0326 0.0436 334.28s
  18.0| 0.721 50.4s |[0.0380 0.0510 ] | 0.0375 0.0500 325.08s
  19.0| 0.698 48.2s |[0.0358 0.0478 ] | 0.0401 0.0531 321.22s
  20.0| 0.677 48.2s |[0.0352 0.0469 ] | 0.0375 0.0496 325.68s
  21.0| 0.656 48.2s | 0.0429 0.0557  | 0.0280 0.0372 320.92s
  22.0| 0.644 49.6s | 0.0382 0.0499  | 0.0284 0.0378 325.34s
  23.0| 0.619 48.0s | 0.0445 0.0566  | 0.0238 0.0314 322.53s
  24.0| 0.605 48.2s | 0.0438 0.0553  | 0.0220 0.0292 322.28s
  25.0| 0.586 48.2s | 0.0403 0.0513  | 0.0218 0.0290 320.83s
  26.0| 0.570 48.1s | 0.0427 0.0536  | 0.0203 0.0267 318.86s
  27.0| 0.534 48.1s |[0.0283 0.0370 ] | 0.0216 0.0269 324.29s
  28.0| 0.524 48.3s |[0.0265 0.0348 ] | 0.0194 0.0245 319.85s
  29.0| 0.518 48.3s |[0.0241 0.0318 ] | 0.0138 0.0177 322.92s
  30.0| 0.508 48.4s | 0.0248 0.0327  | 0.0146 0.0187 320.79s
  31.0| 0.500 48.2s | 0.0248 0.0326  | 0.0145 0.0186 322.43s
  32.0| 0.493 48.7s | 0.0244 0.0322  | 0.0145 0.0185 322.21s
  33.0| 0.485 48.2s | 0.0244 0.0321  | 0.0139 0.0178 321.84s
  34.0| 0.477 48.4s | 0.0247 0.0325  | 0.0142 0.0181 323.67s
  35.0| 0.469 48.1s | 0.0249 0.0326  | 0.0141 0.0180 322.70s
  36.0| 0.442 48.1s |[0.0239 0.0313 ] | 0.0146 0.0186 321.99s
  37.0| 0.437 48.3s |[0.0218 0.0290 ] | 0.0111 0.0139 323.96s
  38.0| 0.433 48.4s |[0.0216 0.0287 ] | 0.0108 0.0135 323.86s
  39.0| 0.429 48.2s |[0.0216 0.0287 ] | 0.0119 0.0149 322.73s
  40.0| 0.426 48.2s |[0.0215 0.0287 ] | 0.0124 0.0154 321.80s
  41.0| 0.423 48.2s |[0.0214 0.0285 ] | 0.0121 0.0150 321.12s
  42.0| 0.418 48.4s |[0.0212 0.0283 ] | 0.0116 0.0144 325.29s
  43.0| 0.415 47.6s |[0.0212 0.0282 ] | 0.0115 0.0142 322.98s
  44.0| 0.411 45.5s |[0.0210 0.0281 ] | 0.0110 0.0136 319.02s
  45.0| 0.407 45.5s |[0.0209 0.0279 ] | 0.0105 0.0130 319.45s
  46.0| 0.403 45.2s |[0.0209 0.0278 ] | 0.0106 0.0131 321.62s
  47.0| 0.399 45.6s |[0.0208 0.0278 ] | 0.0107 0.0132 320.61s
 |[0.0192 0.0244 ] | 0.0130 0.0142 592.14s
