{'PATH_MOD': '/mnt/d/时空数据/白文豪/week1/DiffSTG/output/model/', 'PATH_LOG': '/mnt/d/时空数据/白文豪/week1/DiffSTG/output/log/', 'PATH_FORECAST': '/mnt/d/时空数据/白文豪/week1/DiffSTG/output/forecast/', 'data': {'name': 'AIR_N95', 'path': '/mnt/d/时空数据/白文豪/week1/DiffSTG/data/dataset/', 'feature_file': '/mnt/d/时空数据/白文豪/week1/DiffSTG/data/dataset/AIR_N95/flow.npy', 'spatial': '/mnt/d/时空数据/白文豪/week1/DiffSTG/data/dataset/AIR_N95/adj.npy', 'num_recent': 1, 'num_features': 1, 'num_vertices': 95, 'points_per_hour': 1, 'val_start_idx': 7378, 'test_start_idx': 8047}, 'gpu_id': None, 'model': {'T_p': 3, 'T_h': 24, 'V': 95, 'F': 1, 'week_len': 7, 'day_len': 24, 'device': device(type='cuda'), 'd_h': 32, 'N': 200, 'sample_steps': 200, 'epsilon_theta': 'UGnet', 'is_label_condition': True, 'beta_end': 0.1, 'beta_schedule': 'quad', 'sample_strategy': 'ddpm', 'channel_multipliers': [1, 2], 'supports_len': 2, 'C': 32, 'n_channels': 32}, 'n_samples': 8, 'model_name': 'DiffSTG', 'is_test': False, 'epoch': 300, 'optimizer': 'adam', 'lr': 0.0001, 'batch_size': 32, 'wd': 1e-05, 'early_stop': 10, 'start_epoch': 0, 'device': device(type='cuda'), 'logger': <utils.common_utils.Logger object at 0x757e7499cf10>, 'mask_ratio': 0.0, 'T_h': 24, 'T_p': 3, 'trial_name': 'UGnet+32+200+quad+0.1+200+ddpm+24+3+8+AIR_N95+0.0001+32+42+0.0+300+10+0.001+/mnt/d/时空数据/白文豪/week2/DiffSTG/output', 'log_path': '/mnt/d/时空数据/白文豪/week1/DiffSTG/output/log//UGnet+32+200+quad+0.1+200+ddpm+24+3+8+AIR_N95+0.0001+32+42+0.0+300+10+0.001+/mnt/d/时空数据/白文豪/week2/DiffSTG/output.log'}
model path:/mnt/d/时空数据/白文豪/week1/DiffSTG/output/model/UGnet+32+200+quad+0.1+200+ddpm+24+3+8+AIR_N95+0.0001+32+42+0.0+300+10+0.001+/mnt/d/时空数据/白文豪/week2/DiffSTG/outputN-200+T_h-24+T_p-3+epsilon_theta-UGnet.dm4stg
DiffSTG(
  (eps_model): UGnet(
    (down): ModuleList(
      (0-1): 2 x DownBlock(
        (res): ResidualBlock(
          (tcn1): TcnBlock(
            (conv): Conv2d(32, 32, kernel_size=(3, 3), stride=(1, 1), padding=(1, 2))
            (chomp): Chomp()
            (drop): Dropout(p=0.0, inplace=False)
            (net): Sequential(
              (0): Conv2d(32, 32, kernel_size=(3, 3), stride=(1, 1), padding=(1, 2))
              (1): Chomp()
              (2): Dropout(p=0.0, inplace=False)
            )
          )
          (tcn2): TcnBlock(
            (conv): Conv2d(32, 32, kernel_size=(3, 3), stride=(1, 1), padding=(1, 2))
            (chomp): Chomp()
            (drop): Dropout(p=0.0, inplace=False)
            (net): Sequential(
              (0): Conv2d(32, 32, kernel_size=(3, 3), stride=(1, 1), padding=(1, 2))
              (1): Chomp()
              (2): Dropout(p=0.0, inplace=False)
            )
          )
          (shortcut): Identity()
          (t_conv): Conv2d(32, 32, kernel_size=(1, 1), stride=(1, 1))
          (spatial): SpatialBlock()
          (norm): LayerNorm((95, 32), eps=1e-05, elementwise_affine=True)
        )
      )
      (2): Downsample(
        (conv): Conv2d(32, 32, kernel_size=(1, 3), stride=(1, 2), padding=(0, 1))
      )
      (3): DownBlock(
        (res): ResidualBlock(
          (tcn1): TcnBlock(
            (conv): Conv2d(32, 64, kernel_size=(3, 3), stride=(1, 1), padding=(1, 2))
            (chomp): Chomp()
            (drop): Dropout(p=0.0, inplace=False)
            (net): Sequential(
              (0): Conv2d(32, 64, kernel_size=(3, 3), stride=(1, 1), padding=(1, 2))
              (1): Chomp()
              (2): Dropout(p=0.0, inplace=False)
            )
            (shortcut): Conv2d(32, 64, kernel_size=(1, 1), stride=(1, 1))
          )
          (tcn2): TcnBlock(
            (conv): Conv2d(64, 64, kernel_size=(3, 3), stride=(1, 1), padding=(1, 2))
            (chomp): Chomp()
            (drop): Dropout(p=0.0, inplace=False)
            (net): Sequential(
              (0): Conv2d(64, 64, kernel_size=(3, 3), stride=(1, 1), padding=(1, 2))
              (1): Chomp()
              (2): Dropout(p=0.0, inplace=False)
            )
          )
          (shortcut): Conv2d(32, 64, kernel_size=(1, 1), stride=(1, 1))
          (t_conv): Conv2d(32, 64, kernel_size=(1, 1), stride=(1, 1))
          (spatial): SpatialBlock()
          (norm): LayerNorm((95, 64), eps=1e-05, elementwise_affine=True)
        )
      )
      (4): DownBlock(
        (res): ResidualBlock(
          (tcn1): TcnBlock(
            (conv): Conv2d(64, 64, kernel_size=(3, 3), stride=(1, 1), padding=(1, 2))
            (chomp): Chomp()
            (drop): Dropout(p=0.0, inplace=False)
            (net): Sequential(
              (0): Conv2d(64, 64, kernel_size=(3, 3), stride=(1, 1), padding=(1, 2))
              (1): Chomp()
              (2): Dropout(p=0.0, inplace=False)
            )
          )
          (tcn2): TcnBlock(
            (conv): Conv2d(64, 64, kernel_size=(3, 3), stride=(1, 1), padding=(1, 2))
            (chomp): Chomp()
            (drop): Dropout(p=0.0, inplace=False)
            (net): Sequential(
              (0): Conv2d(64, 64, kernel_size=(3, 3), stride=(1, 1), padding=(1, 2))
              (1): Chomp()
              (2): Dropout(p=0.0, inplace=False)
            )
          )
          (shortcut): Identity()
          (t_conv): Conv2d(32, 64, kernel_size=(1, 1), stride=(1, 1))
          (spatial): SpatialBlock()
          (norm): LayerNorm((95, 64), eps=1e-05, elementwise_affine=True)
        )
      )
    )
    (middle): MiddleBlock(
      (res1): ResidualBlock(
        (tcn1): TcnBlock(
          (conv): Conv2d(64, 64, kernel_size=(3, 3), stride=(1, 1), padding=(1, 2))
          (chomp): Chomp()
          (drop): Dropout(p=0.0, inplace=False)
          (net): Sequential(
            (0): Conv2d(64, 64, kernel_size=(3, 3), stride=(1, 1), padding=(1, 2))
            (1): Chomp()
            (2): Dropout(p=0.0, inplace=False)
          )
        )
        (tcn2): TcnBlock(
          (conv): Conv2d(64, 64, kernel_size=(3, 3), stride=(1, 1), padding=(1, 2))
          (chomp): Chomp()
          (drop): Dropout(p=0.0, inplace=False)
          (net): Sequential(
            (0): Conv2d(64, 64, kernel_size=(3, 3), stride=(1, 1), padding=(1, 2))
            (1): Chomp()
            (2): Dropout(p=0.0, inplace=False)
          )
        )
        (shortcut): Identity()
        (t_conv): Conv2d(32, 64, kernel_size=(1, 1), stride=(1, 1))
        (spatial): SpatialBlock()
        (norm): LayerNorm((95, 64), eps=1e-05, elementwise_affine=True)
      )
      (res2): ResidualBlock(
        (tcn1): TcnBlock(
          (conv): Conv2d(64, 64, kernel_size=(3, 3), stride=(1, 1), padding=(1, 2))
          (chomp): Chomp()
          (drop): Dropout(p=0.0, inplace=False)
          (net): Sequential(
            (0): Conv2d(64, 64, kernel_size=(3, 3), stride=(1, 1), padding=(1, 2))
            (1): Chomp()
            (2): Dropout(p=0.0, inplace=False)
          )
        )
        (tcn2): TcnBlock(
          (conv): Conv2d(64, 64, kernel_size=(3, 3), stride=(1, 1), padding=(1, 2))
          (chomp): Chomp()
          (drop): Dropout(p=0.0, inplace=False)
          (net): Sequential(
            (0): Conv2d(64, 64, kernel_size=(3, 3), stride=(1, 1), padding=(1, 2))
            (1): Chomp()
            (2): Dropout(p=0.0, inplace=False)
          )
        )
        (shortcut): Identity()
        (t_conv): Conv2d(32, 64, kernel_size=(1, 1), stride=(1, 1))
        (spatial): SpatialBlock()
        (norm): LayerNorm((95, 64), eps=1e-05, elementwise_affine=True)
      )
    )
    (up): ModuleList(
      (0-1): 2 x UpBlock(
        (res): ResidualBlock(
          (tcn1): TcnBlock(
            (conv): Conv2d(128, 64, kernel_size=(3, 3), stride=(1, 1), padding=(1, 2))
            (chomp): Chomp()
            (drop): Dropout(p=0.0, inplace=False)
            (net): Sequential(
              (0): Conv2d(128, 64, kernel_size=(3, 3), stride=(1, 1), padding=(1, 2))
              (1): Chomp()
              (2): Dropout(p=0.0, inplace=False)
            )
            (shortcut): Conv2d(128, 64, kernel_size=(1, 1), stride=(1, 1))
          )
          (tcn2): TcnBlock(
            (conv): Conv2d(64, 64, kernel_size=(3, 3), stride=(1, 1), padding=(1, 2))
            (chomp): Chomp()
            (drop): Dropout(p=0.0, inplace=False)
            (net): Sequential(
              (0): Conv2d(64, 64, kernel_size=(3, 3), stride=(1, 1), padding=(1, 2))
              (1): Chomp()
              (2): Dropout(p=0.0, inplace=False)
            )
          )
          (shortcut): Conv2d(128, 64, kernel_size=(1, 1), stride=(1, 1))
          (t_conv): Conv2d(32, 64, kernel_size=(1, 1), stride=(1, 1))
          (spatial): SpatialBlock()
          (norm): LayerNorm((95, 64), eps=1e-05, elementwise_affine=True)
        )
      )
      (2): UpBlock(
        (res): ResidualBlock(
          (tcn1): TcnBlock(
            (conv): Conv2d(96, 32, kernel_size=(3, 3), stride=(1, 1), padding=(1, 2))
            (chomp): Chomp()
            (drop): Dropout(p=0.0, inplace=False)
            (net): Sequential(
              (0): Conv2d(96, 32, kernel_size=(3, 3), stride=(1, 1), padding=(1, 2))
              (1): Chomp()
              (2): Dropout(p=0.0, inplace=False)
            )
            (shortcut): Conv2d(96, 32, kernel_size=(1, 1), stride=(1, 1))
          )
          (tcn2): TcnBlock(
            (conv): Conv2d(32, 32, kernel_size=(3, 3), stride=(1, 1), padding=(1, 2))
            (chomp): Chomp()
            (drop): Dropout(p=0.0, inplace=False)
            (net): Sequential(
              (0): Conv2d(32, 32, kernel_size=(3, 3), stride=(1, 1), padding=(1, 2))
              (1): Chomp()
              (2): Dropout(p=0.0, inplace=False)
            )
          )
          (shortcut): Conv2d(96, 32, kernel_size=(1, 1), stride=(1, 1))
          (t_conv): Conv2d(32, 32, kernel_size=(1, 1), stride=(1, 1))
          (spatial): SpatialBlock()
          (norm): LayerNorm((95, 32), eps=1e-05, elementwise_affine=True)
        )
      )
      (3): Upsample(
        (conv): ConvTranspose2d(32, 32, kernel_size=(1, 4), stride=(1, 2), padding=(0, 1))
      )
      (4-6): 3 x UpBlock(
        (res): ResidualBlock(
          (tcn1): TcnBlock(
            (conv): Conv2d(64, 32, kernel_size=(3, 3), stride=(1, 1), padding=(1, 2))
            (chomp): Chomp()
            (drop): Dropout(p=0.0, inplace=False)
            (net): Sequential(
              (0): Conv2d(64, 32, kernel_size=(3, 3), stride=(1, 1), padding=(1, 2))
              (1): Chomp()
              (2): Dropout(p=0.0, inplace=False)
            )
            (shortcut): Conv2d(64, 32, kernel_size=(1, 1), stride=(1, 1))
          )
          (tcn2): TcnBlock(
            (conv): Conv2d(32, 32, kernel_size=(3, 3), stride=(1, 1), padding=(1, 2))
            (chomp): Chomp()
            (drop): Dropout(p=0.0, inplace=False)
            (net): Sequential(
              (0): Conv2d(32, 32, kernel_size=(3, 3), stride=(1, 1), padding=(1, 2))
              (1): Chomp()
              (2): Dropout(p=0.0, inplace=False)
            )
          )
          (shortcut): Conv2d(64, 32, kernel_size=(1, 1), stride=(1, 1))
          (t_conv): Conv2d(32, 32, kernel_size=(1, 1), stride=(1, 1))
          (spatial): SpatialBlock()
          (norm): LayerNorm((95, 32), eps=1e-05, elementwise_affine=True)
        )
      )
    )
    (x_proj): Conv2d(1, 32, kernel_size=(1, 1), stride=(1, 1))
    (out): Sequential(
      (0): Conv2d(32, 1, kernel_size=(1, 1), stride=(1, 1))
      (1): Linear(in_features=54, out_features=27, bias=True)
    )
  )
)Num_of_parameters:910702
      |---Train--- |---Val Future-- -|-----Val History----|
Epoch | Loss  Time | MAE     RMSE    |  MAE    RMSE   Time|
   1.0| 8.423 61.9s |[1.0647 1.8155 ] | 1.8461 3.2161 375.27s
   2.0| 3.721 54.1s |[0.3161 0.4891 ] | 0.3911 0.6758 392.61s
   3.0| 2.305 60.0s |[0.2577 0.3319 ] | 0.2597 0.3775 385.33s
   4.0| 1.960 58.9s |[0.2307 0.2941 ] | 0.2662 0.3608 383.28s
   5.0| 1.761 58.9s |[0.1693 0.2261 ] | 0.1875 0.2571 381.56s
   6.0| 1.600 58.9s | 0.1707 0.2257  | 0.1364 0.1877 382.01s
   7.0| 1.467 58.7s |[0.1228 0.1682 ] | 0.1157 0.1578 380.58s
   8.0| 1.351 58.6s |[0.1165 0.1585 ] | 0.1471 0.1915 382.19s
   9.0| 1.259 59.0s | 0.1271 0.1700  | 0.1609 0.2020 381.30s
  10.0| 1.189 58.8s |[0.1068 0.1445 ] | 0.1676 0.2099 384.70s
  11.0| 1.133 59.3s |[0.1008 0.1365 ] | 0.1656 0.2049 385.53s
  12.0| 1.087 59.5s |[0.0923 0.1249 ] | 0.1266 0.1586 388.99s
  13.0| 1.048 59.4s |[0.0882 0.1193 ] | 0.1146 0.1436 385.25s
  14.0| 1.016 59.4s |[0.0832 0.1122 ] | 0.1028 0.1300 385.34s
  15.0| 0.988 59.7s |[0.0816 0.1100 ] | 0.0948 0.1202 385.60s
  16.0| 0.962 60.0s |[0.0734 0.0983 ] | 0.0715 0.0934 386.07s
  17.0| 0.940 59.4s |[0.0690 0.0918 ] | 0.0520 0.0697 381.34s
  18.0| 0.918 57.7s |[0.0686 0.0912 ] | 0.0533 0.0712 369.67s
  19.0| 0.899 57.1s | 0.0696 0.0928  | 0.0478 0.0645 369.06s
  20.0| 0.882 57.0s | 0.0822 0.1097  | 0.0460 0.0618 369.26s
  21.0| 0.864 56.8s | 0.0775 0.1036  | 0.0441 0.0588 368.69s
  22.0| 0.847 57.0s | 0.0719 0.0961  | 0.0413 0.0549 368.81s
  23.0| 0.832 56.9s |[0.0664 0.0885 ] | 0.0447 0.0592 368.54s
  24.0| 0.818 57.0s | 0.0678 0.0905  | 0.0421 0.0558 369.10s
  25.0| 0.805 56.9s | 0.0667 0.0888  | 0.0416 0.0550 368.79s
  26.0| 0.793 56.9s |[0.0651 0.0866 ] | 0.0401 0.0530 368.64s
  27.0| 0.782 57.1s |[0.0642 0.0853 ] | 0.0382 0.0504 369.17s
  28.0| 0.771 57.2s | 0.0666 0.0889  | 0.0361 0.0480 369.72s
  29.0| 0.760 57.4s | 0.0650 0.0867  | 0.0348 0.0465 369.62s
  30.0| 0.750 57.0s | 0.0650 0.0867  | 0.0341 0.0457 369.50s
  31.0| 0.742 57.2s |[0.0632 0.0843 ] | 0.0334 0.0449 368.91s
  32.0| 0.734 57.2s |[0.0610 0.0814 ] | 0.0316 0.0426 368.83s
  33.0| 0.724 57.1s |[0.0599 0.0798 ] | 0.0312 0.0421 371.60s
  34.0| 0.715 57.9s |[0.0591 0.0786 ] | 0.0305 0.0412 370.09s
  35.0| 0.708 57.4s |[0.0586 0.0779 ] | 0.0293 0.0394 369.94s
  36.0| 0.699 57.1s |[0.0582 0.0775 ] | 0.0299 0.0402 369.15s
  37.0| 0.692 57.4s |[0.0577 0.0767 ] | 0.0294 0.0393 358.75s
  38.0| 0.684 54.4s |[0.0572 0.0762 ] | 0.0283 0.0378 358.27s
  39.0| 0.678 56.8s |[0.0567 0.0755 ] | 0.0279 0.0372 356.80s
  40.0| 0.671 55.3s |[0.0565 0.0752 ] | 0.0282 0.0374 352.75s
  41.0| 0.664 54.6s |[0.0559 0.0745 ] | 0.0286 0.0378 351.24s
  42.0| 0.658 53.4s |[0.0553 0.0737 ] | 0.0293 0.0385 349.82s
  43.0| 0.652 53.7s |[0.0551 0.0735 ] | 0.0281 0.0368 350.32s
  44.0| 0.645 53.7s |[0.0548 0.0730 ] | 0.0263 0.0346 362.30s
  45.0| 0.640 57.4s | 0.0549 0.0730  | 0.0263 0.0346 372.05s
  46.0| 0.633 57.3s |[0.0547 0.0729 ] | 0.0253 0.0332 368.86s
  47.0| 0.628 57.0s |[0.0539 0.0718 ] | 0.0260 0.0339 368.78s
  48.0| 0.623 57.2s |[0.0536 0.0714 ] | 0.0226 0.0296 368.78s
  49.0| 0.617 57.1s |[0.0531 0.0708 ] | 0.0232 0.0300 368.73s
  50.0| 0.612 57.1s | 0.0538 0.0717  | 0.0213 0.0276 369.51s
  51.0| 0.606 57.1s | 0.0549 0.0730  | 0.0221 0.0285 369.65s
  52.0| 0.600 57.1s | 0.0547 0.0727  | 0.0236 0.0302 369.57s
  53.0| 0.594 57.0s | 0.0548 0.0727  | 0.0240 0.0304 368.89s
  54.0| 0.591 57.1s | 0.0567 0.0748  | 0.0246 0.0311 370.19s
  55.0| 0.587 56.9s | 0.0610 0.0796  | 0.0221 0.0281 370.45s
  56.0| 0.554 57.0s |[0.0481 0.0650 ] | 0.0152 0.0196 369.21s
  57.0| 0.551 57.1s |[0.0460 0.0620 ] | 0.0178 0.0228 368.97s
  58.0| 0.549 57.0s |[0.0447 0.0603 ] | 0.0205 0.0266 369.49s
  59.0| 0.547 57.0s |[0.0441 0.0594 ] | 0.0180 0.0231 368.96s
  60.0| 0.543 57.0s |[0.0437 0.0589 ] | 0.0153 0.0196 368.87s
  61.0| 0.541 57.1s |[0.0433 0.0584 ] | 0.0139 0.0178 368.45s
  62.0| 0.538 57.1s |[0.0430 0.0582 ] | 0.0129 0.0164 369.54s
  63.0| 0.535 57.1s | 0.0433 0.0585  | 0.0120 0.0153 351.67s
  64.0| 0.532 54.3s |[0.0428 0.0579 ] | 0.0111 0.0143 348.01s
  65.0| 0.529 53.4s | 0.0431 0.0583  | 0.0109 0.0139 344.26s
  66.0| 0.526 53.4s |[0.0424 0.0574 ] | 0.0102 0.0131 345.72s
  67.0| 0.523 54.4s |[0.0416 0.0563 ] | 0.0098 0.0126 347.11s
  68.0| 0.521 54.4s |[0.0414 0.0560 ] | 0.0097 0.0124 347.53s
  69.0| 0.518 54.6s |[0.0410 0.0555 ] | 0.0093 0.0120 338.48s
  70.0| 0.515 53.0s |[0.0409 0.0553 ] | 0.0091 0.0117 340.28s
  71.0| 0.513 53.3s |[0.0406 0.0550 ] | 0.0088 0.0113 345.28s
  72.0| 0.510 54.1s |[0.0404 0.0547 ] | 0.0087 0.0112 351.51s
  73.0| 0.508 54.8s |[0.0404 0.0547 ] | 0.0085 0.0109 352.78s
  74.0| 0.505 53.6s |[0.0401 0.0543 ] | 0.0084 0.0107 351.02s
  75.0| 0.503 54.2s | 0.0402 0.0544  | 0.0082 0.0105 350.77s
  76.0| 0.501 54.7s |[0.0400 0.0542 ] | 0.0083 0.0105 350.63s
  77.0| 0.499 54.3s |[0.0398 0.0539 ] | 0.0080 0.0102 341.70s
  78.0| 0.496 52.8s |[0.0395 0.0535 ] | 0.0079 0.0100 342.21s
  79.0| 0.494 54.3s |[0.0393 0.0533 ] | 0.0078 0.0099 347.80s
  80.0| 0.492 54.3s |[0.0393 0.0532 ] | 0.0077 0.0098 350.80s
  81.0| 0.490 54.3s |[0.0390 0.0529 ] | 0.0077 0.0096 349.73s
  82.0| 0.488 53.3s |[0.0389 0.0528 ] | 0.0075 0.0095 348.24s
  83.0| 0.485 53.6s |[0.0389 0.0527 ] | 0.0075 0.0094 346.42s
  84.0| 0.483 53.2s |[0.0388 0.0526 ] | 0.0074 0.0093 347.04s
  85.0| 0.481 54.8s |[0.0385 0.0523 ] | 0.0073 0.0092 348.44s
  86.0| 0.479 54.1s |[0.0384 0.0522 ] | 0.0075 0.0094 351.08s
  87.0| 0.477 54.2s |[0.0384 0.0522 ] | 0.0074 0.0092 347.99s
  88.0| 0.475 54.9s |[0.0383 0.0520 ] | 0.0073 0.0091 362.17s
  89.0| 0.473 56.7s |[0.0381 0.0518 ] | 0.0072 0.0091 368.46s
  90.0| 0.471 57.4s |[0.0380 0.0517 ] | 0.0070 0.0088 375.62s
  91.0| 0.469 57.3s | 0.0381 0.0518  | 0.0071 0.0089 364.64s
 |[0.0373 0.0452 ] | 0.0107 0.0125 675.55s
