[INFO] PE-DiffWaveNet noleak training
[INFO] device=cuda, world_size=1
[INFO] output_dir=/mnt/d/时空数据/臭氧预测资料/matrix_N95_PEDiffWaveNet_noleak_B01_s42-nograph-l12-p6
[INFO] clean_room=1, pe_source=train, use_pe_graph=0, use_pe_film=1, use_diffusion=1, pe_graph_alpha=1.0, pe_film_scale=1.0, pe_film_zero_init=0, pe_shuffle_seed=-1, pe_adaptive_loss=0, pe_loss_weight=0.15
[INFO] loading meteorological data...
[INFO] loading met cache: /mnt/d/时空数据/臭氧预测资料/matrix_N95/met_raw_aligned_cache.npz
[INFO] trainX=(7361, 12, 95, 15), trainY=(7361, 6, 95)
[INFO] validX=(652, 12, 95, 15), validY=(652, 6, 95)
[INFO] testX=(653, 12, 95, 15), testY=(653, 6, 95)
[INFO] train-only PE time range: {'start_idx': 0, 'end_idx': 7377, 'start_time': '2022-01-01 00:00:00', 'end_time': '2022-11-05 23:00:00', 'length': 7378}
[INFO] building PE features: nodes=95, scales=[6, 9, 12, 24, 48, 72], step=1
[INFO] PE feature progress: 20/95
[INFO] PE feature progress: 40/95
[INFO] PE feature progress: 60/95
[INFO] PE feature progress: 80/95
[INFO] PE feature progress: 95/95
[INFO] building PE features: nodes=95, scales=[6, 9, 12, 24, 48, 72], step=1
[INFO] PE feature progress: 20/95
[INFO] PE feature progress: 40/95
[INFO] PE feature progress: 60/95
[INFO] PE feature progress: 80/95
[INFO] PE feature progress: 95/95
[INFO] graph nnz: S=691, T=1570, PE=0
[INFO] train batches/epoch=461, effective_batch=16
[INFO] model_params=621635
[INFO] start epoch 1/120
  [WARN] skip non-finite grad at epoch 1 batch 1
  [WARN] skip non-finite grad at epoch 1 batch 2
  [WARN] skip non-finite grad at epoch 1 batch 3
  [WARN] skip non-finite grad at epoch 1 batch 4
  [WARN] skip non-finite grad at epoch 1 batch 5
  Epoch 1 Batch 50/461 | Loss=4.279600 | diff=3.9387 | coarse=4.2612 | 11.6s
  Epoch 1 Batch 100/461 | Loss=1.452715 | diff=1.2837 | coarse=2.1129 | 19.9s
  Epoch 1 Batch 150/461 | Loss=0.986214 | diff=0.9072 | coarse=0.9873 | 28.3s
  Epoch 1 Batch 200/461 | Loss=0.485677 | diff=0.4352 | coarse=0.6306 | 36.5s
  Epoch 1 Batch 250/461 | Loss=0.548977 | diff=0.5062 | coarse=0.5349 | 44.7s
  Epoch 1 Batch 300/461 | Loss=0.713341 | diff=0.6576 | coarse=0.6973 | 53.0s
  Epoch 1 Batch 350/461 | Loss=0.369325 | diff=0.3425 | coarse=0.3347 | 61.3s
  Epoch 1 Batch 400/461 | Loss=0.378888 | diff=0.3487 | coarse=0.3776 | 69.7s
  Epoch 1 Batch 450/461 | Loss=0.315294 | diff=0.2909 | coarse=0.3051 | 77.8s
  Epoch 1 Batch 461/461 | Loss=0.034770 | diff=0.0319 | coarse=0.0354 | 79.8s
Epoch 1/120 | Loss=1.739565 | Val RMSE=109.0952 | Val MAE=105.4235 | Val MAPE=484.87% | LR=2.80e-04 | 173.7s
  [BEST] epoch=1, val_rmse=109.0952
[INFO] start epoch 2/120
  Epoch 2 Batch 50/461 | Loss=0.310975 | diff=0.2860 | coarse=0.3124 | 8.5s
  Epoch 2 Batch 100/461 | Loss=0.304018 | diff=0.2775 | coarse=0.3316 | 16.8s
  Epoch 2 Batch 150/461 | Loss=0.432005 | diff=0.3992 | coarse=0.4097 | 25.0s
  Epoch 2 Batch 200/461 | Loss=0.372742 | diff=0.3457 | coarse=0.3385 | 33.2s
  Epoch 2 Batch 250/461 | Loss=0.613360 | diff=0.5709 | coarse=0.5304 | 41.3s
  Epoch 2 Batch 300/461 | Loss=0.733028 | diff=0.6925 | coarse=0.5065 | 49.6s
  Epoch 2 Batch 350/461 | Loss=0.243751 | diff=0.2222 | coarse=0.2688 | 57.9s
  Epoch 2 Batch 400/461 | Loss=0.380191 | diff=0.3540 | coarse=0.3273 | 66.2s
  Epoch 2 Batch 450/461 | Loss=0.403876 | diff=0.3779 | coarse=0.3247 | 74.5s
  Epoch 2 Batch 461/461 | Loss=0.012846 | diff=0.0121 | coarse=0.0092 | 76.2s
Epoch 2/120 | Loss=0.414491 | Val RMSE=95.4629 | Val MAE=92.4959 | Val MAPE=426.44% | LR=4.20e-04 | 173.3s
  [BEST] epoch=2, val_rmse=95.4629
[INFO] start epoch 3/120
  Epoch 3 Batch 50/461 | Loss=0.251429 | diff=0.2319 | coarse=0.2447 | 8.6s
  Epoch 3 Batch 100/461 | Loss=0.298181 | diff=0.2722 | coarse=0.3249 | 17.1s
  Epoch 3 Batch 150/461 | Loss=0.387708 | diff=0.3580 | coarse=0.3714 | 25.6s
  Epoch 3 Batch 200/461 | Loss=0.334314 | diff=0.3099 | coarse=0.3047 | 34.1s
  Epoch 3 Batch 250/461 | Loss=0.596114 | diff=0.5558 | coarse=0.5039 | 42.6s
  Epoch 3 Batch 300/461 | Loss=0.706850 | diff=0.6667 | coarse=0.5015 | 51.2s
  Epoch 3 Batch 350/461 | Loss=0.228720 | diff=0.2087 | coarse=0.2502 | 59.7s
  Epoch 3 Batch 400/461 | Loss=0.382184 | diff=0.3535 | coarse=0.3589 | 68.2s
  Epoch 3 Batch 450/461 | Loss=0.399414 | diff=0.3737 | coarse=0.3218 | 76.8s
  Epoch 3 Batch 461/461 | Loss=0.013386 | diff=0.0127 | coarse=0.0090 | 78.5s
Epoch 3/120 | Loss=0.384317 | Val RMSE=84.1187 | Val MAE=81.6519 | Val MAPE=376.10% | LR=5.60e-04 | 175.1s
  [BEST] epoch=3, val_rmse=84.1187
[INFO] start epoch 4/120
  Epoch 4 Batch 50/461 | Loss=0.241587 | diff=0.2226 | coarse=0.2377 | 8.6s
  Epoch 4 Batch 100/461 | Loss=0.299987 | diff=0.2717 | coarse=0.3538 | 17.1s
  Epoch 4 Batch 150/461 | Loss=0.351187 | diff=0.3234 | coarse=0.3477 | 25.5s
  Epoch 4 Batch 200/461 | Loss=0.339827 | diff=0.3164 | coarse=0.2931 | 33.7s
  Epoch 4 Batch 250/461 | Loss=0.582297 | diff=0.5491 | coarse=0.4156 | 41.9s
  Epoch 4 Batch 300/461 | Loss=0.698339 | diff=0.6585 | coarse=0.4974 | 50.1s
  Epoch 4 Batch 350/461 | Loss=0.228265 | diff=0.2093 | coarse=0.2374 | 58.3s
  Epoch 4 Batch 400/461 | Loss=0.385557 | diff=0.3571 | coarse=0.3563 | 66.5s
  Epoch 4 Batch 450/461 | Loss=0.381224 | diff=0.3566 | coarse=0.3075 | 74.8s
  Epoch 4 Batch 461/461 | Loss=0.013659 | diff=0.0130 | coarse=0.0088 | 76.5s
Epoch 4/120 | Loss=0.371600 | Val RMSE=71.6481 | Val MAE=69.3866 | Val MAPE=320.46% | LR=7.00e-04 | 174.1s
  [BEST] epoch=4, val_rmse=71.6481
[INFO] start epoch 5/120
  Epoch 5 Batch 50/461 | Loss=0.242610 | diff=0.2231 | coarse=0.2435 | 8.4s
  Epoch 5 Batch 100/461 | Loss=0.294520 | diff=0.2631 | coarse=0.3934 | 16.7s
  Epoch 5 Batch 150/461 | Loss=0.326880 | diff=0.3011 | coarse=0.3221 | 24.8s
  Epoch 5 Batch 200/461 | Loss=0.326225 | diff=0.3036 | coarse=0.2830 | 33.0s
  Epoch 5 Batch 250/461 | Loss=0.540743 | diff=0.5115 | coarse=0.3658 | 41.2s
  Epoch 5 Batch 300/461 | Loss=0.662671 | diff=0.6208 | coarse=0.5230 | 49.5s
  Epoch 5 Batch 350/461 | Loss=0.221320 | diff=0.2030 | coarse=0.2294 | 57.9s
  Epoch 5 Batch 400/461 | Loss=0.380943 | diff=0.3552 | coarse=0.3219 | 66.3s
  Epoch 5 Batch 450/461 | Loss=0.371378 | diff=0.3482 | coarse=0.2900 | 74.6s
  Epoch 5 Batch 461/461 | Loss=0.013642 | diff=0.0129 | coarse=0.0089 | 76.3s
Epoch 5/120 | Loss=0.361591 | Val RMSE=61.1362 | Val MAE=58.9254 | Val MAPE=274.30% | LR=7.00e-04 | 178.0s
  [BEST] epoch=5, val_rmse=61.1362
[INFO] start epoch 6/120
  Epoch 6 Batch 50/461 | Loss=0.221581 | diff=0.2050 | coarse=0.2076 | 8.7s
  Epoch 6 Batch 100/461 | Loss=0.284122 | diff=0.2577 | coarse=0.3301 | 17.3s
  Epoch 6 Batch 150/461 | Loss=0.312094 | diff=0.2882 | coarse=0.2982 | 25.8s
  Epoch 6 Batch 200/461 | Loss=0.306093 | diff=0.2841 | coarse=0.2748 | 34.2s
  Epoch 6 Batch 250/461 | Loss=0.577532 | diff=0.5481 | coarse=0.3676 | 42.7s
  Epoch 6 Batch 300/461 | Loss=0.603699 | diff=0.5669 | coarse=0.4606 | 51.3s
  Epoch 6 Batch 350/461 | Loss=0.218416 | diff=0.1989 | coarse=0.2439 | 59.7s
  Epoch 6 Batch 400/461 | Loss=0.341260 | diff=0.3178 | coarse=0.2929 | 68.2s
  Epoch 6 Batch 450/461 | Loss=0.369241 | diff=0.3443 | coarse=0.3121 | 76.8s
  Epoch 6 Batch 461/461 | Loss=0.013060 | diff=0.0124 | coarse=0.0088 | 78.5s
Epoch 6/120 | Loss=0.341178 | Val RMSE=47.3306 | Val MAE=45.0934 | Val MAPE=211.66% | LR=7.00e-04 | 175.9s
  [BEST] epoch=6, val_rmse=47.3306
[INFO] start epoch 7/120
  Epoch 7 Batch 50/461 | Loss=0.211475 | diff=0.1954 | coarse=0.2012 | 8.5s
  Epoch 7 Batch 100/461 | Loss=0.273881 | diff=0.2501 | coarse=0.2978 | 16.8s
  Epoch 7 Batch 150/461 | Loss=0.298104 | diff=0.2755 | coarse=0.2827 | 25.2s
  Epoch 7 Batch 200/461 | Loss=0.289655 | diff=0.2687 | coarse=0.2624 | 33.6s
  Epoch 7 Batch 250/461 | Loss=0.521622 | diff=0.4950 | coarse=0.3334 | 42.1s
  Epoch 7 Batch 300/461 | Loss=0.563593 | diff=0.5297 | coarse=0.4236 | 50.7s
  Epoch 7 Batch 350/461 | Loss=0.224098 | diff=0.2036 | coarse=0.2565 | 59.2s
  Epoch 7 Batch 400/461 | Loss=0.331140 | diff=0.3078 | coarse=0.2917 | 67.8s
  Epoch 7 Batch 450/461 | Loss=0.350861 | diff=0.3269 | coarse=0.2990 | 76.2s
  Epoch 7 Batch 461/461 | Loss=0.012948 | diff=0.0122 | coarse=0.0095 | 78.1s
Epoch 7/120 | Loss=0.323411 | Val RMSE=37.1991 | Val MAE=34.6581 | Val MAPE=163.26% | LR=6.99e-04 | 172.6s
  [BEST] epoch=7, val_rmse=37.1991
[INFO] start epoch 8/120
  Epoch 8 Batch 50/461 | Loss=0.206418 | diff=0.1904 | coarse=0.2002 | 8.7s
  Epoch 8 Batch 100/461 | Loss=0.276877 | diff=0.2528 | coarse=0.3008 | 17.1s
  Epoch 8 Batch 150/461 | Loss=0.281719 | diff=0.2601 | coarse=0.2703 | 25.6s
  Epoch 8 Batch 200/461 | Loss=0.284665 | diff=0.2643 | coarse=0.2544 | 34.0s
  Epoch 8 Batch 250/461 | Loss=0.492487 | diff=0.4652 | coarse=0.3405 | 42.4s
  Epoch 8 Batch 300/461 | Loss=0.539126 | diff=0.5071 | coarse=0.4001 | 50.6s
  Epoch 8 Batch 350/461 | Loss=0.217719 | diff=0.1960 | coarse=0.2713 | 59.1s
  Epoch 8 Batch 400/461 | Loss=0.305870 | diff=0.2842 | coarse=0.2706 | 67.4s
  Epoch 8 Batch 450/461 | Loss=0.336185 | diff=0.3138 | coarse=0.2802 | 75.8s
  Epoch 8 Batch 461/461 | Loss=0.012436 | diff=0.0117 | coarse=0.0097 | 77.5s
Epoch 8/120 | Loss=0.307806 | Val RMSE=36.0206 | Val MAE=33.1105 | Val MAPE=157.11% | LR=6.99e-04 | 174.9s
  [BEST] epoch=8, val_rmse=36.0206
[INFO] start epoch 9/120
  Epoch 9 Batch 50/461 | Loss=0.198132 | diff=0.1823 | coarse=0.1978 | 8.6s
  Epoch 9 Batch 100/461 | Loss=0.267652 | diff=0.2455 | coarse=0.2775 | 17.1s
  Epoch 9 Batch 150/461 | Loss=0.258944 | diff=0.2390 | coarse=0.2487 | 25.6s
  Epoch 9 Batch 200/461 | Loss=0.270910 | diff=0.2513 | coarse=0.2448 | 34.1s
  Epoch 9 Batch 250/461 | Loss=0.478945 | diff=0.4509 | coarse=0.3508 | 42.6s
  Epoch 9 Batch 300/461 | Loss=0.523134 | diff=0.4920 | coarse=0.3894 | 51.1s
  Epoch 9 Batch 350/461 | Loss=0.211724 | diff=0.1920 | coarse=0.2464 | 59.7s
  Epoch 9 Batch 400/461 | Loss=0.288224 | diff=0.2680 | coarse=0.2533 | 68.3s
  Epoch 9 Batch 450/461 | Loss=0.313923 | diff=0.2934 | coarse=0.2566 | 76.7s
  Epoch 9 Batch 461/461 | Loss=0.012170 | diff=0.0114 | coarse=0.0099 | 78.5s
Epoch 9/120 | Loss=0.293594 | Val RMSE=31.1702 | Val MAE=28.3318 | Val MAPE=134.10% | LR=6.98e-04 | 175.2s
  [BEST] epoch=9, val_rmse=31.1702
[INFO] start epoch 10/120
  Epoch 10 Batch 50/461 | Loss=0.191957 | diff=0.1764 | coarse=0.1943 | 9.6s
  Epoch 10 Batch 100/461 | Loss=0.260958 | diff=0.2390 | coarse=0.2742 | 18.0s
  Epoch 10 Batch 150/461 | Loss=0.242970 | diff=0.2244 | coarse=0.2323 | 26.3s
  Epoch 10 Batch 200/461 | Loss=0.254924 | diff=0.2362 | coarse=0.2339 | 34.8s
  Epoch 10 Batch 250/461 | Loss=0.458647 | diff=0.4302 | coarse=0.3557 | 43.3s
  Epoch 10 Batch 300/461 | Loss=0.503968 | diff=0.4725 | coarse=0.3940 | 51.6s
  Epoch 10 Batch 350/461 | Loss=0.207360 | diff=0.1889 | coarse=0.2314 | 60.0s
  Epoch 10 Batch 400/461 | Loss=0.258349 | diff=0.2402 | coarse=0.2264 | 68.5s
  Epoch 10 Batch 450/461 | Loss=0.301507 | diff=0.2826 | coarse=0.2367 | 77.0s
  Epoch 10 Batch 461/461 | Loss=0.011438 | diff=0.0107 | coarse=0.0092 | 78.8s
Epoch 10/120 | Loss=0.280038 | Val RMSE=26.7168 | Val MAE=23.4400 | Val MAPE=110.19% | LR=6.97e-04 | 175.6s
  [BEST] epoch=10, val_rmse=26.7168
[INFO] start epoch 11/120
  Epoch 11 Batch 50/461 | Loss=0.189628 | diff=0.1742 | coarse=0.1926 | 8.3s
  Epoch 11 Batch 100/461 | Loss=0.256482 | diff=0.2341 | coarse=0.2794 | 16.7s
  Epoch 11 Batch 150/461 | Loss=0.232932 | diff=0.2151 | coarse=0.2225 | 25.1s
  Epoch 11 Batch 200/461 | Loss=0.241976 | diff=0.2240 | coarse=0.2250 | 33.3s
  Epoch 11 Batch 250/461 | Loss=0.424720 | diff=0.3977 | coarse=0.3374 | 41.6s
  Epoch 11 Batch 300/461 | Loss=0.485589 | diff=0.4547 | coarse=0.3860 | 49.9s
  Epoch 11 Batch 350/461 | Loss=0.209857 | diff=0.1927 | coarse=0.2149 | 58.2s
  Epoch 11 Batch 400/461 | Loss=0.255894 | diff=0.2384 | coarse=0.2193 | 67.5s
  Epoch 11 Batch 450/461 | Loss=0.287392 | diff=0.2698 | coarse=0.2195 | 76.1s
  Epoch 11 Batch 461/461 | Loss=0.010290 | diff=0.0096 | coarse=0.0085 | 77.8s
Epoch 11/120 | Loss=0.267970 | Val RMSE=25.0553 | Val MAE=21.8585 | Val MAPE=103.63% | LR=6.95e-04 | 174.8s
  [BEST] epoch=11, val_rmse=25.0553
[INFO] start epoch 12/120
  Epoch 12 Batch 50/461 | Loss=0.188025 | diff=0.1727 | coarse=0.1916 | 8.4s
  Epoch 12 Batch 100/461 | Loss=0.254945 | diff=0.2322 | coarse=0.2845 | 16.7s
  Epoch 12 Batch 150/461 | Loss=0.222938 | diff=0.2055 | coarse=0.2175 | 25.0s
  Epoch 12 Batch 200/461 | Loss=0.224575 | diff=0.2076 | coarse=0.2118 | 33.3s
  Epoch 12 Batch 250/461 | Loss=0.387720 | diff=0.3636 | coarse=0.3009 | 41.5s
  Epoch 12 Batch 300/461 | Loss=0.491237 | diff=0.4596 | coarse=0.3949 | 49.8s
  Epoch 12 Batch 350/461 | Loss=0.207328 | diff=0.1916 | coarse=0.1966 | 58.0s
  Epoch 12 Batch 400/461 | Loss=0.242580 | diff=0.2257 | coarse=0.2109 | 66.3s
  Epoch 12 Batch 450/461 | Loss=0.278020 | diff=0.2611 | coarse=0.2115 | 74.6s
  Epoch 12 Batch 461/461 | Loss=0.009564 | diff=0.0089 | coarse=0.0083 | 76.3s
Epoch 12/120 | Loss=0.256720 | Val RMSE=22.2594 | Val MAE=18.8404 | Val MAPE=89.59% | LR=6.94e-04 | 173.0s
  [BEST] epoch=12, val_rmse=22.2594
[INFO] start epoch 13/120
  Epoch 13 Batch 50/461 | Loss=0.186312 | diff=0.1712 | coarse=0.1885 | 8.5s
  Epoch 13 Batch 100/461 | Loss=0.248852 | diff=0.2279 | coarse=0.2618 | 16.7s
  Epoch 13 Batch 150/461 | Loss=0.217216 | diff=0.2002 | coarse=0.2128 | 24.9s
  Epoch 13 Batch 200/461 | Loss=0.216483 | diff=0.1998 | coarse=0.2084 | 33.1s
  Epoch 13 Batch 250/461 | Loss=0.383976 | diff=0.3598 | coarse=0.3026 | 41.5s
  Epoch 13 Batch 300/461 | Loss=0.455018 | diff=0.4260 | coarse=0.3621 | 49.9s
  Epoch 13 Batch 350/461 | Loss=0.198589 | diff=0.1838 | coarse=0.1854 | 58.2s
  Epoch 13 Batch 400/461 | Loss=0.223635 | diff=0.2081 | coarse=0.1944 | 66.5s
  Epoch 13 Batch 450/461 | Loss=0.263830 | diff=0.2478 | coarse=0.2002 | 74.8s
  Epoch 13 Batch 461/461 | Loss=0.008293 | diff=0.0077 | coarse=0.0072 | 76.5s
Epoch 13/120 | Loss=0.246854 | Val RMSE=19.1216 | Val MAE=15.5009 | Val MAPE=71.98% | LR=6.92e-04 | 174.4s
  [BEST] epoch=13, val_rmse=19.1216
[INFO] start epoch 14/120
  Epoch 14 Batch 50/461 | Loss=0.185310 | diff=0.1700 | coarse=0.1914 | 10.0s
  Epoch 14 Batch 100/461 | Loss=0.232321 | diff=0.2152 | coarse=0.2140 | 19.1s
  Epoch 14 Batch 150/461 | Loss=0.219410 | diff=0.2026 | coarse=0.2100 | 27.7s
  Epoch 14 Batch 200/461 | Loss=0.213485 | diff=0.1965 | coarse=0.2120 | 36.3s
  Epoch 14 Batch 250/461 | Loss=0.338393 | diff=0.3162 | coarse=0.2769 | 45.0s
  Epoch 14 Batch 300/461 | Loss=0.440204 | diff=0.4136 | coarse=0.3323 | 53.5s
  Epoch 14 Batch 350/461 | Loss=0.195733 | diff=0.1812 | coarse=0.1815 | 62.1s
  Epoch 14 Batch 400/461 | Loss=0.205655 | diff=0.1900 | coarse=0.1955 | 70.8s
  Epoch 14 Batch 450/461 | Loss=0.265164 | diff=0.2485 | coarse=0.2088 | 79.3s
  Epoch 14 Batch 461/461 | Loss=0.008212 | diff=0.0076 | coarse=0.0079 | 81.1s
Epoch 14/120 | Loss=0.238010 | Val RMSE=17.9690 | Val MAE=14.3765 | Val MAPE=66.33% | LR=6.89e-04 | 179.2s
  [BEST] epoch=14, val_rmse=17.9690
[INFO] start epoch 15/120
  Epoch 15 Batch 50/461 | Loss=0.187678 | diff=0.1719 | coarse=0.1974 | 8.4s
  Epoch 15 Batch 100/461 | Loss=0.221915 | diff=0.2031 | coarse=0.2358 | 16.7s
  Epoch 15 Batch 150/461 | Loss=0.206533 | diff=0.1896 | coarse=0.2116 | 25.1s
  Epoch 15 Batch 200/461 | Loss=0.199998 | diff=0.1837 | coarse=0.2031 | 33.4s
  Epoch 15 Batch 250/461 | Loss=0.338187 | diff=0.3175 | coarse=0.2591 | 41.6s
  Epoch 15 Batch 300/461 | Loss=0.470977 | diff=0.4427 | coarse=0.3537 | 49.8s
  Epoch 15 Batch 350/461 | Loss=0.192826 | diff=0.1780 | coarse=0.1855 | 58.1s
  Epoch 15 Batch 400/461 | Loss=0.201656 | diff=0.1862 | coarse=0.1931 | 66.5s
  Epoch 15 Batch 450/461 | Loss=0.244108 | diff=0.2289 | coarse=0.1901 | 74.9s
  Epoch 15 Batch 461/461 | Loss=0.007460 | diff=0.0069 | coarse=0.0070 | 76.6s
Epoch 15/120 | Loss=0.228045 | Val RMSE=16.9298 | Val MAE=13.6506 | Val MAPE=62.87% | LR=6.87e-04 | 174.1s
  [BEST] epoch=15, val_rmse=16.9298
[INFO] start epoch 16/120
  Epoch 16 Batch 50/461 | Loss=0.171433 | diff=0.1575 | coarse=0.1747 | 8.5s
  Epoch 16 Batch 100/461 | Loss=0.195284 | diff=0.1794 | coarse=0.1985 | 16.8s
  Epoch 16 Batch 150/461 | Loss=0.223787 | diff=0.2072 | coarse=0.2075 | 25.1s
  Epoch 16 Batch 200/461 | Loss=0.192394 | diff=0.1771 | coarse=0.1909 | 33.2s
  Epoch 16 Batch 250/461 | Loss=0.306268 | diff=0.2843 | coarse=0.2747 | 41.4s
  Epoch 16 Batch 300/461 | Loss=0.436193 | diff=0.4088 | coarse=0.3424 | 49.6s
  Epoch 16 Batch 350/461 | Loss=0.175798 | diff=0.1630 | coarse=0.1603 | 57.9s
  Epoch 16 Batch 400/461 | Loss=0.193582 | diff=0.1789 | coarse=0.1835 | 66.2s
  Epoch 16 Batch 450/461 | Loss=0.244451 | diff=0.2285 | coarse=0.1999 | 74.6s
  Epoch 16 Batch 461/461 | Loss=0.007702 | diff=0.0071 | coarse=0.0071 | 76.3s
Epoch 16/120 | Loss=0.216650 | Val RMSE=14.9045 | Val MAE=11.4728 | Val MAPE=51.31% | LR=6.84e-04 | 174.4s
  [BEST] epoch=16, val_rmse=14.9045
[INFO] start epoch 17/120
  Epoch 17 Batch 50/461 | Loss=0.165732 | diff=0.1516 | coarse=0.1761 | 8.7s
  Epoch 17 Batch 100/461 | Loss=0.194704 | diff=0.1801 | coarse=0.1824 | 17.4s
  Epoch 17 Batch 150/461 | Loss=0.204169 | diff=0.1883 | coarse=0.1983 | 26.1s
  Epoch 17 Batch 200/461 | Loss=0.187248 | diff=0.1732 | coarse=0.1751 | 34.9s
  Epoch 17 Batch 250/461 | Loss=0.283907 | diff=0.2625 | coarse=0.2680 | 43.5s
  Epoch 17 Batch 300/461 | Loss=0.369178 | diff=0.3450 | coarse=0.3019 | 52.2s
  Epoch 17 Batch 350/461 | Loss=0.176214 | diff=0.1632 | coarse=0.1625 | 60.9s
  Epoch 17 Batch 400/461 | Loss=0.178592 | diff=0.1637 | coarse=0.1861 | 69.6s
  Epoch 17 Batch 450/461 | Loss=0.237780 | diff=0.2215 | coarse=0.2029 | 78.1s
  Epoch 17 Batch 461/461 | Loss=0.008119 | diff=0.0075 | coarse=0.0072 | 79.9s
Epoch 17/120 | Loss=0.207686 | Val RMSE=13.7110 | Val MAE=10.3383 | Val MAPE=44.60% | LR=6.81e-04 | 177.7s
  [BEST] epoch=17, val_rmse=13.7110
[INFO] start epoch 18/120
  Epoch 18 Batch 50/461 | Loss=0.158300 | diff=0.1457 | coarse=0.1570 | 10.0s
  Epoch 18 Batch 100/461 | Loss=0.196801 | diff=0.1800 | coarse=0.2096 | 19.6s
  Epoch 18 Batch 150/461 | Loss=0.200937 | diff=0.1857 | coarse=0.1905 | 28.3s
  Epoch 18 Batch 200/461 | Loss=0.175277 | diff=0.1619 | coarse=0.1667 | 37.0s
  Epoch 18 Batch 250/461 | Loss=0.264748 | diff=0.2446 | coarse=0.2520 | 45.7s
  Epoch 18 Batch 300/461 | Loss=0.350750 | diff=0.3265 | coarse=0.3028 | 54.5s
  Epoch 18 Batch 350/461 | Loss=0.173647 | diff=0.1610 | coarse=0.1578 | 63.2s
  Epoch 18 Batch 400/461 | Loss=0.177072 | diff=0.1621 | coarse=0.1868 | 71.7s
  Epoch 18 Batch 450/461 | Loss=0.208770 | diff=0.1939 | coarse=0.1864 | 80.2s
  Epoch 18 Batch 461/461 | Loss=0.007831 | diff=0.0073 | coarse=0.0070 | 82.0s
Epoch 18/120 | Loss=0.200534 | Val RMSE=13.9695 | Val MAE=10.5465 | Val MAPE=46.86% | LR=6.78e-04 | 180.1s
[INFO] start epoch 19/120
  Epoch 19 Batch 50/461 | Loss=0.151138 | diff=0.1389 | coarse=0.1528 | 8.8s
  Epoch 19 Batch 100/461 | Loss=0.176742 | diff=0.1618 | coarse=0.1874 | 17.1s
  Epoch 19 Batch 150/461 | Loss=0.184388 | diff=0.1695 | coarse=0.1864 | 25.5s
  Epoch 19 Batch 200/461 | Loss=0.183038 | diff=0.1689 | coarse=0.1768 | 34.1s
  Epoch 19 Batch 250/461 | Loss=0.256324 | diff=0.2371 | coarse=0.2399 | 42.7s
  Epoch 19 Batch 300/461 | Loss=0.261043 | diff=0.2426 | coarse=0.2311 | 51.7s
  Epoch 19 Batch 350/461 | Loss=0.157978 | diff=0.1458 | coarse=0.1527 | 61.1s
  Epoch 19 Batch 400/461 | Loss=0.163189 | diff=0.1495 | coarse=0.1711 | 70.4s
  Epoch 19 Batch 450/461 | Loss=0.184528 | diff=0.1703 | coarse=0.1774 | 79.7s
  Epoch 19 Batch 461/461 | Loss=0.008469 | diff=0.0078 | coarse=0.0082 | 82.0s
Epoch 19/120 | Loss=0.190552 | Val RMSE=14.1543 | Val MAE=10.6909 | Val MAPE=46.97% | LR=6.75e-04 | 185.1s
[INFO] start epoch 20/120
  Epoch 20 Batch 50/461 | Loss=0.152949 | diff=0.1404 | coarse=0.1570 | 8.5s
  Epoch 20 Batch 100/461 | Loss=0.180725 | diff=0.1643 | coarse=0.2052 | 17.1s
  Epoch 20 Batch 150/461 | Loss=0.177233 | diff=0.1624 | coarse=0.1848 | 25.8s
  Epoch 20 Batch 200/461 | Loss=0.171876 | diff=0.1582 | coarse=0.1714 | 34.5s
  Epoch 20 Batch 250/461 | Loss=0.241188 | diff=0.2234 | coarse=0.2219 | 42.8s
  Epoch 20 Batch 300/461 | Loss=0.246154 | diff=0.2277 | coarse=0.2313 | 51.0s
  Epoch 20 Batch 350/461 | Loss=0.154478 | diff=0.1431 | coarse=0.1420 | 59.1s
  Epoch 20 Batch 400/461 | Loss=0.172130 | diff=0.1581 | coarse=0.1756 | 67.4s
  Epoch 20 Batch 450/461 | Loss=0.203299 | diff=0.1888 | coarse=0.1818 | 75.7s
  Epoch 20 Batch 461/461 | Loss=0.008077 | diff=0.0075 | coarse=0.0071 | 77.5s
Epoch 20/120 | Loss=0.185129 | Val RMSE=14.0280 | Val MAE=10.6317 | Val MAPE=46.83% | LR=6.71e-04 | 187.0s
[INFO] start epoch 21/120
  Epoch 21 Batch 50/461 | Loss=0.151557 | diff=0.1389 | coarse=0.1579 | 9.1s
  Epoch 21 Batch 100/461 | Loss=0.174711 | diff=0.1602 | coarse=0.1819 | 17.7s
  Epoch 21 Batch 150/461 | Loss=0.162891 | diff=0.1492 | coarse=0.1714 | 26.4s
  Epoch 21 Batch 200/461 | Loss=0.196924 | diff=0.1824 | coarse=0.1814 | 35.2s
  Epoch 21 Batch 250/461 | Loss=0.245995 | diff=0.2291 | coarse=0.2107 | 43.8s
  Epoch 21 Batch 300/461 | Loss=0.259375 | diff=0.2418 | coarse=0.2197 | 52.4s
  Epoch 21 Batch 350/461 | Loss=0.161777 | diff=0.1492 | coarse=0.1571 | 61.1s
  Epoch 21 Batch 400/461 | Loss=0.175482 | diff=0.1622 | coarse=0.1663 | 69.6s
  Epoch 21 Batch 450/461 | Loss=0.190413 | diff=0.1773 | coarse=0.1637 | 78.1s
  Epoch 21 Batch 461/461 | Loss=0.008036 | diff=0.0073 | coarse=0.0088 | 79.9s
Epoch 21/120 | Loss=0.185590 | Val RMSE=13.8899 | Val MAE=10.2529 | Val MAPE=44.53% | LR=6.67e-04 | 179.1s
[INFO] start epoch 22/120
  Epoch 22 Batch 50/461 | Loss=0.150278 | diff=0.1379 | coarse=0.1548 | 9.2s
  Epoch 22 Batch 100/461 | Loss=0.169619 | diff=0.1556 | coarse=0.1746 | 18.0s
  Epoch 22 Batch 150/461 | Loss=0.201940 | diff=0.1850 | coarse=0.2113 | 27.7s
  Epoch 22 Batch 200/461 | Loss=0.170025 | diff=0.1572 | coarse=0.1603 | 37.1s
  Epoch 22 Batch 250/461 | Loss=0.256134 | diff=0.2389 | coarse=0.2154 | 46.5s
  Epoch 22 Batch 300/461 | Loss=0.236362 | diff=0.2193 | coarse=0.2130 | 55.9s
  Epoch 22 Batch 350/461 | Loss=0.143638 | diff=0.1321 | coarse=0.1443 | 64.8s
  [WARN] skip non-finite grad at epoch 22 batch 394
  Epoch 22 Batch 400/461 | Loss=0.154127 | diff=0.1415 | coarse=0.1580 | 73.5s
  Epoch 22 Batch 450/461 | Loss=0.188650 | diff=0.1742 | coarse=0.1801 | 82.1s
  Epoch 22 Batch 461/461 | Loss=0.009062 | diff=0.0083 | coarse=0.0094 | 83.9s
Epoch 22/120 | Loss=0.179544 | Val RMSE=14.2648 | Val MAE=10.6412 | Val MAPE=46.22% | LR=6.63e-04 | 178.6s
[INFO] start epoch 23/120
  Epoch 23 Batch 50/461 | Loss=0.153533 | diff=0.1414 | coarse=0.1511 | 8.5s
  Epoch 23 Batch 100/461 | Loss=0.160913 | diff=0.1463 | coarse=0.1831 | 17.0s
  Epoch 23 Batch 150/461 | Loss=0.174189 | diff=0.1602 | coarse=0.1751 | 25.5s
  Epoch 23 Batch 200/461 | Loss=0.158884 | diff=0.1467 | coarse=0.1524 | 34.6s
  Epoch 23 Batch 250/461 | Loss=0.220623 | diff=0.2045 | coarse=0.2021 | 44.0s
  Epoch 23 Batch 300/461 | Loss=0.243255 | diff=0.2255 | coarse=0.2219 | 53.4s
  Epoch 23 Batch 350/461 | Loss=0.140204 | diff=0.1287 | coarse=0.1443 | 62.7s
  Epoch 23 Batch 400/461 | Loss=0.148763 | diff=0.1368 | coarse=0.1493 | 73.0s
  Epoch 23 Batch 450/461 | Loss=0.180325 | diff=0.1664 | coarse=0.1741 | 82.3s
  Epoch 23 Batch 461/461 | Loss=0.007469 | diff=0.0067 | coarse=0.0092 | 84.2s
Epoch 23/120 | Loss=0.174715 | Val RMSE=14.8498 | Val MAE=11.2204 | Val MAPE=49.29% | LR=6.59e-04 | 184.3s
[INFO] start epoch 24/120
  Epoch 24 Batch 50/461 | Loss=0.177559 | diff=0.1645 | coarse=0.1626 | 8.8s
  Epoch 24 Batch 100/461 | Loss=0.176380 | diff=0.1601 | coarse=0.2032 | 17.3s
  Epoch 24 Batch 150/461 | Loss=0.161835 | diff=0.1484 | coarse=0.1679 | 25.8s
  Epoch 24 Batch 200/461 | Loss=0.152076 | diff=0.1403 | coarse=0.1470 | 34.3s
  Epoch 24 Batch 250/461 | Loss=0.201239 | diff=0.1857 | coarse=0.1945 | 42.7s
  Epoch 24 Batch 300/461 | Loss=0.220115 | diff=0.2034 | coarse=0.2091 | 51.0s
  Epoch 24 Batch 350/461 | Loss=0.148247 | diff=0.1355 | coarse=0.1591 | 59.5s
  Epoch 24 Batch 400/461 | Loss=0.142444 | diff=0.1307 | coarse=0.1463 | 68.0s
  Epoch 24 Batch 450/461 | Loss=0.192215 | diff=0.1778 | coarse=0.1804 | 76.6s
  Epoch 24 Batch 461/461 | Loss=0.007091 | diff=0.0065 | coarse=0.0076 | 78.3s
Epoch 24/120 | Loss=0.171379 | Val RMSE=14.3455 | Val MAE=10.8342 | Val MAPE=47.87% | LR=6.54e-04 | 183.3s
[INFO] start epoch 25/120
  Epoch 25 Batch 50/461 | Loss=0.148265 | diff=0.1362 | coarse=0.1506 | 9.0s
  Epoch 25 Batch 100/461 | Loss=0.155681 | diff=0.1410 | coarse=0.1833 | 17.6s
  Epoch 25 Batch 150/461 | Loss=0.156588 | diff=0.1437 | coarse=0.1615 | 26.2s
  Epoch 25 Batch 200/461 | Loss=0.151128 | diff=0.1395 | coarse=0.1448 | 34.7s
  Epoch 25 Batch 250/461 | Loss=0.227653 | diff=0.2111 | coarse=0.2067 | 43.3s
  Epoch 25 Batch 300/461 | Loss=0.206555 | diff=0.1909 | coarse=0.1953 | 52.1s
  Epoch 25 Batch 350/461 | Loss=0.149863 | diff=0.1374 | coarse=0.1555 | 60.7s
  Epoch 25 Batch 400/461 | Loss=0.151211 | diff=0.1383 | coarse=0.1611 | 69.2s
  Epoch 25 Batch 450/461 | Loss=0.180896 | diff=0.1670 | coarse=0.1739 | 77.8s
  Epoch 25 Batch 461/461 | Loss=0.006810 | diff=0.0062 | coarse=0.0073 | 79.4s
Epoch 25/120 | Loss=0.165131 | Val RMSE=14.9164 | Val MAE=11.5533 | Val MAPE=52.87% | LR=6.49e-04 | 179.3s
[INFO] start epoch 26/120
  Epoch 26 Batch 50/461 | Loss=0.147877 | diff=0.1363 | coarse=0.1445 | 10.2s
  Epoch 26 Batch 100/461 | Loss=0.181120 | diff=0.1683 | coarse=0.1598 | 20.0s
  Epoch 26 Batch 150/461 | Loss=0.162419 | diff=0.1493 | coarse=0.1637 | 29.5s
  Epoch 26 Batch 200/461 | Loss=0.163342 | diff=0.1512 | coarse=0.1514 | 38.5s
  Epoch 26 Batch 250/461 | Loss=0.220888 | diff=0.2062 | coarse=0.1838 | 48.1s
  Epoch 26 Batch 300/461 | Loss=0.214902 | diff=0.1986 | coarse=0.2037 | 56.6s
  Epoch 26 Batch 350/461 | Loss=0.180728 | diff=0.1682 | coarse=0.1564 | 65.1s
  Epoch 26 Batch 400/461 | Loss=0.139726 | diff=0.1281 | coarse=0.1448 | 73.7s
  Epoch 26 Batch 450/461 | Loss=0.163933 | diff=0.1510 | coarse=0.1611 | 82.4s
  Epoch 26 Batch 461/461 | Loss=0.006660 | diff=0.0061 | coarse=0.0068 | 84.2s
Epoch 26/120 | Loss=0.165183 | Val RMSE=14.8753 | Val MAE=11.3634 | Val MAPE=51.56% | LR=6.44e-04 | 179.1s
[INFO] start epoch 27/120
  Epoch 27 Batch 50/461 | Loss=0.137329 | diff=0.1263 | coarse=0.1373 | 8.5s
  Epoch 27 Batch 100/461 | Loss=0.150753 | diff=0.1356 | coarse=0.1899 | 17.1s
  Epoch 27 Batch 150/461 | Loss=0.155338 | diff=0.1421 | coarse=0.1657 | 26.5s
  Epoch 27 Batch 200/461 | Loss=0.148488 | diff=0.1373 | coarse=0.1405 | 35.9s
  Epoch 27 Batch 250/461 | Loss=0.191016 | diff=0.1766 | coarse=0.1805 | 45.4s
  Epoch 27 Batch 300/461 | Loss=0.203563 | diff=0.1886 | coarse=0.1872 | 55.0s
  Epoch 27 Batch 350/461 | Loss=0.141532 | diff=0.1289 | coarse=0.1584 | 64.3s
  [WARN] skip non-finite grad at epoch 27 batch 354
  Epoch 27 Batch 400/461 | Loss=0.175796 | diff=0.1624 | coarse=0.1673 | 73.6s
  Epoch 27 Batch 450/461 | Loss=0.160206 | diff=0.1476 | coarse=0.1575 | 82.7s
  Epoch 27 Batch 461/461 | Loss=0.007023 | diff=0.0065 | coarse=0.0060 | 84.6s
Epoch 27/120 | Loss=0.160982 | Val RMSE=15.1072 | Val MAE=11.7362 | Val MAPE=53.72% | LR=6.39e-04 | 182.7s
[INFO] start epoch 28/120
  Epoch 28 Batch 50/461 | Loss=0.141458 | diff=0.1305 | coarse=0.1366 | 8.7s
  Epoch 28 Batch 100/461 | Loss=0.151621 | diff=0.1378 | coarse=0.1728 | 16.9s
  Epoch 28 Batch 150/461 | Loss=0.168865 | diff=0.1556 | coarse=0.1654 | 25.2s
  Epoch 28 Batch 200/461 | Loss=0.165180 | diff=0.1525 | coarse=0.1587 | 33.4s
  Epoch 28 Batch 250/461 | Loss=0.303135 | diff=0.2807 | coarse=0.2808 | 41.7s
  Epoch 28 Batch 300/461 | Loss=0.276796 | diff=0.2589 | coarse=0.2236 | 50.0s
  Epoch 28 Batch 350/461 | Loss=0.126322 | diff=0.1153 | coarse=0.1384 | 58.5s
  Epoch 28 Batch 400/461 | Loss=0.184496 | diff=0.1704 | coarse=0.1761 | 67.0s
  Epoch 28 Batch 450/461 | Loss=0.155190 | diff=0.1430 | coarse=0.1526 | 76.0s
  Epoch 28 Batch 461/461 | Loss=0.007195 | diff=0.0067 | coarse=0.0057 | 78.0s
Epoch 28/120 | Loss=0.171958 | Val RMSE=14.3462 | Val MAE=10.8593 | Val MAPE=48.00% | LR=6.33e-04 | 181.6s
[INFO] start epoch 29/120
  Epoch 29 Batch 50/461 | Loss=0.133303 | diff=0.1225 | coarse=0.1346 | 8.8s
  Epoch 29 Batch 100/461 | Loss=0.147015 | diff=0.1332 | coarse=0.1728 | 17.3s
  Epoch 29 Batch 150/461 | Loss=0.145907 | diff=0.1338 | coarse=0.1508 | 25.7s
  Epoch 29 Batch 200/461 | Loss=0.143055 | diff=0.1308 | coarse=0.1535 | 34.3s
  Epoch 29 Batch 250/461 | Loss=0.243001 | diff=0.2239 | coarse=0.2388 | 42.8s
  Epoch 29 Batch 300/461 | Loss=0.250522 | diff=0.2332 | coarse=0.2168 | 51.4s
  Epoch 29 Batch 350/461 | Loss=0.126210 | diff=0.1148 | coarse=0.1425 | 60.0s
  Epoch 29 Batch 400/461 | Loss=0.179903 | diff=0.1672 | coarse=0.1587 | 68.4s
  Epoch 29 Batch 450/461 | Loss=0.155924 | diff=0.1442 | coarse=0.1463 | 76.7s
  Epoch 29 Batch 461/461 | Loss=0.007332 | diff=0.0068 | coarse=0.0065 | 78.3s
Epoch 29/120 | Loss=0.160839 | Val RMSE=14.6670 | Val MAE=11.0409 | Val MAPE=49.01% | LR=6.27e-04 | 177.8s
[INFO] start epoch 30/120
  Epoch 30 Batch 50/461 | Loss=0.139024 | diff=0.1269 | coarse=0.1515 | 9.5s
  Epoch 30 Batch 100/461 | Loss=0.151987 | diff=0.1393 | coarse=0.1591 | 18.9s
  Epoch 30 Batch 150/461 | Loss=0.139154 | diff=0.1274 | coarse=0.1469 | 28.1s
  Epoch 30 Batch 200/461 | Loss=0.143938 | diff=0.1319 | coarse=0.1506 | 37.7s
  Epoch 30 Batch 250/461 | Loss=0.208398 | diff=0.1914 | coarse=0.2122 | 46.2s
  Epoch 30 Batch 300/461 | Loss=0.195768 | diff=0.1805 | coarse=0.1909 | 54.8s
  Epoch 30 Batch 350/461 | Loss=0.125189 | diff=0.1141 | coarse=0.1382 | 63.2s
  Epoch 30 Batch 400/461 | Loss=0.147750 | diff=0.1361 | coarse=0.1453 | 71.7s
  Epoch 30 Batch 450/461 | Loss=0.172411 | diff=0.1598 | coarse=0.1577 | 80.2s
  Epoch 30 Batch 461/461 | Loss=0.007179 | diff=0.0067 | coarse=0.0062 | 81.9s
Epoch 30/120 | Loss=0.154812 | Val RMSE=14.8985 | Val MAE=11.0676 | Val MAPE=48.77% | LR=6.21e-04 | 176.3s
[INFO] start epoch 31/120
  Epoch 31 Batch 50/461 | Loss=0.130534 | diff=0.1196 | coarse=0.1371 | 8.6s
  Epoch 31 Batch 100/461 | Loss=0.147616 | diff=0.1347 | coarse=0.1617 | 17.7s
  Epoch 31 Batch 150/461 | Loss=0.139773 | diff=0.1281 | coarse=0.1460 | 27.0s
  Epoch 31 Batch 200/461 | Loss=0.141754 | diff=0.1300 | coarse=0.1464 | 35.8s
  Epoch 31 Batch 250/461 | Loss=0.201680 | diff=0.1830 | coarse=0.2339 | 45.0s
  Epoch 31 Batch 300/461 | Loss=0.223678 | diff=0.2080 | coarse=0.1965 | 54.6s
  Epoch 31 Batch 350/461 | Loss=0.142036 | diff=0.1284 | coarse=0.1701 | 64.1s
  Epoch 31 Batch 400/461 | Loss=0.174514 | diff=0.1614 | coarse=0.1644 | 72.6s
  Epoch 31 Batch 450/461 | Loss=0.162949 | diff=0.1507 | coarse=0.1532 | 81.7s
  Epoch 31 Batch 461/461 | Loss=0.006638 | diff=0.0061 | coarse=0.0063 | 83.8s
Epoch 31/120 | Loss=0.154445 | Val RMSE=15.4038 | Val MAE=11.5745 | Val MAPE=51.47% | LR=6.15e-04 | 182.2s
[INFO] start epoch 32/120
  Epoch 32 Batch 50/461 | Loss=0.131608 | diff=0.1203 | coarse=0.1412 | 8.6s
  Epoch 32 Batch 100/461 | Loss=0.200575 | diff=0.1851 | coarse=0.1937 | 17.0s
  Epoch 32 Batch 150/461 | Loss=0.162854 | diff=0.1494 | coarse=0.1682 | 25.3s
  Epoch 32 Batch 200/461 | Loss=0.146295 | diff=0.1338 | coarse=0.1561 | 33.4s
  Epoch 32 Batch 250/461 | Loss=0.210735 | diff=0.1911 | coarse=0.2453 | 41.8s
  Epoch 32 Batch 300/461 | Loss=0.201727 | diff=0.1866 | coarse=0.1885 | 50.2s
  [WARN] skip non-finite grad at epoch 32 batch 322
  Epoch 32 Batch 350/461 | Loss=0.125214 | diff=0.1132 | coarse=0.1499 | 58.7s
  Epoch 32 Batch 400/461 | Loss=0.163432 | diff=0.1497 | coarse=0.1712 | 67.5s
  Epoch 32 Batch 450/461 | Loss=0.148871 | diff=0.1379 | coarse=0.1370 | 76.9s
  Epoch 32 Batch 461/461 | Loss=0.006438 | diff=0.0059 | coarse=0.0062 | 78.8s
Epoch 32/120 | Loss=0.156076 | Val RMSE=13.2775 | Val MAE=9.5258 | Val MAPE=39.55% | LR=6.09e-04 | 186.9s
  [BEST] epoch=32, val_rmse=13.2775
[INFO] start epoch 33/120
  Epoch 33 Batch 50/461 | Loss=0.130391 | diff=0.1197 | coarse=0.1340 | 9.0s
  Epoch 33 Batch 100/461 | Loss=0.158754 | diff=0.1450 | coarse=0.1723 | 17.5s
  Epoch 33 Batch 150/461 | Loss=0.140217 | diff=0.1287 | coarse=0.1434 | 26.0s
  Epoch 33 Batch 200/461 | Loss=0.144849 | diff=0.1333 | coarse=0.1441 | 34.7s
  Epoch 33 Batch 250/461 | Loss=0.191857 | diff=0.1744 | coarse=0.2178 | 43.2s
  Epoch 33 Batch 300/461 | Loss=0.182862 | diff=0.1680 | coarse=0.1852 | 51.8s
  Epoch 33 Batch 350/461 | Loss=0.125514 | diff=0.1136 | coarse=0.1487 | 60.2s
  Epoch 33 Batch 400/461 | Loss=0.149613 | diff=0.1367 | coarse=0.1620 | 68.3s
  Epoch 33 Batch 450/461 | Loss=0.136646 | diff=0.1258 | coarse=0.1355 | 76.4s
  Epoch 33 Batch 461/461 | Loss=0.006788 | diff=0.0063 | coarse=0.0056 | 78.1s
Epoch 33/120 | Loss=0.152814 | Val RMSE=13.8618 | Val MAE=10.0711 | Val MAPE=42.41% | LR=6.03e-04 | 176.8s
[INFO] start epoch 34/120
  Epoch 34 Batch 50/461 | Loss=0.185117 | diff=0.1712 | coarse=0.1739 | 9.4s
  Epoch 34 Batch 100/461 | Loss=0.143509 | diff=0.1315 | coarse=0.1496 | 18.5s
  Epoch 34 Batch 150/461 | Loss=0.140961 | diff=0.1295 | coarse=0.1429 | 28.2s
  Epoch 34 Batch 200/461 | Loss=0.156483 | diff=0.1440 | coarse=0.1565 | 36.8s
  Epoch 34 Batch 250/461 | Loss=0.183004 | diff=0.1680 | coarse=0.1871 | 45.2s
  Epoch 34 Batch 300/461 | Loss=0.188089 | diff=0.1740 | coarse=0.1762 | 54.0s
  Epoch 34 Batch 350/461 | Loss=0.117990 | diff=0.1065 | coarse=0.1432 | 62.7s
  Epoch 34 Batch 400/461 | Loss=0.137872 | diff=0.1244 | coarse=0.1680 | 71.3s
  Epoch 34 Batch 450/461 | Loss=0.138172 | diff=0.1271 | coarse=0.1384 | 80.0s
  Epoch 34 Batch 461/461 | Loss=0.006513 | diff=0.0061 | coarse=0.0055 | 81.8s
Epoch 34/120 | Loss=0.148676 | Val RMSE=13.0867 | Val MAE=9.4490 | Val MAPE=39.90% | LR=5.96e-04 | 179.5s
  [BEST] epoch=34, val_rmse=13.0867
[INFO] start epoch 35/120
  Epoch 35 Batch 50/461 | Loss=0.134453 | diff=0.1229 | coarse=0.1443 | 9.9s
  Epoch 35 Batch 100/461 | Loss=0.133675 | diff=0.1220 | coarse=0.1461 | 19.9s
  Epoch 35 Batch 150/461 | Loss=0.139470 | diff=0.1283 | coarse=0.1396 | 30.1s
  Epoch 35 Batch 200/461 | Loss=0.143216 | diff=0.1314 | coarse=0.1476 | 38.9s
  Epoch 35 Batch 250/461 | Loss=0.170744 | diff=0.1556 | coarse=0.1890 | 47.6s
  Epoch 35 Batch 300/461 | Loss=0.172743 | diff=0.1593 | coarse=0.1681 | 56.4s
  Epoch 35 Batch 350/461 | Loss=0.117185 | diff=0.1076 | coarse=0.1194 | 65.3s
  Epoch 35 Batch 400/461 | Loss=0.147013 | diff=0.1338 | coarse=0.1647 | 74.0s
  Epoch 35 Batch 450/461 | Loss=0.138858 | diff=0.1280 | coarse=0.1362 | 82.7s
  Epoch 35 Batch 461/461 | Loss=0.008718 | diff=0.0082 | coarse=0.0062 | 84.5s
Epoch 35/120 | Loss=0.145453 | Val RMSE=13.4277 | Val MAE=9.6914 | Val MAPE=41.63% | LR=5.89e-04 | 184.8s
[INFO] start epoch 36/120
  Epoch 36 Batch 50/461 | Loss=0.128514 | diff=0.1177 | coarse=0.1352 | 8.6s
  Epoch 36 Batch 100/461 | Loss=0.137289 | diff=0.1250 | coarse=0.1541 | 16.8s
  Epoch 36 Batch 150/461 | Loss=0.132547 | diff=0.1219 | coarse=0.1333 | 25.1s
  Epoch 36 Batch 200/461 | Loss=0.146720 | diff=0.1359 | coarse=0.1352 | 33.3s
  Epoch 36 Batch 250/461 | Loss=0.187643 | diff=0.1701 | coarse=0.2190 | 41.6s
  Epoch 36 Batch 300/461 | Loss=0.180607 | diff=0.1669 | coarse=0.1713 | 50.0s
  Epoch 36 Batch 350/461 | Loss=0.116162 | diff=0.1060 | coarse=0.1269 | 58.4s
  Epoch 36 Batch 400/461 | Loss=0.130835 | diff=0.1183 | coarse=0.1568 | 66.7s
  Epoch 36 Batch 450/461 | Loss=0.149732 | diff=0.1375 | coarse=0.1523 | 75.0s
  Epoch 36 Batch 461/461 | Loss=0.006465 | diff=0.0060 | coarse=0.0056 | 76.7s
Epoch 36/120 | Loss=0.144588 | Val RMSE=13.3046 | Val MAE=9.4435 | Val MAPE=40.16% | LR=5.82e-04 | 174.1s
[INFO] start epoch 37/120
  Epoch 37 Batch 50/461 | Loss=0.130864 | diff=0.1193 | coarse=0.1447 | 8.9s
  Epoch 37 Batch 100/461 | Loss=0.137598 | diff=0.1261 | coarse=0.1441 | 17.4s
  Epoch 37 Batch 150/461 | Loss=0.137628 | diff=0.1259 | coarse=0.1463 | 26.0s
  Epoch 37 Batch 200/461 | Loss=0.149168 | diff=0.1378 | coarse=0.1422 | 34.8s
  Epoch 37 Batch 250/461 | Loss=0.200063 | diff=0.1847 | coarse=0.1917 | 43.6s
  Epoch 37 Batch 300/461 | Loss=0.171919 | diff=0.1579 | coarse=0.1754 | 52.3s
  [WARN] skip non-finite grad at epoch 37 batch 322
  Epoch 37 Batch 350/461 | Loss=0.148974 | diff=0.1378 | coarse=0.1399 | 60.6s
  Epoch 37 Batch 400/461 | Loss=0.129413 | diff=0.1164 | coarse=0.1621 | 69.0s
  Epoch 37 Batch 450/461 | Loss=0.159779 | diff=0.1469 | coarse=0.1607 | 77.2s
  Epoch 37 Batch 461/461 | Loss=0.006333 | diff=0.0058 | coarse=0.0066 | 78.9s
Epoch 37/120 | Loss=0.145622 | Val RMSE=12.8860 | Val MAE=9.1594 | Val MAPE=38.70% | LR=5.75e-04 | 176.6s
  [BEST] epoch=37, val_rmse=12.8860
[INFO] start epoch 38/120
  Epoch 38 Batch 50/461 | Loss=0.124895 | diff=0.1146 | coarse=0.1283 | 8.7s
  Epoch 38 Batch 100/461 | Loss=0.135999 | diff=0.1245 | coarse=0.1432 | 17.0s
  Epoch 38 Batch 150/461 | Loss=0.147736 | diff=0.1344 | coarse=0.1673 | 25.2s
  Epoch 38 Batch 200/461 | Loss=0.135460 | diff=0.1251 | coarse=0.1299 | 33.6s
  Epoch 38 Batch 250/461 | Loss=0.165679 | diff=0.1522 | coarse=0.1688 | 42.0s
  Epoch 38 Batch 300/461 | Loss=0.153639 | diff=0.1411 | coarse=0.1568 | 50.4s
  Epoch 38 Batch 350/461 | Loss=0.178275 | diff=0.1679 | coarse=0.1302 | 58.8s
  Epoch 38 Batch 400/461 | Loss=0.124356 | diff=0.1135 | coarse=0.1361 | 67.1s
  Epoch 38 Batch 450/461 | Loss=0.141996 | diff=0.1313 | coarse=0.1331 | 75.5s
  Epoch 38 Batch 461/461 | Loss=0.006733 | diff=0.0062 | coarse=0.0072 | 77.2s
Epoch 38/120 | Loss=0.142651 | Val RMSE=12.9982 | Val MAE=9.0465 | Val MAPE=37.56% | LR=5.67e-04 | 176.3s
[INFO] start epoch 39/120
  Epoch 39 Batch 50/461 | Loss=0.120894 | diff=0.1109 | coarse=0.1244 | 10.3s
  Epoch 39 Batch 100/461 | Loss=0.149563 | diff=0.1353 | coarse=0.1778 | 20.1s
  Epoch 39 Batch 150/461 | Loss=0.131583 | diff=0.1207 | coarse=0.1365 | 29.1s
  Epoch 39 Batch 200/461 | Loss=0.133002 | diff=0.1226 | coarse=0.1294 | 37.8s
  Epoch 39 Batch 250/461 | Loss=0.154892 | diff=0.1424 | coarse=0.1566 | 46.6s
  Epoch 39 Batch 300/461 | Loss=0.169553 | diff=0.1570 | coarse=0.1570 | 55.3s
  Epoch 39 Batch 350/461 | Loss=0.154983 | diff=0.1454 | coarse=0.1198 | 64.1s
  Epoch 39 Batch 400/461 | Loss=0.118001 | diff=0.1081 | coarse=0.1235 | 72.8s
  Epoch 39 Batch 450/461 | Loss=0.141709 | diff=0.1303 | coarse=0.1422 | 81.4s
  Epoch 39 Batch 461/461 | Loss=0.006985 | diff=0.0065 | coarse=0.0066 | 83.2s
Epoch 39/120 | Loss=0.142511 | Val RMSE=13.7908 | Val MAE=9.8207 | Val MAPE=42.44% | LR=5.60e-04 | 182.6s
[INFO] start epoch 40/120
  Epoch 40 Batch 50/461 | Loss=0.128731 | diff=0.1185 | coarse=0.1276 | 8.5s
  Epoch 40 Batch 100/461 | Loss=0.143281 | diff=0.1292 | coarse=0.1763 | 16.9s
  Epoch 40 Batch 150/461 | Loss=0.123459 | diff=0.1131 | coarse=0.1300 | 25.1s
  Epoch 40 Batch 200/461 | Loss=0.131014 | diff=0.1203 | coarse=0.1339 | 33.3s
  Epoch 40 Batch 250/461 | Loss=0.173276 | diff=0.1596 | coarse=0.1707 | 41.7s
  Epoch 40 Batch 300/461 | Loss=0.214317 | diff=0.1992 | coarse=0.1884 | 50.0s
  Epoch 40 Batch 350/461 | Loss=0.128675 | diff=0.1190 | coarse=0.1211 | 58.4s
  Epoch 40 Batch 400/461 | Loss=0.117314 | diff=0.1076 | coarse=0.1212 | 66.8s
  Epoch 40 Batch 450/461 | Loss=0.129263 | diff=0.1187 | coarse=0.1322 | 75.3s
  Epoch 40 Batch 461/461 | Loss=0.007083 | diff=0.0066 | coarse=0.0057 | 77.0s
Epoch 40/120 | Loss=0.138796 | Val RMSE=14.3901 | Val MAE=10.2436 | Val MAPE=44.68% | LR=5.52e-04 | 175.6s
[INFO] start epoch 41/120
  Epoch 41 Batch 50/461 | Loss=0.126562 | diff=0.1158 | coarse=0.1345 | 8.5s
  Epoch 41 Batch 100/461 | Loss=0.141470 | diff=0.1269 | coarse=0.1823 | 17.1s
  Epoch 41 Batch 150/461 | Loss=0.129944 | diff=0.1174 | coarse=0.1572 | 25.4s
  Epoch 41 Batch 200/461 | Loss=0.130540 | diff=0.1207 | coarse=0.1227 | 33.9s
  Epoch 41 Batch 250/461 | Loss=0.160757 | diff=0.1483 | coarse=0.1561 | 42.4s
  Epoch 41 Batch 300/461 | Loss=0.228368 | diff=0.2119 | coarse=0.2061 | 50.8s
  Epoch 41 Batch 350/461 | Loss=0.118688 | diff=0.1090 | coarse=0.1206 | 59.1s
  Epoch 41 Batch 400/461 | Loss=0.112987 | diff=0.1037 | coarse=0.1163 | 67.4s
  Epoch 41 Batch 450/461 | Loss=0.159906 | diff=0.1467 | coarse=0.1646 | 75.8s
  Epoch 41 Batch 461/461 | Loss=0.007094 | diff=0.0065 | coarse=0.0078 | 77.5s
Epoch 41/120 | Loss=0.141587 | Val RMSE=15.1245 | Val MAE=11.0817 | Val MAPE=48.35% | LR=5.44e-04 | 175.7s
[INFO] start epoch 42/120
  Epoch 42 Batch 50/461 | Loss=0.125546 | diff=0.1160 | coarse=0.1193 | 8.5s
  Epoch 42 Batch 100/461 | Loss=0.137215 | diff=0.1259 | coarse=0.1412 | 17.0s
  Epoch 42 Batch 150/461 | Loss=0.140471 | diff=0.1256 | coarse=0.1853 | 25.4s
  Epoch 42 Batch 200/461 | Loss=0.128398 | diff=0.1185 | coarse=0.1240 | 33.8s
  Epoch 42 Batch 250/461 | Loss=0.150852 | diff=0.1385 | coarse=0.1539 | 42.2s
  Epoch 42 Batch 300/461 | Loss=0.179227 | diff=0.1656 | coarse=0.1704 | 50.7s
  Epoch 42 Batch 350/461 | Loss=0.112871 | diff=0.1033 | coarse=0.1195 | 59.4s
  Epoch 42 Batch 400/461 | Loss=0.117086 | diff=0.1073 | coarse=0.1226 | 68.1s
  Epoch 42 Batch 450/461 | Loss=0.138291 | diff=0.1266 | coarse=0.1460 | 76.9s
  Epoch 42 Batch 461/461 | Loss=0.007144 | diff=0.0065 | coarse=0.0078 | 78.7s
Epoch 42/120 | Loss=0.136834 | Val RMSE=14.8535 | Val MAE=10.8269 | Val MAPE=47.12% | LR=5.36e-04 | 176.8s
[INFO] start epoch 43/120
  Epoch 43 Batch 50/461 | Loss=0.111815 | diff=0.1023 | coarse=0.1195 | 10.1s
  Epoch 43 Batch 100/461 | Loss=0.134569 | diff=0.1238 | coarse=0.1348 | 20.2s
  Epoch 43 Batch 150/461 | Loss=0.142017 | diff=0.1284 | coarse=0.1700 | 29.7s
  Epoch 43 Batch 200/461 | Loss=0.138560 | diff=0.1284 | coarse=0.1275 | 38.8s
  Epoch 43 Batch 250/461 | Loss=0.143706 | diff=0.1310 | coarse=0.1588 | 47.8s
  Epoch 43 Batch 300/461 | Loss=0.161300 | diff=0.1482 | coarse=0.1640 | 56.7s
  Epoch 43 Batch 350/461 | Loss=0.122929 | diff=0.1137 | coarse=0.1158 | 65.6s
  Epoch 43 Batch 400/461 | Loss=0.113154 | diff=0.1029 | coarse=0.1283 | 74.4s
  Epoch 43 Batch 450/461 | Loss=0.132495 | diff=0.1215 | coarse=0.1370 | 83.1s
  Epoch 43 Batch 461/461 | Loss=0.006645 | diff=0.0061 | coarse=0.0064 | 84.9s
Epoch 43/120 | Loss=0.133656 | Val RMSE=15.8458 | Val MAE=11.6959 | Val MAPE=51.86% | LR=5.28e-04 | 184.7s
[INFO] start epoch 44/120
  Epoch 44 Batch 50/461 | Loss=0.117852 | diff=0.1076 | coarse=0.1277 | 8.8s
  Epoch 44 Batch 100/461 | Loss=0.129837 | diff=0.1189 | coarse=0.1364 | 17.3s
  Epoch 44 Batch 150/461 | Loss=0.126686 | diff=0.1140 | coarse=0.1580 | 25.9s
  Epoch 44 Batch 200/461 | Loss=0.133440 | diff=0.1224 | coarse=0.1383 | 34.4s
  Epoch 44 Batch 250/461 | Loss=0.149392 | diff=0.1368 | coarse=0.1576 | 43.2s
  Epoch 44 Batch 300/461 | Loss=0.157829 | diff=0.1449 | coarse=0.1621 | 51.6s
  Epoch 44 Batch 350/461 | Loss=0.125258 | diff=0.1154 | coarse=0.1227 | 60.0s
  Epoch 44 Batch 400/461 | Loss=0.115481 | diff=0.1058 | coarse=0.1210 | 68.4s
  Epoch 44 Batch 450/461 | Loss=0.146248 | diff=0.1339 | coarse=0.1541 | 76.7s
  Epoch 44 Batch 461/461 | Loss=0.006125 | diff=0.0056 | coarse=0.0068 | 78.4s
Epoch 44/120 | Loss=0.132463 | Val RMSE=15.6211 | Val MAE=11.5988 | Val MAPE=50.97% | LR=5.19e-04 | 175.2s
[INFO] start epoch 45/120
  Epoch 45 Batch 50/461 | Loss=0.125889 | diff=0.1166 | coarse=0.1159 | 8.3s
  Epoch 45 Batch 100/461 | Loss=0.129755 | diff=0.1190 | coarse=0.1344 | 16.5s
  Epoch 45 Batch 150/461 | Loss=0.138201 | diff=0.1263 | coarse=0.1486 | 24.9s
  Epoch 45 Batch 200/461 | Loss=0.147699 | diff=0.1357 | coarse=0.1496 | 33.3s
  Epoch 45 Batch 250/461 | Loss=0.157168 | diff=0.1448 | coarse=0.1551 | 41.7s
  Epoch 45 Batch 300/461 | Loss=0.145054 | diff=0.1328 | coarse=0.1528 | 50.0s
  Epoch 45 Batch 350/461 | Loss=0.112814 | diff=0.1023 | coarse=0.1316 | 58.4s
  Epoch 45 Batch 400/461 | Loss=0.119921 | diff=0.1109 | coarse=0.1128 | 66.9s
  Epoch 45 Batch 450/461 | Loss=0.125560 | diff=0.1140 | coarse=0.1443 | 75.4s
  Epoch 45 Batch 461/461 | Loss=0.007528 | diff=0.0068 | coarse=0.0092 | 77.2s
Epoch 45/120 | Loss=0.132476 | Val RMSE=14.8215 | Val MAE=10.7799 | Val MAPE=46.82% | LR=5.11e-04 | 176.3s
[INFO] start epoch 46/120
  Epoch 46 Batch 50/461 | Loss=0.132606 | diff=0.1228 | coarse=0.1227 | 8.7s
  Epoch 46 Batch 100/461 | Loss=0.146467 | diff=0.1344 | coarse=0.1508 | 16.9s
  Epoch 46 Batch 150/461 | Loss=0.123443 | diff=0.1131 | coarse=0.1289 | 25.3s
  Epoch 46 Batch 200/461 | Loss=0.125041 | diff=0.1152 | coarse=0.1229 | 33.7s
  [WARN] skip non-finite grad at epoch 46 batch 216
  Epoch 46 Batch 250/461 | Loss=0.153965 | diff=0.1422 | coarse=0.1473 | 42.2s
  Epoch 46 Batch 300/461 | Loss=0.150828 | diff=0.1386 | coarse=0.1524 | 50.5s
  Epoch 46 Batch 350/461 | Loss=0.113689 | diff=0.0996 | coarse=0.1763 | 58.8s
  Epoch 46 Batch 400/461 | Loss=0.116918 | diff=0.1077 | coarse=0.1157 | 67.2s
  Epoch 46 Batch 450/461 | Loss=0.121903 | diff=0.1113 | coarse=0.1327 | 75.8s
  Epoch 46 Batch 461/461 | Loss=0.006849 | diff=0.0063 | coarse=0.0075 | 77.5s
Epoch 46/120 | Loss=0.130034 | Val RMSE=14.9457 | Val MAE=10.7872 | Val MAPE=46.45% | LR=5.02e-04 | 174.3s
[INFO] start epoch 47/120
  Epoch 47 Batch 50/461 | Loss=0.149086 | diff=0.1387 | coarse=0.1302 | 10.3s
  Epoch 47 Batch 100/461 | Loss=0.142488 | diff=0.1289 | coarse=0.1702 | 20.2s
  Epoch 47 Batch 150/461 | Loss=0.135239 | diff=0.1258 | coarse=0.1186 | 29.2s
  Epoch 47 Batch 200/461 | Loss=0.123588 | diff=0.1138 | coarse=0.1228 | 37.9s
  Epoch 47 Batch 250/461 | Loss=0.142866 | diff=0.1309 | coarse=0.1495 | 46.6s
  Epoch 47 Batch 300/461 | Loss=0.152699 | diff=0.1403 | coarse=0.1547 | 55.3s
  Epoch 47 Batch 350/461 | Loss=0.123560 | diff=0.1100 | coarse=0.1690 | 64.1s
  Epoch 47 Batch 400/461 | Loss=0.122582 | diff=0.1137 | coarse=0.1116 | 72.9s
  Epoch 47 Batch 450/461 | Loss=0.131639 | diff=0.1213 | coarse=0.1292 | 81.7s
  Epoch 47 Batch 461/461 | Loss=0.006219 | diff=0.0057 | coarse=0.0063 | 83.5s
Epoch 47/120 | Loss=0.130273 | Val RMSE=14.3830 | Val MAE=10.2053 | Val MAPE=44.26% | LR=4.94e-04 | 183.5s
[INFO] start epoch 48/120
  Epoch 48 Batch 50/461 | Loss=0.114948 | diff=0.1057 | coarse=0.1155 | 8.7s
  Epoch 48 Batch 100/461 | Loss=0.129407 | diff=0.1181 | coarse=0.1416 | 17.0s
  Epoch 48 Batch 150/461 | Loss=0.132034 | diff=0.1218 | coarse=0.1273 | 25.1s
  Epoch 48 Batch 200/461 | Loss=0.121980 | diff=0.1123 | coarse=0.1208 | 33.4s
  Epoch 48 Batch 250/461 | Loss=0.143450 | diff=0.1294 | coarse=0.1760 | 41.7s
  Epoch 48 Batch 300/461 | Loss=0.163787 | diff=0.1521 | coarse=0.1457 | 50.0s
  Epoch 48 Batch 350/461 | Loss=0.112065 | diff=0.1013 | coarse=0.1340 | 58.3s
  Epoch 48 Batch 400/461 | Loss=0.107221 | diff=0.0983 | coarse=0.1111 | 66.7s
  Epoch 48 Batch 450/461 | Loss=0.124303 | diff=0.1143 | coarse=0.1252 | 75.1s
  Epoch 48 Batch 461/461 | Loss=0.008347 | diff=0.0079 | coarse=0.0056 | 76.8s
Epoch 48/120 | Loss=0.124874 | Val RMSE=14.0649 | Val MAE=10.0227 | Val MAPE=43.24% | LR=4.85e-04 | 174.8s
[INFO] start epoch 49/120
  Epoch 49 Batch 50/461 | Loss=0.124285 | diff=0.1147 | coarse=0.1202 | 8.8s
  Epoch 49 Batch 100/461 | Loss=0.133538 | diff=0.1225 | coarse=0.1378 | 17.4s
  Epoch 49 Batch 150/461 | Loss=0.114613 | diff=0.1047 | coarse=0.1244 | 25.9s
  Epoch 49 Batch 200/461 | Loss=0.124571 | diff=0.1149 | coarse=0.1207 | 34.6s
  Epoch 49 Batch 250/461 | Loss=0.136277 | diff=0.1227 | coarse=0.1702 | 43.4s
  Epoch 49 Batch 300/461 | Loss=0.143301 | diff=0.1310 | coarse=0.1534 | 51.9s
  Epoch 49 Batch 350/461 | Loss=0.123482 | diff=0.1146 | coarse=0.1107 | 60.2s
  Epoch 49 Batch 400/461 | Loss=0.108971 | diff=0.0994 | coarse=0.1194 | 68.4s
  Epoch 49 Batch 450/461 | Loss=0.120361 | diff=0.1108 | coarse=0.1199 | 76.7s
  Epoch 49 Batch 461/461 | Loss=0.005837 | diff=0.0054 | coarse=0.0054 | 78.4s
Epoch 49/120 | Loss=0.122750 | Val RMSE=13.5168 | Val MAE=9.5690 | Val MAPE=41.48% | LR=4.76e-04 | 177.8s
[INFO] start epoch 50/120
  Epoch 50 Batch 50/461 | Loss=0.113749 | diff=0.1031 | coarse=0.1333 | 9.0s
  Epoch 50 Batch 100/461 | Loss=0.122193 | diff=0.1114 | coarse=0.1343 | 18.5s
  Epoch 50 Batch 150/461 | Loss=0.135079 | diff=0.1249 | coarse=0.1271 | 27.2s
  Epoch 50 Batch 200/461 | Loss=0.122195 | diff=0.1128 | coarse=0.1170 | 35.9s
  Epoch 50 Batch 250/461 | Loss=0.148265 | diff=0.1357 | coarse=0.1567 | 44.6s
  Epoch 50 Batch 300/461 | Loss=0.144757 | diff=0.1330 | coarse=0.1473 | 53.3s
  Epoch 50 Batch 350/461 | Loss=0.105394 | diff=0.0962 | coarse=0.1145 | 62.0s
  Epoch 50 Batch 400/461 | Loss=0.107380 | diff=0.0985 | coarse=0.1116 | 70.6s
  [WARN] skip non-finite grad at epoch 50 batch 419
  Epoch 50 Batch 450/461 | Loss=0.118297 | diff=0.1088 | coarse=0.1192 | 79.1s
  Epoch 50 Batch 461/461 | Loss=0.006433 | diff=0.0060 | coarse=0.0060 | 80.9s
Epoch 50/120 | Loss=0.121518 | Val RMSE=13.8900 | Val MAE=9.8270 | Val MAPE=42.84% | LR=4.67e-04 | 182.5s
[INFO] start epoch 51/120
  Epoch 51 Batch 50/461 | Loss=0.111866 | diff=0.1012 | coarse=0.1328 | 10.3s
  Epoch 51 Batch 100/461 | Loss=0.122174 | diff=0.1106 | coarse=0.1446 | 19.3s
  Epoch 51 Batch 150/461 | Loss=0.120126 | diff=0.1101 | coarse=0.1250 | 28.0s
  Epoch 51 Batch 200/461 | Loss=0.126335 | diff=0.1149 | coarse=0.1435 | 36.9s
  Epoch 51 Batch 250/461 | Loss=0.146328 | diff=0.1348 | coarse=0.1444 | 45.6s
  Epoch 51 Batch 300/461 | Loss=0.144921 | diff=0.1334 | coarse=0.1441 | 54.5s
  Epoch 51 Batch 350/461 | Loss=0.099511 | diff=0.0901 | coarse=0.1179 | 63.0s
  Epoch 51 Batch 400/461 | Loss=0.108380 | diff=0.0996 | coarse=0.1092 | 71.7s
  Epoch 51 Batch 450/461 | Loss=0.112846 | diff=0.1035 | coarse=0.1165 | 80.2s
  Epoch 51 Batch 461/461 | Loss=0.006649 | diff=0.0062 | coarse=0.0058 | 82.0s
Epoch 51/120 | Loss=0.121550 | Val RMSE=14.2025 | Val MAE=10.0150 | Val MAPE=43.04% | LR=4.58e-04 | 180.7s
[INFO] start epoch 52/120
  Epoch 52 Batch 50/461 | Loss=0.113642 | diff=0.1028 | coarse=0.1351 | 8.3s
  Epoch 52 Batch 100/461 | Loss=0.125438 | diff=0.1146 | coarse=0.1349 | 16.7s
  Epoch 52 Batch 150/461 | Loss=0.118957 | diff=0.1086 | coarse=0.1301 | 25.2s
  Epoch 52 Batch 200/461 | Loss=0.124701 | diff=0.1134 | coarse=0.1418 | 33.6s
  Epoch 52 Batch 250/461 | Loss=0.137246 | diff=0.1249 | coarse=0.1542 | 42.0s
  Epoch 52 Batch 300/461 | Loss=0.146524 | diff=0.1348 | coarse=0.1465 | 50.3s
  Epoch 52 Batch 350/461 | Loss=0.103052 | diff=0.0944 | coarse=0.1075 | 58.7s
  Epoch 52 Batch 400/461 | Loss=0.117251 | diff=0.1074 | coarse=0.1229 | 68.5s
  Epoch 52 Batch 450/461 | Loss=0.125407 | diff=0.1145 | coarse=0.1368 | 77.4s
  Epoch 52 Batch 461/461 | Loss=0.005924 | diff=0.0055 | coarse=0.0058 | 79.3s
Epoch 52/120 | Loss=0.122092 | Val RMSE=13.5411 | Val MAE=9.3537 | Val MAPE=39.06% | LR=4.49e-04 | 178.8s
[EARLY STOP] patience=15, best_val_rmse=12.8860 at epoch 37
[INFO] PE-DiffWaveNet noleak training finished
{
  "split_mode": "noleak",
  "model_name": "PE-DiffWaveNet",
  "best_epoch": 37,
  "best_valid_rmse": 12.885957909719858,
  "best_valid_mae": 9.159363084366907,
  "best_valid_mape": 38.7037209198245,
  "test_rmse": 11.29955475019079,
  "test_mae": 7.9945425811217214,
  "test_mape": 33.33316186835544,
  "relative_rmse": 2.7559889634611685,
  "relative_mae": 1.9498884344199319,
  "train_scale_max": 410.0,
  "world_size": 1,
  "eval_inference_steps": 50,
  "eval_num_samples": 3,
  "eval_t_start_ratio": 0.25,
  "use_diffusion": 1,
  "use_pe_graph": 0,
  "use_pe_film": 1,
  "pe_source": "train",
  "pe_graph_alpha": 1.0,
  "pe_film_scale": 1.0,
  "pe_film_zero_init": 0,
  "normalize_pe_features": 1,
  "pe_shuffle_seed": -1,
  "pe_adaptive_loss": 0,
  "pe_loss_weight": 0.15,
  "pe_loss_start_step": 4,
  "pe_loss_normalize": 1,
  "per_step_rmse": [
    6.845910383250682,
    9.431492841946518,
    10.874789023063078,
    12.077647793669346,
    12.998177555980527,
    14.041967341199467
  ],
  "per_step_mae": [
    4.904411719548275,
    6.804893199394757,
    7.856309812999617,
    8.790790813894686,
    9.41462516765342,
    10.196224773239592
  ],
  "step4_6_rmse_avg": 13.039264230283115,
  "peak_mode": "percentile",
  "peak_threshold": 64.99999910593033,
  "peak_count": 41597,
  "peak_ratio": 0.11175680395475672,
  "rmse_peak": 12.003125788175915,
  "mae_peak": 7.906767808679691
}
  Peak_mode      : percentile
  Peak_threshold : 65.00 μg/m³
  Peak_count     : 41597
  Peak_ratio     : 11.18%
  RMSE_peak      : 12.0031
  MAE_peak       : 7.9068
Per-step metrics:
  Step        RMSE         MAE
     1      6.8459      4.9044
     2      9.4315      6.8049
     3     10.8748      7.8563
     4     12.0776      8.7908
     5     12.9982      9.4146
     6     14.0420     10.1962
[INFO] outputs: /mnt/d/时空数据/臭氧预测资料/matrix_N95_PEDiffWaveNet_noleak_B01_s42-nograph-l12-p6
[INFO] weights: /mnt/d/时空数据/臭氧预测资料/weights_N95/weights_pediffwavenet_noleak_B01_s42-nograph-l12-p6