==========================================
[1/6] s52-full-l24-p6
==========================================
Label: s52-full-l24-p6 | Seed: 52 | Seq: 24 | Pre: 6
Diff: 1 | PE Graph: 1 | PE FiLM: 1
Output: d:/Ê°åÈù¢/Ëá≠Ê∞ßÈ¢ÑÊµãËµÑÊñô/Ëá≠Ê∞ßÈ¢ÑÊµãËµÑÊñô/matrix_N95_PEDiffWaveNet_noleak_student_w2_s52-full-l24-p6 | Start: 2026-07-13 22:29:22
==========================================
[INFO] PE-DiffWaveNet noleak training
[INFO] device=cuda, world_size=1
[INFO] output_dir=d:/◊¿√Ê/≥Ù—ı‘§≤‚◊ ¡œ/≥Ù—ı‘§≤‚◊ ¡œ\matrix_N95_PEDiffWaveNet_noleak_student_w2_s52-full-l24-p6
[INFO] clean_room=1, pe_source=train, use_pe_graph=1, use_pe_film=1, use_diffusion=1, pe_graph_alpha=1.0, pe_film_scale=1.0, pe_film_zero_init=0, pe_shuffle_seed=-1, pe_adaptive_loss=0, pe_loss_weight=0.15
[INFO] loading meteorological data...
[INFO] loading met cache: d:/◊¿√Ê/≥Ù—ı‘§≤‚◊ ¡œ/≥Ù—ı‘§≤‚◊ ¡œ\matrix_N95\met_raw_aligned_cache.npz
[INFO] trainX=(7349, 24, 95, 15), trainY=(7349, 6, 95)
[INFO] validX=(640, 24, 95, 15), validY=(640, 6, 95)
[INFO] testX=(641, 24, 95, 15), testY=(641, 6, 95)
[INFO] train-only PE time range: {'start_idx': 0, 'end_idx': 7377, 'start_time': '2022-01-01 00:00:00', 'end_time': '2022-11-05 23:00:00', 'length': 7378}
[INFO] building PE features: nodes=95, scales=[6, 9, 12, 24, 48, 72], step=168
[INFO] PE feature progress: 20/95
[INFO] PE feature progress: 40/95
[INFO] PE feature progress: 60/95
[INFO] PE feature progress: 80/95
[INFO] PE feature progress: 95/95
[INFO] building PE features: nodes=95, scales=[6, 9, 12, 24, 48, 72], step=168
[INFO] PE feature progress: 20/95
[INFO] PE feature progress: 40/95
[INFO] PE feature progress: 60/95
[INFO] PE feature progress: 80/95
[INFO] PE feature progress: 95/95
[INFO] graph nnz: S=691, T=1570, PE=317
[INFO] train batches/epoch=460, effective_batch=16
[INFO] model_params=621635
d:\◊¿√Ê\≥Ù—ı‘§≤‚◊ ¡œ\≥Ù—ı‘§≤‚◊ ¡œ\code\train_pediffwavenet_noleak.py:410: FutureWarning: `torch.cuda.amp.GradScaler(args...)` is deprecated. Please use `torch.amp.GradScaler('cuda', args...)` instead.
  scaler = torch.cuda.amp.GradScaler(enabled=use_amp)
[INFO] start epoch 1/120
  [WARN] skip non-finite grad at epoch 1 batch 1
  [WARN] skip non-finite grad at epoch 1 batch 2
  [WARN] skip non-finite grad at epoch 1 batch 3
  [WARN] skip non-finite grad at epoch 1 batch 4
  Epoch 1 Batch 50/460 | Loss=2.831951 | diff=2.5833 | coarse=3.1087 | 12.5s
  Epoch 1 Batch 100/460 | Loss=0.607839 | diff=0.5468 | coarse=0.7632 | 22.9s
  Epoch 1 Batch 150/460 | Loss=0.644600 | diff=0.6025 | coarse=0.5258 | 33.7s
  Epoch 1 Batch 200/460 | Loss=0.356600 | diff=0.3223 | coarse=0.4285 | 44.4s
  Epoch 1 Batch 250/460 | Loss=0.385769 | diff=0.3537 | coarse=0.4011 | 55.2s
  Epoch 1 Batch 300/460 | Loss=0.300418 | diff=0.2762 | coarse=0.3032 | 66.1s
  Epoch 1 Batch 350/460 | Loss=0.294016 | diff=0.2702 | coarse=0.2971 | 77.1s
  Epoch 1 Batch 400/460 | Loss=0.258760 | diff=0.2380 | coarse=0.2598 | 87.9s
  Epoch 1 Batch 450/460 | Loss=0.351004 | diff=0.3256 | coarse=0.3179 | 98.7s
  Epoch 1 Batch 460/460 | Loss=0.107688 | diff=0.0996 | coarse=0.1008 | 100.8s
Epoch 1/120 | Loss=1.060769 | Val RMSE=98.3121 | Val MAE=93.5438 | Val MAPE=436.34% | LR=2.80e-04 | 210.2s
  [BEST] epoch=1, val_rmse=98.3121
[INFO] start epoch 2/120
  Epoch 2 Batch 50/460 | Loss=0.402161 | diff=0.3755 | coarse=0.3329 | 9.8s
  Epoch 2 Batch 100/460 | Loss=0.431428 | diff=0.3987 | coarse=0.4091 | 19.8s
  Epoch 2 Batch 150/460 | Loss=0.251260 | diff=0.2299 | coarse=0.2674 | 30.0s
  Epoch 2 Batch 200/460 | Loss=0.263288 | diff=0.2430 | coarse=0.2542 | 40.2s
  Epoch 2 Batch 250/460 | Loss=0.425933 | diff=0.3909 | coarse=0.4374 | 50.5s
  Epoch 2 Batch 300/460 | Loss=0.296649 | diff=0.2719 | coarse=0.3096 | 60.9s
  Epoch 2 Batch 350/460 | Loss=0.315705 | diff=0.2937 | coarse=0.2744 | 70.9s
  Epoch 2 Batch 400/460 | Loss=0.578009 | diff=0.5380 | coarse=0.5007 | 80.9s
  Epoch 2 Batch 450/460 | Loss=0.217006 | diff=0.2007 | coarse=0.2035 | 91.1s
  Epoch 2 Batch 460/460 | Loss=0.115999 | diff=0.1100 | coarse=0.0752 | 92.9s
Epoch 2/120 | Loss=0.323091 | Val RMSE=72.9329 | Val MAE=69.0280 | Val MAPE=323.29% | LR=4.20e-04 | 193.6s
  [BEST] epoch=2, val_rmse=72.9329
[INFO] start epoch 3/120
  Epoch 3 Batch 50/460 | Loss=0.340104 | diff=0.3189 | coarse=0.2653 | 10.4s
  Epoch 3 Batch 100/460 | Loss=0.382352 | diff=0.3529 | coarse=0.3682 | 20.6s
  Epoch 3 Batch 150/460 | Loss=0.221522 | diff=0.2025 | coarse=0.2372 | 30.9s
  Epoch 3 Batch 200/460 | Loss=0.222301 | diff=0.2057 | coarse=0.2075 | 41.1s
  Epoch 3 Batch 250/460 | Loss=0.372539 | diff=0.3432 | coarse=0.3672 | 51.2s
  Epoch 3 Batch 300/460 | Loss=0.270749 | diff=0.2487 | coarse=0.2756 | 61.8s
  Epoch 3 Batch 350/460 | Loss=0.295247 | diff=0.2740 | coarse=0.2662 | 72.2s
  Epoch 3 Batch 400/460 | Loss=0.559372 | diff=0.5244 | coarse=0.4366 | 82.4s
  Epoch 3 Batch 450/460 | Loss=0.202216 | diff=0.1870 | coarse=0.1907 | 92.5s
  Epoch 3 Batch 460/460 | Loss=0.096807 | diff=0.0913 | coarse=0.0689 | 94.5s
Epoch 3/120 | Loss=0.294984 | Val RMSE=64.3366 | Val MAE=61.1256 | Val MAPE=286.01% | LR=5.60e-04 | 195.1s
  [BEST] epoch=3, val_rmse=64.3366
[INFO] start epoch 4/120
  Epoch 4 Batch 50/460 | Loss=0.325930 | diff=0.3054 | coarse=0.2565 | 10.3s
  Epoch 4 Batch 100/460 | Loss=0.353613 | diff=0.3247 | coarse=0.3614 | 20.6s
  Epoch 4 Batch 150/460 | Loss=0.213217 | diff=0.1949 | coarse=0.2291 | 30.7s
  Epoch 4 Batch 200/460 | Loss=0.207125 | diff=0.1911 | coarse=0.2005 | 41.1s
  Epoch 4 Batch 250/460 | Loss=0.293759 | diff=0.2714 | coarse=0.2799 | 51.6s
  Epoch 4 Batch 300/460 | Loss=0.251321 | diff=0.2313 | coarse=0.2496 | 62.0s
  Epoch 4 Batch 350/460 | Loss=0.283417 | diff=0.2620 | coarse=0.2672 | 72.3s
  Epoch 4 Batch 400/460 | Loss=0.547978 | diff=0.5150 | coarse=0.4120 | 82.5s
  Epoch 4 Batch 450/460 | Loss=0.193797 | diff=0.1796 | coarse=0.1774 | 92.6s
  Epoch 4 Batch 460/460 | Loss=0.088621 | diff=0.0837 | coarse=0.0611 | 94.5s
Epoch 4/120 | Loss=0.279567 | Val RMSE=53.3745 | Val MAE=50.6031 | Val MAPE=237.01% | LR=7.00e-04 | 194.4s
  [BEST] epoch=4, val_rmse=53.3745
[INFO] start epoch 5/120
  Epoch 5 Batch 50/460 | Loss=0.306843 | diff=0.2861 | coarse=0.2597 | 10.3s
  Epoch 5 Batch 100/460 | Loss=0.316450 | diff=0.2919 | coarse=0.3069 | 20.4s
  Epoch 5 Batch 150/460 | Loss=0.211218 | diff=0.1928 | coarse=0.2300 | 30.3s
  Epoch 5 Batch 200/460 | Loss=0.202083 | diff=0.1861 | coarse=0.2000 | 40.3s
  Epoch 5 Batch 250/460 | Loss=0.237296 | diff=0.2192 | coarse=0.2267 | 50.3s
  Epoch 5 Batch 300/460 | Loss=0.242609 | diff=0.2234 | coarse=0.2398 | 60.6s
  Epoch 5 Batch 350/460 | Loss=0.264520 | diff=0.2452 | coarse=0.2420 | 70.9s
  Epoch 5 Batch 400/460 | Loss=0.534259 | diff=0.5021 | coarse=0.4023 | 81.2s
  Epoch 5 Batch 450/460 | Loss=0.182684 | diff=0.1690 | coarse=0.1713 | 91.3s
  Epoch 5 Batch 460/460 | Loss=0.081367 | diff=0.0770 | coarse=0.0546 | 93.3s
Epoch 5/120 | Loss=0.269887 | Val RMSE=48.0752 | Val MAE=45.4876 | Val MAPE=214.00% | LR=7.00e-04 | 192.3s
  [BEST] epoch=5, val_rmse=48.0752
[INFO] start epoch 6/120
  Epoch 6 Batch 50/460 | Loss=0.272963 | diff=0.2539 | coarse=0.2379 | 10.2s
  Epoch 6 Batch 100/460 | Loss=0.288258 | diff=0.2665 | coarse=0.2715 | 20.6s
  Epoch 6 Batch 150/460 | Loss=0.194300 | diff=0.1793 | coarse=0.1873 | 30.6s
  Epoch 6 Batch 200/460 | Loss=0.195338 | diff=0.1796 | coarse=0.1963 | 40.6s
  Epoch 6 Batch 250/460 | Loss=0.228699 | diff=0.2121 | coarse=0.2069 | 50.7s
  Epoch 6 Batch 300/460 | Loss=0.236876 | diff=0.2179 | coarse=0.2374 | 61.0s
  Epoch 6 Batch 350/460 | Loss=0.239873 | diff=0.2220 | coarse=0.2234 | 71.4s
  Epoch 6 Batch 400/460 | Loss=0.493346 | diff=0.4656 | coarse=0.3462 | 81.7s
  Epoch 6 Batch 450/460 | Loss=0.170599 | diff=0.1576 | coarse=0.1631 | 91.7s
  Epoch 6 Batch 460/460 | Loss=0.080841 | diff=0.0768 | coarse=0.0508 | 93.5s
Epoch 6/120 | Loss=0.253553 | Val RMSE=44.0835 | Val MAE=41.7028 | Val MAPE=196.11% | LR=7.00e-04 | 196.7s
  [BEST] epoch=6, val_rmse=44.0835
[INFO] start epoch 7/120
  Epoch 7 Batch 50/460 | Loss=0.247403 | diff=0.2301 | coarse=0.2169 | 10.4s
  Epoch 7 Batch 100/460 | Loss=0.270573 | diff=0.2502 | coarse=0.2548 | 20.6s
  Epoch 7 Batch 150/460 | Loss=0.192476 | diff=0.1774 | coarse=0.1880 | 30.8s
  Epoch 7 Batch 200/460 | Loss=0.192216 | diff=0.1765 | coarse=0.1970 | 40.8s
  Epoch 7 Batch 250/460 | Loss=0.209599 | diff=0.1953 | coarse=0.1787 | 50.7s
  Epoch 7 Batch 300/460 | Loss=0.228333 | diff=0.2104 | coarse=0.2246 | 60.6s
  Epoch 7 Batch 350/460 | Loss=0.215823 | diff=0.2000 | coarse=0.1975 | 71.1s
  Epoch 7 Batch 400/460 | Loss=0.455190 | diff=0.4298 | coarse=0.3168 | 81.8s
  Epoch 7 Batch 450/460 | Loss=0.161934 | diff=0.1497 | coarse=0.1526 | 91.8s
  Epoch 7 Batch 460/460 | Loss=0.079125 | diff=0.0752 | coarse=0.0489 | 93.8s
Epoch 7/120 | Loss=0.240133 | Val RMSE=37.7367 | Val MAE=35.3821 | Val MAPE=167.04% | LR=6.99e-04 | 194.3s
  [BEST] epoch=7, val_rmse=37.7367
[INFO] start epoch 8/120
  Epoch 8 Batch 50/460 | Loss=0.235357 | diff=0.2195 | coarse=0.1987 | 10.3s
  Epoch 8 Batch 100/460 | Loss=0.254874 | diff=0.2358 | coarse=0.2389 | 20.6s
  Epoch 8 Batch 150/460 | Loss=0.184246 | diff=0.1698 | coarse=0.1809 | 30.8s
  Epoch 8 Batch 200/460 | Loss=0.190144 | diff=0.1743 | coarse=0.1980 | 41.1s
  Epoch 8 Batch 250/460 | Loss=0.197614 | diff=0.1839 | coarse=0.1714 | 51.2s
  Epoch 8 Batch 300/460 | Loss=0.223014 | diff=0.2057 | coarse=0.2169 | 61.3s
  Epoch 8 Batch 350/460 | Loss=0.202504 | diff=0.1875 | coarse=0.1881 | 71.7s
  Epoch 8 Batch 400/460 | Loss=0.427534 | diff=0.4034 | coarse=0.3011 | 82.1s
  Epoch 8 Batch 450/460 | Loss=0.154801 | diff=0.1432 | coarse=0.1444 | 92.2s
  Epoch 8 Batch 460/460 | Loss=0.073545 | diff=0.0697 | coarse=0.0476 | 94.1s
Epoch 8/120 | Loss=0.228463 | Val RMSE=32.0824 | Val MAE=29.7307 | Val MAPE=141.54% | LR=6.99e-04 | 195.5s
  [BEST] epoch=8, val_rmse=32.0824
[INFO] start epoch 9/120
  Epoch 9 Batch 50/460 | Loss=0.220272 | diff=0.2055 | coarse=0.1848 | 11.1s
  Epoch 9 Batch 100/460 | Loss=0.244410 | diff=0.2253 | coarse=0.2390 | 22.0s
  Epoch 9 Batch 150/460 | Loss=0.177260 | diff=0.1636 | coarse=0.1706 | 32.9s
  Epoch 9 Batch 200/460 | Loss=0.190975 | diff=0.1750 | coarse=0.1992 | 44.0s
  Epoch 9 Batch 250/460 | Loss=0.182473 | diff=0.1692 | coarse=0.1665 | 54.9s
  Epoch 9 Batch 300/460 | Loss=0.217347 | diff=0.2005 | coarse=0.2111 | 65.6s
  Epoch 9 Batch 350/460 | Loss=0.191008 | diff=0.1765 | coarse=0.1818 | 76.7s
  Epoch 9 Batch 400/460 | Loss=0.404650 | diff=0.3805 | coarse=0.3013 | 87.9s
  Epoch 9 Batch 450/460 | Loss=0.148266 | diff=0.1373 | coarse=0.1371 | 98.6s
  Epoch 9 Batch 460/460 | Loss=0.068990 | diff=0.0652 | coarse=0.0474 | 100.6s
Epoch 9/120 | Loss=0.216668 | Val RMSE=27.1603 | Val MAE=24.7629 | Val MAPE=118.82% | LR=6.98e-04 | 205.0s
  [BEST] epoch=9, val_rmse=27.1603
[INFO] start epoch 10/120
  Epoch 10 Batch 50/460 | Loss=0.206360 | diff=0.1922 | coarse=0.1772 | 10.8s
  Epoch 10 Batch 100/460 | Loss=0.247254 | diff=0.2270 | coarse=0.2535 | 21.6s
  Epoch 10 Batch 150/460 | Loss=0.173147 | diff=0.1599 | coarse=0.1653 | 32.3s
  Epoch 10 Batch 200/460 | Loss=0.193629 | diff=0.1779 | coarse=0.1968 | 42.7s
  Epoch 10 Batch 250/460 | Loss=0.157989 | diff=0.1464 | coarse=0.1450 | 53.1s
  Epoch 10 Batch 300/460 | Loss=0.205019 | diff=0.1889 | coarse=0.2013 | 64.2s
  Epoch 10 Batch 350/460 | Loss=0.186397 | diff=0.1722 | coarse=0.1768 | 75.3s
  Epoch 10 Batch 400/460 | Loss=0.377056 | diff=0.3534 | coarse=0.2954 | 86.4s
  Epoch 10 Batch 450/460 | Loss=0.138662 | diff=0.1283 | coarse=0.1291 | 97.3s
  Epoch 10 Batch 460/460 | Loss=0.063128 | diff=0.0593 | coarse=0.0476 | 99.4s
Epoch 10/120 | Loss=0.206321 | Val RMSE=23.0405 | Val MAE=20.5744 | Val MAPE=99.55% | LR=6.97e-04 | 201.0s
  [BEST] epoch=10, val_rmse=23.0405
[INFO] start epoch 11/120
  Epoch 11 Batch 50/460 | Loss=0.194936 | diff=0.1811 | coarse=0.1733 | 10.7s
  Epoch 11 Batch 100/460 | Loss=0.258636 | diff=0.2373 | coarse=0.2663 | 21.0s
  Epoch 11 Batch 150/460 | Loss=0.169450 | diff=0.1560 | coarse=0.1681 | 31.2s
  Epoch 11 Batch 200/460 | Loss=0.194175 | diff=0.1785 | coarse=0.1958 | 41.3s
  Epoch 11 Batch 250/460 | Loss=0.153207 | diff=0.1418 | coarse=0.1429 | 51.6s
  Epoch 11 Batch 300/460 | Loss=0.193509 | diff=0.1785 | coarse=0.1878 | 61.6s
  Epoch 11 Batch 350/460 | Loss=0.179485 | diff=0.1658 | coarse=0.1709 | 72.0s
  Epoch 11 Batch 400/460 | Loss=0.371054 | diff=0.3476 | coarse=0.2926 | 82.3s
  Epoch 11 Batch 450/460 | Loss=0.135455 | diff=0.1253 | coarse=0.1268 | 92.5s
  Epoch 11 Batch 460/460 | Loss=0.056566 | diff=0.0525 | coarse=0.0504 | 94.5s
Epoch 11/120 | Loss=0.198254 | Val RMSE=22.0775 | Val MAE=19.5611 | Val MAPE=94.36% | LR=6.95e-04 | 195.8s
  [BEST] epoch=11, val_rmse=22.0775
[INFO] start epoch 12/120
  Epoch 12 Batch 50/460 | Loss=0.186181 | diff=0.1729 | coarse=0.1662 | 10.4s
  Epoch 12 Batch 100/460 | Loss=0.225843 | diff=0.2072 | coarse=0.2337 | 20.6s
  Epoch 12 Batch 150/460 | Loss=0.165447 | diff=0.1515 | coarse=0.1748 | 30.1s
  Epoch 12 Batch 200/460 | Loss=0.198232 | diff=0.1825 | coarse=0.1961 | 39.6s
  Epoch 12 Batch 250/460 | Loss=0.151910 | diff=0.1404 | coarse=0.1443 | 49.4s
  Epoch 12 Batch 300/460 | Loss=0.184456 | diff=0.1701 | coarse=0.1799 | 59.2s
  Epoch 12 Batch 350/460 | Loss=0.167859 | diff=0.1552 | coarse=0.1584 | 69.2s
  Epoch 12 Batch 400/460 | Loss=0.347279 | diff=0.3253 | coarse=0.2741 | 79.2s
  Epoch 12 Batch 450/460 | Loss=0.132249 | diff=0.1223 | coarse=0.1241 | 89.0s
  Epoch 12 Batch 460/460 | Loss=0.052469 | diff=0.0480 | coarse=0.0564 | 90.8s
Epoch 12/120 | Loss=0.188762 | Val RMSE=20.5845 | Val MAE=18.0561 | Val MAPE=85.73% | LR=6.94e-04 | 189.3s
  [BEST] epoch=12, val_rmse=20.5845
[INFO] start epoch 13/120
  Epoch 13 Batch 50/460 | Loss=0.177394 | diff=0.1645 | coarse=0.1606 | 10.0s
  Epoch 13 Batch 100/460 | Loss=0.205959 | diff=0.1886 | coarse=0.2168 | 19.8s
  Epoch 13 Batch 150/460 | Loss=0.156252 | diff=0.1416 | coarse=0.1827 | 29.5s
  Epoch 13 Batch 200/460 | Loss=0.190377 | diff=0.1758 | coarse=0.1825 | 39.2s
  Epoch 13 Batch 250/460 | Loss=0.146392 | diff=0.1357 | coarse=0.1341 | 49.0s
  Epoch 13 Batch 300/460 | Loss=0.184973 | diff=0.1711 | coarse=0.1738 | 58.9s
  Epoch 13 Batch 350/460 | Loss=0.154744 | diff=0.1427 | coarse=0.1508 | 68.9s
  Epoch 13 Batch 400/460 | Loss=0.272007 | diff=0.2522 | coarse=0.2479 | 83.4s
  Epoch 13 Batch 450/460 | Loss=0.140790 | diff=0.1313 | coarse=0.1191 | 101.2s
  Epoch 13 Batch 460/460 | Loss=0.049213 | diff=0.0455 | coarse=0.0460 | 104.3s
Epoch 13/120 | Loss=0.179138 | Val RMSE=17.6015 | Val MAE=14.9185 | Val MAPE=69.49% | LR=6.92e-04 | 232.9s
  [BEST] epoch=13, val_rmse=17.6015
[INFO] start epoch 14/120
  Epoch 14 Batch 50/460 | Loss=0.172872 | diff=0.1604 | coarse=0.1554 | 9.6s
  Epoch 14 Batch 100/460 | Loss=0.164844 | diff=0.1520 | coarse=0.1606 | 19.8s
  Epoch 14 Batch 150/460 | Loss=0.145847 | diff=0.1322 | coarse=0.1701 | 31.2s
  Epoch 14 Batch 200/460 | Loss=0.188929 | diff=0.1746 | coarse=0.1794 | 41.1s
  Epoch 14 Batch 250/460 | Loss=0.153593 | diff=0.1431 | coarse=0.1316 | 51.0s
  Epoch 14 Batch 300/460 | Loss=0.199064 | diff=0.1851 | coarse=0.1743 | 60.7s
  Epoch 14 Batch 350/460 | Loss=0.158585 | diff=0.1462 | coarse=0.1554 | 70.5s
  Epoch 14 Batch 400/460 | Loss=0.266643 | diff=0.2478 | coarse=0.2359 | 80.1s
  Epoch 14 Batch 450/460 | Loss=0.121946 | diff=0.1132 | coarse=0.1091 | 89.8s
  Epoch 14 Batch 460/460 | Loss=0.049339 | diff=0.0450 | coarse=0.0536 | 91.6s
Epoch 14/120 | Loss=0.171649 | Val RMSE=16.8718 | Val MAE=14.1134 | Val MAPE=64.88% | LR=6.89e-04 | 215.1s
  [BEST] epoch=14, val_rmse=16.8718
[INFO] start epoch 15/120
  Epoch 15 Batch 50/460 | Loss=0.166391 | diff=0.1543 | coarse=0.1512 | 9.5s
  Epoch 15 Batch 100/460 | Loss=0.181962 | diff=0.1674 | coarse=0.1815 | 19.3s
  Epoch 15 Batch 150/460 | Loss=0.140492 | diff=0.1274 | coarse=0.1634 | 29.3s
  Epoch 15 Batch 200/460 | Loss=0.189114 | diff=0.1742 | coarse=0.1859 | 39.1s
  Epoch 15 Batch 250/460 | Loss=0.150285 | diff=0.1391 | coarse=0.1395 | 48.7s
  Epoch 15 Batch 300/460 | Loss=0.176631 | diff=0.1633 | coarse=0.1672 | 58.4s
  Epoch 15 Batch 350/460 | Loss=0.153568 | diff=0.1417 | coarse=0.1482 | 68.0s
  Epoch 15 Batch 400/460 | Loss=0.238215 | diff=0.2190 | coarse=0.2400 | 77.9s
  Epoch 15 Batch 450/460 | Loss=0.131554 | diff=0.1223 | coarse=0.1161 | 87.7s
  Epoch 15 Batch 460/460 | Loss=0.046481 | diff=0.0430 | coarse=0.0429 | 89.5s
Epoch 15/120 | Loss=0.164804 | Val RMSE=17.5888 | Val MAE=14.9305 | Val MAPE=69.08% | LR=6.87e-04 | 191.1s
[INFO] start epoch 16/120
  Epoch 16 Batch 50/460 | Loss=0.160919 | diff=0.1492 | coarse=0.1463 | 10.4s
  Epoch 16 Batch 100/460 | Loss=0.159164 | diff=0.1466 | coarse=0.1569 | 21.0s
  Epoch 16 Batch 150/460 | Loss=0.140817 | diff=0.1277 | coarse=0.1645 | 30.9s
  Epoch 16 Batch 200/460 | Loss=0.180542 | diff=0.1664 | coarse=0.1774 | 40.9s
  Epoch 16 Batch 250/460 | Loss=0.153459 | diff=0.1427 | coarse=0.1343 | 51.3s
  Epoch 16 Batch 300/460 | Loss=0.157405 | diff=0.1452 | coarse=0.1520 | 61.0s
  Epoch 16 Batch 350/460 | Loss=0.151561 | diff=0.1398 | coarse=0.1472 | 70.3s
  Epoch 16 Batch 400/460 | Loss=0.212092 | diff=0.1945 | coarse=0.2202 | 80.3s
  Epoch 16 Batch 450/460 | Loss=0.123440 | diff=0.1145 | coarse=0.1122 | 89.7s
  Epoch 16 Batch 460/460 | Loss=0.044571 | diff=0.0414 | coarse=0.0394 | 91.7s
Epoch 16/120 | Loss=0.160702 | Val RMSE=16.0318 | Val MAE=13.1639 | Val MAPE=59.43% | LR=6.84e-04 | 185.1s
  [BEST] epoch=16, val_rmse=16.0318
[INFO] start epoch 17/120
  Epoch 17 Batch 50/460 | Loss=0.156101 | diff=0.1449 | coarse=0.1400 | 9.5s
  Epoch 17 Batch 100/460 | Loss=0.192708 | diff=0.1783 | coarse=0.1803 | 18.9s
  Epoch 17 Batch 150/460 | Loss=0.138191 | diff=0.1261 | coarse=0.1511 | 29.6s
  Epoch 17 Batch 200/460 | Loss=0.222890 | diff=0.2052 | coarse=0.2206 | 40.0s
  Epoch 17 Batch 250/460 | Loss=0.137261 | diff=0.1266 | coarse=0.1333 | 49.7s
  Epoch 17 Batch 300/460 | Loss=0.162737 | diff=0.1505 | coarse=0.1535 | 60.0s
  Epoch 17 Batch 350/460 | Loss=0.159030 | diff=0.1465 | coarse=0.1572 | 70.3s
  Epoch 17 Batch 400/460 | Loss=0.215429 | diff=0.1977 | coarse=0.2215 | 80.5s
  Epoch 17 Batch 450/460 | Loss=0.118405 | diff=0.1095 | coarse=0.1113 | 90.2s
  Epoch 17 Batch 460/460 | Loss=0.053054 | diff=0.0500 | coarse=0.0385 | 92.1s
Epoch 17/120 | Loss=0.157029 | Val RMSE=14.4899 | Val MAE=11.5753 | Val MAPE=50.93% | LR=6.81e-04 | 188.5s
  [BEST] epoch=17, val_rmse=14.4899
[INFO] start epoch 18/120
  Epoch 18 Batch 50/460 | Loss=0.144776 | diff=0.1340 | coarse=0.1351 | 9.3s
  Epoch 18 Batch 100/460 | Loss=0.151796 | diff=0.1401 | coarse=0.1464 | 18.5s
  Epoch 18 Batch 150/460 | Loss=0.142135 | diff=0.1310 | coarse=0.1390 | 27.7s
  Epoch 18 Batch 200/460 | Loss=0.168614 | diff=0.1564 | coarse=0.1532 | 37.1s
  Epoch 18 Batch 250/460 | Loss=0.159030 | diff=0.1473 | coarse=0.1471 | 46.6s
  Epoch 18 Batch 300/460 | Loss=0.154310 | diff=0.1430 | coarse=0.1409 | 57.5s
  Epoch 18 Batch 350/460 | Loss=0.159890 | diff=0.1473 | coarse=0.1570 | 67.6s
  [WARN] skip non-finite grad at epoch 18 batch 393
  Epoch 18 Batch 400/460 | Loss=0.245435 | diff=0.2276 | coarse=0.2232 | 77.0s
  Epoch 18 Batch 450/460 | Loss=0.113915 | diff=0.1053 | coarse=0.1083 | 86.3s
  Epoch 18 Batch 460/460 | Loss=0.050122 | diff=0.0471 | coarse=0.0376 | 88.1s
Epoch 18/120 | Loss=0.155751 | Val RMSE=15.0865 | Val MAE=12.2564 | Val MAPE=54.65% | LR=6.78e-04 | 184.2s
[INFO] start epoch 19/120
  Epoch 19 Batch 50/460 | Loss=0.143318 | diff=0.1325 | coarse=0.1349 | 10.0s
  Epoch 19 Batch 100/460 | Loss=0.155822 | diff=0.1438 | coarse=0.1502 | 19.4s
  Epoch 19 Batch 150/460 | Loss=0.133691 | diff=0.1228 | coarse=0.1356 | 29.0s
  Epoch 19 Batch 200/460 | Loss=0.181785 | diff=0.1674 | coarse=0.1794 | 38.5s
  Epoch 19 Batch 250/460 | Loss=0.145949 | diff=0.1353 | coarse=0.1329 | 48.0s
  Epoch 19 Batch 300/460 | Loss=0.144530 | diff=0.1334 | coarse=0.1388 | 57.3s
  Epoch 19 Batch 350/460 | Loss=0.145343 | diff=0.1342 | coarse=0.1396 | 67.2s
  Epoch 19 Batch 400/460 | Loss=0.212772 | diff=0.1966 | coarse=0.2018 | 76.7s
  Epoch 19 Batch 450/460 | Loss=0.112503 | diff=0.1039 | coarse=0.1074 | 85.9s
  Epoch 19 Batch 460/460 | Loss=0.049173 | diff=0.0462 | coarse=0.0370 | 87.6s
Epoch 19/120 | Loss=0.144149 | Val RMSE=14.1075 | Val MAE=11.1599 | Val MAPE=48.41% | LR=6.75e-04 | 184.2s
  [BEST] epoch=19, val_rmse=14.1075
[INFO] start epoch 20/120
  Epoch 20 Batch 50/460 | Loss=0.166718 | diff=0.1540 | coarse=0.1593 | 9.9s
  Epoch 20 Batch 100/460 | Loss=0.158519 | diff=0.1457 | coarse=0.1604 | 19.8s
  Epoch 20 Batch 150/460 | Loss=0.131369 | diff=0.1210 | coarse=0.1296 | 29.2s
  Epoch 20 Batch 200/460 | Loss=0.159104 | diff=0.1469 | coarse=0.1526 | 38.6s
  Epoch 20 Batch 250/460 | Loss=0.127892 | diff=0.1182 | coarse=0.1213 | 48.1s
  Epoch 20 Batch 300/460 | Loss=0.145220 | diff=0.1343 | coarse=0.1361 | 57.8s
  Epoch 20 Batch 350/460 | Loss=0.144753 | diff=0.1337 | coarse=0.1380 | 67.5s
  Epoch 20 Batch 400/460 | Loss=0.195182 | diff=0.1782 | coarse=0.2123 | 77.5s
  Epoch 20 Batch 450/460 | Loss=0.106860 | diff=0.0986 | coarse=0.1031 | 87.3s
  Epoch 20 Batch 460/460 | Loss=0.043769 | diff=0.0409 | coarse=0.0362 | 89.1s
Epoch 20/120 | Loss=0.141130 | Val RMSE=13.8385 | Val MAE=10.8052 | Val MAPE=46.86% | LR=6.71e-04 | 181.0s
  [BEST] epoch=20, val_rmse=13.8385
[INFO] start epoch 21/120
  Epoch 21 Batch 50/460 | Loss=0.164952 | diff=0.1533 | coarse=0.1456 | 9.5s
  Epoch 21 Batch 100/460 | Loss=0.146428 | diff=0.1347 | coarse=0.1472 | 18.9s
  Epoch 21 Batch 150/460 | Loss=0.130437 | diff=0.1204 | coarse=0.1255 | 28.9s
  Epoch 21 Batch 200/460 | Loss=0.148321 | diff=0.1367 | coarse=0.1458 | 38.9s
  Epoch 21 Batch 250/460 | Loss=0.143499 | diff=0.1325 | coarse=0.1380 | 49.5s
  Epoch 21 Batch 300/460 | Loss=0.137364 | diff=0.1267 | coarse=0.1334 | 59.9s
  Epoch 21 Batch 350/460 | Loss=0.147478 | diff=0.1363 | coarse=0.1397 | 70.2s
  Epoch 21 Batch 400/460 | Loss=0.187799 | diff=0.1725 | coarse=0.1908 | 81.0s
  Epoch 21 Batch 450/460 | Loss=0.111446 | diff=0.1033 | coarse=0.1020 | 91.4s
  Epoch 21 Batch 460/460 | Loss=0.041496 | diff=0.0388 | coarse=0.0336 | 93.2s
Epoch 21/120 | Loss=0.139816 | Val RMSE=13.2609 | Val MAE=10.2873 | Val MAPE=45.05% | LR=6.67e-04 | 187.1s
  [BEST] epoch=21, val_rmse=13.2609
[INFO] start epoch 22/120
  Epoch 22 Batch 50/460 | Loss=0.148989 | diff=0.1372 | coarse=0.1472 | 9.3s
  Epoch 22 Batch 100/460 | Loss=0.136488 | diff=0.1239 | coarse=0.1571 | 18.5s
  Epoch 22 Batch 150/460 | Loss=0.124215 | diff=0.1149 | coarse=0.1159 | 27.9s
  Epoch 22 Batch 200/460 | Loss=0.143217 | diff=0.1319 | coarse=0.1419 | 37.8s
  Epoch 22 Batch 250/460 | Loss=0.138353 | diff=0.1280 | coarse=0.1290 | 47.6s
  Epoch 22 Batch 300/460 | Loss=0.141648 | diff=0.1306 | coarse=0.1376 | 57.0s
  Epoch 22 Batch 350/460 | Loss=0.168906 | diff=0.1562 | coarse=0.1593 | 66.4s
  Epoch 22 Batch 400/460 | Loss=0.169127 | diff=0.1550 | coarse=0.1771 | 77.1s
  Epoch 22 Batch 450/460 | Loss=0.113869 | diff=0.1051 | coarse=0.1100 | 87.6s
  Epoch 22 Batch 460/460 | Loss=0.036622 | diff=0.0341 | coarse=0.0321 | 89.5s
Epoch 22/120 | Loss=0.136400 | Val RMSE=12.7571 | Val MAE=9.7009 | Val MAPE=41.40% | LR=6.63e-04 | 183.1s
  [BEST] epoch=22, val_rmse=12.7571
[INFO] start epoch 23/120
  Epoch 23 Batch 50/460 | Loss=0.141294 | diff=0.1303 | coarse=0.1377 | 9.4s
  Epoch 23 Batch 100/460 | Loss=0.138057 | diff=0.1261 | coarse=0.1500 | 18.9s
  Epoch 23 Batch 150/460 | Loss=0.123260 | diff=0.1142 | coarse=0.1136 | 28.5s
  Epoch 23 Batch 200/460 | Loss=0.140778 | diff=0.1296 | coarse=0.1399 | 38.0s
  Epoch 23 Batch 250/460 | Loss=0.112786 | diff=0.1041 | coarse=0.1092 | 47.5s
  Epoch 23 Batch 300/460 | Loss=0.141003 | diff=0.1305 | coarse=0.1309 | 57.6s
  Epoch 23 Batch 350/460 | Loss=0.148762 | diff=0.1372 | coarse=0.1442 | 67.3s
  Epoch 23 Batch 400/460 | Loss=0.162956 | diff=0.1490 | coarse=0.1749 | 76.6s
  Epoch 23 Batch 450/460 | Loss=0.097672 | diff=0.0894 | coarse=0.1031 | 86.0s
  Epoch 23 Batch 460/460 | Loss=0.036512 | diff=0.0337 | coarse=0.0349 | 87.8s
Epoch 23/120 | Loss=0.133739 | Val RMSE=12.4520 | Val MAE=9.2445 | Val MAPE=38.73% | LR=6.59e-04 | 183.4s
  [BEST] epoch=23, val_rmse=12.4520
[INFO] start epoch 24/120
  Epoch 24 Batch 50/460 | Loss=0.135906 | diff=0.1254 | coarse=0.1310 | 9.6s
  Epoch 24 Batch 100/460 | Loss=0.130238 | diff=0.1189 | coarse=0.1414 | 19.0s
  Epoch 24 Batch 150/460 | Loss=0.121442 | diff=0.1121 | coarse=0.1167 | 28.2s
  Epoch 24 Batch 200/460 | Loss=0.160991 | diff=0.1475 | coarse=0.1684 | 37.8s
  Epoch 24 Batch 250/460 | Loss=0.126344 | diff=0.1160 | coarse=0.1289 | 47.2s
  Epoch 24 Batch 300/460 | Loss=0.137568 | diff=0.1270 | coarse=0.1323 | 57.0s
  Epoch 24 Batch 350/460 | Loss=0.128554 | diff=0.1185 | coarse=0.1258 | 66.9s
  Epoch 24 Batch 400/460 | Loss=0.163058 | diff=0.1484 | coarse=0.1835 | 76.8s
  Epoch 24 Batch 450/460 | Loss=0.099005 | diff=0.0914 | coarse=0.0944 | 86.3s
  Epoch 24 Batch 460/460 | Loss=0.036529 | diff=0.0337 | coarse=0.0348 | 88.1s
Epoch 24/120 | Loss=0.134127 | Val RMSE=12.3140 | Val MAE=9.0366 | Val MAPE=36.98% | LR=6.54e-04 | 179.7s
  [BEST] epoch=24, val_rmse=12.3140
[INFO] start epoch 25/120
  Epoch 25 Batch 50/460 | Loss=0.152503 | diff=0.1412 | coarse=0.1408 | 10.2s
  Epoch 25 Batch 100/460 | Loss=0.123481 | diff=0.1135 | coarse=0.1247 | 20.1s
  Epoch 25 Batch 150/460 | Loss=0.115877 | diff=0.1066 | coarse=0.1161 | 30.2s
  Epoch 25 Batch 200/460 | Loss=0.143446 | diff=0.1307 | coarse=0.1587 | 40.0s
  Epoch 25 Batch 250/460 | Loss=0.114388 | diff=0.1054 | coarse=0.1127 | 50.2s
  Epoch 25 Batch 300/460 | Loss=0.133526 | diff=0.1231 | coarse=0.1301 | 60.6s
  Epoch 25 Batch 350/460 | Loss=0.125815 | diff=0.1160 | coarse=0.1225 | 70.0s
  Epoch 25 Batch 400/460 | Loss=0.146632 | diff=0.1330 | coarse=0.1707 | 79.5s
  Epoch 25 Batch 450/460 | Loss=0.097769 | diff=0.0900 | coarse=0.0973 | 89.3s
  Epoch 25 Batch 460/460 | Loss=0.037634 | diff=0.0351 | coarse=0.0311 | 91.0s
Epoch 25/120 | Loss=0.127101 | Val RMSE=12.8858 | Val MAE=9.5817 | Val MAPE=40.24% | LR=6.49e-04 | 185.0s
[INFO] start epoch 26/120
  Epoch 26 Batch 50/460 | Loss=0.142753 | diff=0.1324 | coarse=0.1297 | 9.4s
  Epoch 26 Batch 100/460 | Loss=0.117929 | diff=0.1082 | coarse=0.1219 | 18.7s
  Epoch 26 Batch 150/460 | Loss=0.109760 | diff=0.1008 | coarse=0.1119 | 28.4s
  Epoch 26 Batch 200/460 | Loss=0.129191 | diff=0.1181 | coarse=0.1387 | 38.2s
  Epoch 26 Batch 250/460 | Loss=0.105658 | diff=0.0974 | coarse=0.1035 | 47.7s
  Epoch 26 Batch 300/460 | Loss=0.130068 | diff=0.1198 | coarse=0.1279 | 57.0s
  Epoch 26 Batch 350/460 | Loss=0.122355 | diff=0.1126 | coarse=0.1217 | 67.0s
  Epoch 26 Batch 400/460 | Loss=0.141649 | diff=0.1276 | coarse=0.1757 | 77.0s
  Epoch 26 Batch 450/460 | Loss=0.114176 | diff=0.1056 | coarse=0.1067 | 86.2s
  Epoch 26 Batch 460/460 | Loss=0.037194 | diff=0.0347 | coarse=0.0318 | 88.1s
Epoch 26/120 | Loss=0.119870 | Val RMSE=12.9424 | Val MAE=9.7198 | Val MAPE=41.32% | LR=6.44e-04 | 183.1s
[INFO] start epoch 27/120
  Epoch 27 Batch 50/460 | Loss=0.134549 | diff=0.1241 | coarse=0.1309 | 9.5s
  Epoch 27 Batch 100/460 | Loss=0.122893 | diff=0.1132 | coarse=0.1215 | 19.0s
  Epoch 27 Batch 150/460 | Loss=0.115371 | diff=0.1062 | coarse=0.1147 | 28.6s
  Epoch 27 Batch 200/460 | Loss=0.136699 | diff=0.1242 | coarse=0.1561 | 38.1s
  Epoch 27 Batch 250/460 | Loss=0.104817 | diff=0.0966 | coarse=0.1030 | 48.1s
  [WARN] skip non-finite grad at epoch 27 batch 297
  Epoch 27 Batch 300/460 | Loss=0.172703 | diff=0.1602 | coarse=0.1557 | 57.5s
  Epoch 27 Batch 350/460 | Loss=0.124556 | diff=0.1139 | coarse=0.1334 | 66.9s
  Epoch 27 Batch 400/460 | Loss=0.136915 | diff=0.1243 | coarse=0.1575 | 76.3s
  Epoch 27 Batch 450/460 | Loss=0.105678 | diff=0.0982 | coarse=0.0934 | 85.7s
  Epoch 27 Batch 460/460 | Loss=0.033558 | diff=0.0309 | coarse=0.0327 | 87.6s
Epoch 27/120 | Loss=0.124825 | Val RMSE=12.8603 | Val MAE=9.5621 | Val MAPE=41.19% | LR=6.39e-04 | 182.8s
[INFO] start epoch 28/120
  Epoch 28 Batch 50/460 | Loss=0.126285 | diff=0.1162 | coarse=0.1266 | 9.6s
  Epoch 28 Batch 100/460 | Loss=0.174003 | diff=0.1620 | coarse=0.1498 | 19.7s
  Epoch 28 Batch 150/460 | Loss=0.122317 | diff=0.1118 | coarse=0.1319 | 29.3s
  Epoch 28 Batch 200/460 | Loss=0.133939 | diff=0.1238 | coarse=0.1267 | 38.9s
  Epoch 28 Batch 250/460 | Loss=0.111488 | diff=0.1027 | coarse=0.1093 | 48.4s
  Epoch 28 Batch 300/460 | Loss=0.142909 | diff=0.1315 | coarse=0.1421 | 58.1s
  Epoch 28 Batch 350/460 | Loss=0.133929 | diff=0.1236 | coarse=0.1295 | 68.0s
  Epoch 28 Batch 400/460 | Loss=0.144080 | diff=0.1312 | coarse=0.1610 | 77.6s
  Epoch 28 Batch 450/460 | Loss=0.098023 | diff=0.0906 | coarse=0.0928 | 87.1s
  Epoch 28 Batch 460/460 | Loss=0.038618 | diff=0.0362 | coarse=0.0297 | 88.9s
Epoch 28/120 | Loss=0.127547 | Val RMSE=13.3771 | Val MAE=10.1371 | Val MAPE=44.66% | LR=6.33e-04 | 188.3s
[INFO] start epoch 29/120
  Epoch 29 Batch 50/460 | Loss=0.119380 | diff=0.1098 | coarse=0.1193 | 9.6s
  Epoch 29 Batch 100/460 | Loss=0.134819 | diff=0.1236 | coarse=0.1407 | 20.1s
  Epoch 29 Batch 150/460 | Loss=0.112584 | diff=0.1027 | coarse=0.1240 | 30.2s
  Epoch 29 Batch 200/460 | Loss=0.121425 | diff=0.1119 | coarse=0.1197 | 39.6s
  Epoch 29 Batch 250/460 | Loss=0.106458 | diff=0.0983 | coarse=0.1026 | 49.8s
  Epoch 29 Batch 300/460 | Loss=0.125495 | diff=0.1149 | coarse=0.1323 | 59.4s
  Epoch 29 Batch 350/460 | Loss=0.125148 | diff=0.1157 | coarse=0.1178 | 69.4s
  Epoch 29 Batch 400/460 | Loss=0.132173 | diff=0.1208 | coarse=0.1421 | 78.9s
  Epoch 29 Batch 450/460 | Loss=0.096236 | diff=0.0889 | coarse=0.0915 | 88.3s
  Epoch 29 Batch 460/460 | Loss=0.036216 | diff=0.0339 | coarse=0.0291 | 90.1s
Epoch 29/120 | Loss=0.121780 | Val RMSE=13.4454 | Val MAE=10.2870 | Val MAPE=44.68% | LR=6.27e-04 | 182.4s
[INFO] start epoch 30/120
  Epoch 30 Batch 50/460 | Loss=0.122604 | diff=0.1130 | coarse=0.1199 | 9.3s
  Epoch 30 Batch 100/460 | Loss=0.114207 | diff=0.1048 | coarse=0.1182 | 19.1s
  Epoch 30 Batch 150/460 | Loss=0.104158 | diff=0.0953 | coarse=0.1113 | 28.4s
  Epoch 30 Batch 200/460 | Loss=0.128380 | diff=0.1175 | coarse=0.1363 | 37.8s
  Epoch 30 Batch 250/460 | Loss=0.105344 | diff=0.0970 | coarse=0.1043 | 47.9s
  Epoch 30 Batch 300/460 | Loss=0.135843 | diff=0.1248 | coarse=0.1384 | 57.9s
  Epoch 30 Batch 350/460 | Loss=0.143354 | diff=0.1319 | coarse=0.1437 | 67.2s
  Epoch 30 Batch 400/460 | Loss=0.130460 | diff=0.1196 | coarse=0.1354 | 77.8s
  Epoch 30 Batch 450/460 | Loss=0.092486 | diff=0.0854 | coarse=0.0886 | 87.6s
  Epoch 30 Batch 460/460 | Loss=0.031609 | diff=0.0293 | coarse=0.0285 | 89.4s
Epoch 30/120 | Loss=0.119538 | Val RMSE=12.9145 | Val MAE=9.6193 | Val MAPE=40.72% | LR=6.21e-04 | 183.8s
[INFO] start epoch 31/120
  Epoch 31 Batch 50/460 | Loss=0.124193 | diff=0.1139 | coarse=0.1281 | 9.5s
  Epoch 31 Batch 100/460 | Loss=0.120864 | diff=0.1112 | coarse=0.1208 | 18.8s
  Epoch 31 Batch 150/460 | Loss=0.107960 | diff=0.0979 | coarse=0.1256 | 28.7s
  Epoch 31 Batch 200/460 | Loss=0.118958 | diff=0.1093 | coarse=0.1205 | 38.3s
  Epoch 31 Batch 250/460 | Loss=0.108864 | diff=0.1004 | coarse=0.1056 | 47.5s
  Epoch 31 Batch 300/460 | Loss=0.125437 | diff=0.1153 | coarse=0.1266 | 56.9s
  Epoch 31 Batch 350/460 | Loss=0.132843 | diff=0.1209 | coarse=0.1491 | 66.3s
  [WARN] skip non-finite grad at epoch 31 batch 360
  Epoch 31 Batch 400/460 | Loss=0.121069 | diff=0.1109 | coarse=0.1271 | 76.6s
  Epoch 31 Batch 450/460 | Loss=0.094861 | diff=0.0877 | coarse=0.0892 | 86.6s
  Epoch 31 Batch 460/460 | Loss=0.034807 | diff=0.0324 | coarse=0.0299 | 88.5s
Epoch 31/120 | Loss=0.118099 | Val RMSE=12.6059 | Val MAE=9.2441 | Val MAPE=39.07% | LR=6.15e-04 | 184.7s
[INFO] start epoch 32/120
  Epoch 32 Batch 50/460 | Loss=0.119962 | diff=0.1094 | coarse=0.1316 | 9.9s
  Epoch 32 Batch 100/460 | Loss=0.111450 | diff=0.1025 | coarse=0.1122 | 19.2s
  Epoch 32 Batch 150/460 | Loss=0.123200 | diff=0.1113 | coarse=0.1489 | 28.7s
  Epoch 32 Batch 200/460 | Loss=0.117220 | diff=0.1080 | coarse=0.1155 | 38.9s
  Epoch 32 Batch 250/460 | Loss=0.101142 | diff=0.0931 | coarse=0.1005 | 48.9s
  Epoch 32 Batch 300/460 | Loss=0.129068 | diff=0.1192 | coarse=0.1234 | 58.3s
  Epoch 32 Batch 350/460 | Loss=0.121004 | diff=0.1108 | coarse=0.1275 | 67.8s
  Epoch 32 Batch 400/460 | Loss=0.123838 | diff=0.1135 | coarse=0.1290 | 77.2s
  Epoch 32 Batch 450/460 | Loss=0.088037 | diff=0.0815 | coarse=0.0819 | 86.4s
  Epoch 32 Batch 460/460 | Loss=0.035525 | diff=0.0333 | coarse=0.0284 | 88.2s
Epoch 32/120 | Loss=0.112066 | Val RMSE=12.9918 | Val MAE=9.5693 | Val MAPE=40.71% | LR=6.09e-04 | 183.6s
[INFO] start epoch 33/120
  Epoch 33 Batch 50/460 | Loss=0.112603 | diff=0.1031 | coarse=0.1194 | 10.8s
  Epoch 33 Batch 100/460 | Loss=0.111749 | diff=0.1027 | coarse=0.1125 | 20.4s
  Epoch 33 Batch 150/460 | Loss=0.106185 | diff=0.0960 | coarse=0.1273 | 29.7s
  Epoch 33 Batch 200/460 | Loss=0.140826 | diff=0.1300 | coarse=0.1350 | 39.0s
  Epoch 33 Batch 250/460 | Loss=0.117091 | diff=0.1088 | coarse=0.1031 | 48.3s
  Epoch 33 Batch 300/460 | Loss=0.121543 | diff=0.1116 | coarse=0.1247 | 58.2s
  Epoch 33 Batch 350/460 | Loss=0.111603 | diff=0.1019 | coarse=0.1209 | 67.6s
  Epoch 33 Batch 400/460 | Loss=0.117244 | diff=0.1075 | coarse=0.1220 | 76.8s
  Epoch 33 Batch 450/460 | Loss=0.088452 | diff=0.0817 | coarse=0.0843 | 86.0s
  Epoch 33 Batch 460/460 | Loss=0.040975 | diff=0.0386 | coarse=0.0302 | 87.8s
Epoch 33/120 | Loss=0.113755 | Val RMSE=12.9783 | Val MAE=9.5602 | Val MAPE=40.58% | LR=6.03e-04 | 179.9s
[INFO] start epoch 34/120
  Epoch 34 Batch 50/460 | Loss=0.113539 | diff=0.1037 | coarse=0.1231 | 10.1s
  Epoch 34 Batch 100/460 | Loss=0.132505 | diff=0.1228 | coarse=0.1211 | 20.0s
  Epoch 34 Batch 150/460 | Loss=0.098819 | diff=0.0904 | coarse=0.1053 | 29.7s
  Epoch 34 Batch 200/460 | Loss=0.122595 | diff=0.1129 | coarse=0.1211 | 38.9s
  Epoch 34 Batch 250/460 | Loss=0.100766 | diff=0.0927 | coarse=0.1007 | 48.5s
  Epoch 34 Batch 300/460 | Loss=0.125126 | diff=0.1153 | coarse=0.1227 | 57.6s
  Epoch 34 Batch 350/460 | Loss=0.108001 | diff=0.0990 | coarse=0.1127 | 67.4s
  Epoch 34 Batch 400/460 | Loss=0.119110 | diff=0.1087 | coarse=0.1297 | 77.5s
  Epoch 34 Batch 450/460 | Loss=0.085248 | diff=0.0781 | coarse=0.0891 | 87.3s
  Epoch 34 Batch 460/460 | Loss=0.037671 | diff=0.0350 | coarse=0.0328 | 89.0s
Epoch 34/120 | Loss=0.112010 | Val RMSE=12.5302 | Val MAE=9.0631 | Val MAPE=37.82% | LR=5.96e-04 | 183.0s
[INFO] start epoch 35/120
  Epoch 35 Batch 50/460 | Loss=0.178261 | diff=0.1669 | coarse=0.1417 | 9.3s
  Epoch 35 Batch 100/460 | Loss=0.116588 | diff=0.1059 | coarse=0.1338 | 19.0s
  Epoch 35 Batch 150/460 | Loss=0.101223 | diff=0.0929 | coarse=0.1037 | 29.0s
  Epoch 35 Batch 200/460 | Loss=0.122768 | diff=0.1126 | coarse=0.1277 | 38.4s
  Epoch 35 Batch 250/460 | Loss=0.088315 | diff=0.0813 | coarse=0.0881 | 47.9s
  Epoch 35 Batch 300/460 | Loss=0.121121 | diff=0.1117 | coarse=0.1175 | 57.2s
  Epoch 35 Batch 350/460 | Loss=0.130741 | diff=0.1214 | coarse=0.1164 | 67.4s
  Epoch 35 Batch 400/460 | Loss=0.193944 | diff=0.1834 | coarse=0.1313 | 76.9s
  Epoch 35 Batch 450/460 | Loss=0.083129 | diff=0.0766 | coarse=0.0818 | 86.8s
  Epoch 35 Batch 460/460 | Loss=0.041166 | diff=0.0383 | coarse=0.0364 | 88.7s
Epoch 35/120 | Loss=0.113348 | Val RMSE=12.2383 | Val MAE=8.7537 | Val MAPE=36.43% | LR=5.89e-04 | 183.3s
  [BEST] epoch=35, val_rmse=12.2383
[INFO] start epoch 36/120
  Epoch 36 Batch 50/460 | Loss=0.179040 | diff=0.1672 | coarse=0.1476 | 9.8s
  Epoch 36 Batch 100/460 | Loss=0.107377 | diff=0.0980 | coarse=0.1166 | 20.2s
  Epoch 36 Batch 150/460 | Loss=0.101890 | diff=0.0938 | coarse=0.1013 | 30.1s
  Epoch 36 Batch 200/460 | Loss=0.116652 | diff=0.1045 | coarse=0.1521 | 40.3s
  Epoch 36 Batch 250/460 | Loss=0.089503 | diff=0.0821 | coarse=0.0921 | 49.8s
  Epoch 36 Batch 300/460 | Loss=0.120757 | diff=0.1110 | coarse=0.1214 | 59.6s
  Epoch 36 Batch 350/460 | Loss=0.114557 | diff=0.1048 | coarse=0.1223 | 69.0s
  Epoch 36 Batch 400/460 | Loss=0.151854 | diff=0.1414 | coarse=0.1309 | 78.2s
  Epoch 36 Batch 450/460 | Loss=0.090940 | diff=0.0842 | coarse=0.0836 | 87.5s
  Epoch 36 Batch 460/460 | Loss=0.038878 | diff=0.0359 | coarse=0.0366 | 89.3s
Epoch 36/120 | Loss=0.110874 | Val RMSE=12.6024 | Val MAE=9.1553 | Val MAPE=38.53% | LR=5.82e-04 | 185.9s
[INFO] start epoch 37/120
  Epoch 37 Batch 50/460 | Loss=0.146170 | diff=0.1360 | coarse=0.1271 | 10.2s
  Epoch 37 Batch 100/460 | Loss=0.105405 | diff=0.0967 | coarse=0.1086 | 21.0s
  Epoch 37 Batch 150/460 | Loss=0.103020 | diff=0.0939 | coarse=0.1145 | 31.4s
  Epoch 37 Batch 200/460 | Loss=0.108944 | diff=0.0995 | coarse=0.1185 | 41.1s
  Epoch 37 Batch 250/460 | Loss=0.092648 | diff=0.0854 | coarse=0.0909 | 51.1s
  Epoch 37 Batch 300/460 | Loss=0.117157 | diff=0.1072 | coarse=0.1248 | 61.2s
  Epoch 37 Batch 350/460 | Loss=0.102575 | diff=0.0935 | coarse=0.1130 | 70.8s
  Epoch 37 Batch 400/460 | Loss=0.137377 | diff=0.1274 | coarse=0.1242 | 80.6s
  Epoch 37 Batch 450/460 | Loss=0.098804 | diff=0.0921 | coarse=0.0839 | 90.2s
  Epoch 37 Batch 460/460 | Loss=0.034762 | diff=0.0322 | coarse=0.0318 | 92.0s
Epoch 37/120 | Loss=0.105324 | Val RMSE=12.8237 | Val MAE=9.4279 | Val MAPE=40.10% | LR=5.75e-04 | 185.5s
[INFO] start epoch 38/120
  Epoch 38 Batch 50/460 | Loss=0.123969 | diff=0.1148 | coarse=0.1149 | 10.7s
  Epoch 38 Batch 100/460 | Loss=0.102483 | diff=0.0939 | coarse=0.1068 | 21.2s
  Epoch 38 Batch 150/460 | Loss=0.112314 | diff=0.1007 | coarse=0.1447 | 31.0s
  Epoch 38 Batch 200/460 | Loss=0.109428 | diff=0.1001 | coarse=0.1162 | 40.7s
  Epoch 38 Batch 250/460 | Loss=0.087003 | diff=0.0798 | coarse=0.0903 | 49.9s
  Epoch 38 Batch 300/460 | Loss=0.116826 | diff=0.1067 | coarse=0.1268 | 60.0s
  Epoch 38 Batch 350/460 | Loss=0.103100 | diff=0.0938 | coarse=0.1167 | 69.6s
  Epoch 38 Batch 400/460 | Loss=0.122491 | diff=0.1126 | coarse=0.1233 | 78.9s
  Epoch 38 Batch 450/460 | Loss=0.112866 | diff=0.1055 | coarse=0.0921 | 88.3s
  Epoch 38 Batch 460/460 | Loss=0.028526 | diff=0.0262 | coarse=0.0294 | 90.3s
Epoch 38/120 | Loss=0.105201 | Val RMSE=12.7012 | Val MAE=9.3688 | Val MAPE=40.18% | LR=5.67e-04 | 183.9s
[INFO] start epoch 39/120
  Epoch 39 Batch 50/460 | Loss=0.112729 | diff=0.1035 | coarse=0.1148 | 9.7s
  Epoch 39 Batch 100/460 | Loss=0.103511 | diff=0.0948 | coarse=0.1088 | 19.1s
  Epoch 39 Batch 150/460 | Loss=0.122130 | diff=0.1086 | coarse=0.1694 | 28.6s
  Epoch 39 Batch 200/460 | Loss=0.131015 | diff=0.1222 | coarse=0.1107 | 37.9s
  Epoch 39 Batch 250/460 | Loss=0.085519 | diff=0.0784 | coarse=0.0891 | 48.5s
  Epoch 39 Batch 300/460 | Loss=0.115617 | diff=0.1060 | coarse=0.1207 | 59.5s
  Epoch 39 Batch 350/460 | Loss=0.101017 | diff=0.0925 | coarse=0.1058 | 70.0s
  Epoch 39 Batch 400/460 | Loss=0.119448 | diff=0.1097 | coarse=0.1219 | 79.9s
  Epoch 39 Batch 450/460 | Loss=0.098120 | diff=0.0916 | coarse=0.0815 | 89.3s
  Epoch 39 Batch 460/460 | Loss=0.026503 | diff=0.0243 | coarse=0.0275 | 91.1s
Epoch 39/120 | Loss=0.108357 | Val RMSE=12.3151 | Val MAE=8.8244 | Val MAPE=36.78% | LR=5.60e-04 | 188.4s
[INFO] start epoch 40/120
  Epoch 40 Batch 50/460 | Loss=0.115442 | diff=0.1064 | coarse=0.1128 | 9.6s
  Epoch 40 Batch 100/460 | Loss=0.107672 | diff=0.0986 | coarse=0.1134 | 19.7s
  Epoch 40 Batch 150/460 | Loss=0.108040 | diff=0.0977 | coarse=0.1294 | 29.0s
  Epoch 40 Batch 200/460 | Loss=0.115928 | diff=0.1069 | coarse=0.1132 | 38.2s
  Epoch 40 Batch 250/460 | Loss=0.082135 | diff=0.0752 | coarse=0.0862 | 47.4s
  [WARN] skip non-finite grad at epoch 40 batch 285
  Epoch 40 Batch 300/460 | Loss=0.120515 | diff=0.1110 | coarse=0.1196 | 56.6s
  Epoch 40 Batch 350/460 | Loss=0.131328 | diff=0.1222 | coarse=0.1136 | 65.9s
  Epoch 40 Batch 400/460 | Loss=0.115306 | diff=0.1057 | coarse=0.1199 | 75.4s
  Epoch 40 Batch 450/460 | Loss=0.086829 | diff=0.0803 | coarse=0.0820 | 85.8s
  Epoch 40 Batch 460/460 | Loss=0.024537 | diff=0.0225 | coarse=0.0261 | 87.5s
Epoch 40/120 | Loss=0.108111 | Val RMSE=12.0684 | Val MAE=8.3571 | Val MAPE=34.06% | LR=5.52e-04 | 187.3s
  [BEST] epoch=40, val_rmse=12.0684
[INFO] start epoch 41/120
  Epoch 41 Batch 50/460 | Loss=0.106764 | diff=0.0980 | coarse=0.1100 | 10.3s
  Epoch 41 Batch 100/460 | Loss=0.125156 | diff=0.1138 | coarse=0.1416 | 20.9s
  Epoch 41 Batch 150/460 | Loss=0.100330 | diff=0.0925 | coarse=0.0974 | 30.9s
  Epoch 41 Batch 200/460 | Loss=0.117414 | diff=0.1082 | coarse=0.1154 | 40.2s
  Epoch 41 Batch 250/460 | Loss=0.091140 | diff=0.0838 | coarse=0.0917 | 49.6s
  [WARN] skip non-finite grad at epoch 41 batch 297
  Epoch 41 Batch 300/460 | Loss=0.162727 | diff=0.1500 | coarse=0.1589 | 59.0s
  Epoch 41 Batch 350/460 | Loss=0.107311 | diff=0.0983 | coarse=0.1128 | 68.6s
  Epoch 41 Batch 400/460 | Loss=0.158420 | diff=0.1474 | coarse=0.1382 | 78.1s
  Epoch 41 Batch 450/460 | Loss=0.097265 | diff=0.0907 | coarse=0.0823 | 87.7s
  Epoch 41 Batch 460/460 | Loss=0.025147 | diff=0.0229 | coarse=0.0284 | 89.6s
Epoch 41/120 | Loss=0.108155 | Val RMSE=12.0502 | Val MAE=8.3787 | Val MAPE=33.76% | LR=5.44e-04 | 181.9s
  [BEST] epoch=41, val_rmse=12.0502
[INFO] start epoch 42/120
  Epoch 42 Batch 50/460 | Loss=0.112650 | diff=0.1027 | coarse=0.1241 | 10.5s
  Epoch 42 Batch 100/460 | Loss=0.114459 | diff=0.1035 | coarse=0.1375 | 20.7s
  Epoch 42 Batch 150/460 | Loss=0.096882 | diff=0.0890 | coarse=0.0982 | 31.1s
  Epoch 42 Batch 200/460 | Loss=0.109035 | diff=0.1000 | coarse=0.1124 | 41.7s
  Epoch 42 Batch 250/460 | Loss=0.090920 | diff=0.0836 | coarse=0.0914 | 51.2s
  Epoch 42 Batch 300/460 | Loss=0.183051 | diff=0.1696 | coarse=0.1681 | 60.6s
  Epoch 42 Batch 350/460 | Loss=0.101085 | diff=0.0925 | coarse=0.1068 | 69.9s
  Epoch 42 Batch 400/460 | Loss=0.119304 | diff=0.1094 | coarse=0.1240 | 79.3s
  Epoch 42 Batch 450/460 | Loss=0.089311 | diff=0.0823 | coarse=0.0880 | 88.9s
  Epoch 42 Batch 460/460 | Loss=0.027896 | diff=0.0253 | coarse=0.0327 | 90.7s
Epoch 42/120 | Loss=0.104412 | Val RMSE=12.0723 | Val MAE=8.3700 | Val MAPE=33.92% | LR=5.36e-04 | 187.6s
[INFO] start epoch 43/120
  Epoch 43 Batch 50/460 | Loss=0.124265 | diff=0.1135 | coarse=0.1349 | 11.0s
  Epoch 43 Batch 100/460 | Loss=0.119177 | diff=0.1086 | coarse=0.1326 | 21.0s
  Epoch 43 Batch 150/460 | Loss=0.094284 | diff=0.0864 | coarse=0.0980 | 30.3s
  Epoch 43 Batch 200/460 | Loss=0.123158 | diff=0.1140 | coarse=0.1148 | 39.6s
  Epoch 43 Batch 250/460 | Loss=0.088305 | diff=0.0808 | coarse=0.0936 | 49.6s
  Epoch 43 Batch 300/460 | Loss=0.152303 | diff=0.1410 | coarse=0.1412 | 59.3s
  Epoch 43 Batch 350/460 | Loss=0.101769 | diff=0.0936 | coarse=0.1020 | 68.7s
  Epoch 43 Batch 400/460 | Loss=0.105219 | diff=0.0954 | coarse=0.1227 | 78.1s
  Epoch 43 Batch 450/460 | Loss=0.089490 | diff=0.0819 | coarse=0.0949 | 88.5s
  Epoch 43 Batch 460/460 | Loss=0.028092 | diff=0.0253 | coarse=0.0351 | 90.6s
Epoch 43/120 | Loss=0.102627 | Val RMSE=12.3081 | Val MAE=8.5584 | Val MAPE=34.64% | LR=5.28e-04 | 185.0s
[INFO] start epoch 44/120
  Epoch 44 Batch 50/460 | Loss=0.137920 | diff=0.1252 | coarse=0.1590 | 9.4s
  Epoch 44 Batch 100/460 | Loss=0.120601 | diff=0.1110 | coarse=0.1201 | 18.7s
  Epoch 44 Batch 150/460 | Loss=0.096336 | diff=0.0883 | coarse=0.1003 | 28.0s
  Epoch 44 Batch 200/460 | Loss=0.127692 | diff=0.1171 | coarse=0.1327 | 37.2s
  Epoch 44 Batch 250/460 | Loss=0.085067 | diff=0.0781 | coarse=0.0869 | 46.6s
  Epoch 44 Batch 300/460 | Loss=0.130030 | diff=0.1182 | coarse=0.1483 | 56.1s
  Epoch 44 Batch 350/460 | Loss=0.110652 | diff=0.1021 | coarse=0.1064 | 66.5s
  Epoch 44 Batch 400/460 | Loss=0.108788 | diff=0.0988 | coarse=0.1253 | 76.8s
  Epoch 44 Batch 450/460 | Loss=0.076431 | diff=0.0697 | coarse=0.0846 | 86.6s
  Epoch 44 Batch 460/460 | Loss=0.029971 | diff=0.0277 | coarse=0.0279 | 88.4s
Epoch 44/120 | Loss=0.105279 | Val RMSE=12.1214 | Val MAE=8.3627 | Val MAPE=33.83% | LR=5.19e-04 | 181.6s
[INFO] start epoch 45/120
  Epoch 45 Batch 50/460 | Loss=0.117924 | diff=0.1080 | coarse=0.1243 | 9.6s
  Epoch 45 Batch 100/460 | Loss=0.127167 | diff=0.1183 | coarse=0.1114 | 19.5s
  Epoch 45 Batch 150/460 | Loss=0.094734 | diff=0.0870 | coarse=0.0969 | 29.5s
  Epoch 45 Batch 200/460 | Loss=0.107677 | diff=0.0986 | coarse=0.1131 | 40.0s
  Epoch 45 Batch 250/460 | Loss=0.090012 | diff=0.0827 | coarse=0.0915 | 49.5s
  Epoch 45 Batch 300/460 | Loss=0.131792 | diff=0.1192 | coarse=0.1569 | 59.0s
  Epoch 45 Batch 350/460 | Loss=0.126970 | diff=0.1159 | coarse=0.1385 | 68.4s
  Epoch 45 Batch 400/460 | Loss=0.113204 | diff=0.1027 | coarse=0.1311 | 78.4s
  Epoch 45 Batch 450/460 | Loss=0.081624 | diff=0.0745 | coarse=0.0894 | 88.0s
  Epoch 45 Batch 460/460 | Loss=0.035301 | diff=0.0329 | coarse=0.0302 | 89.7s
Epoch 45/120 | Loss=0.109349 | Val RMSE=12.1184 | Val MAE=8.2777 | Val MAPE=32.89% | LR=5.11e-04 | 185.2s
[INFO] start epoch 46/120
  Epoch 46 Batch 50/460 | Loss=0.109791 | diff=0.1013 | coarse=0.1059 | 10.5s
  Epoch 46 Batch 100/460 | Loss=0.141990 | diff=0.1328 | coarse=0.1151 | 20.2s
  Epoch 46 Batch 150/460 | Loss=0.094007 | diff=0.0861 | coarse=0.0990 | 30.0s
  Epoch 46 Batch 200/460 | Loss=0.107581 | diff=0.0988 | coarse=0.1102 | 39.4s
  Epoch 46 Batch 250/460 | Loss=0.084418 | diff=0.0773 | coarse=0.0889 | 48.8s
  Epoch 46 Batch 300/460 | Loss=0.142394 | diff=0.1260 | coarse=0.2049 | 58.1s
  Epoch 46 Batch 350/460 | Loss=0.119874 | diff=0.1064 | coarse=0.1688 | 68.3s
  Epoch 46 Batch 400/460 | Loss=0.100911 | diff=0.0926 | coarse=0.1039 | 77.6s
  Epoch 46 Batch 450/460 | Loss=0.082405 | diff=0.0750 | coarse=0.0931 | 87.3s
  Epoch 46 Batch 460/460 | Loss=0.038677 | diff=0.0363 | coarse=0.0291 | 89.3s
Epoch 46/120 | Loss=0.108505 | Val RMSE=12.3649 | Val MAE=8.5381 | Val MAPE=34.39% | LR=5.02e-04 | 185.9s
[INFO] start epoch 47/120
  Epoch 47 Batch 50/460 | Loss=0.110995 | diff=0.1021 | coarse=0.1117 | 10.4s
  Epoch 47 Batch 100/460 | Loss=0.142416 | diff=0.1328 | coarse=0.1208 | 20.7s
  Epoch 47 Batch 150/460 | Loss=0.094288 | diff=0.0865 | coarse=0.0977 | 30.4s
  Epoch 47 Batch 200/460 | Loss=0.113243 | diff=0.1027 | coarse=0.1323 | 40.3s
  Epoch 47 Batch 250/460 | Loss=0.083454 | diff=0.0758 | coarse=0.0954 | 50.1s
  Epoch 47 Batch 300/460 | Loss=0.125398 | diff=0.1132 | coarse=0.1531 | 60.2s
  [WARN] skip non-finite grad at epoch 47 batch 343
  Epoch 47 Batch 350/460 | Loss=0.159507 | diff=0.1493 | coarse=0.1274 | 70.5s
  Epoch 47 Batch 400/460 | Loss=0.112339 | diff=0.1037 | coarse=0.1076 | 79.7s
  Epoch 47 Batch 450/460 | Loss=0.081418 | diff=0.0735 | coarse=0.0995 | 89.3s
  Epoch 47 Batch 460/460 | Loss=0.036846 | diff=0.0347 | coarse=0.0265 | 91.0s
Epoch 47/120 | Loss=0.108611 | Val RMSE=12.2355 | Val MAE=8.4478 | Val MAPE=33.83% | LR=4.94e-04 | 186.5s
[INFO] start epoch 48/120
  Epoch 48 Batch 50/460 | Loss=0.113988 | diff=0.1055 | coarse=0.1062 | 9.2s
  Epoch 48 Batch 100/460 | Loss=0.111000 | diff=0.1019 | coarse=0.1139 | 18.4s
  Epoch 48 Batch 150/460 | Loss=0.093285 | diff=0.0860 | coarse=0.0912 | 27.6s
  Epoch 48 Batch 200/460 | Loss=0.099962 | diff=0.0911 | coarse=0.1110 | 37.0s
  Epoch 48 Batch 250/460 | Loss=0.091533 | diff=0.0823 | coarse=0.1148 | 46.9s
  Epoch 48 Batch 300/460 | Loss=0.119050 | diff=0.1086 | coarse=0.1311 | 57.6s
  Epoch 48 Batch 350/460 | Loss=0.108143 | diff=0.0977 | coarse=0.1307 | 67.8s
  Epoch 48 Batch 400/460 | Loss=0.100018 | diff=0.0921 | coarse=0.0995 | 78.0s
  Epoch 48 Batch 450/460 | Loss=0.082617 | diff=0.0758 | coarse=0.0853 | 88.2s
  Epoch 48 Batch 460/460 | Loss=0.047974 | diff=0.0461 | coarse=0.0240 | 90.1s
Epoch 48/120 | Loss=0.101031 | Val RMSE=12.5191 | Val MAE=8.8385 | Val MAPE=36.30% | LR=4.85e-04 | 192.6s
[INFO] start epoch 49/120
  Epoch 49 Batch 50/460 | Loss=0.107307 | diff=0.0994 | coarse=0.0989 | 9.4s
  Epoch 49 Batch 100/460 | Loss=0.100988 | diff=0.0925 | coarse=0.1058 | 18.8s
  Epoch 49 Batch 150/460 | Loss=0.091626 | diff=0.0845 | coarse=0.0885 | 28.2s
  Epoch 49 Batch 200/460 | Loss=0.101041 | diff=0.0930 | coarse=0.1007 | 37.5s
  Epoch 49 Batch 250/460 | Loss=0.083804 | diff=0.0763 | coarse=0.0933 | 47.0s
  Epoch 49 Batch 300/460 | Loss=0.107381 | diff=0.0983 | coarse=0.1136 | 56.5s
  Epoch 49 Batch 350/460 | Loss=0.098555 | diff=0.0890 | coarse=0.1192 | 65.9s
  Epoch 49 Batch 400/460 | Loss=0.104155 | diff=0.0962 | coarse=0.0996 | 75.2s
  Epoch 49 Batch 450/460 | Loss=0.077890 | diff=0.0717 | coarse=0.0773 | 84.7s
  Epoch 49 Batch 460/460 | Loss=0.040818 | diff=0.0389 | coarse=0.0246 | 86.5s
Epoch 49/120 | Loss=0.096920 | Val RMSE=12.4812 | Val MAE=8.8195 | Val MAPE=36.14% | LR=4.76e-04 | 181.1s
[INFO] start epoch 50/120
  Epoch 50 Batch 50/460 | Loss=0.102879 | diff=0.0946 | coarse=0.1038 | 9.5s
  Epoch 50 Batch 100/460 | Loss=0.097888 | diff=0.0898 | coarse=0.1012 | 18.9s
  Epoch 50 Batch 150/460 | Loss=0.093595 | diff=0.0864 | coarse=0.0900 | 28.2s
  Epoch 50 Batch 200/460 | Loss=0.100181 | diff=0.0918 | coarse=0.1051 | 37.9s
  Epoch 50 Batch 250/460 | Loss=0.079142 | diff=0.0723 | coarse=0.0851 | 47.3s
  Epoch 50 Batch 300/460 | Loss=0.105111 | diff=0.0963 | coarse=0.1102 | 56.5s
  Epoch 50 Batch 350/460 | Loss=0.102715 | diff=0.0936 | coarse=0.1143 | 66.4s
  Epoch 50 Batch 400/460 | Loss=0.101931 | diff=0.0938 | coarse=0.1020 | 75.9s
  Epoch 50 Batch 450/460 | Loss=0.084502 | diff=0.0787 | coarse=0.0728 | 85.4s
  Epoch 50 Batch 460/460 | Loss=0.035369 | diff=0.0333 | coarse=0.0254 | 87.2s
Epoch 50/120 | Loss=0.093186 | Val RMSE=12.7079 | Val MAE=9.1076 | Val MAPE=38.03% | LR=4.67e-04 | 182.2s
[INFO] start epoch 51/120
  Epoch 51 Batch 50/460 | Loss=0.099569 | diff=0.0907 | coarse=0.1104 | 9.7s
  Epoch 51 Batch 100/460 | Loss=0.098397 | diff=0.0903 | coarse=0.1011 | 19.5s
  Epoch 51 Batch 150/460 | Loss=0.091175 | diff=0.0839 | coarse=0.0914 | 29.4s
  Epoch 51 Batch 200/460 | Loss=0.116250 | diff=0.1057 | coarse=0.1320 | 39.2s
  Epoch 51 Batch 250/460 | Loss=0.101295 | diff=0.0942 | coarse=0.0892 | 49.5s
  Epoch 51 Batch 300/460 | Loss=0.101423 | diff=0.0931 | coarse=0.1042 | 59.0s
  Epoch 51 Batch 350/460 | Loss=0.094909 | diff=0.0874 | coarse=0.0942 | 69.1s
  Epoch 51 Batch 400/460 | Loss=0.096028 | diff=0.0874 | coarse=0.1083 | 78.7s
  Epoch 51 Batch 450/460 | Loss=0.072542 | diff=0.0667 | coarse=0.0736 | 88.5s
  Epoch 51 Batch 460/460 | Loss=0.030535 | diff=0.0285 | coarse=0.0255 | 90.3s
Epoch 51/120 | Loss=0.093185 | Val RMSE=13.5486 | Val MAE=10.1109 | Val MAPE=43.66% | LR=4.58e-04 | 183.7s
[INFO] start epoch 52/120
  Epoch 52 Batch 50/460 | Loss=0.093176 | diff=0.0849 | coarse=0.1037 | 9.4s
  Epoch 52 Batch 100/460 | Loss=0.101364 | diff=0.0933 | coarse=0.1013 | 18.8s
  Epoch 52 Batch 150/460 | Loss=0.091953 | diff=0.0846 | coarse=0.0919 | 29.4s
  Epoch 52 Batch 200/460 | Loss=0.110215 | diff=0.0967 | coarse=0.1688 | 38.6s
  Epoch 52 Batch 250/460 | Loss=0.101705 | diff=0.0946 | coarse=0.0890 | 48.3s
  Epoch 52 Batch 300/460 | Loss=0.098136 | diff=0.0898 | coarse=0.1044 | 58.5s
  Epoch 52 Batch 350/460 | Loss=0.092465 | diff=0.0852 | coarse=0.0908 | 68.7s
  Epoch 52 Batch 400/460 | Loss=0.093040 | diff=0.0848 | coarse=0.1030 | 78.4s
  Epoch 52 Batch 450/460 | Loss=0.070416 | diff=0.0646 | coarse=0.0727 | 87.8s
  Epoch 52 Batch 460/460 | Loss=0.025103 | diff=0.0232 | coarse=0.0236 | 89.7s
Epoch 52/120 | Loss=0.092138 | Val RMSE=12.8658 | Val MAE=9.2971 | Val MAPE=39.08% | LR=4.49e-04 | 185.0s
[INFO] start epoch 53/120
  Epoch 53 Batch 50/460 | Loss=0.091266 | diff=0.0837 | coarse=0.0945 | 9.5s
  Epoch 53 Batch 100/460 | Loss=0.096536 | diff=0.0884 | coarse=0.1017 | 19.0s
  Epoch 53 Batch 150/460 | Loss=0.087388 | diff=0.0799 | coarse=0.0934 | 28.5s
  Epoch 53 Batch 200/460 | Loss=0.107247 | diff=0.0963 | coarse=0.1367 | 38.1s
  Epoch 53 Batch 250/460 | Loss=0.082957 | diff=0.0753 | coarse=0.0962 | 47.9s
  Epoch 53 Batch 300/460 | Loss=0.099497 | diff=0.0900 | coarse=0.1181 | 57.9s
  Epoch 53 Batch 350/460 | Loss=0.092225 | diff=0.0848 | coarse=0.0922 | 68.6s
  Epoch 53 Batch 400/460 | Loss=0.092832 | diff=0.0838 | coarse=0.1128 | 79.3s
  Epoch 53 Batch 450/460 | Loss=0.089568 | diff=0.0826 | coarse=0.0868 | 89.4s
  Epoch 53 Batch 460/460 | Loss=0.023599 | diff=0.0215 | coarse=0.0258 | 91.1s
Epoch 53/120 | Loss=0.092039 | Val RMSE=12.3876 | Val MAE=8.6742 | Val MAPE=35.20% | LR=4.40e-04 | 185.3s
[INFO] start epoch 54/120
  Epoch 54 Batch 50/460 | Loss=0.090295 | diff=0.0830 | coarse=0.0907 | 9.3s
  Epoch 54 Batch 100/460 | Loss=0.100883 | diff=0.0927 | coarse=0.1023 | 18.6s
  Epoch 54 Batch 150/460 | Loss=0.088337 | diff=0.0811 | coarse=0.0899 | 28.3s
  Epoch 54 Batch 200/460 | Loss=0.102202 | diff=0.0920 | coarse=0.1270 | 37.7s
  Epoch 54 Batch 250/460 | Loss=0.076914 | diff=0.0702 | coarse=0.0844 | 47.3s
  Epoch 54 Batch 300/460 | Loss=0.104027 | diff=0.0931 | coarse=0.1367 | 57.4s
  Epoch 54 Batch 350/460 | Loss=0.095811 | diff=0.0877 | coarse=0.1009 | 66.9s
  Epoch 54 Batch 400/460 | Loss=0.097206 | diff=0.0887 | coarse=0.1061 | 76.2s
  Epoch 54 Batch 450/460 | Loss=0.080401 | diff=0.0725 | coarse=0.0989 | 85.5s
  Epoch 54 Batch 460/460 | Loss=0.024189 | diff=0.0219 | coarse=0.0288 | 87.3s
Epoch 54/120 | Loss=0.091700 | Val RMSE=12.1724 | Val MAE=8.3312 | Val MAPE=33.21% | LR=4.31e-04 | 183.6s
[INFO] start epoch 55/120
  Epoch 55 Batch 50/460 | Loss=0.091111 | diff=0.0834 | coarse=0.0970 | 9.5s
  Epoch 55 Batch 100/460 | Loss=0.094981 | diff=0.0871 | coarse=0.0987 | 19.8s
  Epoch 55 Batch 150/460 | Loss=0.089624 | diff=0.0821 | coarse=0.0940 | 29.8s
  Epoch 55 Batch 200/460 | Loss=0.095530 | diff=0.0866 | coarse=0.1119 | 39.8s
  Epoch 55 Batch 250/460 | Loss=0.074251 | diff=0.0681 | coarse=0.0769 | 49.0s
  Epoch 55 Batch 300/460 | Loss=0.107245 | diff=0.0966 | coarse=0.1326 | 58.5s
  Epoch 55 Batch 350/460 | Loss=0.089339 | diff=0.0818 | coarse=0.0948 | 68.5s
  Epoch 55 Batch 400/460 | Loss=0.103436 | diff=0.0945 | coarse=0.1122 | 77.9s
  Epoch 55 Batch 450/460 | Loss=0.076366 | diff=0.0694 | coarse=0.0869 | 87.6s
  Epoch 55 Batch 460/460 | Loss=0.029327 | diff=0.0275 | coarse=0.0226 | 89.4s
Epoch 55/120 | Loss=0.090517 | Val RMSE=12.1942 | Val MAE=8.4198 | Val MAPE=33.68% | LR=4.21e-04 | 182.1s
[INFO] start epoch 56/120
  Epoch 56 Batch 50/460 | Loss=0.089536 | diff=0.0816 | coarse=0.0992 | 9.5s
  Epoch 56 Batch 100/460 | Loss=0.092925 | diff=0.0854 | coarse=0.0945 | 19.5s
  Epoch 56 Batch 150/460 | Loss=0.083675 | diff=0.0767 | coarse=0.0878 | 29.6s
  Epoch 56 Batch 200/460 | Loss=0.092764 | diff=0.0848 | coarse=0.0999 | 40.2s
  Epoch 56 Batch 250/460 | Loss=0.072802 | diff=0.0667 | coarse=0.0765 | 50.7s
  [WARN] skip non-finite grad at epoch 56 batch 295
  Epoch 56 Batch 300/460 | Loss=0.106534 | diff=0.0977 | coarse=0.1103 | 60.7s
  Epoch 56 Batch 350/460 | Loss=0.096108 | diff=0.0889 | coarse=0.0906 | 70.8s
  Epoch 56 Batch 400/460 | Loss=0.095193 | diff=0.0867 | coarse=0.1066 | 81.4s
  Epoch 56 Batch 450/460 | Loss=0.077846 | diff=0.0720 | coarse=0.0726 | 91.0s
  Epoch 56 Batch 460/460 | Loss=0.028581 | diff=0.0267 | coarse=0.0230 | 92.8s
Epoch 56/120 | Loss=0.088429 | Val RMSE=12.9005 | Val MAE=9.2054 | Val MAPE=38.61% | LR=4.12e-04 | 185.8s
[EARLY STOP] patience=15, best_val_rmse=12.0502 at epoch 41
d:\◊¿√Ê\≥Ù—ı‘§≤‚◊ ¡œ\≥Ù—ı‘§≤‚◊ ¡œ\code\train_pediffwavenet_noleak.py:595: FutureWarning: You are using `torch.load` with `weights_only=False` (the current default value), which uses the default pickle module implicitly. It is possible to construct malicious pickle data which will execute arbitrary code during unpickling (See https://github.com/pytorch/pytorch/blob/main/SECURITY.md#untrusted-models for more details). In a future release, the default value for `weights_only` will be flipped to `True`. This limits the functions that could be executed during unpickling. Arbitrary objects will no longer be allowed to be loaded via this mode unless they are explicitly allowlisted by the user via `torch.serialization.add_safe_globals`. We recommend you start setting `weights_only=True` for any use case where you don't have full control of the loaded file. Please open an issue on GitHub for any issues related to this experimental feature.
  base_model.load_state_dict(torch.load(os.path.join(weight_dir, "best_ema.pt"), map_location=device))
[INFO] PE-DiffWaveNet noleak training finished
{
  "split_mode": "noleak",
  "model_name": "PE-DiffWaveNet",
  "best_epoch": 41,
  "best_valid_rmse": 12.050150100614792,
  "best_valid_mae": 8.378746820751253,
  "best_valid_mape": 33.762873301351604,
  "test_rmse": 11.014611505760097,
  "test_mae": 7.730702573318502,
  "test_mape": 31.966416696920657,
  "relative_rmse": 2.686490611160999,
  "relative_mae": 1.8855372130045127,
  "train_scale_max": 410.0,
  "world_size": 1,
  "eval_inference_steps": 50,
  "eval_num_samples": 3,
  "eval_t_start_ratio": 0.25,
  "use_diffusion": 1,
  "use_pe_graph": 1,
  "use_pe_film": 1,
  "pe_source": "train",
  "pe_graph_alpha": 1.0,
  "pe_film_scale": 1.0,
  "pe_film_zero_init": 0,
  "normalize_pe_features": 1,
  "pe_shuffle_seed": -1,
  "pe_adaptive_loss": 0,
  "pe_loss_weight": 0.15,
  "pe_loss_start_step": 4,
  "pe_loss_normalize": 1,
  "per_step_rmse": [
    6.891812698013594,
    9.19930674100937,
    10.604116913201384,
    11.75979622806345,
    12.672831079900584,
    13.58178642679753
  ],
  "per_step_mae": [
    4.98979426044876,
    6.567542511298128,
    7.5652194767530085,
    8.383837850497288,
    9.081806103791322,
    9.796015237122495
  ],
  "step4_6_rmse_avg": 12.67147124492052,
  "peak_mode": "percentile",
  "peak_threshold": 65.99999815225601,
  "peak_count": 36556,
  "peak_ratio": 0.1000520020800832,
  "rmse_peak": 12.083437658193878,
  "mae_peak": 7.958393008526906
}
  Peak_mode      : percentile
  Peak_threshold : 66.00 ug/m^3
  Peak_count     : 36556
  Peak_ratio     : 10.01%
  RMSE_peak      : 12.0834
  MAE_peak       : 7.9584
Per-step metrics:
  Step        RMSE         MAE
     1      6.8918      4.9898
     2      9.1993      6.5675
     3     10.6041      7.5652
     4     11.7598      8.3838
     5     12.6728      9.0818
     6     13.5818      9.7960
[INFO] outputs: d:/◊¿√Ê/≥Ù—ı‘§≤‚◊ ¡œ/≥Ù—ı‘§≤‚◊ ¡œ\matrix_N95_PEDiffWaveNet_noleak_student_w2_s52-full-l24-p6
[INFO] weights: d:/◊¿√Ê/≥Ù—ı‘§≤‚◊ ¡œ/≥Ù—ı‘§≤‚◊ ¡œ\weights_N95/weights_pediffwavenet_noleak_student_w2_s52-full-l24-p6

--- [1/6] s52-full-l24-p6 finished at 2026-07-14 01:27:25 | Exit: 0 ---
