[INFO] PE-DiffWaveNet noleak training
[INFO] device=cuda, world_size=1
[INFO] output_dir=D:/shengchan/鑷哀棰勬祴璧勬枡\matrix_N95_PEDiffWaveNet_noleak_D02_s52-nograph-l12-p3
[INFO] clean_room=1, pe_source=train, use_pe_graph=0, use_pe_film=1, use_diffusion=1, pe_graph_alpha=1.0, pe_film_scale=1.0, pe_film_zero_init=0, pe_shuffle_seed=-1, pe_adaptive_loss=0, pe_loss_weight=0.15
[INFO] loading meteorological data...
[INFO] loading met cache: D:/shengchan/鑷哀棰勬祴璧勬枡\matrix_N95\met_raw_aligned_cache.npz
[INFO] trainX=(7364, 12, 95, 15), trainY=(7364, 3, 95)
[INFO] validX=(655, 12, 95, 15), validY=(655, 3, 95)
[INFO] testX=(656, 12, 95, 15), testY=(656, 3, 95)
[INFO] train-only PE time range: {'start_idx': 0, 'end_idx': 7377, 'start_time': '2022-01-01 00:00:00', 'end_time': '2022-11-05 23:00:00', 'length': 7378}
[INFO] building PE features: nodes=95, scales=[6, 9, 12, 24, 48, 72], step=1
[INFO] PE feature progress: 20/95
[INFO] PE feature progress: 40/95
[INFO] PE feature progress: 60/95
[INFO] PE feature progress: 80/95
[INFO] PE feature progress: 95/95
[INFO] building PE features: nodes=95, scales=[6, 9, 12, 24, 48, 72], step=1
[INFO] PE feature progress: 20/95
[INFO] PE feature progress: 40/95
[INFO] PE feature progress: 60/95
[INFO] PE feature progress: 80/95
[INFO] PE feature progress: 95/95
[INFO] graph nnz: S=691, T=1570, PE=0
[INFO] train batches/epoch=461, effective_batch=16
[INFO] model_params=621392
D:\shengchan\鑷哀棰勬祴璧勬枡\code\train_pediffwavenet_noleak.py:410: FutureWarning: `torch.cuda.amp.GradScaler(args...)` is deprecated. Please use `torch.amp.GradScaler('cuda', args...)` instead.
  scaler = torch.cuda.amp.GradScaler(enabled=use_amp)
[INFO] start epoch 1/120
  [WARN] skip non-finite grad at epoch 1 batch 1
  [WARN] skip non-finite grad at epoch 1 batch 2
  [WARN] skip non-finite grad at epoch 1 batch 3
  Epoch 1 Batch 50/461 | Loss=1.085931 | diff=0.9738 | coarse=1.4020 | 10.8s
  Epoch 1 Batch 100/461 | Loss=0.273016 | diff=0.2455 | coarse=0.3435 | 20.6s
  Epoch 1 Batch 150/461 | Loss=0.178690 | diff=0.1650 | coarse=0.1705 | 30.7s
  Epoch 1 Batch 200/461 | Loss=0.242035 | diff=0.2258 | coarse=0.2027 | 41.9s
  Epoch 1 Batch 250/461 | Loss=0.140822 | diff=0.1286 | coarse=0.1530 | 53.1s
  Epoch 1 Batch 300/461 | Loss=0.142250 | diff=0.1305 | coarse=0.1473 | 63.8s
  Epoch 1 Batch 350/461 | Loss=0.124417 | diff=0.1131 | coarse=0.1421 | 75.0s
  Epoch 1 Batch 400/461 | Loss=0.129294 | diff=0.1203 | coarse=0.1128 | 85.8s
  Epoch 1 Batch 450/461 | Loss=0.099443 | diff=0.0904 | coarse=0.1126 | 95.4s
  Epoch 1 Batch 461/461 | Loss=0.025070 | diff=0.0228 | coarse=0.0283 | 97.5s
Epoch 1/120 | Loss=0.438001 | Val RMSE=76.3602 | Val MAE=70.7715 | Val MAPE=332.97% | LR=2.80e-04 | 244.6s
  [BEST] epoch=1, val_rmse=76.3602
[INFO] start epoch 2/120
  Epoch 2 Batch 50/461 | Loss=0.124027 | diff=0.1118 | coarse=0.1525 | 11.0s
  Epoch 2 Batch 100/461 | Loss=0.083609 | diff=0.0759 | coarse=0.0961 | 20.8s
  Epoch 2 Batch 150/461 | Loss=0.097415 | diff=0.0899 | coarse=0.0936 | 31.2s
  Epoch 2 Batch 200/461 | Loss=0.076896 | diff=0.0682 | coarse=0.1091 | 41.8s
  Epoch 2 Batch 250/461 | Loss=0.082182 | diff=0.0756 | coarse=0.0826 | 52.5s
  Epoch 2 Batch 300/461 | Loss=0.089830 | diff=0.0805 | coarse=0.1168 | 63.1s
  Epoch 2 Batch 350/461 | Loss=0.071009 | diff=0.0640 | coarse=0.0882 | 73.8s
  Epoch 2 Batch 400/461 | Loss=0.106869 | diff=0.0990 | coarse=0.0987 | 83.7s
  Epoch 2 Batch 450/461 | Loss=0.124546 | diff=0.1163 | coarse=0.1036 | 93.4s
  Epoch 2 Batch 461/461 | Loss=0.039939 | diff=0.0382 | coarse=0.0223 | 95.4s
Epoch 2/120 | Loss=0.118513 | Val RMSE=75.0823 | Val MAE=71.6449 | Val MAPE=332.40% | LR=4.20e-04 | 225.5s
  [BEST] epoch=2, val_rmse=75.0823
[INFO] start epoch 3/120
  Epoch 3 Batch 50/461 | Loss=0.102313 | diff=0.0926 | coarse=0.1212 | 11.9s
  Epoch 3 Batch 100/461 | Loss=0.079049 | diff=0.0721 | coarse=0.0871 | 24.1s
  Epoch 3 Batch 150/461 | Loss=0.093958 | diff=0.0873 | coarse=0.0827 | 35.1s
  Epoch 3 Batch 200/461 | Loss=0.071211 | diff=0.0649 | coarse=0.0790 | 45.1s
  Epoch 3 Batch 250/461 | Loss=0.076897 | diff=0.0709 | coarse=0.0747 | 55.7s
  Epoch 3 Batch 300/461 | Loss=0.088990 | diff=0.0776 | coarse=0.1425 | 66.1s
  Epoch 3 Batch 350/461 | Loss=0.069895 | diff=0.0637 | coarse=0.0771 | 76.3s
  Epoch 3 Batch 400/461 | Loss=0.094105 | diff=0.0869 | coarse=0.0904 | 87.1s
  Epoch 3 Batch 450/461 | Loss=0.110534 | diff=0.1029 | coarse=0.0949 | 97.1s
  Epoch 3 Batch 461/461 | Loss=0.041590 | diff=0.0397 | coarse=0.0235 | 99.2s
Epoch 3/120 | Loss=0.109186 | Val RMSE=71.1681 | Val MAE=68.6802 | Val MAPE=316.07% | LR=5.60e-04 | 230.2s
  [BEST] epoch=3, val_rmse=71.1681
[INFO] start epoch 4/120
  Epoch 4 Batch 50/461 | Loss=0.094689 | diff=0.0862 | coarse=0.1061 | 11.3s
  Epoch 4 Batch 100/461 | Loss=0.065630 | diff=0.0601 | coarse=0.0690 | 22.9s
  Epoch 4 Batch 150/461 | Loss=0.093320 | diff=0.0867 | coarse=0.0823 | 33.8s
  Epoch 4 Batch 200/461 | Loss=0.067808 | diff=0.0620 | coarse=0.0732 | 43.6s
  Epoch 4 Batch 250/461 | Loss=0.079613 | diff=0.0733 | coarse=0.0789 | 55.0s
  Epoch 4 Batch 300/461 | Loss=0.093781 | diff=0.0812 | coarse=0.1567 | 66.3s
  Epoch 4 Batch 350/461 | Loss=0.072052 | diff=0.0664 | coarse=0.0711 | 77.3s
  Epoch 4 Batch 400/461 | Loss=0.093614 | diff=0.0868 | coarse=0.0854 | 88.6s
  Epoch 4 Batch 450/461 | Loss=0.103777 | diff=0.0965 | coarse=0.0907 | 100.1s
  Epoch 4 Batch 461/461 | Loss=0.042701 | diff=0.0406 | coarse=0.0268 | 102.5s
Epoch 4/120 | Loss=0.104450 | Val RMSE=64.1413 | Val MAE=62.1289 | Val MAPE=284.86% | LR=7.00e-04 | 237.5s
  [BEST] epoch=4, val_rmse=64.1413
[INFO] start epoch 5/120
  Epoch 5 Batch 50/461 | Loss=0.092691 | diff=0.0846 | coarse=0.1013 | 13.0s
  Epoch 5 Batch 100/461 | Loss=0.059904 | diff=0.0552 | coarse=0.0582 | 23.9s
  Epoch 5 Batch 150/461 | Loss=0.088281 | diff=0.0819 | coarse=0.0802 | 35.2s
  Epoch 5 Batch 200/461 | Loss=0.062039 | diff=0.0563 | coarse=0.0716 | 47.3s
  Epoch 5 Batch 250/461 | Loss=0.086167 | diff=0.0790 | coarse=0.0901 | 58.9s
  Epoch 5 Batch 300/461 | Loss=0.098055 | diff=0.0831 | coarse=0.1874 | 70.4s
  Epoch 5 Batch 350/461 | Loss=0.069882 | diff=0.0644 | coarse=0.0682 | 81.3s
  Epoch 5 Batch 400/461 | Loss=0.088445 | diff=0.0822 | coarse=0.0779 | 92.2s
  Epoch 5 Batch 450/461 | Loss=0.096922 | diff=0.0899 | coarse=0.0872 | 103.3s
  Epoch 5 Batch 461/461 | Loss=0.043216 | diff=0.0411 | coarse=0.0270 | 105.7s
Epoch 5/120 | Loss=0.101295 | Val RMSE=56.3698 | Val MAE=54.5387 | Val MAPE=249.65% | LR=7.00e-04 | 242.3s
  [BEST] epoch=5, val_rmse=56.3698
[INFO] start epoch 6/120
  Epoch 6 Batch 50/461 | Loss=0.091260 | diff=0.0832 | coarse=0.1013 | 12.7s
  Epoch 6 Batch 100/461 | Loss=0.061045 | diff=0.0562 | coarse=0.0605 | 25.1s
  Epoch 6 Batch 150/461 | Loss=0.085203 | diff=0.0788 | coarse=0.0800 | 37.3s
  Epoch 6 Batch 200/461 | Loss=0.059115 | diff=0.0536 | coarse=0.0685 | 48.9s
  Epoch 6 Batch 250/461 | Loss=0.081909 | diff=0.0747 | coarse=0.0907 | 60.0s
  Epoch 6 Batch 300/461 | Loss=0.092339 | diff=0.0790 | coarse=0.1665 | 71.2s
  Epoch 6 Batch 350/461 | Loss=0.059983 | diff=0.0551 | coarse=0.0615 | 83.3s
  Epoch 6 Batch 400/461 | Loss=0.084045 | diff=0.0780 | coarse=0.0761 | 95.6s
  Epoch 6 Batch 450/461 | Loss=0.090870 | diff=0.0841 | coarse=0.0843 | 106.9s
  Epoch 6 Batch 461/461 | Loss=0.040992 | diff=0.0389 | coarse=0.0264 | 109.1s
Epoch 6/120 | Loss=0.096072 | Val RMSE=45.8389 | Val MAE=44.0812 | Val MAPE=201.57% | LR=7.00e-04 | 266.3s
  [BEST] epoch=6, val_rmse=45.8389
[INFO] start epoch 7/120
  Epoch 7 Batch 50/461 | Loss=0.087165 | diff=0.0793 | coarse=0.0978 | 9.7s
  Epoch 7 Batch 100/461 | Loss=0.059151 | diff=0.0546 | coarse=0.0573 | 20.1s
  Epoch 7 Batch 150/461 | Loss=0.082155 | diff=0.0756 | coarse=0.0825 | 32.3s
  Epoch 7 Batch 200/461 | Loss=0.057021 | diff=0.0517 | coarse=0.0661 | 43.6s
  Epoch 7 Batch 250/461 | Loss=0.075346 | diff=0.0688 | coarse=0.0823 | 55.1s
  Epoch 7 Batch 300/461 | Loss=0.086080 | diff=0.0739 | coarse=0.1526 | 66.3s
  Epoch 7 Batch 350/461 | Loss=0.056581 | diff=0.0520 | coarse=0.0576 | 77.8s
  Epoch 7 Batch 400/461 | Loss=0.080982 | diff=0.0754 | coarse=0.0694 | 87.6s
  Epoch 7 Batch 450/461 | Loss=0.084498 | diff=0.0783 | coarse=0.0780 | 97.3s
  Epoch 7 Batch 461/461 | Loss=0.038396 | diff=0.0365 | coarse=0.0243 | 99.3s
Epoch 7/120 | Loss=0.090714 | Val RMSE=37.4902 | Val MAE=35.8000 | Val MAPE=164.28% | LR=6.99e-04 | 258.5s
  [BEST] epoch=7, val_rmse=37.4902
[INFO] start epoch 8/120
  Epoch 8 Batch 50/461 | Loss=0.081397 | diff=0.0743 | coarse=0.0887 | 12.5s
  Epoch 8 Batch 100/461 | Loss=0.056623 | diff=0.0524 | coarse=0.0533 | 24.7s
  Epoch 8 Batch 150/461 | Loss=0.076117 | diff=0.0698 | coarse=0.0794 | 35.6s
  Epoch 8 Batch 200/461 | Loss=0.057432 | diff=0.0518 | coarse=0.0700 | 46.8s
  Epoch 8 Batch 250/461 | Loss=0.074213 | diff=0.0678 | coarse=0.0796 | 58.5s
  Epoch 8 Batch 300/461 | Loss=0.084130 | diff=0.0720 | coarse=0.1512 | 68.3s
  Epoch 8 Batch 350/461 | Loss=0.053787 | diff=0.0493 | coarse=0.0556 | 78.1s
  Epoch 8 Batch 400/461 | Loss=0.076636 | diff=0.0714 | coarse=0.0660 | 88.0s
  Epoch 8 Batch 450/461 | Loss=0.078507 | diff=0.0726 | coarse=0.0740 | 97.9s
  Epoch 8 Batch 461/461 | Loss=0.036207 | diff=0.0344 | coarse=0.0229 | 99.9s
Epoch 8/120 | Loss=0.084932 | Val RMSE=32.8133 | Val MAE=31.0699 | Val MAPE=143.92% | LR=6.99e-04 | 254.4s
  [BEST] epoch=8, val_rmse=32.8133
[INFO] start epoch 9/120
  Epoch 9 Batch 50/461 | Loss=0.077632 | diff=0.0709 | coarse=0.0845 | 12.0s
  Epoch 9 Batch 100/461 | Loss=0.055662 | diff=0.0515 | coarse=0.0518 | 23.8s
  Epoch 9 Batch 150/461 | Loss=0.068899 | diff=0.0631 | coarse=0.0723 | 35.7s
  Epoch 9 Batch 200/461 | Loss=0.058827 | diff=0.0536 | coarse=0.0653 | 47.6s
  Epoch 9 Batch 250/461 | Loss=0.070378 | diff=0.0648 | coarse=0.0699 | 58.0s
  Epoch 9 Batch 300/461 | Loss=0.082940 | diff=0.0733 | coarse=0.1205 | 67.7s
  Epoch 9 Batch 350/461 | Loss=0.050096 | diff=0.0462 | coarse=0.0492 | 77.4s
  Epoch 9 Batch 400/461 | Loss=0.077890 | diff=0.0726 | coarse=0.0666 | 87.4s
  Epoch 9 Batch 450/461 | Loss=0.077857 | diff=0.0720 | coarse=0.0733 | 97.5s
  Epoch 9 Batch 461/461 | Loss=0.029347 | diff=0.0276 | coarse=0.0222 | 99.6s
Epoch 9/120 | Loss=0.077862 | Val RMSE=27.1995 | Val MAE=25.2304 | Val MAPE=118.50% | LR=6.98e-04 | 246.8s
  [BEST] epoch=9, val_rmse=27.1995
[INFO] start epoch 10/120
  Epoch 10 Batch 50/461 | Loss=0.074926 | diff=0.0686 | coarse=0.0789 | 10.6s
  Epoch 10 Batch 100/461 | Loss=0.056490 | diff=0.0522 | coarse=0.0535 | 21.7s
  Epoch 10 Batch 150/461 | Loss=0.060934 | diff=0.0563 | coarse=0.0576 | 32.3s
  Epoch 10 Batch 200/461 | Loss=0.055461 | diff=0.0505 | coarse=0.0621 | 42.8s
  Epoch 10 Batch 250/461 | Loss=0.066395 | diff=0.0613 | coarse=0.0633 | 52.9s
  Epoch 10 Batch 300/461 | Loss=0.078969 | diff=0.0712 | coarse=0.0967 | 63.1s
  Epoch 10 Batch 350/461 | Loss=0.050988 | diff=0.0473 | coarse=0.0458 | 73.8s
  Epoch 10 Batch 400/461 | Loss=0.085167 | diff=0.0798 | coarse=0.0670 | 83.5s
  Epoch 10 Batch 450/461 | Loss=0.075799 | diff=0.0700 | coarse=0.0719 | 93.6s
  Epoch 10 Batch 461/461 | Loss=0.024453 | diff=0.0226 | coarse=0.0234 | 95.7s
Epoch 10/120 | Loss=0.072245 | Val RMSE=24.8793 | Val MAE=22.9753 | Val MAPE=106.70% | LR=6.97e-04 | 233.0s
  [BEST] epoch=10, val_rmse=24.8793
[INFO] start epoch 11/120
  Epoch 11 Batch 50/461 | Loss=0.073475 | diff=0.0674 | coarse=0.0761 | 11.8s
  Epoch 11 Batch 100/461 | Loss=0.057245 | diff=0.0529 | coarse=0.0547 | 23.5s
  Epoch 11 Batch 150/461 | Loss=0.060483 | diff=0.0559 | coarse=0.0569 | 34.5s
  Epoch 11 Batch 200/461 | Loss=0.054843 | diff=0.0499 | coarse=0.0624 | 46.7s
  Epoch 11 Batch 250/461 | Loss=0.060740 | diff=0.0562 | coarse=0.0569 | 56.2s
  Epoch 11 Batch 300/461 | Loss=0.079342 | diff=0.0718 | coarse=0.0945 | 65.9s
  Epoch 11 Batch 350/461 | Loss=0.050296 | diff=0.0468 | coarse=0.0435 | 75.7s
  Epoch 11 Batch 400/461 | Loss=0.074482 | diff=0.0693 | coarse=0.0651 | 85.3s
  Epoch 11 Batch 450/461 | Loss=0.079837 | diff=0.0736 | coarse=0.0782 | 95.2s
  Epoch 11 Batch 461/461 | Loss=0.023492 | diff=0.0218 | coarse=0.0206 | 97.3s
Epoch 11/120 | Loss=0.067467 | Val RMSE=19.8394 | Val MAE=17.8166 | Val MAPE=81.18% | LR=6.95e-04 | 259.0s
  [BEST] epoch=11, val_rmse=19.8394
[INFO] start epoch 12/120
  Epoch 12 Batch 50/461 | Loss=0.070696 | diff=0.0650 | coarse=0.0708 | 11.5s
  Epoch 12 Batch 100/461 | Loss=0.057756 | diff=0.0535 | coarse=0.0536 | 22.8s
  Epoch 12 Batch 150/461 | Loss=0.059681 | diff=0.0552 | coarse=0.0555 | 33.4s
  Epoch 12 Batch 200/461 | Loss=0.053604 | diff=0.0487 | coarse=0.0607 | 43.9s
  Epoch 12 Batch 250/461 | Loss=0.059315 | diff=0.0547 | coarse=0.0572 | 53.9s
  Epoch 12 Batch 300/461 | Loss=0.077784 | diff=0.0709 | coarse=0.0862 | 64.1s
  Epoch 12 Batch 350/461 | Loss=0.048946 | diff=0.0456 | coarse=0.0424 | 74.2s
  Epoch 12 Batch 400/461 | Loss=0.070616 | diff=0.0655 | coarse=0.0640 | 84.4s
  Epoch 12 Batch 450/461 | Loss=0.077831 | diff=0.0716 | coarse=0.0781 | 97.2s
  Epoch 12 Batch 461/461 | Loss=0.021876 | diff=0.0203 | coarse=0.0193 | 99.9s
Epoch 12/120 | Loss=0.064879 | Val RMSE=16.3215 | Val MAE=14.0848 | Val MAPE=63.54% | LR=6.94e-04 | 263.4s
  [BEST] epoch=12, val_rmse=16.3215
[INFO] start epoch 13/120
  Epoch 13 Batch 50/461 | Loss=0.075396 | diff=0.0698 | coarse=0.0704 | 9.9s
  Epoch 13 Batch 100/461 | Loss=0.057411 | diff=0.0532 | coarse=0.0527 | 19.6s
  Epoch 13 Batch 150/461 | Loss=0.056406 | diff=0.0520 | coarse=0.0546 | 29.2s
  Epoch 13 Batch 200/461 | Loss=0.049373 | diff=0.0452 | coarse=0.0524 | 39.4s
  Epoch 13 Batch 250/461 | Loss=0.059504 | diff=0.0547 | coarse=0.0605 | 49.3s
  Epoch 13 Batch 300/461 | Loss=0.071788 | diff=0.0654 | coarse=0.0794 | 58.9s
  Epoch 13 Batch 350/461 | Loss=0.049343 | diff=0.0460 | coarse=0.0412 | 70.5s
  Epoch 13 Batch 400/461 | Loss=0.072118 | diff=0.0672 | coarse=0.0619 | 84.9s
  Epoch 13 Batch 450/461 | Loss=0.074329 | diff=0.0685 | coarse=0.0727 | 97.0s
  Epoch 13 Batch 461/461 | Loss=0.021558 | diff=0.0201 | coarse=0.0180 | 99.1s
Epoch 13/120 | Loss=0.064621 | Val RMSE=17.6564 | Val MAE=15.3942 | Val MAPE=68.81% | LR=6.92e-04 | 255.3s
[INFO] start epoch 14/120
  Epoch 14 Batch 50/461 | Loss=0.081099 | diff=0.0754 | coarse=0.0717 | 9.6s
  Epoch 14 Batch 100/461 | Loss=0.055714 | diff=0.0516 | coarse=0.0513 | 19.4s
  Epoch 14 Batch 150/461 | Loss=0.057276 | diff=0.0529 | coarse=0.0547 | 29.1s
  Epoch 14 Batch 200/461 | Loss=0.055137 | diff=0.0513 | coarse=0.0475 | 38.7s
  Epoch 14 Batch 250/461 | Loss=0.056541 | diff=0.0517 | coarse=0.0608 | 49.3s
  Epoch 14 Batch 300/461 | Loss=0.075038 | diff=0.0666 | coarse=0.1051 | 63.2s
  Epoch 14 Batch 350/461 | Loss=0.046065 | diff=0.0426 | coarse=0.0435 | 76.9s
  Epoch 14 Batch 400/461 | Loss=0.064876 | diff=0.0602 | coarse=0.0588 | 86.8s
  Epoch 14 Batch 450/461 | Loss=0.073662 | diff=0.0682 | coarse=0.0679 | 96.6s
  Epoch 14 Batch 461/461 | Loss=0.021387 | diff=0.0197 | coarse=0.0217 | 98.6s
Epoch 14/120 | Loss=0.068022 | Val RMSE=17.3854 | Val MAE=15.2564 | Val MAPE=70.27% | LR=6.89e-04 | 256.8s
[INFO] start epoch 15/120
  Epoch 15 Batch 50/461 | Loss=0.070214 | diff=0.0650 | coarse=0.0652 | 9.7s
  Epoch 15 Batch 100/461 | Loss=0.057667 | diff=0.0534 | coarse=0.0529 | 19.3s
  Epoch 15 Batch 150/461 | Loss=0.055621 | diff=0.0512 | coarse=0.0555 | 29.0s
  Epoch 15 Batch 200/461 | Loss=0.057603 | diff=0.0531 | coarse=0.0559 | 42.7s
  Epoch 15 Batch 250/461 | Loss=0.053759 | diff=0.0498 | coarse=0.0491 | 55.9s
  Epoch 15 Batch 300/461 | Loss=0.069413 | diff=0.0612 | coarse=0.1032 | 66.6s
  Epoch 15 Batch 350/461 | Loss=0.047669 | diff=0.0443 | coarse=0.0426 | 76.3s
  Epoch 15 Batch 400/461 | Loss=0.062493 | diff=0.0578 | coarse=0.0584 | 86.0s
  Epoch 15 Batch 450/461 | Loss=0.071374 | diff=0.0661 | coarse=0.0655 | 96.7s
  Epoch 15 Batch 461/461 | Loss=0.019977 | diff=0.0181 | coarse=0.0231 | 99.6s
Epoch 15/120 | Loss=0.064497 | Val RMSE=14.7048 | Val MAE=12.5103 | Val MAPE=56.77% | LR=6.87e-04 | 249.8s
  [BEST] epoch=15, val_rmse=14.7048
[INFO] start epoch 16/120
  Epoch 16 Batch 50/461 | Loss=0.069685 | diff=0.0643 | coarse=0.0673 | 9.8s
  Epoch 16 Batch 100/461 | Loss=0.053458 | diff=0.0495 | coarse=0.0500 | 19.6s
  Epoch 16 Batch 150/461 | Loss=0.053597 | diff=0.0494 | coarse=0.0525 | 33.8s
  Epoch 16 Batch 200/461 | Loss=0.053716 | diff=0.0494 | coarse=0.0541 | 47.7s
  Epoch 16 Batch 250/461 | Loss=0.053898 | diff=0.0500 | coarse=0.0489 | 58.0s
  Epoch 16 Batch 300/461 | Loss=0.065719 | diff=0.0585 | coarse=0.0908 | 67.9s
  Epoch 16 Batch 350/461 | Loss=0.048759 | diff=0.0454 | coarse=0.0424 | 77.6s
  Epoch 16 Batch 400/461 | Loss=0.061032 | diff=0.0563 | coarse=0.0586 | 90.0s
  Epoch 16 Batch 450/461 | Loss=0.068020 | diff=0.0630 | coarse=0.0629 | 103.0s
  Epoch 16 Batch 461/461 | Loss=0.019273 | diff=0.0173 | coarse=0.0246 | 105.8s
Epoch 16/120 | Loss=0.061720 | Val RMSE=12.1852 | Val MAE=9.9684 | Val MAPE=43.89% | LR=6.84e-04 | 250.2s
  [BEST] epoch=16, val_rmse=12.1852
[INFO] start epoch 17/120
  Epoch 17 Batch 50/461 | Loss=0.075264 | diff=0.0696 | coarse=0.0707 | 10.0s
  Epoch 17 Batch 100/461 | Loss=0.052269 | diff=0.0483 | coarse=0.0498 | 23.3s
  Epoch 17 Batch 150/461 | Loss=0.053516 | diff=0.0494 | coarse=0.0515 | 37.9s
  Epoch 17 Batch 200/461 | Loss=0.052041 | diff=0.0478 | coarse=0.0536 | 48.1s
  Epoch 17 Batch 250/461 | Loss=0.053836 | diff=0.0499 | coarse=0.0487 | 57.8s
  Epoch 17 Batch 300/461 | Loss=0.063833 | diff=0.0569 | coarse=0.0865 | 67.4s
  Epoch 17 Batch 350/461 | Loss=0.050257 | diff=0.0469 | coarse=0.0425 | 78.5s
  Epoch 17 Batch 400/461 | Loss=0.061636 | diff=0.0569 | coarse=0.0591 | 90.6s
  Epoch 17 Batch 450/461 | Loss=0.066785 | diff=0.0619 | coarse=0.0614 | 103.4s
  Epoch 17 Batch 461/461 | Loss=0.018459 | diff=0.0165 | coarse=0.0243 | 105.8s
Epoch 17/120 | Loss=0.060119 | Val RMSE=11.8186 | Val MAE=9.5355 | Val MAPE=41.17% | LR=6.81e-04 | 263.7s
  [BEST] epoch=17, val_rmse=11.8186
[INFO] start epoch 18/120
  Epoch 18 Batch 50/461 | Loss=0.070694 | diff=0.0653 | coarse=0.0677 | 13.0s
  Epoch 18 Batch 100/461 | Loss=0.050981 | diff=0.0470 | coarse=0.0501 | 23.6s
  Epoch 18 Batch 150/461 | Loss=0.053324 | diff=0.0492 | coarse=0.0510 | 33.4s
  Epoch 18 Batch 200/461 | Loss=0.057838 | diff=0.0528 | coarse=0.0625 | 43.8s
  Epoch 18 Batch 250/461 | Loss=0.059415 | diff=0.0553 | coarse=0.0512 | 56.6s
  Epoch 18 Batch 300/461 | Loss=0.065950 | diff=0.0589 | coarse=0.0876 | 68.5s
  Epoch 18 Batch 350/461 | Loss=0.059432 | diff=0.0556 | coarse=0.0479 | 79.3s
  Epoch 18 Batch 400/461 | Loss=0.070632 | diff=0.0653 | coarse=0.0661 | 89.0s
  Epoch 18 Batch 450/461 | Loss=0.064719 | diff=0.0600 | coarse=0.0593 | 98.6s
  Epoch 18 Batch 461/461 | Loss=0.017103 | diff=0.0157 | coarse=0.0180 | 100.7s
Epoch 18/120 | Loss=0.060920 | Val RMSE=12.1732 | Val MAE=9.9093 | Val MAPE=42.61% | LR=6.78e-04 | 241.6s
[INFO] start epoch 19/120
  Epoch 19 Batch 50/461 | Loss=0.070436 | diff=0.0650 | coarse=0.0682 | 14.2s
  Epoch 19 Batch 100/461 | Loss=0.051677 | diff=0.0475 | coarse=0.0525 | 23.8s
  Epoch 19 Batch 150/461 | Loss=0.054985 | diff=0.0506 | coarse=0.0547 | 33.6s
  Epoch 19 Batch 200/461 | Loss=0.066911 | diff=0.0616 | coarse=0.0667 | 43.2s
  Epoch 19 Batch 250/461 | Loss=0.069289 | diff=0.0649 | coarse=0.0544 | 55.1s
  [WARN] skip non-finite grad at epoch 19 batch 271
  Epoch 19 Batch 300/461 | Loss=0.066039 | diff=0.0585 | coarse=0.0940 | 67.3s
  Epoch 19 Batch 350/461 | Loss=0.057092 | diff=0.0530 | coarse=0.0512 | 79.3s
  Epoch 19 Batch 400/461 | Loss=0.064110 | diff=0.0591 | coarse=0.0626 | 89.4s
  Epoch 19 Batch 450/461 | Loss=0.062161 | diff=0.0577 | coarse=0.0558 | 99.8s
  Epoch 19 Batch 461/461 | Loss=0.018228 | diff=0.0168 | coarse=0.0184 | 101.9s
Epoch 19/120 | Loss=0.063595 | Val RMSE=13.5501 | Val MAE=11.4196 | Val MAPE=51.08% | LR=6.75e-04 | 241.0s
[INFO] start epoch 20/120
  Epoch 20 Batch 50/461 | Loss=0.081327 | diff=0.0756 | coarse=0.0721 | 12.9s
  Epoch 20 Batch 100/461 | Loss=0.048953 | diff=0.0452 | coarse=0.0465 | 22.5s
  Epoch 20 Batch 150/461 | Loss=0.052402 | diff=0.0483 | coarse=0.0515 | 32.1s
  Epoch 20 Batch 200/461 | Loss=0.063624 | diff=0.0582 | coarse=0.0682 | 41.8s
  Epoch 20 Batch 250/461 | Loss=0.050394 | diff=0.0464 | coarse=0.0500 | 52.9s
  Epoch 20 Batch 300/461 | Loss=0.059288 | diff=0.0523 | coarse=0.0873 | 64.4s
  Epoch 20 Batch 350/461 | Loss=0.049924 | diff=0.0461 | coarse=0.0481 | 76.7s
  Epoch 20 Batch 400/461 | Loss=0.061978 | diff=0.0572 | coarse=0.0592 | 89.0s
  Epoch 20 Batch 450/461 | Loss=0.061205 | diff=0.0566 | coarse=0.0574 | 100.3s
  Epoch 20 Batch 461/461 | Loss=0.017454 | diff=0.0162 | coarse=0.0161 | 103.0s
Epoch 20/120 | Loss=0.059017 | Val RMSE=11.7173 | Val MAE=9.3446 | Val MAPE=40.16% | LR=6.71e-04 | 238.3s
  [BEST] epoch=20, val_rmse=11.7173
[INFO] start epoch 21/120
  Epoch 21 Batch 50/461 | Loss=0.080881 | diff=0.0753 | coarse=0.0692 | 12.4s
  Epoch 21 Batch 100/461 | Loss=0.048549 | diff=0.0449 | coarse=0.0451 | 22.6s
  Epoch 21 Batch 150/461 | Loss=0.050285 | diff=0.0463 | coarse=0.0494 | 32.2s
  Epoch 21 Batch 200/461 | Loss=0.054156 | diff=0.0492 | coarse=0.0621 | 42.0s
  Epoch 21 Batch 250/461 | Loss=0.045642 | diff=0.0420 | coarse=0.0457 | 53.8s
  Epoch 21 Batch 300/461 | Loss=0.057488 | diff=0.0506 | coarse=0.0864 | 65.1s
  Epoch 21 Batch 350/461 | Loss=0.045844 | diff=0.0423 | coarse=0.0449 | 77.1s
  Epoch 21 Batch 400/461 | Loss=0.060258 | diff=0.0554 | coarse=0.0605 | 86.9s
  Epoch 21 Batch 450/461 | Loss=0.059201 | diff=0.0546 | coarse=0.0571 | 96.6s
  Epoch 21 Batch 461/461 | Loss=0.017219 | diff=0.0160 | coarse=0.0157 | 98.6s
Epoch 21/120 | Loss=0.056916 | Val RMSE=11.7539 | Val MAE=9.3504 | Val MAPE=40.59% | LR=6.67e-04 | 241.2s
[INFO] start epoch 22/120
  Epoch 22 Batch 50/461 | Loss=0.076803 | diff=0.0715 | coarse=0.0664 | 12.0s
  Epoch 22 Batch 100/461 | Loss=0.048778 | diff=0.0452 | coarse=0.0452 | 22.3s
  Epoch 22 Batch 150/461 | Loss=0.048623 | diff=0.0448 | coarse=0.0475 | 32.2s
  Epoch 22 Batch 200/461 | Loss=0.048565 | diff=0.0444 | coarse=0.0525 | 42.1s
  Epoch 22 Batch 250/461 | Loss=0.044433 | diff=0.0409 | coarse=0.0438 | 53.4s
  Epoch 22 Batch 300/461 | Loss=0.059014 | diff=0.0524 | coarse=0.0822 | 64.9s
  Epoch 22 Batch 350/461 | Loss=0.044780 | diff=0.0414 | coarse=0.0426 | 76.1s
  Epoch 22 Batch 400/461 | Loss=0.060504 | diff=0.0559 | coarse=0.0581 | 87.5s
  Epoch 22 Batch 450/461 | Loss=0.059626 | diff=0.0552 | coarse=0.0557 | 98.6s
  Epoch 22 Batch 461/461 | Loss=0.017882 | diff=0.0166 | coarse=0.0165 | 100.7s
Epoch 22/120 | Loss=0.056262 | Val RMSE=12.6420 | Val MAE=10.2515 | Val MAPE=45.69% | LR=6.63e-04 | 244.0s
[INFO] start epoch 23/120
  Epoch 23 Batch 50/461 | Loss=0.068322 | diff=0.0630 | coarse=0.0666 | 11.9s
  Epoch 23 Batch 100/461 | Loss=0.049647 | diff=0.0460 | coarse=0.0454 | 21.7s
  Epoch 23 Batch 150/461 | Loss=0.047535 | diff=0.0438 | coarse=0.0461 | 31.5s
  Epoch 23 Batch 200/461 | Loss=0.046626 | diff=0.0431 | coarse=0.0437 | 42.0s
  Epoch 23 Batch 250/461 | Loss=0.050967 | diff=0.0471 | coarse=0.0488 | 53.2s
  Epoch 23 Batch 300/461 | Loss=0.058358 | diff=0.0522 | coarse=0.0769 | 65.9s
  Epoch 23 Batch 350/461 | Loss=0.053134 | diff=0.0500 | coarse=0.0394 | 76.4s
  Epoch 23 Batch 400/461 | Loss=0.064363 | diff=0.0598 | coarse=0.0565 | 86.2s
  Epoch 23 Batch 450/461 | Loss=0.059016 | diff=0.0545 | coarse=0.0568 | 96.0s
  Epoch 23 Batch 461/461 | Loss=0.016037 | diff=0.0147 | coarse=0.0172 | 98.0s
Epoch 23/120 | Loss=0.056352 | Val RMSE=12.4582 | Val MAE=10.1381 | Val MAPE=44.52% | LR=6.59e-04 | 244.2s
[INFO] start epoch 24/120
  Epoch 24 Batch 50/461 | Loss=0.066674 | diff=0.0614 | coarse=0.0663 | 10.6s
  Epoch 24 Batch 100/461 | Loss=0.050299 | diff=0.0466 | coarse=0.0468 | 20.6s
  Epoch 24 Batch 150/461 | Loss=0.048828 | diff=0.0450 | coarse=0.0477 | 30.8s
  Epoch 24 Batch 200/461 | Loss=0.044781 | diff=0.0415 | coarse=0.0415 | 42.3s
  Epoch 24 Batch 250/461 | Loss=0.053469 | diff=0.0496 | coarse=0.0479 | 53.7s
  Epoch 24 Batch 300/461 | Loss=0.062516 | diff=0.0570 | coarse=0.0692 | 65.2s
  Epoch 24 Batch 350/461 | Loss=0.054704 | diff=0.0513 | coarse=0.0423 | 75.2s
  Epoch 24 Batch 400/461 | Loss=0.065707 | diff=0.0614 | coarse=0.0544 | 85.0s
  Epoch 24 Batch 450/461 | Loss=0.056660 | diff=0.0524 | coarse=0.0530 | 95.0s
  Epoch 24 Batch 461/461 | Loss=0.015042 | diff=0.0139 | coarse=0.0141 | 97.3s
Epoch 24/120 | Loss=0.056575 | Val RMSE=13.0414 | Val MAE=10.7654 | Val MAPE=47.08% | LR=6.54e-04 | 251.4s
[INFO] start epoch 25/120
  Epoch 25 Batch 50/461 | Loss=0.078197 | diff=0.0722 | coarse=0.0749 | 9.8s
  Epoch 25 Batch 100/461 | Loss=0.059568 | diff=0.0556 | coarse=0.0493 | 19.9s
  Epoch 25 Batch 150/461 | Loss=0.056140 | diff=0.0521 | coarse=0.0507 | 30.6s
  Epoch 25 Batch 200/461 | Loss=0.046591 | diff=0.0433 | coarse=0.0411 | 42.0s
  Epoch 25 Batch 250/461 | Loss=0.050660 | diff=0.0469 | coarse=0.0471 | 53.8s
  [WARN] skip non-finite grad at epoch 25 batch 268
  Epoch 25 Batch 300/461 | Loss=0.080987 | diff=0.0768 | coarse=0.0528 | 63.6s
  Epoch 25 Batch 350/461 | Loss=0.046295 | diff=0.0420 | coarse=0.0537 | 73.5s
  Epoch 25 Batch 400/461 | Loss=0.086598 | diff=0.0815 | coarse=0.0641 | 83.5s
  Epoch 25 Batch 450/461 | Loss=0.059751 | diff=0.0555 | coarse=0.0535 | 94.6s
  Epoch 25 Batch 461/461 | Loss=0.016141 | diff=0.0146 | coarse=0.0194 | 96.8s
Epoch 25/120 | Loss=0.059639 | Val RMSE=12.1200 | Val MAE=9.6086 | Val MAPE=41.31% | LR=6.49e-04 | 243.7s
[INFO] start epoch 26/120
  Epoch 26 Batch 50/461 | Loss=0.093625 | diff=0.0870 | coarse=0.0824 | 9.8s
  Epoch 26 Batch 100/461 | Loss=0.056971 | diff=0.0524 | coarse=0.0565 | 19.7s
  Epoch 26 Batch 150/461 | Loss=0.062568 | diff=0.0586 | coarse=0.0491 | 31.3s
  Epoch 26 Batch 200/461 | Loss=0.054982 | diff=0.0512 | coarse=0.0474 | 42.9s
  Epoch 26 Batch 250/461 | Loss=0.051198 | diff=0.0471 | coarse=0.0506 | 54.5s
  Epoch 26 Batch 300/461 | Loss=0.082067 | diff=0.0779 | coarse=0.0515 | 66.0s
  Epoch 26 Batch 350/461 | Loss=0.050344 | diff=0.0460 | coarse=0.0548 | 78.1s
  Epoch 26 Batch 400/461 | Loss=0.074034 | diff=0.0687 | coarse=0.0668 | 89.5s
  Epoch 26 Batch 450/461 | Loss=0.060658 | diff=0.0563 | coarse=0.0540 | 100.2s
  Epoch 26 Batch 461/461 | Loss=0.016338 | diff=0.0151 | coarse=0.0158 | 102.5s
Epoch 26/120 | Loss=0.059356 | Val RMSE=12.2659 | Val MAE=9.7994 | Val MAPE=42.48% | LR=6.44e-04 | 251.3s
[INFO] start epoch 27/120
  Epoch 27 Batch 50/461 | Loss=0.091729 | diff=0.0854 | coarse=0.0792 | 10.5s
  Epoch 27 Batch 100/461 | Loss=0.051309 | diff=0.0472 | coarse=0.0514 | 21.2s
  Epoch 27 Batch 150/461 | Loss=0.052714 | diff=0.0486 | coarse=0.0508 | 33.6s
  Epoch 27 Batch 200/461 | Loss=0.048935 | diff=0.0452 | coarse=0.0469 | 44.0s
  Epoch 27 Batch 250/461 | Loss=0.048973 | diff=0.0451 | coarse=0.0480 | 53.9s
  Epoch 27 Batch 300/461 | Loss=0.075323 | diff=0.0713 | coarse=0.0499 | 65.9s
  Epoch 27 Batch 350/461 | Loss=0.041314 | diff=0.0376 | coarse=0.0470 | 77.0s
  Epoch 27 Batch 400/461 | Loss=0.062619 | diff=0.0580 | coarse=0.0578 | 88.4s
  Epoch 27 Batch 450/461 | Loss=0.057360 | diff=0.0530 | coarse=0.0543 | 100.5s
  Epoch 27 Batch 461/461 | Loss=0.014615 | diff=0.0135 | coarse=0.0136 | 102.9s
Epoch 27/120 | Loss=0.056698 | Val RMSE=12.1008 | Val MAE=9.6262 | Val MAPE=40.92% | LR=6.39e-04 | 256.5s
[INFO] start epoch 28/120
  Epoch 28 Batch 50/461 | Loss=0.086276 | diff=0.0802 | coarse=0.0754 | 11.9s
  Epoch 28 Batch 100/461 | Loss=0.051274 | diff=0.0474 | coarse=0.0479 | 24.0s
  Epoch 28 Batch 150/461 | Loss=0.057531 | diff=0.0532 | coarse=0.0537 | 36.1s
  Epoch 28 Batch 200/461 | Loss=0.047790 | diff=0.0435 | coarse=0.0538 | 46.0s
  Epoch 28 Batch 250/461 | Loss=0.045108 | diff=0.0416 | coarse=0.0441 | 56.8s
  Epoch 28 Batch 300/461 | Loss=0.056525 | diff=0.0527 | coarse=0.0479 | 68.4s
  Epoch 28 Batch 350/461 | Loss=0.035592 | diff=0.0324 | coarse=0.0397 | 80.1s
  Epoch 28 Batch 400/461 | Loss=0.057580 | diff=0.0532 | coarse=0.0547 | 92.1s
  Epoch 28 Batch 450/461 | Loss=0.055924 | diff=0.0516 | coarse=0.0539 | 104.4s
  Epoch 28 Batch 461/461 | Loss=0.013516 | diff=0.0125 | coarse=0.0127 | 106.8s
Epoch 28/120 | Loss=0.054000 | Val RMSE=11.6804 | Val MAE=9.1118 | Val MAPE=38.00% | LR=6.33e-04 | 261.4s
  [BEST] epoch=28, val_rmse=11.6804
[INFO] start epoch 29/120
  Epoch 29 Batch 50/461 | Loss=0.082870 | diff=0.0765 | coarse=0.0790 | 13.8s
  Epoch 29 Batch 100/461 | Loss=0.056811 | diff=0.0525 | coarse=0.0536 | 24.3s
  Epoch 29 Batch 150/461 | Loss=0.065008 | diff=0.0603 | coarse=0.0583 | 34.6s
  Epoch 29 Batch 200/461 | Loss=0.045732 | diff=0.0415 | coarse=0.0526 | 45.7s
  Epoch 29 Batch 250/461 | Loss=0.046952 | diff=0.0434 | coarse=0.0448 | 57.1s
  Epoch 29 Batch 300/461 | Loss=0.049838 | diff=0.0461 | coarse=0.0473 | 68.5s
  Epoch 29 Batch 350/461 | Loss=0.036574 | diff=0.0337 | coarse=0.0359 | 79.9s
  Epoch 29 Batch 400/461 | Loss=0.054034 | diff=0.0498 | coarse=0.0525 | 91.6s
  Epoch 29 Batch 450/461 | Loss=0.053443 | diff=0.0494 | coarse=0.0510 | 101.5s
  Epoch 29 Batch 461/461 | Loss=0.013516 | diff=0.0125 | coarse=0.0124 | 103.6s
Epoch 29/120 | Loss=0.052372 | Val RMSE=11.2453 | Val MAE=8.5404 | Val MAPE=34.83% | LR=6.27e-04 | 238.2s
  [BEST] epoch=29, val_rmse=11.2453
[INFO] start epoch 30/120
  Epoch 30 Batch 50/461 | Loss=0.074635 | diff=0.0686 | coarse=0.0758 | 11.1s
  Epoch 30 Batch 100/461 | Loss=0.056008 | diff=0.0515 | coarse=0.0567 | 21.3s
  Epoch 30 Batch 150/461 | Loss=0.051938 | diff=0.0474 | coarse=0.0564 | 31.5s
  Epoch 30 Batch 200/461 | Loss=0.044501 | diff=0.0405 | coarse=0.0497 | 42.6s
  Epoch 30 Batch 250/461 | Loss=0.044594 | diff=0.0410 | coarse=0.0448 | 53.8s
  Epoch 30 Batch 300/461 | Loss=0.049396 | diff=0.0456 | coarse=0.0473 | 65.0s
  Epoch 30 Batch 350/461 | Loss=0.035385 | diff=0.0329 | coarse=0.0317 | 75.8s
  Epoch 30 Batch 400/461 | Loss=0.051794 | diff=0.0478 | coarse=0.0504 | 86.7s
  Epoch 30 Batch 450/461 | Loss=0.052698 | diff=0.0487 | coarse=0.0501 | 97.2s
  Epoch 30 Batch 461/461 | Loss=0.012922 | diff=0.0119 | coarse=0.0123 | 99.3s
Epoch 30/120 | Loss=0.050254 | Val RMSE=11.6423 | Val MAE=8.9342 | Val MAPE=36.20% | LR=6.21e-04 | 231.9s
[INFO] start epoch 31/120
  Epoch 31 Batch 50/461 | Loss=0.069120 | diff=0.0634 | coarse=0.0717 | 11.9s
  Epoch 31 Batch 100/461 | Loss=0.051566 | diff=0.0472 | coarse=0.0549 | 23.1s
  Epoch 31 Batch 150/461 | Loss=0.046565 | diff=0.0424 | coarse=0.0525 | 35.0s
  Epoch 31 Batch 200/461 | Loss=0.041919 | diff=0.0379 | coarse=0.0504 | 46.1s
  Epoch 31 Batch 250/461 | Loss=0.044539 | diff=0.0409 | coarse=0.0459 | 57.4s
  Epoch 31 Batch 300/461 | Loss=0.049610 | diff=0.0455 | coarse=0.0509 | 69.1s
  Epoch 31 Batch 350/461 | Loss=0.036082 | diff=0.0335 | coarse=0.0323 | 80.0s
  Epoch 31 Batch 400/461 | Loss=0.050698 | diff=0.0467 | coarse=0.0494 | 91.5s
  Epoch 31 Batch 450/461 | Loss=0.049729 | diff=0.0459 | coarse=0.0481 | 103.0s
  Epoch 31 Batch 461/461 | Loss=0.013464 | diff=0.0126 | coarse=0.0112 | 105.2s
Epoch 31/120 | Loss=0.048330 | Val RMSE=10.7862 | Val MAE=8.0215 | Val MAPE=32.68% | LR=6.15e-04 | 240.5s
  [BEST] epoch=31, val_rmse=10.7862
[INFO] start epoch 32/120
  Epoch 32 Batch 50/461 | Loss=0.060058 | diff=0.0548 | coarse=0.0654 | 11.8s
  Epoch 32 Batch 100/461 | Loss=0.052317 | diff=0.0479 | coarse=0.0549 | 22.0s
  Epoch 32 Batch 150/461 | Loss=0.045845 | diff=0.0420 | coarse=0.0485 | 31.9s
  Epoch 32 Batch 200/461 | Loss=0.039621 | diff=0.0357 | coarse=0.0487 | 42.1s
  Epoch 32 Batch 250/461 | Loss=0.045783 | diff=0.0420 | coarse=0.0471 | 53.9s
  Epoch 32 Batch 300/461 | Loss=0.050637 | diff=0.0458 | coarse=0.0600 | 65.0s
  Epoch 32 Batch 350/461 | Loss=0.032041 | diff=0.0296 | coarse=0.0305 | 76.3s
  Epoch 32 Batch 400/461 | Loss=0.052068 | diff=0.0480 | coarse=0.0503 | 88.0s
  Epoch 32 Batch 450/461 | Loss=0.049804 | diff=0.0459 | coarse=0.0493 | 99.6s
  Epoch 32 Batch 461/461 | Loss=0.013478 | diff=0.0125 | coarse=0.0116 | 101.7s
Epoch 32/120 | Loss=0.047680 | Val RMSE=11.3160 | Val MAE=8.6400 | Val MAPE=35.70% | LR=6.09e-04 | 248.9s
[INFO] start epoch 33/120
  Epoch 33 Batch 50/461 | Loss=0.059168 | diff=0.0544 | coarse=0.0592 | 9.9s
  Epoch 33 Batch 100/461 | Loss=0.048176 | diff=0.0443 | coarse=0.0485 | 20.0s
  Epoch 33 Batch 150/461 | Loss=0.044768 | diff=0.0414 | coarse=0.0421 | 29.9s
  Epoch 33 Batch 200/461 | Loss=0.040053 | diff=0.0368 | coarse=0.0408 | 41.5s
  Epoch 33 Batch 250/461 | Loss=0.041888 | diff=0.0384 | coarse=0.0440 | 52.8s
  Epoch 33 Batch 300/461 | Loss=0.051399 | diff=0.0462 | coarse=0.0651 | 64.4s
  Epoch 33 Batch 350/461 | Loss=0.032191 | diff=0.0296 | coarse=0.0329 | 75.7s
  Epoch 33 Batch 400/461 | Loss=0.052494 | diff=0.0485 | coarse=0.0498 | 86.4s
  Epoch 33 Batch 450/461 | Loss=0.050809 | diff=0.0467 | coarse=0.0508 | 96.8s
  Epoch 33 Batch 461/461 | Loss=0.013188 | diff=0.0123 | coarse=0.0117 | 98.9s
Epoch 33/120 | Loss=0.047387 | Val RMSE=11.2230 | Val MAE=8.6172 | Val MAPE=35.91% | LR=6.03e-04 | 229.8s
[INFO] start epoch 34/120
  Epoch 34 Batch 50/461 | Loss=0.056385 | diff=0.0519 | coarse=0.0555 | 11.7s
  Epoch 34 Batch 100/461 | Loss=0.046578 | diff=0.0430 | coarse=0.0451 | 21.6s
  Epoch 34 Batch 150/461 | Loss=0.043425 | diff=0.0402 | coarse=0.0408 | 31.6s
  [WARN] skip non-finite grad at epoch 34 batch 198
  Epoch 34 Batch 200/461 | Loss=0.047854 | diff=0.0445 | coarse=0.0416 | 41.9s
  Epoch 34 Batch 250/461 | Loss=0.041146 | diff=0.0379 | coarse=0.0401 | 53.6s
  Epoch 34 Batch 300/461 | Loss=0.054025 | diff=0.0487 | coarse=0.0663 | 65.1s
  Epoch 34 Batch 350/461 | Loss=0.031732 | diff=0.0293 | coarse=0.0309 | 76.7s
  Epoch 34 Batch 400/461 | Loss=0.064865 | diff=0.0605 | coarse=0.0543 | 88.6s
  Epoch 34 Batch 450/461 | Loss=0.054964 | diff=0.0507 | coarse=0.0532 | 100.1s
  Epoch 34 Batch 461/461 | Loss=0.011875 | diff=0.0109 | coarse=0.0121 | 102.4s
Epoch 34/120 | Loss=0.047713 | Val RMSE=11.3719 | Val MAE=8.7892 | Val MAPE=37.54% | LR=5.96e-04 | 241.6s
[INFO] start epoch 35/120
  Epoch 35 Batch 50/461 | Loss=0.058298 | diff=0.0538 | coarse=0.0568 | 11.1s
  Epoch 35 Batch 100/461 | Loss=0.046551 | diff=0.0430 | coarse=0.0443 | 20.9s
  Epoch 35 Batch 150/461 | Loss=0.045052 | diff=0.0417 | coarse=0.0423 | 30.7s
  Epoch 35 Batch 200/461 | Loss=0.040293 | diff=0.0373 | coarse=0.0377 | 40.6s
  Epoch 35 Batch 250/461 | Loss=0.045622 | diff=0.0420 | coarse=0.0449 | 52.4s
  Epoch 35 Batch 300/461 | Loss=0.054027 | diff=0.0488 | coarse=0.0654 | 63.9s
  Epoch 35 Batch 350/461 | Loss=0.030316 | diff=0.0277 | coarse=0.0328 | 74.4s
  Epoch 35 Batch 400/461 | Loss=0.076631 | diff=0.0706 | coarse=0.0757 | 85.5s
  Epoch 35 Batch 450/461 | Loss=0.070730 | diff=0.0660 | coarse=0.0597 | 96.5s
  Epoch 35 Batch 461/461 | Loss=0.013497 | diff=0.0126 | coarse=0.0112 | 99.5s
Epoch 35/120 | Loss=0.047859 | Val RMSE=11.3154 | Val MAE=8.7426 | Val MAPE=37.23% | LR=5.89e-04 | 231.5s
[INFO] start epoch 36/120
  Epoch 36 Batch 50/461 | Loss=0.054396 | diff=0.0501 | coarse=0.0531 | 12.0s
  Epoch 36 Batch 100/461 | Loss=0.046692 | diff=0.0432 | coarse=0.0437 | 22.3s
  Epoch 36 Batch 150/461 | Loss=0.042634 | diff=0.0394 | coarse=0.0409 | 32.4s
  Epoch 36 Batch 200/461 | Loss=0.038098 | diff=0.0351 | coarse=0.0378 | 42.5s
  Epoch 36 Batch 250/461 | Loss=0.043096 | diff=0.0397 | coarse=0.0428 | 53.6s
  Epoch 36 Batch 300/461 | Loss=0.055866 | diff=0.0516 | coarse=0.0529 | 65.5s
  Epoch 36 Batch 350/461 | Loss=0.030685 | diff=0.0281 | coarse=0.0324 | 77.0s
  Epoch 36 Batch 400/461 | Loss=0.057827 | diff=0.0524 | coarse=0.0679 | 88.3s
  Epoch 36 Batch 450/461 | Loss=0.058463 | diff=0.0541 | coarse=0.0550 | 99.3s
  Epoch 36 Batch 461/461 | Loss=0.017507 | diff=0.0165 | coarse=0.0120 | 101.4s
Epoch 36/120 | Loss=0.049397 | Val RMSE=11.5611 | Val MAE=8.8733 | Val MAPE=36.04% | LR=5.82e-04 | 228.3s
[INFO] start epoch 37/120
  Epoch 37 Batch 50/461 | Loss=0.057185 | diff=0.0528 | coarse=0.0545 | 11.0s
  Epoch 37 Batch 100/461 | Loss=0.046653 | diff=0.0430 | coarse=0.0459 | 22.9s
  Epoch 37 Batch 150/461 | Loss=0.041876 | diff=0.0382 | coarse=0.0464 | 33.5s
  Epoch 37 Batch 200/461 | Loss=0.039691 | diff=0.0367 | coarse=0.0375 | 43.5s
  Epoch 37 Batch 250/461 | Loss=0.039798 | diff=0.0365 | coarse=0.0413 | 53.3s
  Epoch 37 Batch 300/461 | Loss=0.050234 | diff=0.0468 | coarse=0.0429 | 64.0s
  Epoch 37 Batch 350/461 | Loss=0.036471 | diff=0.0335 | coarse=0.0367 | 75.4s
  Epoch 37 Batch 400/461 | Loss=0.050596 | diff=0.0468 | coarse=0.0477 | 86.6s
  Epoch 37 Batch 450/461 | Loss=0.049383 | diff=0.0453 | coarse=0.0506 | 97.3s
  Epoch 37 Batch 461/461 | Loss=0.012688 | diff=0.0118 | coarse=0.0109 | 99.9s
Epoch 37/120 | Loss=0.048128 | Val RMSE=13.3026 | Val MAE=10.8839 | Val MAPE=47.73% | LR=5.75e-04 | 236.9s
[INFO] start epoch 38/120
  Epoch 38 Batch 50/461 | Loss=0.053104 | diff=0.0489 | coarse=0.0521 | 11.1s
  Epoch 38 Batch 100/461 | Loss=0.044202 | diff=0.0404 | coarse=0.0476 | 22.5s
  Epoch 38 Batch 150/461 | Loss=0.038685 | diff=0.0353 | coarse=0.0420 | 33.0s
  Epoch 38 Batch 200/461 | Loss=0.043256 | diff=0.0397 | coarse=0.0447 | 45.1s
  Epoch 38 Batch 250/461 | Loss=0.037758 | diff=0.0347 | coarse=0.0380 | 57.0s
  Epoch 38 Batch 300/461 | Loss=0.053443 | diff=0.0498 | coarse=0.0455 | 68.5s
  Epoch 38 Batch 350/461 | Loss=0.031833 | diff=0.0293 | coarse=0.0315 | 79.4s
  [WARN] skip non-finite grad at epoch 38 batch 363
  Epoch 38 Batch 400/461 | Loss=0.051706 | diff=0.0479 | coarse=0.0477 | 90.2s
  Epoch 38 Batch 450/461 | Loss=0.058575 | diff=0.0529 | coarse=0.0710 | 101.1s
  Epoch 38 Batch 461/461 | Loss=0.010935 | diff=0.0100 | coarse=0.0122 | 103.3s
Epoch 38/120 | Loss=0.046821 | Val RMSE=12.8872 | Val MAE=10.4800 | Val MAPE=45.00% | LR=5.67e-04 | 248.8s
[INFO] start epoch 39/120
  Epoch 39 Batch 50/461 | Loss=0.057268 | diff=0.0528 | coarse=0.0552 | 11.5s
  Epoch 39 Batch 100/461 | Loss=0.045272 | diff=0.0412 | coarse=0.0513 | 23.9s
  Epoch 39 Batch 150/461 | Loss=0.037687 | diff=0.0347 | coarse=0.0377 | 33.4s
  Epoch 39 Batch 200/461 | Loss=0.042242 | diff=0.0381 | coarse=0.0523 | 43.3s
  Epoch 39 Batch 250/461 | Loss=0.038619 | diff=0.0354 | coarse=0.0401 | 53.1s
  Epoch 39 Batch 300/461 | Loss=0.047524 | diff=0.0435 | coarse=0.0501 | 64.5s
  Epoch 39 Batch 350/461 | Loss=0.035970 | diff=0.0336 | coarse=0.0296 | 76.1s
  Epoch 39 Batch 400/461 | Loss=0.050464 | diff=0.0468 | coarse=0.0464 | 88.4s
  Epoch 39 Batch 450/461 | Loss=0.066361 | diff=0.0591 | coarse=0.0909 | 100.1s
  Epoch 39 Batch 461/461 | Loss=0.014601 | diff=0.0133 | coarse=0.0157 | 102.7s
Epoch 39/120 | Loss=0.046065 | Val RMSE=12.8446 | Val MAE=10.3303 | Val MAPE=44.60% | LR=5.60e-04 | 240.9s
[INFO] start epoch 40/120
  Epoch 40 Batch 50/461 | Loss=0.056423 | diff=0.0518 | coarse=0.0574 | 12.4s
  Epoch 40 Batch 100/461 | Loss=0.043281 | diff=0.0393 | coarse=0.0501 | 24.6s
  Epoch 40 Batch 150/461 | Loss=0.040116 | diff=0.0373 | coarse=0.0355 | 36.2s
  Epoch 40 Batch 200/461 | Loss=0.040526 | diff=0.0366 | coarse=0.0486 | 46.0s
  Epoch 40 Batch 250/461 | Loss=0.039493 | diff=0.0359 | coarse=0.0447 | 56.9s
  Epoch 40 Batch 300/461 | Loss=0.046055 | diff=0.0421 | coarse=0.0494 | 68.8s
  Epoch 40 Batch 350/461 | Loss=0.035811 | diff=0.0334 | coarse=0.0299 | 79.9s
  Epoch 40 Batch 400/461 | Loss=0.049116 | diff=0.0451 | coarse=0.0500 | 91.8s
  Epoch 40 Batch 450/461 | Loss=0.065749 | diff=0.0579 | coarse=0.0986 | 102.4s
  Epoch 40 Batch 461/461 | Loss=0.017406 | diff=0.0158 | coarse=0.0205 | 104.8s
Epoch 40/120 | Loss=0.045927 | Val RMSE=13.1621 | Val MAE=10.7010 | Val MAPE=46.42% | LR=5.52e-04 | 243.4s
[INFO] start epoch 41/120
  Epoch 41 Batch 50/461 | Loss=0.058578 | diff=0.0543 | coarse=0.0537 | 12.5s
  Epoch 41 Batch 100/461 | Loss=0.045142 | diff=0.0412 | coarse=0.0497 | 23.5s
  Epoch 41 Batch 150/461 | Loss=0.038483 | diff=0.0356 | coarse=0.0366 | 33.4s
  Epoch 41 Batch 200/461 | Loss=0.035748 | diff=0.0327 | coarse=0.0381 | 43.4s
  Epoch 41 Batch 250/461 | Loss=0.038600 | diff=0.0350 | coarse=0.0453 | 54.6s
  Epoch 41 Batch 300/461 | Loss=0.047844 | diff=0.0439 | coarse=0.0490 | 65.4s
  Epoch 41 Batch 350/461 | Loss=0.030257 | diff=0.0275 | coarse=0.0341 | 76.8s
  Epoch 41 Batch 400/461 | Loss=0.049252 | diff=0.0444 | coarse=0.0602 | 87.1s
  [WARN] skip non-finite grad at epoch 41 batch 443
  Epoch 41 Batch 450/461 | Loss=0.075056 | diff=0.0695 | coarse=0.0697 | 97.9s
  Epoch 41 Batch 461/461 | Loss=0.016702 | diff=0.0157 | coarse=0.0129 | 100.0s
Epoch 41/120 | Loss=0.046523 | Val RMSE=10.9555 | Val MAE=8.3645 | Val MAPE=35.48% | LR=5.44e-04 | 241.7s
[INFO] start epoch 42/120
  Epoch 42 Batch 50/461 | Loss=0.059242 | diff=0.0543 | coarse=0.0615 | 12.5s
  Epoch 42 Batch 100/461 | Loss=0.043075 | diff=0.0391 | coarse=0.0492 | 22.9s
  Epoch 42 Batch 150/461 | Loss=0.036188 | diff=0.0333 | coarse=0.0358 | 32.5s
  Epoch 42 Batch 200/461 | Loss=0.034769 | diff=0.0320 | coarse=0.0341 | 42.3s
  Epoch 42 Batch 250/461 | Loss=0.036094 | diff=0.0330 | coarse=0.0381 | 52.2s
  Epoch 42 Batch 300/461 | Loss=0.047638 | diff=0.0443 | coarse=0.0413 | 64.1s
  Epoch 42 Batch 350/461 | Loss=0.031662 | diff=0.0284 | coarse=0.0411 | 75.3s
  Epoch 42 Batch 400/461 | Loss=0.048357 | diff=0.0436 | coarse=0.0597 | 86.9s
  Epoch 42 Batch 450/461 | Loss=0.055698 | diff=0.0515 | coarse=0.0521 | 98.3s
  Epoch 42 Batch 461/461 | Loss=0.017100 | diff=0.0162 | coarse=0.0111 | 100.6s
Epoch 42/120 | Loss=0.045389 | Val RMSE=11.1124 | Val MAE=8.4433 | Val MAPE=35.37% | LR=5.36e-04 | 250.3s
[INFO] start epoch 43/120
  Epoch 43 Batch 50/461 | Loss=0.057392 | diff=0.0527 | coarse=0.0591 | 11.5s
  Epoch 43 Batch 100/461 | Loss=0.043121 | diff=0.0393 | coarse=0.0480 | 21.1s
  Epoch 43 Batch 150/461 | Loss=0.038067 | diff=0.0352 | coarse=0.0354 | 30.9s
  Epoch 43 Batch 200/461 | Loss=0.034962 | diff=0.0322 | coarse=0.0344 | 40.7s
  Epoch 43 Batch 250/461 | Loss=0.036109 | diff=0.0332 | coarse=0.0360 | 51.7s
  Epoch 43 Batch 300/461 | Loss=0.047575 | diff=0.0443 | coarse=0.0407 | 62.5s
  Epoch 43 Batch 350/461 | Loss=0.030675 | diff=0.0271 | coarse=0.0445 | 74.9s
  Epoch 43 Batch 400/461 | Loss=0.052492 | diff=0.0487 | coarse=0.0472 | 85.8s
  Epoch 43 Batch 450/461 | Loss=0.052447 | diff=0.0485 | coarse=0.0489 | 97.0s
  Epoch 43 Batch 461/461 | Loss=0.019985 | diff=0.0189 | coarse=0.0135 | 99.0s
Epoch 43/120 | Loss=0.044920 | Val RMSE=11.8329 | Val MAE=9.1976 | Val MAPE=39.66% | LR=5.28e-04 | 251.3s
[INFO] start epoch 44/120
  Epoch 44 Batch 50/461 | Loss=0.062891 | diff=0.0578 | coarse=0.0633 | 9.8s
  Epoch 44 Batch 100/461 | Loss=0.043348 | diff=0.0395 | coarse=0.0478 | 19.8s
  Epoch 44 Batch 150/461 | Loss=0.037138 | diff=0.0342 | coarse=0.0361 | 30.7s
  Epoch 44 Batch 200/461 | Loss=0.033953 | diff=0.0312 | coarse=0.0342 | 41.9s
  Epoch 44 Batch 250/461 | Loss=0.039419 | diff=0.0363 | coarse=0.0389 | 53.3s
  Epoch 44 Batch 300/461 | Loss=0.041509 | diff=0.0382 | coarse=0.0411 | 63.7s
  Epoch 44 Batch 350/461 | Loss=0.029093 | diff=0.0262 | coarse=0.0362 | 74.3s
  Epoch 44 Batch 400/461 | Loss=0.053948 | diff=0.0505 | coarse=0.0433 | 85.9s
  Epoch 44 Batch 450/461 | Loss=0.052472 | diff=0.0488 | coarse=0.0455 | 95.4s
  Epoch 44 Batch 461/461 | Loss=0.017001 | diff=0.0157 | coarse=0.0165 | 97.4s
Epoch 44/120 | Loss=0.045437 | Val RMSE=11.6042 | Val MAE=9.0206 | Val MAPE=39.05% | LR=5.19e-04 | 247.6s
[INFO] start epoch 45/120
  Epoch 45 Batch 50/461 | Loss=0.063189 | diff=0.0584 | coarse=0.0596 | 11.1s
  Epoch 45 Batch 100/461 | Loss=0.042121 | diff=0.0385 | coarse=0.0452 | 23.1s
  Epoch 45 Batch 150/461 | Loss=0.035780 | diff=0.0329 | coarse=0.0355 | 35.3s
  Epoch 45 Batch 200/461 | Loss=0.034613 | diff=0.0317 | coarse=0.0369 | 45.9s
  Epoch 45 Batch 250/461 | Loss=0.036229 | diff=0.0329 | coarse=0.0418 | 57.6s
  Epoch 45 Batch 300/461 | Loss=0.041296 | diff=0.0381 | coarse=0.0400 | 69.1s
  Epoch 45 Batch 350/461 | Loss=0.032669 | diff=0.0304 | coarse=0.0284 | 80.4s
  Epoch 45 Batch 400/461 | Loss=0.065440 | diff=0.0616 | coarse=0.0482 | 89.9s
  Epoch 45 Batch 450/461 | Loss=0.051410 | diff=0.0474 | coarse=0.0503 | 99.4s
  Epoch 45 Batch 461/461 | Loss=0.016154 | diff=0.0147 | coarse=0.0186 | 101.4s
Epoch 45/120 | Loss=0.046325 | Val RMSE=11.6592 | Val MAE=8.9660 | Val MAPE=38.37% | LR=5.11e-04 | 262.3s
[INFO] start epoch 46/120
  Epoch 46 Batch 50/461 | Loss=0.054071 | diff=0.0498 | coarse=0.0528 | 11.2s
  Epoch 46 Batch 100/461 | Loss=0.042523 | diff=0.0389 | coarse=0.0447 | 22.2s
  Epoch 46 Batch 150/461 | Loss=0.036407 | diff=0.0335 | coarse=0.0368 | 33.6s
  Epoch 46 Batch 200/461 | Loss=0.035054 | diff=0.0321 | coarse=0.0365 | 45.3s
  Epoch 46 Batch 250/461 | Loss=0.038785 | diff=0.0354 | coarse=0.0418 | 56.9s
  Epoch 46 Batch 300/461 | Loss=0.042863 | diff=0.0394 | coarse=0.0433 | 66.5s
  Epoch 46 Batch 350/461 | Loss=0.033089 | diff=0.0309 | coarse=0.0274 | 76.4s
  Epoch 46 Batch 400/461 | Loss=0.045594 | diff=0.0420 | coarse=0.0454 | 87.2s
  [WARN] skip non-finite grad at epoch 46 batch 423
  Epoch 46 Batch 450/461 | Loss=0.075687 | diff=0.0710 | coarse=0.0580 | 97.7s
  Epoch 46 Batch 461/461 | Loss=0.016249 | diff=0.0148 | coarse=0.0187 | 99.7s
Epoch 46/120 | Loss=0.045304 | Val RMSE=11.6125 | Val MAE=8.9223 | Val MAPE=38.16% | LR=5.02e-04 | 259.2s
[EARLY STOP] patience=15, best_val_rmse=10.7862 at epoch 31
[INFO] PE-DiffWaveNet noleak training finished
{
  "split_mode": "noleak",
  "model_name": "PE-DiffWaveNet",
  "best_epoch": 31,
  "best_valid_rmse": 10.786211094022715,
  "best_valid_mae": 8.021544462251631,
  "best_valid_mape": 32.684523176218335,
  "test_rmse": 10.402597147289017,
  "test_mae": 7.804580010361398,
  "test_mape": 31.10666022736977,
  "relative_rmse": 2.537218816411955,
  "relative_mae": 1.9035561000881458,
  "train_scale_max": 410.0,
  "world_size": 1,
  "eval_inference_steps": 50,
  "eval_num_samples": 3,
  "eval_t_start_ratio": 0.25,
  "use_diffusion": 1,
  "use_pe_graph": 0,
  "use_pe_film": 1,
  "pe_source": "train",
  "pe_graph_alpha": 1.0,
  "pe_film_scale": 1.0,
  "pe_film_zero_init": 0,
  "normalize_pe_features": 1,
  "pe_shuffle_seed": -1,
  "pe_adaptive_loss": 0,
  "pe_loss_weight": 0.15,
  "pe_loss_start_step": 4,
  "pe_loss_normalize": 1,
  "per_step_rmse": [
    8.904869029792325,
    9.924086642800638,
    12.118493887228222
  ],
  "per_step_mae": [
    7.021089909835656,
    7.339626512788905,
    9.053023608459618
  ],
  "step4_6_rmse_avg": null,
  "peak_mode": "percentile",
  "peak_threshold": 64.99999910593033,
  "peak_count": 20819,
  "peak_ratio": 0.11135537013264869,
  "rmse_peak": 10.173697343667298,
  "mae_peak": 7.611730564561011
}
  Peak_mode      : percentile
  Peak_threshold : 65.00 μg/m³
  Peak_count     : 20819
  Peak_ratio     : 11.14%
  RMSE_peak      : 10.1737
  MAE_peak       : 7.6117
Per-step metrics:
  Step        RMSE         MAE
     1      8.9049      7.0211
     2      9.9241      7.3396
     3     12.1185      9.0530
[INFO] outputs: D:/shengchan/鑷哀棰勬祴璧勬枡\matrix_N95_PEDiffWaveNet_noleak_D02_s52-nograph-l12-p3
[INFO] weights: D:/shengchan/鑷哀棰勬祴璧勬枡\weights_N95/weights_pediffwavenet_noleak_D02_s52-nograph-l12-p3
