[INFO] PE-DiffWaveNet noleak training
[INFO] device=cuda, world_size=1
[INFO] output_dir=D:/shengchan/鑷哀棰勬祴璧勬枡\matrix_N95_PEDiffWaveNet_noleak_D08_s52-nofilm-l24-p3
[INFO] clean_room=1, pe_source=train, use_pe_graph=1, use_pe_film=0, use_diffusion=1, pe_graph_alpha=1.0, pe_film_scale=1.0, pe_film_zero_init=0, pe_shuffle_seed=-1, pe_adaptive_loss=0, pe_loss_weight=0.15
[INFO] loading meteorological data...
[INFO] loading met cache: D:/shengchan/鑷哀棰勬祴璧勬枡\matrix_N95\met_raw_aligned_cache.npz
[INFO] trainX=(7352, 24, 95, 15), trainY=(7352, 3, 95)
[INFO] validX=(643, 24, 95, 15), validY=(643, 3, 95)
[INFO] testX=(644, 24, 95, 15), testY=(644, 3, 95)
[INFO] train-only PE time range: {'start_idx': 0, 'end_idx': 7377, 'start_time': '2022-01-01 00:00:00', 'end_time': '2022-11-05 23:00:00', 'length': 7378}
[INFO] building PE features: nodes=95, scales=[6, 9, 12, 24, 48, 72], step=1
[INFO] PE feature progress: 20/95
[INFO] PE feature progress: 40/95
[INFO] PE feature progress: 60/95
[INFO] PE feature progress: 80/95
[INFO] PE feature progress: 95/95
[INFO] graph nnz: S=691, T=1570, PE=2293
[INFO] train batches/epoch=460, effective_batch=16
[INFO] model_params=614224
D:\shengchan\鑷哀棰勬祴璧勬枡\code\train_pediffwavenet_noleak.py:410: FutureWarning: `torch.cuda.amp.GradScaler(args...)` is deprecated. Please use `torch.amp.GradScaler('cuda', args...)` instead.
  scaler = torch.cuda.amp.GradScaler(enabled=use_amp)
[INFO] start epoch 1/120
  [WARN] skip non-finite grad at epoch 1 batch 1
  [WARN] skip non-finite grad at epoch 1 batch 2
  [WARN] skip non-finite grad at epoch 1 batch 3
  Epoch 1 Batch 50/460 | Loss=1.237513 | diff=0.9643 | coarse=3.4152 | 10.7s
  Epoch 1 Batch 100/460 | Loss=0.302659 | diff=0.2611 | coarse=0.5196 | 20.3s
  Epoch 1 Batch 150/460 | Loss=0.146949 | diff=0.1278 | coarse=0.2391 | 30.2s
  Epoch 1 Batch 200/460 | Loss=0.160484 | diff=0.1445 | coarse=0.1999 | 40.7s
  Epoch 1 Batch 250/460 | Loss=0.265203 | diff=0.2410 | coarse=0.3019 | 52.2s
  Epoch 1 Batch 300/460 | Loss=0.111199 | diff=0.1004 | coarse=0.1349 | 63.8s
  Epoch 1 Batch 350/460 | Loss=0.109050 | diff=0.0963 | coarse=0.1598 | 74.1s
  Epoch 1 Batch 400/460 | Loss=0.095573 | diff=0.0865 | coarse=0.1132 | 84.7s
  Epoch 1 Batch 450/460 | Loss=0.071897 | diff=0.0641 | coarse=0.0972 | 95.5s
  Epoch 1 Batch 460/460 | Loss=0.123892 | diff=0.1103 | coarse=0.1703 | 97.5s
Epoch 1/120 | Loss=0.556894 | Val RMSE=136.5099 | Val MAE=134.2051 | Val MAPE=605.61% | LR=2.80e-04 | 204.6s
  [BEST] epoch=1, val_rmse=136.5099
[INFO] start epoch 2/120
  Epoch 2 Batch 50/460 | Loss=0.108186 | diff=0.0990 | coarse=0.1143 | 10.4s
  Epoch 2 Batch 100/460 | Loss=0.108914 | diff=0.0991 | coarse=0.1230 | 19.6s
  Epoch 2 Batch 150/460 | Loss=0.087625 | diff=0.0808 | coarse=0.0858 | 29.3s
  Epoch 2 Batch 200/460 | Loss=0.100017 | diff=0.0922 | coarse=0.0977 | 38.8s
  Epoch 2 Batch 250/460 | Loss=0.086460 | diff=0.0800 | coarse=0.0801 | 50.6s
  Epoch 2 Batch 300/460 | Loss=0.093725 | diff=0.0860 | coarse=0.0962 | 61.7s
  Epoch 2 Batch 350/460 | Loss=0.136191 | diff=0.1286 | coarse=0.0948 | 74.1s
  Epoch 2 Batch 400/460 | Loss=0.202458 | diff=0.1929 | coarse=0.1192 | 85.5s
  Epoch 2 Batch 450/460 | Loss=0.079659 | diff=0.0743 | coarse=0.0666 | 95.6s
  Epoch 2 Batch 460/460 | Loss=0.035287 | diff=0.0324 | coarse=0.0359 | 97.4s
Epoch 2/120 | Loss=0.108810 | Val RMSE=126.3650 | Val MAE=124.3593 | Val MAPE=559.54% | LR=4.20e-04 | 193.8s
  [BEST] epoch=2, val_rmse=126.3650
[INFO] start epoch 3/120
  Epoch 3 Batch 50/460 | Loss=0.093276 | diff=0.0866 | coarse=0.0831 | 9.6s
  Epoch 3 Batch 100/460 | Loss=0.084919 | diff=0.0766 | coarse=0.1037 | 19.4s
  Epoch 3 Batch 150/460 | Loss=0.073283 | diff=0.0672 | coarse=0.0756 | 30.1s
  Epoch 3 Batch 200/460 | Loss=0.093677 | diff=0.0870 | coarse=0.0833 | 42.8s
  Epoch 3 Batch 250/460 | Loss=0.080219 | diff=0.0745 | coarse=0.0713 | 55.3s
  Epoch 3 Batch 300/460 | Loss=0.084810 | diff=0.0783 | coarse=0.0820 | 68.2s
  Epoch 3 Batch 350/460 | Loss=0.124485 | diff=0.1182 | coarse=0.0780 | 80.6s
  Epoch 3 Batch 400/460 | Loss=0.178309 | diff=0.1696 | coarse=0.1090 | 91.4s
  Epoch 3 Batch 450/460 | Loss=0.071672 | diff=0.0665 | coarse=0.0640 | 103.8s
  Epoch 3 Batch 460/460 | Loss=0.033085 | diff=0.0306 | coarse=0.0314 | 106.2s
Epoch 3/120 | Loss=0.098567 | Val RMSE=92.8087 | Val MAE=91.3550 | Val MAPE=411.80% | LR=5.60e-04 | 201.2s
  [BEST] epoch=3, val_rmse=92.8087
[INFO] start epoch 4/120
  Epoch 4 Batch 50/460 | Loss=0.085045 | diff=0.0793 | coarse=0.0716 | 12.0s
  Epoch 4 Batch 100/460 | Loss=0.081097 | diff=0.0737 | coarse=0.0923 | 24.2s
  Epoch 4 Batch 150/460 | Loss=0.065999 | diff=0.0599 | coarse=0.0760 | 35.2s
  Epoch 4 Batch 200/460 | Loss=0.086547 | diff=0.0805 | coarse=0.0753 | 44.7s
  Epoch 4 Batch 250/460 | Loss=0.095659 | diff=0.0898 | coarse=0.0730 | 54.2s
  Epoch 4 Batch 300/460 | Loss=0.082633 | diff=0.0765 | coarse=0.0772 | 64.5s
  Epoch 4 Batch 350/460 | Loss=0.112117 | diff=0.1065 | coarse=0.0707 | 76.5s
  Epoch 4 Batch 400/460 | Loss=0.162205 | diff=0.1535 | coarse=0.1093 | 88.8s
  Epoch 4 Batch 450/460 | Loss=0.067400 | diff=0.0623 | coarse=0.0633 | 100.3s
  Epoch 4 Batch 460/460 | Loss=0.031488 | diff=0.0291 | coarse=0.0295 | 103.0s
Epoch 4/120 | Loss=0.093442 | Val RMSE=67.1061 | Val MAE=65.8318 | Val MAPE=297.51% | LR=7.00e-04 | 212.8s
  [BEST] epoch=4, val_rmse=67.1061
[INFO] start epoch 5/120
  Epoch 5 Batch 50/460 | Loss=0.078854 | diff=0.0734 | coarse=0.0685 | 9.8s
  Epoch 5 Batch 100/460 | Loss=0.078220 | diff=0.0713 | coarse=0.0868 | 19.2s
  Epoch 5 Batch 150/460 | Loss=0.061955 | diff=0.0564 | coarse=0.0695 | 28.7s
  Epoch 5 Batch 200/460 | Loss=0.081183 | diff=0.0753 | coarse=0.0738 | 42.3s
  Epoch 5 Batch 250/460 | Loss=0.095616 | diff=0.0896 | coarse=0.0752 | 55.6s
  Epoch 5 Batch 300/460 | Loss=0.083787 | diff=0.0776 | coarse=0.0779 | 66.5s
  Epoch 5 Batch 350/460 | Loss=0.098713 | diff=0.0933 | coarse=0.0682 | 76.7s
  Epoch 5 Batch 400/460 | Loss=0.150057 | diff=0.1412 | coarse=0.1105 | 86.2s
  Epoch 5 Batch 450/460 | Loss=0.062900 | diff=0.0579 | coarse=0.0630 | 97.8s
  Epoch 5 Batch 460/460 | Loss=0.030182 | diff=0.0279 | coarse=0.0290 | 99.8s
Epoch 5/120 | Loss=0.089262 | Val RMSE=48.3639 | Val MAE=46.9510 | Val MAPE=208.54% | LR=7.00e-04 | 214.1s
  [BEST] epoch=5, val_rmse=48.3639
[INFO] start epoch 6/120
  Epoch 6 Batch 50/460 | Loss=0.075094 | diff=0.0699 | coarse=0.0651 | 9.5s
  Epoch 6 Batch 100/460 | Loss=0.072801 | diff=0.0662 | coarse=0.0821 | 18.9s
  Epoch 6 Batch 150/460 | Loss=0.060688 | diff=0.0547 | coarse=0.0753 | 28.3s
  Epoch 6 Batch 200/460 | Loss=0.073624 | diff=0.0679 | coarse=0.0709 | 37.9s
  Epoch 6 Batch 250/460 | Loss=0.078677 | diff=0.0732 | coarse=0.0686 | 47.3s
  Epoch 6 Batch 300/460 | Loss=0.081496 | diff=0.0752 | coarse=0.0781 | 57.5s
  Epoch 6 Batch 350/460 | Loss=0.088242 | diff=0.0829 | coarse=0.0663 | 70.6s
  Epoch 6 Batch 400/460 | Loss=0.129411 | diff=0.1213 | coarse=0.1014 | 84.9s
  Epoch 6 Batch 450/460 | Loss=0.059956 | diff=0.0552 | coarse=0.0599 | 94.4s
  Epoch 6 Batch 460/460 | Loss=0.028979 | diff=0.0268 | coarse=0.0275 | 96.2s
Epoch 6/120 | Loss=0.082957 | Val RMSE=30.7544 | Val MAE=28.5055 | Val MAPE=123.46% | LR=7.00e-04 | 196.4s
  [BEST] epoch=6, val_rmse=30.7544
[INFO] start epoch 7/120
  Epoch 7 Batch 50/460 | Loss=0.068698 | diff=0.0637 | coarse=0.0624 | 10.6s
  Epoch 7 Batch 100/460 | Loss=0.072050 | diff=0.0658 | coarse=0.0779 | 22.0s
  Epoch 7 Batch 150/460 | Loss=0.057802 | diff=0.0521 | coarse=0.0717 | 32.5s
  Epoch 7 Batch 200/460 | Loss=0.071132 | diff=0.0657 | coarse=0.0684 | 42.4s
  Epoch 7 Batch 250/460 | Loss=0.070372 | diff=0.0650 | coarse=0.0675 | 51.9s
  Epoch 7 Batch 300/460 | Loss=0.076369 | diff=0.0701 | coarse=0.0778 | 61.9s
  Epoch 7 Batch 350/460 | Loss=0.079357 | diff=0.0740 | coarse=0.0665 | 71.4s
  Epoch 7 Batch 400/460 | Loss=0.104237 | diff=0.0975 | coarse=0.0840 | 80.9s
  Epoch 7 Batch 450/460 | Loss=0.056518 | diff=0.0520 | coarse=0.0567 | 90.5s
  Epoch 7 Batch 460/460 | Loss=0.027632 | diff=0.0255 | coarse=0.0263 | 92.3s
Epoch 7/120 | Loss=0.076622 | Val RMSE=24.1946 | Val MAE=21.6506 | Val MAPE=91.88% | LR=6.99e-04 | 195.6s
  [BEST] epoch=7, val_rmse=24.1946
[INFO] start epoch 8/120
  Epoch 8 Batch 50/460 | Loss=0.065331 | diff=0.0605 | coarse=0.0602 | 9.9s
  Epoch 8 Batch 100/460 | Loss=0.078212 | diff=0.0714 | coarse=0.0855 | 19.7s
  Epoch 8 Batch 150/460 | Loss=0.056710 | diff=0.0510 | coarse=0.0711 | 30.9s
  Epoch 8 Batch 200/460 | Loss=0.070615 | diff=0.0654 | coarse=0.0658 | 41.1s
  Epoch 8 Batch 250/460 | Loss=0.068105 | diff=0.0628 | coarse=0.0667 | 52.8s
  Epoch 8 Batch 300/460 | Loss=0.073047 | diff=0.0671 | coarse=0.0741 | 64.2s
  Epoch 8 Batch 350/460 | Loss=0.072137 | diff=0.0671 | coarse=0.0635 | 76.4s
  Epoch 8 Batch 400/460 | Loss=0.092361 | diff=0.0861 | coarse=0.0777 | 87.1s
  Epoch 8 Batch 450/460 | Loss=0.052148 | diff=0.0480 | coarse=0.0516 | 96.8s
  Epoch 8 Batch 460/460 | Loss=0.026218 | diff=0.0242 | coarse=0.0255 | 98.6s
Epoch 8/120 | Loss=0.071542 | Val RMSE=22.6874 | Val MAE=20.3952 | Val MAPE=89.01% | LR=6.99e-04 | 202.7s
  [BEST] epoch=8, val_rmse=22.6874
[INFO] start epoch 9/120
  Epoch 9 Batch 50/460 | Loss=0.061514 | diff=0.0569 | coarse=0.0571 | 10.9s
  Epoch 9 Batch 100/460 | Loss=0.074464 | diff=0.0679 | coarse=0.0822 | 21.3s
  Epoch 9 Batch 150/460 | Loss=0.056058 | diff=0.0508 | coarse=0.0651 | 32.9s
  Epoch 9 Batch 200/460 | Loss=0.066668 | diff=0.0618 | coarse=0.0614 | 45.9s
  Epoch 9 Batch 250/460 | Loss=0.063039 | diff=0.0581 | coarse=0.0615 | 57.8s
  Epoch 9 Batch 300/460 | Loss=0.067949 | diff=0.0626 | coarse=0.0663 | 69.0s
  Epoch 9 Batch 350/460 | Loss=0.067317 | diff=0.0626 | coarse=0.0593 | 80.9s
  Epoch 9 Batch 400/460 | Loss=0.081314 | diff=0.0753 | coarse=0.0751 | 92.6s
  Epoch 9 Batch 450/460 | Loss=0.051940 | diff=0.0480 | coarse=0.0487 | 104.1s
  Epoch 9 Batch 460/460 | Loss=0.026175 | diff=0.0241 | coarse=0.0254 | 106.1s
Epoch 9/120 | Loss=0.067650 | Val RMSE=15.9806 | Val MAE=13.2994 | Val MAPE=55.24% | LR=6.98e-04 | 203.8s
  [BEST] epoch=9, val_rmse=15.9806
[INFO] start epoch 10/120
  Epoch 10 Batch 50/460 | Loss=0.058467 | diff=0.0540 | coarse=0.0558 | 11.5s
  Epoch 10 Batch 100/460 | Loss=0.070402 | diff=0.0644 | coarse=0.0753 | 20.8s
  Epoch 10 Batch 150/460 | Loss=0.054806 | diff=0.0496 | coarse=0.0655 | 30.3s
  Epoch 10 Batch 200/460 | Loss=0.066342 | diff=0.0614 | coarse=0.0615 | 40.6s
  Epoch 10 Batch 250/460 | Loss=0.059953 | diff=0.0553 | coarse=0.0587 | 52.8s
  Epoch 10 Batch 300/460 | Loss=0.064443 | diff=0.0595 | coarse=0.0622 | 64.6s
  Epoch 10 Batch 350/460 | Loss=0.066354 | diff=0.0618 | coarse=0.0571 | 77.3s
  Epoch 10 Batch 400/460 | Loss=0.073964 | diff=0.0685 | coarse=0.0687 | 89.3s
  Epoch 10 Batch 450/460 | Loss=0.050602 | diff=0.0469 | coarse=0.0460 | 101.0s
  Epoch 10 Batch 460/460 | Loss=0.026095 | diff=0.0241 | coarse=0.0249 | 103.5s
Epoch 10/120 | Loss=0.065044 | Val RMSE=16.8444 | Val MAE=14.2964 | Val MAPE=59.81% | LR=6.97e-04 | 210.3s
[INFO] start epoch 11/120
  Epoch 11 Batch 50/460 | Loss=0.056844 | diff=0.0524 | coarse=0.0549 | 10.1s
  Epoch 11 Batch 100/460 | Loss=0.069398 | diff=0.0636 | coarse=0.0730 | 21.6s
  Epoch 11 Batch 150/460 | Loss=0.054675 | diff=0.0495 | coarse=0.0646 | 33.6s
  Epoch 11 Batch 200/460 | Loss=0.068842 | diff=0.0638 | coarse=0.0626 | 43.7s
  Epoch 11 Batch 250/460 | Loss=0.060262 | diff=0.0559 | coarse=0.0544 | 53.2s
  Epoch 11 Batch 300/460 | Loss=0.069435 | diff=0.0641 | coarse=0.0667 | 63.0s
  Epoch 11 Batch 350/460 | Loss=0.064887 | diff=0.0603 | coarse=0.0569 | 74.7s
  Epoch 11 Batch 400/460 | Loss=0.069935 | diff=0.0650 | coarse=0.0619 | 87.0s
  Epoch 11 Batch 450/460 | Loss=0.049840 | diff=0.0460 | coarse=0.0482 | 98.1s
  Epoch 11 Batch 460/460 | Loss=0.025323 | diff=0.0234 | coarse=0.0246 | 100.0s
Epoch 11/120 | Loss=0.064204 | Val RMSE=15.1223 | Val MAE=12.7301 | Val MAPE=54.65% | LR=6.95e-04 | 198.0s
  [BEST] epoch=11, val_rmse=15.1223
[INFO] start epoch 12/120
  Epoch 12 Batch 50/460 | Loss=0.057839 | diff=0.0531 | coarse=0.0588 | 9.6s
  Epoch 12 Batch 100/460 | Loss=0.070297 | diff=0.0641 | coarse=0.0772 | 19.1s
  Epoch 12 Batch 150/460 | Loss=0.058343 | diff=0.0526 | coarse=0.0721 | 28.9s
  Epoch 12 Batch 200/460 | Loss=0.069937 | diff=0.0649 | coarse=0.0625 | 38.6s
  Epoch 12 Batch 250/460 | Loss=0.064904 | diff=0.0602 | coarse=0.0582 | 48.2s
  Epoch 12 Batch 300/460 | Loss=0.080685 | diff=0.0750 | coarse=0.0716 | 61.3s
  Epoch 12 Batch 350/460 | Loss=0.074283 | diff=0.0699 | coarse=0.0553 | 75.0s
  Epoch 12 Batch 400/460 | Loss=0.069743 | diff=0.0649 | coarse=0.0611 | 85.5s
  Epoch 12 Batch 450/460 | Loss=0.049651 | diff=0.0453 | coarse=0.0543 | 95.4s
  Epoch 12 Batch 460/460 | Loss=0.023750 | diff=0.0219 | coarse=0.0236 | 97.4s
Epoch 12/120 | Loss=0.064548 | Val RMSE=17.8275 | Val MAE=15.6788 | Val MAPE=69.95% | LR=6.94e-04 | 205.2s
[INFO] start epoch 13/120
  Epoch 13 Batch 50/460 | Loss=0.067341 | diff=0.0618 | coarse=0.0689 | 11.1s
  Epoch 13 Batch 100/460 | Loss=0.070194 | diff=0.0647 | coarse=0.0685 | 21.1s
  Epoch 13 Batch 150/460 | Loss=0.062634 | diff=0.0577 | coarse=0.0618 | 30.9s
  Epoch 13 Batch 200/460 | Loss=0.067912 | diff=0.0631 | coarse=0.0601 | 40.5s
  Epoch 13 Batch 250/460 | Loss=0.063650 | diff=0.0590 | coarse=0.0586 | 50.2s
  Epoch 13 Batch 300/460 | Loss=0.089579 | diff=0.0837 | coarse=0.0733 | 59.6s
  Epoch 13 Batch 350/460 | Loss=0.081367 | diff=0.0765 | coarse=0.0613 | 69.3s
  Epoch 13 Batch 400/460 | Loss=0.062731 | diff=0.0582 | coarse=0.0565 | 78.8s
  Epoch 13 Batch 450/460 | Loss=0.048936 | diff=0.0450 | coarse=0.0497 | 89.9s
  Epoch 13 Batch 460/460 | Loss=0.024282 | diff=0.0224 | coarse=0.0235 | 92.6s
Epoch 13/120 | Loss=0.064039 | Val RMSE=15.0776 | Val MAE=12.8453 | Val MAPE=56.33% | LR=6.92e-04 | 211.1s
  [BEST] epoch=13, val_rmse=15.0776
[INFO] start epoch 14/120
  Epoch 14 Batch 50/460 | Loss=0.056699 | diff=0.0523 | coarse=0.0554 | 10.3s
  Epoch 14 Batch 100/460 | Loss=0.071798 | diff=0.0664 | coarse=0.0679 | 20.2s
  Epoch 14 Batch 150/460 | Loss=0.057777 | diff=0.0532 | coarse=0.0575 | 31.1s
  Epoch 14 Batch 200/460 | Loss=0.066532 | diff=0.0619 | coarse=0.0579 | 43.2s
  Epoch 14 Batch 250/460 | Loss=0.068935 | diff=0.0645 | coarse=0.0559 | 53.7s
  Epoch 14 Batch 300/460 | Loss=0.080803 | diff=0.0754 | coarse=0.0670 | 63.3s
  Epoch 14 Batch 350/460 | Loss=0.070573 | diff=0.0661 | coarse=0.0559 | 73.4s
  Epoch 14 Batch 400/460 | Loss=0.060328 | diff=0.0556 | coarse=0.0597 | 83.7s
  Epoch 14 Batch 450/460 | Loss=0.047614 | diff=0.0439 | coarse=0.0464 | 93.3s
  Epoch 14 Batch 460/460 | Loss=0.025206 | diff=0.0234 | coarse=0.0229 | 95.1s
Epoch 14/120 | Loss=0.061480 | Val RMSE=18.1828 | Val MAE=16.0993 | Val MAPE=72.17% | LR=6.89e-04 | 203.8s
[INFO] start epoch 15/120
  Epoch 15 Batch 50/460 | Loss=0.056810 | diff=0.0526 | coarse=0.0530 | 12.1s
  Epoch 15 Batch 100/460 | Loss=0.067342 | diff=0.0621 | coarse=0.0656 | 24.8s
  Epoch 15 Batch 150/460 | Loss=0.050022 | diff=0.0457 | coarse=0.0535 | 36.6s
  Epoch 15 Batch 200/460 | Loss=0.064268 | diff=0.0596 | coarse=0.0585 | 47.9s
  Epoch 15 Batch 250/460 | Loss=0.069311 | diff=0.0648 | coarse=0.0559 | 61.1s
  Epoch 15 Batch 300/460 | Loss=0.068312 | diff=0.0634 | coarse=0.0616 | 72.0s
  Epoch 15 Batch 350/460 | Loss=0.058010 | diff=0.0539 | coarse=0.0519 | 84.3s
  Epoch 15 Batch 400/460 | Loss=0.059046 | diff=0.0540 | coarse=0.0636 | 94.0s
  Epoch 15 Batch 450/460 | Loss=0.047309 | diff=0.0435 | coarse=0.0480 | 103.7s
  Epoch 15 Batch 460/460 | Loss=0.023960 | diff=0.0221 | coarse=0.0228 | 105.5s
Epoch 15/120 | Loss=0.059058 | Val RMSE=17.7503 | Val MAE=15.5561 | Val MAPE=68.65% | LR=6.87e-04 | 208.1s
[INFO] start epoch 16/120
  Epoch 16 Batch 50/460 | Loss=0.057836 | diff=0.0536 | coarse=0.0534 | 11.9s
  Epoch 16 Batch 100/460 | Loss=0.065047 | diff=0.0593 | coarse=0.0716 | 23.9s
  Epoch 16 Batch 150/460 | Loss=0.050214 | diff=0.0462 | coarse=0.0506 | 36.2s
  Epoch 16 Batch 200/460 | Loss=0.068142 | diff=0.0631 | coarse=0.0631 | 49.3s
  Epoch 16 Batch 250/460 | Loss=0.061281 | diff=0.0571 | coarse=0.0524 | 60.8s
  Epoch 16 Batch 300/460 | Loss=0.063241 | diff=0.0585 | coarse=0.0592 | 72.9s
  Epoch 16 Batch 350/460 | Loss=0.054684 | diff=0.0506 | coarse=0.0510 | 85.1s
  Epoch 16 Batch 400/460 | Loss=0.062245 | diff=0.0568 | coarse=0.0679 | 96.3s
  Epoch 16 Batch 450/460 | Loss=0.046132 | diff=0.0422 | coarse=0.0491 | 107.0s
  Epoch 16 Batch 460/460 | Loss=0.023309 | diff=0.0215 | coarse=0.0226 | 109.1s
Epoch 16/120 | Loss=0.057556 | Val RMSE=14.3327 | Val MAE=11.9259 | Val MAPE=51.39% | LR=6.84e-04 | 210.6s
  [BEST] epoch=16, val_rmse=14.3327
[INFO] start epoch 17/120
  Epoch 17 Batch 50/460 | Loss=0.054334 | diff=0.0501 | coarse=0.0525 | 9.3s
  Epoch 17 Batch 100/460 | Loss=0.066568 | diff=0.0602 | coarse=0.0801 | 18.8s
  Epoch 17 Batch 150/460 | Loss=0.056337 | diff=0.0523 | coarse=0.0499 | 28.5s
  Epoch 17 Batch 200/460 | Loss=0.070558 | diff=0.0654 | coarse=0.0639 | 40.7s
  Epoch 17 Batch 250/460 | Loss=0.056301 | diff=0.0523 | coarse=0.0502 | 52.3s
  Epoch 17 Batch 300/460 | Loss=0.059170 | diff=0.0546 | coarse=0.0565 | 64.1s
  Epoch 17 Batch 350/460 | Loss=0.057341 | diff=0.0531 | coarse=0.0531 | 77.4s
  Epoch 17 Batch 400/460 | Loss=0.072271 | diff=0.0656 | coarse=0.0836 | 90.2s
  Epoch 17 Batch 450/460 | Loss=0.044172 | diff=0.0408 | coarse=0.0424 | 101.0s
  Epoch 17 Batch 460/460 | Loss=0.022447 | diff=0.0207 | coarse=0.0220 | 102.9s
Epoch 17/120 | Loss=0.057637 | Val RMSE=11.1805 | Val MAE=8.7480 | Val MAPE=37.01% | LR=6.81e-04 | 203.8s
  [BEST] epoch=17, val_rmse=11.1805
[INFO] start epoch 18/120
  Epoch 18 Batch 50/460 | Loss=0.050964 | diff=0.0470 | coarse=0.0499 | 11.9s
  Epoch 18 Batch 100/460 | Loss=0.067284 | diff=0.0606 | coarse=0.0829 | 25.2s
  Epoch 18 Batch 150/460 | Loss=0.062566 | diff=0.0583 | coarse=0.0528 | 37.2s
  Epoch 18 Batch 200/460 | Loss=0.073752 | diff=0.0671 | coarse=0.0835 | 47.1s
  Epoch 18 Batch 250/460 | Loss=0.053604 | diff=0.0497 | coarse=0.0485 | 56.6s
  Epoch 18 Batch 300/460 | Loss=0.062926 | diff=0.0579 | coarse=0.0631 | 66.1s
  Epoch 18 Batch 350/460 | Loss=0.063084 | diff=0.0590 | coarse=0.0512 | 79.3s
  Epoch 18 Batch 400/460 | Loss=0.068318 | diff=0.0624 | coarse=0.0742 | 91.7s
  Epoch 18 Batch 450/460 | Loss=0.051452 | diff=0.0478 | coarse=0.0456 | 104.1s
  Epoch 18 Batch 460/460 | Loss=0.025235 | diff=0.0233 | coarse=0.0237 | 106.1s
Epoch 18/120 | Loss=0.058472 | Val RMSE=10.6058 | Val MAE=8.1594 | Val MAPE=34.97% | LR=6.78e-04 | 209.2s
  [BEST] epoch=18, val_rmse=10.6058
[INFO] start epoch 19/120
  Epoch 19 Batch 50/460 | Loss=0.062451 | diff=0.0581 | coarse=0.0540 | 9.3s
  [WARN] skip non-finite grad at epoch 19 batch 68
  Epoch 19 Batch 100/460 | Loss=0.076770 | diff=0.0702 | coarse=0.0824 | 18.6s
  Epoch 19 Batch 150/460 | Loss=0.066563 | diff=0.0625 | coarse=0.0513 | 28.5s
  Epoch 19 Batch 200/460 | Loss=0.060229 | diff=0.0539 | coarse=0.0791 | 38.8s
  Epoch 19 Batch 250/460 | Loss=0.053466 | diff=0.0491 | coarse=0.0547 | 52.4s
  Epoch 19 Batch 300/460 | Loss=0.062872 | diff=0.0572 | coarse=0.0712 | 65.9s
  Epoch 19 Batch 350/460 | Loss=0.063180 | diff=0.0586 | coarse=0.0576 | 75.4s
  Epoch 19 Batch 400/460 | Loss=0.061007 | diff=0.0557 | coarse=0.0664 | 85.0s
  Epoch 19 Batch 450/460 | Loss=0.049067 | diff=0.0451 | coarse=0.0498 | 94.9s
  Epoch 19 Batch 460/460 | Loss=0.023658 | diff=0.0216 | coarse=0.0262 | 97.0s
Epoch 19/120 | Loss=0.060373 | Val RMSE=11.1564 | Val MAE=8.6444 | Val MAPE=37.17% | LR=6.75e-04 | 207.3s
[INFO] start epoch 20/120
  Epoch 20 Batch 50/460 | Loss=0.057169 | diff=0.0527 | coarse=0.0558 | 11.3s
  Epoch 20 Batch 100/460 | Loss=0.070128 | diff=0.0636 | coarse=0.0816 | 21.5s
  Epoch 20 Batch 150/460 | Loss=0.055440 | diff=0.0515 | coarse=0.0490 | 31.1s
  Epoch 20 Batch 200/460 | Loss=0.058460 | diff=0.0537 | coarse=0.0597 | 40.5s
  Epoch 20 Batch 250/460 | Loss=0.050745 | diff=0.0465 | coarse=0.0532 | 50.0s
  Epoch 20 Batch 300/460 | Loss=0.061062 | diff=0.0570 | coarse=0.0513 | 59.6s
  Epoch 20 Batch 350/460 | Loss=0.055881 | diff=0.0517 | coarse=0.0524 | 69.3s
  Epoch 20 Batch 400/460 | Loss=0.055693 | diff=0.0509 | coarse=0.0598 | 83.1s
  Epoch 20 Batch 450/460 | Loss=0.044417 | diff=0.0412 | coarse=0.0407 | 96.3s
  Epoch 20 Batch 460/460 | Loss=0.023187 | diff=0.0213 | coarse=0.0242 | 98.5s
Epoch 20/120 | Loss=0.058123 | Val RMSE=11.2396 | Val MAE=8.5679 | Val MAPE=36.30% | LR=6.71e-04 | 199.9s
[INFO] start epoch 21/120
  Epoch 21 Batch 50/460 | Loss=0.054776 | diff=0.0507 | coarse=0.0512 | 11.0s
  Epoch 21 Batch 100/460 | Loss=0.063048 | diff=0.0578 | coarse=0.0660 | 21.3s
  Epoch 21 Batch 150/460 | Loss=0.052272 | diff=0.0484 | coarse=0.0487 | 33.9s
  Epoch 21 Batch 200/460 | Loss=0.056238 | diff=0.0518 | coarse=0.0551 | 46.5s
  Epoch 21 Batch 250/460 | Loss=0.050490 | diff=0.0468 | coarse=0.0460 | 55.9s
  Epoch 21 Batch 300/460 | Loss=0.059012 | diff=0.0550 | coarse=0.0503 | 66.0s
  Epoch 21 Batch 350/460 | Loss=0.054367 | diff=0.0503 | coarse=0.0504 | 75.5s
  Epoch 21 Batch 400/460 | Loss=0.052221 | diff=0.0479 | coarse=0.0536 | 85.4s
  Epoch 21 Batch 450/460 | Loss=0.043715 | diff=0.0406 | coarse=0.0391 | 95.0s
  Epoch 21 Batch 460/460 | Loss=0.023652 | diff=0.0219 | coarse=0.0216 | 96.8s
Epoch 21/120 | Loss=0.054749 | Val RMSE=12.7224 | Val MAE=9.9079 | Val MAPE=42.64% | LR=6.67e-04 | 206.5s
[INFO] start epoch 22/120
  Epoch 22 Batch 50/460 | Loss=0.050497 | diff=0.0468 | coarse=0.0463 | 10.7s
  Epoch 22 Batch 100/460 | Loss=0.062665 | diff=0.0580 | coarse=0.0578 | 23.4s
  Epoch 22 Batch 150/460 | Loss=0.049861 | diff=0.0462 | coarse=0.0455 | 33.9s
  Epoch 22 Batch 200/460 | Loss=0.055586 | diff=0.0512 | coarse=0.0544 | 45.7s
  Epoch 22 Batch 250/460 | Loss=0.050086 | diff=0.0465 | coarse=0.0452 | 56.6s
  Epoch 22 Batch 300/460 | Loss=0.059194 | diff=0.0551 | coarse=0.0514 | 67.7s
  Epoch 22 Batch 350/460 | Loss=0.055193 | diff=0.0511 | coarse=0.0506 | 78.6s
  Epoch 22 Batch 400/460 | Loss=0.050560 | diff=0.0465 | coarse=0.0509 | 88.4s
  Epoch 22 Batch 450/460 | Loss=0.042114 | diff=0.0391 | coarse=0.0376 | 97.9s
  Epoch 22 Batch 460/460 | Loss=0.024821 | diff=0.0232 | coarse=0.0203 | 99.7s
Epoch 22/120 | Loss=0.052682 | Val RMSE=11.8492 | Val MAE=8.9986 | Val MAPE=38.89% | LR=6.63e-04 | 202.4s
[INFO] start epoch 23/120
  Epoch 23 Batch 50/460 | Loss=0.048627 | diff=0.0450 | coarse=0.0455 | 10.8s
  Epoch 23 Batch 100/460 | Loss=0.057820 | diff=0.0534 | coarse=0.0553 | 23.6s
  Epoch 23 Batch 150/460 | Loss=0.051395 | diff=0.0477 | coarse=0.0457 | 35.5s
  Epoch 23 Batch 200/460 | Loss=0.053723 | diff=0.0494 | coarse=0.0542 | 48.3s
  Epoch 23 Batch 250/460 | Loss=0.049402 | diff=0.0459 | coarse=0.0443 | 60.7s
  Epoch 23 Batch 300/460 | Loss=0.054943 | diff=0.0510 | coarse=0.0491 | 71.5s
  Epoch 23 Batch 350/460 | Loss=0.053001 | diff=0.0487 | coarse=0.0538 | 82.1s
  Epoch 23 Batch 400/460 | Loss=0.050342 | diff=0.0463 | coarse=0.0502 | 93.8s
  Epoch 23 Batch 450/460 | Loss=0.040135 | diff=0.0372 | coarse=0.0371 | 104.6s
  Epoch 23 Batch 460/460 | Loss=0.024822 | diff=0.0232 | coarse=0.0208 | 106.7s
Epoch 23/120 | Loss=0.051005 | Val RMSE=11.4800 | Val MAE=8.6198 | Val MAPE=36.76% | LR=6.59e-04 | 209.2s
[INFO] start epoch 24/120
  Epoch 24 Batch 50/460 | Loss=0.047428 | diff=0.0437 | coarse=0.0468 | 9.5s
  Epoch 24 Batch 100/460 | Loss=0.055868 | diff=0.0514 | coarse=0.0556 | 18.9s
  Epoch 24 Batch 150/460 | Loss=0.052679 | diff=0.0490 | coarse=0.0456 | 28.3s
  Epoch 24 Batch 200/460 | Loss=0.053315 | diff=0.0486 | coarse=0.0588 | 40.3s
  Epoch 24 Batch 250/460 | Loss=0.047331 | diff=0.0438 | coarse=0.0436 | 52.4s
  Epoch 24 Batch 300/460 | Loss=0.056628 | diff=0.0526 | coarse=0.0506 | 63.0s
  Epoch 24 Batch 350/460 | Loss=0.053346 | diff=0.0484 | coarse=0.0618 | 72.7s
  Epoch 24 Batch 400/460 | Loss=0.052363 | diff=0.0482 | coarse=0.0519 | 82.2s
  Epoch 24 Batch 450/460 | Loss=0.041225 | diff=0.0382 | coarse=0.0373 | 91.9s
  Epoch 24 Batch 460/460 | Loss=0.023645 | diff=0.0220 | coarse=0.0206 | 93.8s
Epoch 24/120 | Loss=0.050418 | Val RMSE=10.3750 | Val MAE=7.4551 | Val MAPE=30.88% | LR=6.54e-04 | 198.2s
  [BEST] epoch=24, val_rmse=10.3750
[INFO] start epoch 25/120
  Epoch 25 Batch 50/460 | Loss=0.046820 | diff=0.0430 | coarse=0.0475 | 10.1s
  Epoch 25 Batch 100/460 | Loss=0.054942 | diff=0.0503 | coarse=0.0582 | 22.3s
  Epoch 25 Batch 150/460 | Loss=0.055131 | diff=0.0516 | coarse=0.0443 | 35.3s
  Epoch 25 Batch 200/460 | Loss=0.055124 | diff=0.0499 | coarse=0.0656 | 47.3s
  Epoch 25 Batch 250/460 | Loss=0.047345 | diff=0.0439 | coarse=0.0432 | 57.8s
  Epoch 25 Batch 300/460 | Loss=0.067116 | diff=0.0624 | coarse=0.0592 | 68.5s
  Epoch 25 Batch 350/460 | Loss=0.056444 | diff=0.0518 | coarse=0.0586 | 79.6s
  Epoch 25 Batch 400/460 | Loss=0.052240 | diff=0.0480 | coarse=0.0529 | 91.1s
  Epoch 25 Batch 450/460 | Loss=0.044174 | diff=0.0411 | coarse=0.0389 | 102.6s
  Epoch 25 Batch 460/460 | Loss=0.021919 | diff=0.0203 | coarse=0.0202 | 104.7s
Epoch 25/120 | Loss=0.050352 | Val RMSE=10.1701 | Val MAE=7.4490 | Val MAPE=31.07% | LR=6.49e-04 | 209.1s
  [BEST] epoch=25, val_rmse=10.1701
[INFO] start epoch 26/120
  Epoch 26 Batch 50/460 | Loss=0.048692 | diff=0.0450 | coarse=0.0464 | 9.5s
  Epoch 26 Batch 100/460 | Loss=0.055809 | diff=0.0510 | coarse=0.0602 | 19.1s
  Epoch 26 Batch 150/460 | Loss=0.050553 | diff=0.0471 | coarse=0.0430 | 28.6s
  Epoch 26 Batch 200/460 | Loss=0.053515 | diff=0.0477 | coarse=0.0724 | 38.2s
  Epoch 26 Batch 250/460 | Loss=0.045307 | diff=0.0418 | coarse=0.0439 | 48.9s
  Epoch 26 Batch 300/460 | Loss=0.060304 | diff=0.0550 | coarse=0.0657 | 61.5s
  Epoch 26 Batch 350/460 | Loss=0.050806 | diff=0.0469 | coarse=0.0486 | 74.7s
  Epoch 26 Batch 400/460 | Loss=0.064764 | diff=0.0609 | coarse=0.0485 | 84.3s
  Epoch 26 Batch 450/460 | Loss=0.047317 | diff=0.0440 | coarse=0.0409 | 93.8s
  Epoch 26 Batch 460/460 | Loss=0.020167 | diff=0.0186 | coarse=0.0197 | 95.7s
Epoch 26/120 | Loss=0.050872 | Val RMSE=10.5537 | Val MAE=7.6255 | Val MAPE=30.44% | LR=6.44e-04 | 196.6s
[INFO] start epoch 27/120
  Epoch 27 Batch 50/460 | Loss=0.045569 | diff=0.0421 | coarse=0.0438 | 11.1s
  Epoch 27 Batch 100/460 | Loss=0.054804 | diff=0.0501 | coarse=0.0593 | 21.1s
  Epoch 27 Batch 150/460 | Loss=0.046596 | diff=0.0432 | coarse=0.0421 | 30.9s
  Epoch 27 Batch 200/460 | Loss=0.053713 | diff=0.0478 | coarse=0.0735 | 40.8s
  Epoch 27 Batch 250/460 | Loss=0.050724 | diff=0.0466 | coarse=0.0514 | 50.7s
  Epoch 27 Batch 300/460 | Loss=0.065289 | diff=0.0600 | coarse=0.0655 | 60.2s
  Epoch 27 Batch 350/460 | Loss=0.050073 | diff=0.0458 | coarse=0.0539 | 69.8s
  Epoch 27 Batch 400/460 | Loss=0.047967 | diff=0.0443 | coarse=0.0464 | 79.6s
  [WARN] skip non-finite grad at epoch 27 batch 408
  Epoch 27 Batch 450/460 | Loss=0.047587 | diff=0.0432 | coarse=0.0549 | 89.5s
  Epoch 27 Batch 460/460 | Loss=0.023957 | diff=0.0218 | coarse=0.0272 | 92.1s
Epoch 27/120 | Loss=0.050731 | Val RMSE=10.6508 | Val MAE=7.6278 | Val MAPE=31.67% | LR=6.39e-04 | 208.6s
[INFO] start epoch 28/120
  Epoch 28 Batch 50/460 | Loss=0.044442 | diff=0.0410 | coarse=0.0436 | 11.1s
  Epoch 28 Batch 100/460 | Loss=0.054463 | diff=0.0498 | coarse=0.0586 | 22.1s
  Epoch 28 Batch 150/460 | Loss=0.043771 | diff=0.0403 | coarse=0.0429 | 32.2s
  Epoch 28 Batch 200/460 | Loss=0.064119 | diff=0.0592 | coarse=0.0611 | 45.3s
  Epoch 28 Batch 250/460 | Loss=0.047514 | diff=0.0435 | coarse=0.0497 | 56.2s
  Epoch 28 Batch 300/460 | Loss=0.052921 | diff=0.0486 | coarse=0.0538 | 66.1s
  Epoch 28 Batch 350/460 | Loss=0.056998 | diff=0.0524 | coarse=0.0571 | 75.6s
  Epoch 28 Batch 400/460 | Loss=0.050748 | diff=0.0471 | coarse=0.0457 | 85.2s
  Epoch 28 Batch 450/460 | Loss=0.052617 | diff=0.0474 | coarse=0.0656 | 95.0s
  Epoch 28 Batch 460/460 | Loss=0.030171 | diff=0.0275 | coarse=0.0334 | 97.0s
Epoch 28/120 | Loss=0.050548 | Val RMSE=10.3218 | Val MAE=7.4171 | Val MAPE=31.00% | LR=6.33e-04 | 199.8s
[INFO] start epoch 29/120
  Epoch 29 Batch 50/460 | Loss=0.048973 | diff=0.0452 | coarse=0.0468 | 13.3s
  Epoch 29 Batch 100/460 | Loss=0.056482 | diff=0.0514 | coarse=0.0632 | 25.6s
  Epoch 29 Batch 150/460 | Loss=0.042661 | diff=0.0393 | coarse=0.0422 | 37.2s
  Epoch 29 Batch 200/460 | Loss=0.070653 | diff=0.0664 | coarse=0.0528 | 49.3s
  Epoch 29 Batch 250/460 | Loss=0.047285 | diff=0.0432 | coarse=0.0507 | 59.7s
  Epoch 29 Batch 300/460 | Loss=0.055165 | diff=0.0514 | coarse=0.0473 | 71.3s
  Epoch 29 Batch 350/460 | Loss=0.059562 | diff=0.0556 | coarse=0.0492 | 83.3s
  Epoch 29 Batch 400/460 | Loss=0.053037 | diff=0.0491 | coarse=0.0489 | 95.0s
  Epoch 29 Batch 450/460 | Loss=0.045308 | diff=0.0394 | coarse=0.0739 | 105.4s
  Epoch 29 Batch 460/460 | Loss=0.022760 | diff=0.0202 | coarse=0.0318 | 107.3s
Epoch 29/120 | Loss=0.049661 | Val RMSE=10.5452 | Val MAE=7.6980 | Val MAPE=32.06% | LR=6.27e-04 | 205.8s
[INFO] start epoch 30/120
  Epoch 30 Batch 50/460 | Loss=0.049635 | diff=0.0458 | coarse=0.0481 | 9.5s
  Epoch 30 Batch 100/460 | Loss=0.052711 | diff=0.0488 | coarse=0.0491 | 20.1s
  Epoch 30 Batch 150/460 | Loss=0.041945 | diff=0.0386 | coarse=0.0414 | 31.2s
  Epoch 30 Batch 200/460 | Loss=0.064278 | diff=0.0604 | coarse=0.0484 | 43.2s
  Epoch 30 Batch 250/460 | Loss=0.044463 | diff=0.0407 | coarse=0.0470 | 55.9s
  Epoch 30 Batch 300/460 | Loss=0.055879 | diff=0.0508 | coarse=0.0630 | 68.9s
  Epoch 30 Batch 350/460 | Loss=0.047910 | diff=0.0444 | coarse=0.0438 | 79.6s
  Epoch 30 Batch 400/460 | Loss=0.052188 | diff=0.0479 | coarse=0.0531 | 90.8s
  Epoch 30 Batch 450/460 | Loss=0.042266 | diff=0.0380 | coarse=0.0539 | 102.0s
  Epoch 30 Batch 460/460 | Loss=0.021031 | diff=0.0192 | coarse=0.0233 | 103.8s
Epoch 30/120 | Loss=0.048330 | Val RMSE=11.3477 | Val MAE=8.6050 | Val MAPE=35.55% | LR=6.21e-04 | 208.6s
[INFO] start epoch 31/120
  Epoch 31 Batch 50/460 | Loss=0.049800 | diff=0.0458 | coarse=0.0501 | 11.2s
  Epoch 31 Batch 100/460 | Loss=0.050671 | diff=0.0469 | coarse=0.0471 | 21.0s
  Epoch 31 Batch 150/460 | Loss=0.040887 | diff=0.0377 | coarse=0.0396 | 30.3s
  Epoch 31 Batch 200/460 | Loss=0.051639 | diff=0.0479 | coarse=0.0467 | 40.0s
  Epoch 31 Batch 250/460 | Loss=0.044146 | diff=0.0409 | coarse=0.0404 | 51.7s
  Epoch 31 Batch 300/460 | Loss=0.053199 | diff=0.0478 | coarse=0.0671 | 64.5s
  Epoch 31 Batch 350/460 | Loss=0.045991 | diff=0.0426 | coarse=0.0419 | 75.6s
  Epoch 31 Batch 400/460 | Loss=0.055373 | diff=0.0518 | coarse=0.0443 | 85.2s
  Epoch 31 Batch 450/460 | Loss=0.043192 | diff=0.0392 | coarse=0.0502 | 94.8s
  Epoch 31 Batch 460/460 | Loss=0.019851 | diff=0.0183 | coarse=0.0194 | 96.6s
Epoch 31/120 | Loss=0.047776 | Val RMSE=13.8899 | Val MAE=11.4603 | Val MAPE=52.09% | LR=6.15e-04 | 195.5s
[INFO] start epoch 32/120
  Epoch 32 Batch 50/460 | Loss=0.047509 | diff=0.0434 | coarse=0.0509 | 9.9s
  Epoch 32 Batch 100/460 | Loss=0.053227 | diff=0.0490 | coarse=0.0525 | 19.3s
  Epoch 32 Batch 150/460 | Loss=0.045494 | diff=0.0423 | coarse=0.0403 | 29.0s
  [WARN] skip non-finite grad at epoch 32 batch 189
  Epoch 32 Batch 200/460 | Loss=0.053405 | diff=0.0492 | coarse=0.0521 | 42.5s
  Epoch 32 Batch 250/460 | Loss=0.052421 | diff=0.0488 | coarse=0.0452 | 56.2s
  Epoch 32 Batch 300/460 | Loss=0.050731 | diff=0.0461 | coarse=0.0574 | 66.2s
  Epoch 32 Batch 350/460 | Loss=0.044098 | diff=0.0409 | coarse=0.0405 | 76.1s
  Epoch 32 Batch 400/460 | Loss=0.053218 | diff=0.0497 | coarse=0.0440 | 85.7s
  Epoch 32 Batch 450/460 | Loss=0.038786 | diff=0.0355 | coarse=0.0413 | 96.8s
  Epoch 32 Batch 460/460 | Loss=0.018596 | diff=0.0172 | coarse=0.0173 | 98.8s
Epoch 32/120 | Loss=0.047384 | Val RMSE=11.6916 | Val MAE=9.0502 | Val MAPE=40.61% | LR=6.09e-04 | 201.4s
[INFO] start epoch 33/120
  Epoch 33 Batch 50/460 | Loss=0.043733 | diff=0.0402 | coarse=0.0439 | 10.0s
  Epoch 33 Batch 100/460 | Loss=0.055138 | diff=0.0494 | coarse=0.0717 | 19.3s
  Epoch 33 Batch 150/460 | Loss=0.043419 | diff=0.0402 | coarse=0.0403 | 28.8s
  Epoch 33 Batch 200/460 | Loss=0.048922 | diff=0.0450 | coarse=0.0495 | 38.4s
  Epoch 33 Batch 250/460 | Loss=0.054876 | diff=0.0505 | coarse=0.0542 | 48.2s
  Epoch 33 Batch 300/460 | Loss=0.048757 | diff=0.0450 | coarse=0.0467 | 58.3s
  Epoch 33 Batch 350/460 | Loss=0.043843 | diff=0.0404 | coarse=0.0428 | 69.0s
  Epoch 33 Batch 400/460 | Loss=0.048463 | diff=0.0443 | coarse=0.0517 | 81.0s
  Epoch 33 Batch 450/460 | Loss=0.038638 | diff=0.0358 | coarse=0.0359 | 94.3s
  Epoch 33 Batch 460/460 | Loss=0.018731 | diff=0.0173 | coarse=0.0176 | 96.6s
Epoch 33/120 | Loss=0.046784 | Val RMSE=11.0278 | Val MAE=8.1577 | Val MAPE=35.96% | LR=6.03e-04 | 208.7s
[INFO] start epoch 34/120
  Epoch 34 Batch 50/460 | Loss=0.042268 | diff=0.0389 | coarse=0.0416 | 11.2s
  Epoch 34 Batch 100/460 | Loss=0.053038 | diff=0.0473 | coarse=0.0717 | 22.2s
  Epoch 34 Batch 150/460 | Loss=0.040923 | diff=0.0379 | coarse=0.0382 | 33.3s
  Epoch 34 Batch 200/460 | Loss=0.048569 | diff=0.0449 | coarse=0.0459 | 44.4s
  Epoch 34 Batch 250/460 | Loss=0.055077 | diff=0.0506 | coarse=0.0559 | 55.4s
  Epoch 34 Batch 300/460 | Loss=0.047017 | diff=0.0433 | coarse=0.0469 | 66.5s
  Epoch 34 Batch 350/460 | Loss=0.049314 | diff=0.0460 | coarse=0.0415 | 77.5s
  Epoch 34 Batch 400/460 | Loss=0.051213 | diff=0.0463 | coarse=0.0612 | 88.4s
  Epoch 34 Batch 450/460 | Loss=0.038824 | diff=0.0360 | coarse=0.0358 | 99.4s
  Epoch 34 Batch 460/460 | Loss=0.019057 | diff=0.0175 | coarse=0.0189 | 101.9s
Epoch 34/120 | Loss=0.046682 | Val RMSE=11.2399 | Val MAE=8.3311 | Val MAPE=35.51% | LR=5.96e-04 | 205.7s
[INFO] start epoch 35/120
  Epoch 35 Batch 50/460 | Loss=0.040138 | diff=0.0370 | coarse=0.0389 | 9.4s
  Epoch 35 Batch 100/460 | Loss=0.049727 | diff=0.0452 | coarse=0.0570 | 19.3s
  Epoch 35 Batch 150/460 | Loss=0.041550 | diff=0.0384 | coarse=0.0393 | 31.7s
  Epoch 35 Batch 200/460 | Loss=0.048873 | diff=0.0453 | coarse=0.0447 | 42.5s
  Epoch 35 Batch 250/460 | Loss=0.050633 | diff=0.0472 | coarse=0.0426 | 53.4s
  Epoch 35 Batch 300/460 | Loss=0.054764 | diff=0.0507 | coarse=0.0504 | 65.8s
  Epoch 35 Batch 350/460 | Loss=0.062160 | diff=0.0577 | coarse=0.0557 | 76.9s
  Epoch 35 Batch 400/460 | Loss=0.049473 | diff=0.0442 | coarse=0.0657 | 86.7s
  Epoch 35 Batch 450/460 | Loss=0.037330 | diff=0.0345 | coarse=0.0356 | 96.4s
  Epoch 35 Batch 460/460 | Loss=0.018312 | diff=0.0168 | coarse=0.0186 | 98.3s
Epoch 35/120 | Loss=0.046344 | Val RMSE=11.0776 | Val MAE=8.3364 | Val MAPE=36.23% | LR=5.89e-04 | 198.5s
[INFO] start epoch 36/120
  Epoch 36 Batch 50/460 | Loss=0.039325 | diff=0.0363 | coarse=0.0372 | 12.4s
  Epoch 36 Batch 100/460 | Loss=0.053528 | diff=0.0492 | coarse=0.0541 | 25.8s
  Epoch 36 Batch 150/460 | Loss=0.041045 | diff=0.0379 | coarse=0.0395 | 38.5s
  Epoch 36 Batch 200/460 | Loss=0.049469 | diff=0.0459 | coarse=0.0445 | 49.0s
  [WARN] skip non-finite grad at epoch 36 batch 246
  Epoch 36 Batch 250/460 | Loss=0.077097 | diff=0.0720 | coarse=0.0642 | 59.9s
  Epoch 36 Batch 300/460 | Loss=0.050826 | diff=0.0469 | coarse=0.0496 | 69.9s
  Epoch 36 Batch 350/460 | Loss=0.067865 | diff=0.0629 | coarse=0.0625 | 81.5s
  Epoch 36 Batch 400/460 | Loss=0.046036 | diff=0.0414 | coarse=0.0579 | 93.1s
  Epoch 36 Batch 450/460 | Loss=0.036100 | diff=0.0333 | coarse=0.0354 | 104.7s
  Epoch 36 Batch 460/460 | Loss=0.018142 | diff=0.0166 | coarse=0.0194 | 107.0s
Epoch 36/120 | Loss=0.047527 | Val RMSE=11.2480 | Val MAE=8.4364 | Val MAPE=35.79% | LR=5.82e-04 | 215.1s
[INFO] start epoch 37/120
  Epoch 37 Batch 50/460 | Loss=0.039983 | diff=0.0370 | coarse=0.0377 | 11.1s
  Epoch 37 Batch 100/460 | Loss=0.053376 | diff=0.0491 | coarse=0.0535 | 22.9s
  Epoch 37 Batch 150/460 | Loss=0.040781 | diff=0.0377 | coarse=0.0382 | 34.8s
  Epoch 37 Batch 200/460 | Loss=0.047285 | diff=0.0437 | coarse=0.0444 | 46.8s
  Epoch 37 Batch 250/460 | Loss=0.056752 | diff=0.0521 | coarse=0.0579 | 60.4s
  Epoch 37 Batch 300/460 | Loss=0.044744 | diff=0.0412 | coarse=0.0441 | 73.0s
  Epoch 37 Batch 350/460 | Loss=0.050491 | diff=0.0455 | coarse=0.0624 | 85.0s
  Epoch 37 Batch 400/460 | Loss=0.053716 | diff=0.0484 | coarse=0.0665 | 99.6s
  Epoch 37 Batch 450/460 | Loss=0.037758 | diff=0.0348 | coarse=0.0370 | 113.3s
  Epoch 37 Batch 460/460 | Loss=0.019283 | diff=0.0178 | coarse=0.0182 | 115.7s
Epoch 37/120 | Loss=0.047297 | Val RMSE=10.5607 | Val MAE=7.6766 | Val MAPE=31.78% | LR=5.75e-04 | 260.5s
[INFO] start epoch 38/120
  Epoch 38 Batch 50/460 | Loss=0.040099 | diff=0.0368 | coarse=0.0416 | 13.4s
  Epoch 38 Batch 100/460 | Loss=0.048793 | diff=0.0451 | coarse=0.0467 | 26.9s
  Epoch 38 Batch 150/460 | Loss=0.040222 | diff=0.0368 | coarse=0.0429 | 41.7s
  Epoch 38 Batch 200/460 | Loss=0.045780 | diff=0.0417 | coarse=0.0505 | 55.3s
  Epoch 38 Batch 250/460 | Loss=0.050172 | diff=0.0449 | coarse=0.0656 | 69.3s
  Epoch 38 Batch 300/460 | Loss=0.048591 | diff=0.0445 | coarse=0.0516 | 83.1s
  Epoch 38 Batch 350/460 | Loss=0.044764 | diff=0.0411 | coarse=0.0464 | 96.4s
  Epoch 38 Batch 400/460 | Loss=0.048162 | diff=0.0437 | coarse=0.0554 | 110.7s
  Epoch 38 Batch 450/460 | Loss=0.039442 | diff=0.0368 | coarse=0.0327 | 121.8s
  Epoch 38 Batch 460/460 | Loss=0.020431 | diff=0.0191 | coarse=0.0166 | 124.1s
Epoch 38/120 | Loss=0.045223 | Val RMSE=10.2530 | Val MAE=7.4478 | Val MAPE=31.44% | LR=5.67e-04 | 275.9s
[INFO] start epoch 39/120
  Epoch 39 Batch 50/460 | Loss=0.042174 | diff=0.0381 | coarse=0.0510 | 14.2s
  Epoch 39 Batch 100/460 | Loss=0.045820 | diff=0.0423 | coarse=0.0435 | 29.7s
  Epoch 39 Batch 150/460 | Loss=0.038852 | diff=0.0353 | coarse=0.0442 | 44.1s
  Epoch 39 Batch 200/460 | Loss=0.044724 | diff=0.0405 | coarse=0.0527 | 59.0s
  Epoch 39 Batch 250/460 | Loss=0.044808 | diff=0.0397 | coarse=0.0632 | 73.4s
  Epoch 39 Batch 300/460 | Loss=0.064721 | diff=0.0612 | coarse=0.0440 | 84.9s
  Epoch 39 Batch 350/460 | Loss=0.042881 | diff=0.0398 | coarse=0.0390 | 95.3s
  Epoch 39 Batch 400/460 | Loss=0.042845 | diff=0.0392 | coarse=0.0451 | 105.8s
  Epoch 39 Batch 450/460 | Loss=0.037286 | diff=0.0345 | coarse=0.0351 | 116.4s
  Epoch 39 Batch 460/460 | Loss=0.019302 | diff=0.0179 | coarse=0.0170 | 118.3s
Epoch 39/120 | Loss=0.043340 | Val RMSE=10.3436 | Val MAE=7.4671 | Val MAPE=31.74% | LR=5.60e-04 | 222.6s
[INFO] start epoch 40/120
  Epoch 40 Batch 50/460 | Loss=0.041463 | diff=0.0374 | coarse=0.0513 | 12.1s
  Epoch 40 Batch 100/460 | Loss=0.046367 | diff=0.0430 | coarse=0.0426 | 23.9s
  Epoch 40 Batch 150/460 | Loss=0.037238 | diff=0.0343 | coarse=0.0365 | 36.5s
  Epoch 40 Batch 200/460 | Loss=0.043635 | diff=0.0399 | coarse=0.0469 | 47.9s
  Epoch 40 Batch 250/460 | Loss=0.041643 | diff=0.0374 | coarse=0.0529 | 59.4s
  Epoch 40 Batch 300/460 | Loss=0.061635 | diff=0.0582 | coarse=0.0433 | 69.6s
  Epoch 40 Batch 350/460 | Loss=0.041235 | diff=0.0381 | coarse=0.0392 | 81.4s
  Epoch 40 Batch 400/460 | Loss=0.042484 | diff=0.0391 | coarse=0.0427 | 93.0s
  Epoch 40 Batch 450/460 | Loss=0.037748 | diff=0.0345 | coarse=0.0404 | 103.0s
  Epoch 40 Batch 460/460 | Loss=0.018721 | diff=0.0173 | coarse=0.0179 | 104.9s
Epoch 40/120 | Loss=0.042136 | Val RMSE=10.4602 | Val MAE=7.5639 | Val MAPE=32.27% | LR=5.52e-04 | 206.7s
[EARLY STOP] patience=15, best_val_rmse=10.1701 at epoch 25
[INFO] PE-DiffWaveNet noleak training finished
{
  "split_mode": "noleak",
  "model_name": "PE-DiffWaveNet",
  "best_epoch": 25,
  "best_valid_rmse": 10.170051149296393,
  "best_valid_mae": 7.44897982401008,
  "best_valid_mape": 31.06726867142426,
  "test_rmse": 9.816067395822829,
  "test_mae": 7.164003901390811,
  "test_mape": 30.404601786070533,
  "relative_rmse": 2.394162779468983,
  "relative_mae": 1.7473180247294662,
  "train_scale_max": 410.0,
  "world_size": 1,
  "eval_inference_steps": 50,
  "eval_num_samples": 3,
  "eval_t_start_ratio": 0.25,
  "use_diffusion": 1,
  "use_pe_graph": 1,
  "use_pe_film": 0,
  "pe_source": "train",
  "pe_graph_alpha": 1.0,
  "pe_film_scale": 1.0,
  "pe_film_zero_init": 0,
  "normalize_pe_features": 1,
  "pe_shuffle_seed": -1,
  "pe_adaptive_loss": 0,
  "pe_loss_weight": 0.15,
  "pe_loss_start_step": 4,
  "pe_loss_normalize": 1,
  "per_step_rmse": [
    7.251730757036226,
    10.383546317152447,
    11.342834930695796
  ],
  "per_step_mae": [
    5.3493420965150555,
    7.850781270593133,
    8.291888337064247
  ],
  "step4_6_rmse_avg": null,
  "peak_mode": "percentile",
  "peak_threshold": 64.99999910593033,
  "peak_count": 20646,
  "peak_ratio": 0.11248774109186009,
  "rmse_peak": 9.779049449323145,
  "mae_peak": 6.153010638046566
}
  Peak_mode      : percentile
  Peak_threshold : 65.00 μg/m³
  Peak_count     : 20646
  Peak_ratio     : 11.25%
  RMSE_peak      : 9.7790
  MAE_peak       : 6.1530
Per-step metrics:
  Step        RMSE         MAE
     1      7.2517      5.3493
     2     10.3835      7.8508
     3     11.3428      8.2919
[INFO] outputs: D:/shengchan/鑷哀棰勬祴璧勬枡\matrix_N95_PEDiffWaveNet_noleak_D08_s52-nofilm-l24-p3
[INFO] weights: D:/shengchan/鑷哀棰勬祴璧勬枡\weights_N95/weights_pediffwavenet_noleak_D08_s52-nofilm-l24-p3
