[INFO] PE-DiffWaveNet noleak training
[INFO] device=cuda, world_size=1
[INFO] output_dir=D:/shengchan/鑷哀棰勬祴璧勬枡\matrix_N95_PEDiffWaveNet_noleak_D03_s52-nograph-l24-p6
[INFO] clean_room=1, pe_source=train, use_pe_graph=0, use_pe_film=1, use_diffusion=1, pe_graph_alpha=1.0, pe_film_scale=1.0, pe_film_zero_init=0, pe_shuffle_seed=-1, pe_adaptive_loss=0, pe_loss_weight=0.15
[INFO] loading meteorological data...
[INFO] loading met cache: D:/shengchan/鑷哀棰勬祴璧勬枡\matrix_N95\met_raw_aligned_cache.npz
[INFO] trainX=(7349, 24, 95, 15), trainY=(7349, 6, 95)
[INFO] validX=(640, 24, 95, 15), validY=(640, 6, 95)
[INFO] testX=(641, 24, 95, 15), testY=(641, 6, 95)
[INFO] train-only PE time range: {'start_idx': 0, 'end_idx': 7377, 'start_time': '2022-01-01 00:00:00', 'end_time': '2022-11-05 23:00:00', 'length': 7378}
[INFO] building PE features: nodes=95, scales=[6, 9, 12, 24, 48, 72], step=1
[INFO] PE feature progress: 20/95
[INFO] PE feature progress: 40/95
[INFO] PE feature progress: 60/95
[INFO] PE feature progress: 80/95
[INFO] PE feature progress: 95/95
[INFO] building PE features: nodes=95, scales=[6, 9, 12, 24, 48, 72], step=1
[INFO] PE feature progress: 20/95
[INFO] PE feature progress: 40/95
[INFO] PE feature progress: 60/95
[INFO] PE feature progress: 80/95
[INFO] PE feature progress: 95/95
[INFO] graph nnz: S=691, T=1570, PE=0
[INFO] train batches/epoch=460, effective_batch=16
[INFO] model_params=621635
D:\shengchan\鑷哀棰勬祴璧勬枡\code\train_pediffwavenet_noleak.py:410: FutureWarning: `torch.cuda.amp.GradScaler(args...)` is deprecated. Please use `torch.amp.GradScaler('cuda', args...)` instead.
  scaler = torch.cuda.amp.GradScaler(enabled=use_amp)
[INFO] start epoch 1/120
  [WARN] skip non-finite grad at epoch 1 batch 1
  [WARN] skip non-finite grad at epoch 1 batch 2
  [WARN] skip non-finite grad at epoch 1 batch 3
  [WARN] skip non-finite grad at epoch 1 batch 4
  Epoch 1 Batch 50/460 | Loss=2.918849 | diff=2.6236 | coarse=3.6907 | 14.0s
  Epoch 1 Batch 100/460 | Loss=0.577903 | diff=0.5105 | coarse=0.8428 | 28.4s
  Epoch 1 Batch 150/460 | Loss=0.585538 | diff=0.5441 | coarse=0.5182 | 43.4s
  Epoch 1 Batch 200/460 | Loss=0.336384 | diff=0.3038 | coarse=0.4078 | 59.0s
  Epoch 1 Batch 250/460 | Loss=0.380740 | diff=0.3481 | coarse=0.4083 | 73.5s
  Epoch 1 Batch 300/460 | Loss=0.297763 | diff=0.2740 | coarse=0.2966 | 87.7s
  Epoch 1 Batch 350/460 | Loss=0.284559 | diff=0.2608 | coarse=0.2975 | 102.2s
  Epoch 1 Batch 400/460 | Loss=0.261578 | diff=0.2415 | coarse=0.2510 | 117.0s
  Epoch 1 Batch 450/460 | Loss=0.337783 | diff=0.3125 | coarse=0.3162 | 131.9s
  Epoch 1 Batch 460/460 | Loss=0.113021 | diff=0.1042 | coarse=0.1102 | 134.8s
Epoch 1/120 | Loss=1.051369 | Val RMSE=94.2276 | Val MAE=87.6111 | Val MAPE=410.43% | LR=2.80e-04 | 249.3s
  [BEST] epoch=1, val_rmse=94.2276
[INFO] start epoch 2/120
  Epoch 2 Batch 50/460 | Loss=0.412504 | diff=0.3831 | coarse=0.3679 | 13.7s
  Epoch 2 Batch 100/460 | Loss=0.429066 | diff=0.3967 | coarse=0.4052 | 28.0s
  Epoch 2 Batch 150/460 | Loss=0.278216 | diff=0.2550 | coarse=0.2899 | 43.3s
  Epoch 2 Batch 200/460 | Loss=0.267652 | diff=0.2470 | coarse=0.2584 | 58.4s
  Epoch 2 Batch 250/460 | Loss=0.374924 | diff=0.3427 | coarse=0.4027 | 72.7s
  Epoch 2 Batch 300/460 | Loss=0.304671 | diff=0.2764 | coarse=0.3528 | 87.0s
  Epoch 2 Batch 350/460 | Loss=0.303609 | diff=0.2820 | coarse=0.2698 | 102.0s
  Epoch 2 Batch 400/460 | Loss=0.609686 | diff=0.5697 | coarse=0.4993 | 116.7s
  Epoch 2 Batch 450/460 | Loss=0.212733 | diff=0.1957 | coarse=0.2129 | 130.7s
  Epoch 2 Batch 460/460 | Loss=0.117123 | diff=0.1111 | coarse=0.0752 | 133.3s
Epoch 2/120 | Loss=0.321012 | Val RMSE=74.5298 | Val MAE=68.7127 | Val MAPE=323.86% | LR=4.20e-04 | 244.8s
  [BEST] epoch=2, val_rmse=74.5298
[INFO] start epoch 3/120
  Epoch 3 Batch 50/460 | Loss=0.345265 | diff=0.3222 | coarse=0.2885 | 14.1s
  Epoch 3 Batch 100/460 | Loss=0.386401 | diff=0.3581 | coarse=0.3541 | 28.8s
  Epoch 3 Batch 150/460 | Loss=0.238447 | diff=0.2198 | coarse=0.2330 | 44.2s
  Epoch 3 Batch 200/460 | Loss=0.220046 | diff=0.2031 | coarse=0.2119 | 58.7s
  Epoch 3 Batch 250/460 | Loss=0.308104 | diff=0.2861 | coarse=0.2752 | 72.8s
  Epoch 3 Batch 300/460 | Loss=0.266322 | diff=0.2424 | coarse=0.2991 | 87.1s
  Epoch 3 Batch 350/460 | Loss=0.269292 | diff=0.2499 | coarse=0.2427 | 101.5s
  Epoch 3 Batch 400/460 | Loss=0.606251 | diff=0.5688 | coarse=0.4680 | 116.2s
  Epoch 3 Batch 450/460 | Loss=0.200217 | diff=0.1841 | coarse=0.2010 | 131.4s
  Epoch 3 Batch 460/460 | Loss=0.091156 | diff=0.0861 | coarse=0.0627 | 134.1s
Epoch 3/120 | Loss=0.294861 | Val RMSE=73.8965 | Val MAE=70.0633 | Val MAPE=326.78% | LR=5.60e-04 | 250.2s
  [BEST] epoch=3, val_rmse=73.8965
[INFO] start epoch 4/120
  Epoch 4 Batch 50/460 | Loss=0.306547 | diff=0.2864 | coarse=0.2519 | 14.0s
  Epoch 4 Batch 100/460 | Loss=0.330028 | diff=0.3060 | coarse=0.3008 | 29.5s
  Epoch 4 Batch 150/460 | Loss=0.235717 | diff=0.2169 | coarse=0.2348 | 44.2s
  Epoch 4 Batch 200/460 | Loss=0.216283 | diff=0.1977 | coarse=0.2325 | 58.2s
  Epoch 4 Batch 250/460 | Loss=0.275585 | diff=0.2573 | coarse=0.2287 | 72.0s
  Epoch 4 Batch 300/460 | Loss=0.255999 | diff=0.2358 | coarse=0.2521 | 87.0s
  Epoch 4 Batch 350/460 | Loss=0.257055 | diff=0.2384 | coarse=0.2330 | 101.5s
  Epoch 4 Batch 400/460 | Loss=0.575070 | diff=0.5402 | coarse=0.4360 | 115.6s
  Epoch 4 Batch 450/460 | Loss=0.187751 | diff=0.1728 | coarse=0.1865 | 130.1s
  Epoch 4 Batch 460/460 | Loss=0.083262 | diff=0.0789 | coarse=0.0549 | 132.7s
Epoch 4/120 | Loss=0.279769 | Val RMSE=67.5353 | Val MAE=64.9190 | Val MAPE=302.20% | LR=7.00e-04 | 243.1s
  [BEST] epoch=4, val_rmse=67.5353
[INFO] start epoch 5/120
  Epoch 5 Batch 50/460 | Loss=0.277116 | diff=0.2578 | coarse=0.2413 | 14.8s
  Epoch 5 Batch 100/460 | Loss=0.300406 | diff=0.2785 | coarse=0.2740 | 30.1s
  Epoch 5 Batch 150/460 | Loss=0.236181 | diff=0.2157 | coarse=0.2554 | 44.7s
  Epoch 5 Batch 200/460 | Loss=0.213482 | diff=0.1936 | coarse=0.2480 | 59.0s
  Epoch 5 Batch 250/460 | Loss=0.247221 | diff=0.2310 | coarse=0.2025 | 73.2s
  Epoch 5 Batch 300/460 | Loss=0.243164 | diff=0.2240 | coarse=0.2395 | 88.0s
  Epoch 5 Batch 350/460 | Loss=0.252543 | diff=0.2349 | coarse=0.2202 | 103.0s
  Epoch 5 Batch 400/460 | Loss=0.584646 | diff=0.5496 | coarse=0.4385 | 117.8s
  Epoch 5 Batch 450/460 | Loss=0.182990 | diff=0.1678 | coarse=0.1897 | 132.6s
  Epoch 5 Batch 460/460 | Loss=0.078025 | diff=0.0739 | coarse=0.0514 | 135.2s
Epoch 5/120 | Loss=0.269996 | Val RMSE=60.2291 | Val MAE=57.9366 | Val MAPE=271.13% | LR=7.00e-04 | 247.9s
  [BEST] epoch=5, val_rmse=60.2291
[INFO] start epoch 6/120
  Epoch 6 Batch 50/460 | Loss=0.263167 | diff=0.2449 | coarse=0.2280 | 14.9s
  Epoch 6 Batch 100/460 | Loss=0.267297 | diff=0.2475 | coarse=0.2469 | 30.0s
  Epoch 6 Batch 150/460 | Loss=0.213823 | diff=0.1972 | coarse=0.2080 | 44.1s
  Epoch 6 Batch 200/460 | Loss=0.203563 | diff=0.1860 | coarse=0.2201 | 58.2s
  Epoch 6 Batch 250/460 | Loss=0.228005 | diff=0.2126 | coarse=0.1927 | 73.1s
  Epoch 6 Batch 300/460 | Loss=0.237575 | diff=0.2180 | coarse=0.2452 | 87.9s
  Epoch 6 Batch 350/460 | Loss=0.226622 | diff=0.2104 | coarse=0.2033 | 102.1s
  Epoch 6 Batch 400/460 | Loss=0.518790 | diff=0.4905 | coarse=0.3534 | 116.2s
  Epoch 6 Batch 450/460 | Loss=0.176479 | diff=0.1617 | coarse=0.1844 | 130.6s
  Epoch 6 Batch 460/460 | Loss=0.076369 | diff=0.0724 | coarse=0.0501 | 133.5s
Epoch 6/120 | Loss=0.253923 | Val RMSE=45.8616 | Val MAE=43.4914 | Val MAPE=206.18% | LR=7.00e-04 | 246.8s
  [BEST] epoch=6, val_rmse=45.8616
[INFO] start epoch 7/120
  Epoch 7 Batch 50/460 | Loss=0.248230 | diff=0.2302 | coarse=0.2248 | 15.3s
  Epoch 7 Batch 100/460 | Loss=0.246627 | diff=0.2283 | coarse=0.2287 | 29.9s
  Epoch 7 Batch 150/460 | Loss=0.210028 | diff=0.1939 | coarse=0.2014 | 44.2s
  Epoch 7 Batch 200/460 | Loss=0.196960 | diff=0.1806 | coarse=0.2040 | 58.5s
  Epoch 7 Batch 250/460 | Loss=0.213603 | diff=0.1995 | coarse=0.1766 | 73.3s
  Epoch 7 Batch 300/460 | Loss=0.228656 | diff=0.2094 | coarse=0.2412 | 87.8s
  Epoch 7 Batch 350/460 | Loss=0.216558 | diff=0.2008 | coarse=0.1975 | 102.0s
  Epoch 7 Batch 400/460 | Loss=0.452448 | diff=0.4286 | coarse=0.2981 | 116.1s
  Epoch 7 Batch 450/460 | Loss=0.165178 | diff=0.1520 | coarse=0.1647 | 131.0s
  Epoch 7 Batch 460/460 | Loss=0.075530 | diff=0.0717 | coarse=0.0482 | 133.8s
Epoch 7/120 | Loss=0.240731 | Val RMSE=40.5958 | Val MAE=38.2431 | Val MAPE=182.20% | LR=6.99e-04 | 250.2s
  [BEST] epoch=7, val_rmse=40.5958
[INFO] start epoch 8/120
  Epoch 8 Batch 50/460 | Loss=0.233749 | diff=0.2169 | coarse=0.2111 | 14.8s
  Epoch 8 Batch 100/460 | Loss=0.253502 | diff=0.2347 | coarse=0.2355 | 28.8s
  Epoch 8 Batch 150/460 | Loss=0.208023 | diff=0.1922 | coarse=0.1983 | 43.1s
  Epoch 8 Batch 200/460 | Loss=0.192809 | diff=0.1770 | coarse=0.1977 | 57.9s
  Epoch 8 Batch 250/460 | Loss=0.195573 | diff=0.1820 | coarse=0.1695 | 72.7s
  Epoch 8 Batch 300/460 | Loss=0.220366 | diff=0.2023 | coarse=0.2259 | 86.9s
  Epoch 8 Batch 350/460 | Loss=0.209274 | diff=0.1944 | coarse=0.1861 | 101.3s
  Epoch 8 Batch 400/460 | Loss=0.400997 | diff=0.3794 | coarse=0.2698 | 115.7s
  Epoch 8 Batch 450/460 | Loss=0.156936 | diff=0.1450 | coarse=0.1486 | 130.7s
  Epoch 8 Batch 460/460 | Loss=0.074087 | diff=0.0702 | coarse=0.0481 | 133.6s
Epoch 8/120 | Loss=0.228120 | Val RMSE=34.6220 | Val MAE=32.3252 | Val MAPE=153.62% | LR=6.99e-04 | 250.2s
  [BEST] epoch=8, val_rmse=34.6220
[INFO] start epoch 9/120
  Epoch 9 Batch 50/460 | Loss=0.216624 | diff=0.2008 | coarse=0.1982 | 14.2s
  Epoch 9 Batch 100/460 | Loss=0.272400 | diff=0.2518 | coarse=0.2577 | 28.4s
  Epoch 9 Batch 150/460 | Loss=0.203330 | diff=0.1885 | coarse=0.1858 | 43.1s
  Epoch 9 Batch 200/460 | Loss=0.190839 | diff=0.1757 | coarse=0.1899 | 57.9s
  Epoch 9 Batch 250/460 | Loss=0.173082 | diff=0.1605 | coarse=0.1568 | 72.7s
  Epoch 9 Batch 300/460 | Loss=0.214535 | diff=0.1972 | coarse=0.2169 | 87.4s
  Epoch 9 Batch 350/460 | Loss=0.202297 | diff=0.1881 | coarse=0.1772 | 102.4s
  Epoch 9 Batch 400/460 | Loss=0.376549 | diff=0.3544 | coarse=0.2767 | 117.4s
  Epoch 9 Batch 450/460 | Loss=0.151054 | diff=0.1395 | coarse=0.1446 | 131.8s
  Epoch 9 Batch 460/460 | Loss=0.073073 | diff=0.0692 | coarse=0.0478 | 134.6s
Epoch 9/120 | Loss=0.215942 | Val RMSE=28.3657 | Val MAE=25.9904 | Val MAPE=122.81% | LR=6.98e-04 | 251.5s
  [BEST] epoch=9, val_rmse=28.3657
[INFO] start epoch 10/120
  Epoch 10 Batch 50/460 | Loss=0.199673 | diff=0.1842 | coarse=0.1931 | 14.2s
  Epoch 10 Batch 100/460 | Loss=0.296701 | diff=0.2744 | coarse=0.2793 | 28.9s
  Epoch 10 Batch 150/460 | Loss=0.196339 | diff=0.1814 | coarse=0.1864 | 43.8s
  Epoch 10 Batch 200/460 | Loss=0.196250 | diff=0.1806 | coarse=0.1952 | 58.3s
  Epoch 10 Batch 250/460 | Loss=0.158955 | diff=0.1470 | coarse=0.1490 | 72.8s
  Epoch 10 Batch 300/460 | Loss=0.212474 | diff=0.1953 | coarse=0.2146 | 87.5s
  Epoch 10 Batch 350/460 | Loss=0.199961 | diff=0.1862 | coarse=0.1722 | 102.3s
  Epoch 10 Batch 400/460 | Loss=0.368030 | diff=0.3449 | coarse=0.2896 | 117.0s
  Epoch 10 Batch 450/460 | Loss=0.144826 | diff=0.1338 | coarse=0.1380 | 131.8s
  Epoch 10 Batch 460/460 | Loss=0.065735 | diff=0.0619 | coarse=0.0475 | 134.4s
Epoch 10/120 | Loss=0.205240 | Val RMSE=21.7435 | Val MAE=19.2151 | Val MAPE=89.29% | LR=6.97e-04 | 248.3s
  [BEST] epoch=10, val_rmse=21.7435
[INFO] start epoch 11/120
  Epoch 11 Batch 50/460 | Loss=0.189563 | diff=0.1750 | coarse=0.1816 | 13.8s
  Epoch 11 Batch 100/460 | Loss=0.248201 | diff=0.2288 | coarse=0.2422 | 28.6s
  Epoch 11 Batch 150/460 | Loss=0.182627 | diff=0.1690 | coarse=0.1707 | 43.8s
  Epoch 11 Batch 200/460 | Loss=0.204580 | diff=0.1885 | coarse=0.2010 | 58.8s
  Epoch 11 Batch 250/460 | Loss=0.146069 | diff=0.1348 | coarse=0.1414 | 73.5s
  Epoch 11 Batch 300/460 | Loss=0.208500 | diff=0.1927 | coarse=0.1971 | 88.3s
  Epoch 11 Batch 350/460 | Loss=0.194248 | diff=0.1812 | coarse=0.1634 | 103.2s
  Epoch 11 Batch 400/460 | Loss=0.355807 | diff=0.3323 | coarse=0.2938 | 118.0s
  Epoch 11 Batch 450/460 | Loss=0.137424 | diff=0.1267 | coarse=0.1335 | 132.8s
  Epoch 11 Batch 460/460 | Loss=0.056139 | diff=0.0523 | coarse=0.0486 | 135.8s
Epoch 11/120 | Loss=0.196368 | Val RMSE=19.8013 | Val MAE=17.1282 | Val MAPE=78.81% | LR=6.95e-04 | 246.3s
  [BEST] epoch=11, val_rmse=19.8013
[INFO] start epoch 12/120
  Epoch 12 Batch 50/460 | Loss=0.185287 | diff=0.1712 | coarse=0.1757 | 14.6s
  Epoch 12 Batch 100/460 | Loss=0.243171 | diff=0.2246 | coarse=0.2317 | 29.1s
  Epoch 12 Batch 150/460 | Loss=0.184253 | diff=0.1708 | coarse=0.1679 | 43.6s
  Epoch 12 Batch 200/460 | Loss=0.203477 | diff=0.1879 | coarse=0.1953 | 57.9s
  Epoch 12 Batch 250/460 | Loss=0.144187 | diff=0.1330 | coarse=0.1393 | 72.8s
  Epoch 12 Batch 300/460 | Loss=0.201574 | diff=0.1872 | coarse=0.1793 | 87.8s
  Epoch 12 Batch 350/460 | Loss=0.190217 | diff=0.1768 | coarse=0.1679 | 102.6s
  Epoch 12 Batch 400/460 | Loss=0.311145 | diff=0.2888 | coarse=0.2792 | 117.7s
  Epoch 12 Batch 450/460 | Loss=0.134597 | diff=0.1242 | coarse=0.1300 | 132.2s
  Epoch 12 Batch 460/460 | Loss=0.056492 | diff=0.0520 | coarse=0.0559 | 134.8s
Epoch 12/120 | Loss=0.188099 | Val RMSE=18.0472 | Val MAE=15.2749 | Val MAPE=69.66% | LR=6.94e-04 | 248.4s
  [BEST] epoch=12, val_rmse=18.0472
[INFO] start epoch 13/120
  Epoch 13 Batch 50/460 | Loss=0.172711 | diff=0.1600 | coarse=0.1589 | 14.9s
  Epoch 13 Batch 100/460 | Loss=0.223745 | diff=0.2071 | coarse=0.2082 | 30.0s
  Epoch 13 Batch 150/460 | Loss=0.177054 | diff=0.1630 | coarse=0.1757 | 44.7s
  Epoch 13 Batch 200/460 | Loss=0.205830 | diff=0.1898 | coarse=0.2002 | 59.7s
  Epoch 13 Batch 250/460 | Loss=0.134354 | diff=0.1241 | coarse=0.1281 | 74.5s
  Epoch 13 Batch 300/460 | Loss=0.180732 | diff=0.1671 | coarse=0.1701 | 89.1s
  Epoch 13 Batch 350/460 | Loss=0.180016 | diff=0.1670 | coarse=0.1628 | 103.8s
  Epoch 13 Batch 400/460 | Loss=0.277995 | diff=0.2563 | coarse=0.2709 | 118.6s
  Epoch 13 Batch 450/460 | Loss=0.159173 | diff=0.1482 | coarse=0.1373 | 133.3s
  Epoch 13 Batch 460/460 | Loss=0.049775 | diff=0.0461 | coarse=0.0461 | 136.0s
Epoch 13/120 | Loss=0.178842 | Val RMSE=17.6652 | Val MAE=14.5787 | Val MAPE=66.37% | LR=6.92e-04 | 257.4s
  [BEST] epoch=13, val_rmse=17.6652
[INFO] start epoch 14/120
  Epoch 14 Batch 50/460 | Loss=0.171454 | diff=0.1585 | coarse=0.1625 | 14.7s
  Epoch 14 Batch 100/460 | Loss=0.194330 | diff=0.1801 | coarse=0.1777 | 29.5s
  Epoch 14 Batch 150/460 | Loss=0.168053 | diff=0.1544 | coarse=0.1706 | 44.5s
  Epoch 14 Batch 200/460 | Loss=0.194637 | diff=0.1796 | coarse=0.1880 | 59.4s
  Epoch 14 Batch 250/460 | Loss=0.127372 | diff=0.1177 | coarse=0.1205 | 74.3s
  Epoch 14 Batch 300/460 | Loss=0.186428 | diff=0.1728 | coarse=0.1705 | 88.9s
  Epoch 14 Batch 350/460 | Loss=0.173081 | diff=0.1605 | coarse=0.1579 | 103.9s
  Epoch 14 Batch 400/460 | Loss=0.252660 | diff=0.2336 | coarse=0.2386 | 118.4s
  Epoch 14 Batch 450/460 | Loss=0.140739 | diff=0.1305 | coarse=0.1283 | 132.8s
  Epoch 14 Batch 460/460 | Loss=0.048378 | diff=0.0451 | coarse=0.0410 | 135.5s
Epoch 14/120 | Loss=0.174206 | Val RMSE=15.4079 | Val MAE=11.9789 | Val MAPE=53.41% | LR=6.89e-04 | 255.2s
  [BEST] epoch=14, val_rmse=15.4079
[INFO] start epoch 15/120
  Epoch 15 Batch 50/460 | Loss=0.165255 | diff=0.1525 | coarse=0.1600 | 14.7s
  Epoch 15 Batch 100/460 | Loss=0.175562 | diff=0.1622 | coarse=0.1668 | 29.6s
  Epoch 15 Batch 150/460 | Loss=0.160873 | diff=0.1472 | coarse=0.1706 | 44.4s
  Epoch 15 Batch 200/460 | Loss=0.179984 | diff=0.1668 | coarse=0.1650 | 59.3s
  Epoch 15 Batch 250/460 | Loss=0.130266 | diff=0.1206 | coarse=0.1209 | 74.5s
  Epoch 15 Batch 300/460 | Loss=0.170374 | diff=0.1577 | coarse=0.1581 | 88.9s
  Epoch 15 Batch 350/460 | Loss=0.161085 | diff=0.1488 | coarse=0.1535 | 103.4s
  Epoch 15 Batch 400/460 | Loss=0.260912 | diff=0.2406 | coarse=0.2544 | 117.9s
  Epoch 15 Batch 450/460 | Loss=0.134002 | diff=0.1246 | coarse=0.1178 | 132.4s
  Epoch 15 Batch 460/460 | Loss=0.048428 | diff=0.0452 | coarse=0.0404 | 135.1s
Epoch 15/120 | Loss=0.165800 | Val RMSE=15.1656 | Val MAE=12.0309 | Val MAPE=54.21% | LR=6.87e-04 | 263.0s
  [BEST] epoch=15, val_rmse=15.1656
[INFO] start epoch 16/120
  Epoch 16 Batch 50/460 | Loss=0.153816 | diff=0.1421 | coarse=0.1468 | 14.7s
  Epoch 16 Batch 100/460 | Loss=0.196678 | diff=0.1824 | coarse=0.1781 | 29.2s
  Epoch 16 Batch 150/460 | Loss=0.151552 | diff=0.1392 | coarse=0.1539 | 44.2s
  Epoch 16 Batch 200/460 | Loss=0.193266 | diff=0.1797 | coarse=0.1697 | 59.2s
  Epoch 16 Batch 250/460 | Loss=0.124967 | diff=0.1158 | coarse=0.1149 | 73.9s
  Epoch 16 Batch 300/460 | Loss=0.163478 | diff=0.1513 | coarse=0.1520 | 88.3s
  Epoch 16 Batch 350/460 | Loss=0.164272 | diff=0.1515 | coarse=0.1602 | 102.8s
  Epoch 16 Batch 400/460 | Loss=0.251225 | diff=0.2323 | coarse=0.2367 | 117.4s
  Epoch 16 Batch 450/460 | Loss=0.119909 | diff=0.1107 | coarse=0.1151 | 132.5s
  Epoch 16 Batch 460/460 | Loss=0.055095 | diff=0.0513 | coarse=0.0480 | 135.5s
Epoch 16/120 | Loss=0.162433 | Val RMSE=15.2640 | Val MAE=12.4626 | Val MAPE=55.95% | LR=6.84e-04 | 262.5s
[INFO] start epoch 17/120
  Epoch 17 Batch 50/460 | Loss=0.151252 | diff=0.1398 | coarse=0.1437 | 14.6s
  Epoch 17 Batch 100/460 | Loss=0.171698 | diff=0.1590 | coarse=0.1589 | 29.5s
  Epoch 17 Batch 150/460 | Loss=0.141943 | diff=0.1297 | coarse=0.1533 | 44.0s
  Epoch 17 Batch 200/460 | Loss=0.167742 | diff=0.1547 | coarse=0.1633 | 58.4s
  Epoch 17 Batch 250/460 | Loss=0.122422 | diff=0.1133 | coarse=0.1146 | 73.0s
  Epoch 17 Batch 300/460 | Loss=0.158279 | diff=0.1465 | coarse=0.1478 | 87.5s
  Epoch 17 Batch 350/460 | Loss=0.146104 | diff=0.1349 | coarse=0.1405 | 102.0s
  Epoch 17 Batch 400/460 | Loss=0.209752 | diff=0.1923 | coarse=0.2177 | 117.0s
  Epoch 17 Batch 450/460 | Loss=0.121588 | diff=0.1119 | coarse=0.1206 | 132.2s
  Epoch 17 Batch 460/460 | Loss=0.045134 | diff=0.0420 | coarse=0.0396 | 135.0s
Epoch 17/120 | Loss=0.152580 | Val RMSE=13.6356 | Val MAE=10.4819 | Val MAPE=45.62% | LR=6.81e-04 | 253.1s
  [BEST] epoch=17, val_rmse=13.6356
[INFO] start epoch 18/120
  Epoch 18 Batch 50/460 | Loss=0.143066 | diff=0.1323 | coarse=0.1351 | 14.5s
  Epoch 18 Batch 100/460 | Loss=0.166087 | diff=0.1533 | coarse=0.1594 | 29.1s
  Epoch 18 Batch 150/460 | Loss=0.143759 | diff=0.1321 | coarse=0.1460 | 43.5s
  Epoch 18 Batch 200/460 | Loss=0.178520 | diff=0.1647 | coarse=0.1733 | 57.9s
  Epoch 18 Batch 250/460 | Loss=0.139107 | diff=0.1289 | coarse=0.1281 | 72.2s
  Epoch 18 Batch 300/460 | Loss=0.222135 | diff=0.2082 | coarse=0.1741 | 87.0s
  Epoch 18 Batch 350/460 | Loss=0.149474 | diff=0.1380 | coarse=0.1435 | 102.6s
  Epoch 18 Batch 400/460 | Loss=0.236002 | diff=0.2167 | coarse=0.2417 | 118.0s
  [WARN] skip non-finite grad at epoch 18 batch 413
  Epoch 18 Batch 450/460 | Loss=0.117334 | diff=0.1084 | coarse=0.1117 | 132.5s
  Epoch 18 Batch 460/460 | Loss=0.038735 | diff=0.0356 | coarse=0.0395 | 135.3s
Epoch 18/120 | Loss=0.152305 | Val RMSE=13.1608 | Val MAE=10.1123 | Val MAPE=43.78% | LR=6.78e-04 | 256.0s
  [BEST] epoch=18, val_rmse=13.1608
[INFO] start epoch 19/120
  Epoch 19 Batch 50/460 | Loss=0.160207 | diff=0.1474 | coarse=0.1599 | 14.3s
  Epoch 19 Batch 100/460 | Loss=0.144899 | diff=0.1336 | coarse=0.1417 | 28.7s
  Epoch 19 Batch 150/460 | Loss=0.139672 | diff=0.1286 | coarse=0.1389 | 43.2s
  Epoch 19 Batch 200/460 | Loss=0.166033 | diff=0.1533 | coarse=0.1593 | 57.7s
  Epoch 19 Batch 250/460 | Loss=0.126488 | diff=0.1178 | coarse=0.1081 | 72.5s
  Epoch 19 Batch 300/460 | Loss=0.163395 | diff=0.1515 | coarse=0.1488 | 87.8s
  Epoch 19 Batch 350/460 | Loss=0.142979 | diff=0.1318 | coarse=0.1397 | 103.2s
  Epoch 19 Batch 400/460 | Loss=0.228943 | diff=0.2106 | coarse=0.2291 | 117.7s
  Epoch 19 Batch 450/460 | Loss=0.107921 | diff=0.0989 | coarse=0.1125 | 132.3s
  Epoch 19 Batch 460/460 | Loss=0.036589 | diff=0.0338 | coarse=0.0343 | 135.2s
Epoch 19/120 | Loss=0.150161 | Val RMSE=12.5931 | Val MAE=9.3897 | Val MAPE=39.14% | LR=6.75e-04 | 257.2s
  [BEST] epoch=19, val_rmse=12.5931
[INFO] start epoch 20/120
  Epoch 20 Batch 50/460 | Loss=0.151347 | diff=0.1394 | coarse=0.1499 | 14.7s
  Epoch 20 Batch 100/460 | Loss=0.139856 | diff=0.1286 | coarse=0.1407 | 29.1s
  Epoch 20 Batch 150/460 | Loss=0.132185 | diff=0.1221 | coarse=0.1255 | 43.5s
  Epoch 20 Batch 200/460 | Loss=0.171468 | diff=0.1582 | coarse=0.1663 | 58.1s
  Epoch 20 Batch 250/460 | Loss=0.119663 | diff=0.1108 | coarse=0.1109 | 73.4s
  Epoch 20 Batch 300/460 | Loss=0.155023 | diff=0.1434 | coarse=0.1449 | 88.5s
  Epoch 20 Batch 350/460 | Loss=0.142985 | diff=0.1320 | coarse=0.1378 | 103.0s
  Epoch 20 Batch 400/460 | Loss=0.223127 | diff=0.2051 | coarse=0.2253 | 117.4s
  Epoch 20 Batch 450/460 | Loss=0.101234 | diff=0.0928 | coarse=0.1054 | 132.7s
  Epoch 20 Batch 460/460 | Loss=0.038583 | diff=0.0356 | coarse=0.0369 | 135.5s
Epoch 20/120 | Loss=0.142514 | Val RMSE=12.5188 | Val MAE=9.1122 | Val MAPE=37.11% | LR=6.71e-04 | 254.7s
  [BEST] epoch=20, val_rmse=12.5188
[INFO] start epoch 21/120
  Epoch 21 Batch 50/460 | Loss=0.165593 | diff=0.1522 | coarse=0.1669 | 14.3s
  Epoch 21 Batch 100/460 | Loss=0.134565 | diff=0.1239 | coarse=0.1339 | 28.5s
  Epoch 21 Batch 150/460 | Loss=0.131410 | diff=0.1213 | coarse=0.1259 | 43.3s
  Epoch 21 Batch 200/460 | Loss=0.161571 | diff=0.1483 | coarse=0.1653 | 59.0s
  Epoch 21 Batch 250/460 | Loss=0.125456 | diff=0.1164 | coarse=0.1131 | 73.8s
  Epoch 21 Batch 300/460 | Loss=0.144376 | diff=0.1332 | coarse=0.1396 | 88.3s
  Epoch 21 Batch 350/460 | Loss=0.149376 | diff=0.1381 | coarse=0.1411 | 103.1s
  Epoch 21 Batch 400/460 | Loss=0.217010 | diff=0.1986 | coarse=0.2298 | 118.1s
  Epoch 21 Batch 450/460 | Loss=0.112536 | diff=0.1038 | coarse=0.1089 | 132.9s
  Epoch 21 Batch 460/460 | Loss=0.038432 | diff=0.0357 | coarse=0.0343 | 135.8s
Epoch 21/120 | Loss=0.138050 | Val RMSE=12.4188 | Val MAE=9.1280 | Val MAPE=37.03% | LR=6.67e-04 | 255.0s
  [BEST] epoch=21, val_rmse=12.4188
[INFO] start epoch 22/120
  Epoch 22 Batch 50/460 | Loss=0.156982 | diff=0.1443 | coarse=0.1579 | 14.2s
  Epoch 22 Batch 100/460 | Loss=0.130752 | diff=0.1202 | coarse=0.1325 | 29.1s
  Epoch 22 Batch 150/460 | Loss=0.124530 | diff=0.1149 | coarse=0.1199 | 44.2s
  Epoch 22 Batch 200/460 | Loss=0.158248 | diff=0.1457 | coarse=0.1570 | 59.1s
  Epoch 22 Batch 250/460 | Loss=0.118772 | diff=0.1097 | coarse=0.1129 | 73.3s
  Epoch 22 Batch 300/460 | Loss=0.141174 | diff=0.1304 | coarse=0.1350 | 88.1s
  Epoch 22 Batch 350/460 | Loss=0.150954 | diff=0.1394 | coarse=0.1442 | 102.9s
  Epoch 22 Batch 400/460 | Loss=0.183238 | diff=0.1669 | coarse=0.2043 | 117.5s
  Epoch 22 Batch 450/460 | Loss=0.115513 | diff=0.1069 | coarse=0.1075 | 132.7s
  Epoch 22 Batch 460/460 | Loss=0.038522 | diff=0.0358 | coarse=0.0342 | 135.5s
Epoch 22/120 | Loss=0.132535 | Val RMSE=12.4465 | Val MAE=8.7334 | Val MAPE=33.24% | LR=6.63e-04 | 252.1s
[INFO] start epoch 23/120
  Epoch 23 Batch 50/460 | Loss=0.149426 | diff=0.1376 | coarse=0.1483 | 15.0s
  Epoch 23 Batch 100/460 | Loss=0.125993 | diff=0.1158 | coarse=0.1275 | 30.3s
  Epoch 23 Batch 150/460 | Loss=0.135700 | diff=0.1256 | coarse=0.1261 | 45.4s
  Epoch 23 Batch 200/460 | Loss=0.146991 | diff=0.1351 | coarse=0.1492 | 59.7s
  Epoch 23 Batch 250/460 | Loss=0.116407 | diff=0.1077 | coarse=0.1088 | 74.1s
  Epoch 23 Batch 300/460 | Loss=0.157158 | diff=0.1454 | coarse=0.1472 | 89.3s
  Epoch 23 Batch 350/460 | Loss=0.156570 | diff=0.1448 | coarse=0.1473 | 103.5s
  Epoch 23 Batch 400/460 | Loss=0.180206 | diff=0.1655 | coarse=0.1836 | 117.7s
  Epoch 23 Batch 450/460 | Loss=0.096381 | diff=0.0886 | coarse=0.0971 | 132.1s
  Epoch 23 Batch 460/460 | Loss=0.036152 | diff=0.0334 | coarse=0.0347 | 135.0s
Epoch 23/120 | Loss=0.134425 | Val RMSE=12.3428 | Val MAE=8.6706 | Val MAPE=32.87% | LR=6.59e-04 | 245.6s
  [BEST] epoch=23, val_rmse=12.3428
[INFO] start epoch 24/120
  Epoch 24 Batch 50/460 | Loss=0.149954 | diff=0.1374 | coarse=0.1574 | 15.3s
  Epoch 24 Batch 100/460 | Loss=0.133886 | diff=0.1235 | coarse=0.1302 | 30.1s
  Epoch 24 Batch 150/460 | Loss=0.138091 | diff=0.1277 | coarse=0.1295 | 44.9s
  Epoch 24 Batch 200/460 | Loss=0.135597 | diff=0.1244 | coarse=0.1403 | 59.2s
  Epoch 24 Batch 250/460 | Loss=0.121223 | diff=0.1124 | coarse=0.1106 | 73.8s
  Epoch 24 Batch 300/460 | Loss=0.154422 | diff=0.1433 | coarse=0.1395 | 88.8s
  Epoch 24 Batch 350/460 | Loss=0.143171 | diff=0.1321 | coarse=0.1387 | 103.4s
  Epoch 24 Batch 400/460 | Loss=0.181397 | diff=0.1660 | coarse=0.1928 | 117.9s
  Epoch 24 Batch 450/460 | Loss=0.096679 | diff=0.0889 | coarse=0.0974 | 132.3s
  Epoch 24 Batch 460/460 | Loss=0.037141 | diff=0.0344 | coarse=0.0342 | 135.0s
Epoch 24/120 | Loss=0.132468 | Val RMSE=12.2353 | Val MAE=8.8440 | Val MAPE=34.91% | LR=6.54e-04 | 244.5s
  [BEST] epoch=24, val_rmse=12.2353
[INFO] start epoch 25/120
  Epoch 25 Batch 50/460 | Loss=0.138366 | diff=0.1277 | coarse=0.1338 | 15.1s
  Epoch 25 Batch 100/460 | Loss=0.139752 | diff=0.1273 | coarse=0.1557 | 30.4s
  Epoch 25 Batch 150/460 | Loss=0.175264 | diff=0.1607 | coarse=0.1821 | 44.6s
  Epoch 25 Batch 200/460 | Loss=0.137686 | diff=0.1271 | coarse=0.1318 | 59.0s
  Epoch 25 Batch 250/460 | Loss=0.107682 | diff=0.0996 | coarse=0.1009 | 73.7s
  Epoch 25 Batch 300/460 | Loss=0.136198 | diff=0.1249 | coarse=0.1407 | 88.2s
  Epoch 25 Batch 350/460 | Loss=0.141098 | diff=0.1300 | coarse=0.1394 | 103.0s
  Epoch 25 Batch 400/460 | Loss=0.187986 | diff=0.1725 | coarse=0.1933 | 118.1s
  Epoch 25 Batch 450/460 | Loss=0.093909 | diff=0.0853 | coarse=0.1078 | 132.8s
  Epoch 25 Batch 460/460 | Loss=0.040058 | diff=0.0372 | coarse=0.0363 | 135.5s
Epoch 25/120 | Loss=0.132620 | Val RMSE=12.9859 | Val MAE=9.7628 | Val MAPE=40.21% | LR=6.49e-04 | 246.4s
[INFO] start epoch 26/120
  Epoch 26 Batch 50/460 | Loss=0.138694 | diff=0.1277 | coarse=0.1378 | 15.4s
  Epoch 26 Batch 100/460 | Loss=0.124210 | diff=0.1133 | coarse=0.1369 | 30.2s
  Epoch 26 Batch 150/460 | Loss=0.139190 | diff=0.1263 | coarse=0.1611 | 44.4s
  Epoch 26 Batch 200/460 | Loss=0.130354 | diff=0.1198 | coarse=0.1315 | 58.6s
  Epoch 26 Batch 250/460 | Loss=0.100776 | diff=0.0930 | coarse=0.0967 | 73.5s
  Epoch 26 Batch 300/460 | Loss=0.129585 | diff=0.1185 | coarse=0.1384 | 87.9s
  Epoch 26 Batch 350/460 | Loss=0.161087 | diff=0.1487 | coarse=0.1552 | 102.2s
  Epoch 26 Batch 400/460 | Loss=0.155122 | diff=0.1425 | coarse=0.1576 | 116.7s
  Epoch 26 Batch 450/460 | Loss=0.112295 | diff=0.1023 | coarse=0.1247 | 131.4s
  Epoch 26 Batch 460/460 | Loss=0.034685 | diff=0.0319 | coarse=0.0344 | 134.3s
Epoch 26/120 | Loss=0.130233 | Val RMSE=13.5765 | Val MAE=10.5677 | Val MAPE=45.30% | LR=6.44e-04 | 252.9s
[INFO] start epoch 27/120
  Epoch 27 Batch 50/460 | Loss=0.133651 | diff=0.1226 | coarse=0.1383 | 14.9s
  Epoch 27 Batch 100/460 | Loss=0.126487 | diff=0.1165 | coarse=0.1250 | 29.4s
  Epoch 27 Batch 150/460 | Loss=0.149723 | diff=0.1332 | coarse=0.2060 | 43.8s
  Epoch 27 Batch 200/460 | Loss=0.129130 | diff=0.1189 | coarse=0.1282 | 59.0s
  Epoch 27 Batch 250/460 | Loss=0.108731 | diff=0.1002 | coarse=0.1068 | 73.7s
  [WARN] skip non-finite grad at epoch 27 batch 274
  Epoch 27 Batch 300/460 | Loss=0.156404 | diff=0.1441 | coarse=0.1541 | 88.8s
  Epoch 27 Batch 350/460 | Loss=0.188224 | diff=0.1736 | coarse=0.1823 | 103.2s
  [WARN] skip non-finite grad at epoch 27 batch 360
  Epoch 27 Batch 400/460 | Loss=0.145871 | diff=0.1340 | coarse=0.1485 | 118.0s
  Epoch 27 Batch 450/460 | Loss=0.097438 | diff=0.0900 | coarse=0.0924 | 132.4s
  Epoch 27 Batch 460/460 | Loss=0.041114 | diff=0.0382 | coarse=0.0363 | 135.3s
Epoch 27/120 | Loss=0.130850 | Val RMSE=13.2869 | Val MAE=10.0696 | Val MAPE=41.53% | LR=6.39e-04 | 254.0s
[INFO] start epoch 28/120
  Epoch 28 Batch 50/460 | Loss=0.125263 | diff=0.1144 | coarse=0.1354 | 14.2s
  Epoch 28 Batch 100/460 | Loss=0.120086 | diff=0.1104 | coarse=0.1208 | 28.5s
  Epoch 28 Batch 150/460 | Loss=0.123143 | diff=0.1099 | coarse=0.1658 | 43.4s
  Epoch 28 Batch 200/460 | Loss=0.130608 | diff=0.1206 | coarse=0.1256 | 57.9s
  Epoch 28 Batch 250/460 | Loss=0.099465 | diff=0.0918 | coarse=0.0958 | 72.9s
  Epoch 28 Batch 300/460 | Loss=0.130215 | diff=0.1193 | coarse=0.1363 | 87.7s
  Epoch 28 Batch 350/460 | Loss=0.167623 | diff=0.1532 | coarse=0.1806 | 102.5s
  Epoch 28 Batch 400/460 | Loss=0.138432 | diff=0.1267 | coarse=0.1472 | 117.3s
  Epoch 28 Batch 450/460 | Loss=0.090567 | diff=0.0833 | coarse=0.0913 | 132.0s
  Epoch 28 Batch 460/460 | Loss=0.033599 | diff=0.0311 | coarse=0.0310 | 134.7s
Epoch 28/120 | Loss=0.120930 | Val RMSE=13.4319 | Val MAE=10.2194 | Val MAPE=42.32% | LR=6.33e-04 | 248.4s
[INFO] start epoch 29/120
  Epoch 29 Batch 50/460 | Loss=0.122453 | diff=0.1120 | coarse=0.1312 | 13.8s
  Epoch 29 Batch 100/460 | Loss=0.111103 | diff=0.1019 | coarse=0.1156 | 28.7s
  Epoch 29 Batch 150/460 | Loss=0.117082 | diff=0.1042 | coarse=0.1609 | 43.6s
  Epoch 29 Batch 200/460 | Loss=0.130236 | diff=0.1202 | coarse=0.1256 | 58.2s
  Epoch 29 Batch 250/460 | Loss=0.097171 | diff=0.0899 | coarse=0.0906 | 73.1s
  Epoch 29 Batch 300/460 | Loss=0.142507 | diff=0.1314 | coarse=0.1389 | 88.1s
  Epoch 29 Batch 350/460 | Loss=0.138139 | diff=0.1260 | coarse=0.1523 | 102.8s
  Epoch 29 Batch 400/460 | Loss=0.137337 | diff=0.1259 | coarse=0.1435 | 117.1s
  Epoch 29 Batch 450/460 | Loss=0.097951 | diff=0.0908 | coarse=0.0894 | 131.7s
  Epoch 29 Batch 460/460 | Loss=0.035415 | diff=0.0329 | coarse=0.0311 | 134.3s
Epoch 29/120 | Loss=0.120311 | Val RMSE=13.5403 | Val MAE=10.2073 | Val MAPE=42.21% | LR=6.27e-04 | 246.2s
[INFO] start epoch 30/120
  Epoch 30 Batch 50/460 | Loss=0.123433 | diff=0.1127 | coarse=0.1337 | 14.4s
  Epoch 30 Batch 100/460 | Loss=0.116642 | diff=0.1070 | coarse=0.1202 | 29.2s
  Epoch 30 Batch 150/460 | Loss=0.124124 | diff=0.1144 | coarse=0.1217 | 44.2s
  Epoch 30 Batch 200/460 | Loss=0.153101 | diff=0.1422 | coarse=0.1367 | 58.5s
  Epoch 30 Batch 250/460 | Loss=0.101646 | diff=0.0943 | coarse=0.0921 | 73.0s
  Epoch 30 Batch 300/460 | Loss=0.132067 | diff=0.1214 | coarse=0.1335 | 87.8s
  Epoch 30 Batch 350/460 | Loss=0.130276 | diff=0.1189 | coarse=0.1423 | 102.4s
  Epoch 30 Batch 400/460 | Loss=0.137555 | diff=0.1262 | coarse=0.1418 | 117.0s
  Epoch 30 Batch 450/460 | Loss=0.106935 | diff=0.0990 | coarse=0.0987 | 131.5s
  Epoch 30 Batch 460/460 | Loss=0.042126 | diff=0.0394 | coarse=0.0342 | 134.5s
Epoch 30/120 | Loss=0.121433 | Val RMSE=12.7825 | Val MAE=9.3939 | Val MAPE=38.12% | LR=6.21e-04 | 247.9s
[INFO] start epoch 31/120
  Epoch 31 Batch 50/460 | Loss=0.119534 | diff=0.1098 | coarse=0.1220 | 14.7s
  Epoch 31 Batch 100/460 | Loss=0.117919 | diff=0.1083 | coarse=0.1201 | 29.3s
  Epoch 31 Batch 150/460 | Loss=0.118019 | diff=0.1091 | coarse=0.1121 | 43.7s
  Epoch 31 Batch 200/460 | Loss=0.143301 | diff=0.1328 | coarse=0.1315 | 58.0s
  Epoch 31 Batch 250/460 | Loss=0.101450 | diff=0.0938 | coarse=0.0953 | 72.5s
  Epoch 31 Batch 300/460 | Loss=0.122797 | diff=0.1126 | coarse=0.1275 | 86.9s
  Epoch 31 Batch 350/460 | Loss=0.120374 | diff=0.1099 | coarse=0.1303 | 101.4s
  Epoch 31 Batch 400/460 | Loss=0.133183 | diff=0.1222 | coarse=0.1375 | 116.2s
  Epoch 31 Batch 450/460 | Loss=0.087054 | diff=0.0803 | coarse=0.0844 | 130.6s
  Epoch 31 Batch 460/460 | Loss=0.036783 | diff=0.0343 | coarse=0.0310 | 133.4s
Epoch 31/120 | Loss=0.117252 | Val RMSE=12.8526 | Val MAE=9.4119 | Val MAPE=38.47% | LR=6.15e-04 | 247.4s
[INFO] start epoch 32/120
  Epoch 32 Batch 50/460 | Loss=0.122947 | diff=0.1133 | coarse=0.1203 | 14.6s
  Epoch 32 Batch 100/460 | Loss=0.127778 | diff=0.1177 | coarse=0.1264 | 29.2s
  Epoch 32 Batch 150/460 | Loss=0.107511 | diff=0.0988 | coarse=0.1083 | 43.6s
  Epoch 32 Batch 200/460 | Loss=0.120038 | diff=0.1100 | coarse=0.1255 | 58.4s
  Epoch 32 Batch 250/460 | Loss=0.101062 | diff=0.0936 | coarse=0.0929 | 73.3s
  Epoch 32 Batch 300/460 | Loss=0.121524 | diff=0.1118 | coarse=0.1218 | 88.2s
  Epoch 32 Batch 350/460 | Loss=0.117309 | diff=0.1073 | coarse=0.1253 | 103.1s
  Epoch 32 Batch 400/460 | Loss=0.138756 | diff=0.1279 | coarse=0.1353 | 118.1s
  Epoch 32 Batch 450/460 | Loss=0.090153 | diff=0.0825 | coarse=0.0954 | 132.5s
  Epoch 32 Batch 460/460 | Loss=0.039770 | diff=0.0370 | coarse=0.0347 | 135.2s
Epoch 32/120 | Loss=0.117055 | Val RMSE=12.6253 | Val MAE=9.0386 | Val MAPE=36.66% | LR=6.09e-04 | 257.4s
[INFO] start epoch 33/120
  Epoch 33 Batch 50/460 | Loss=0.133659 | diff=0.1238 | coarse=0.1234 | 14.6s
  Epoch 33 Batch 100/460 | Loss=0.117554 | diff=0.1079 | coarse=0.1204 | 29.4s
  Epoch 33 Batch 150/460 | Loss=0.107403 | diff=0.0983 | coarse=0.1141 | 44.1s
  Epoch 33 Batch 200/460 | Loss=0.114870 | diff=0.1050 | coarse=0.1235 | 58.4s
  Epoch 33 Batch 250/460 | Loss=0.097589 | diff=0.0902 | coarse=0.0930 | 73.0s
  Epoch 33 Batch 300/460 | Loss=0.131171 | diff=0.1209 | coarse=0.1281 | 87.9s
  Epoch 33 Batch 350/460 | Loss=0.119964 | diff=0.1103 | coarse=0.1213 | 102.9s
  Epoch 33 Batch 400/460 | Loss=0.157808 | diff=0.1464 | coarse=0.1431 | 117.3s
  Epoch 33 Batch 450/460 | Loss=0.100621 | diff=0.0921 | coarse=0.1067 | 131.9s
  Epoch 33 Batch 460/460 | Loss=0.037677 | diff=0.0346 | coarse=0.0382 | 134.7s
Epoch 33/120 | Loss=0.117826 | Val RMSE=12.4390 | Val MAE=8.6989 | Val MAPE=34.08% | LR=6.03e-04 | 253.3s
[INFO] start epoch 34/120
  Epoch 34 Batch 50/460 | Loss=0.133936 | diff=0.1242 | coarse=0.1218 | 14.3s
  Epoch 34 Batch 100/460 | Loss=0.120765 | diff=0.1111 | coarse=0.1208 | 28.7s
  Epoch 34 Batch 150/460 | Loss=0.109885 | diff=0.1013 | coarse=0.1067 | 43.3s
  Epoch 34 Batch 200/460 | Loss=0.110544 | diff=0.1012 | coarse=0.1172 | 58.1s
  Epoch 34 Batch 250/460 | Loss=0.109052 | diff=0.0996 | coarse=0.1183 | 72.9s
  Epoch 34 Batch 300/460 | Loss=0.130635 | diff=0.1201 | coarse=0.1319 | 87.9s
  Epoch 34 Batch 350/460 | Loss=0.108773 | diff=0.0997 | coarse=0.1136 | 102.4s
  Epoch 34 Batch 400/460 | Loss=0.144401 | diff=0.1335 | coarse=0.1362 | 117.0s
  Epoch 34 Batch 450/460 | Loss=0.096782 | diff=0.0892 | coarse=0.0942 | 131.4s
  Epoch 34 Batch 460/460 | Loss=0.034166 | diff=0.0314 | coarse=0.0351 | 134.1s
Epoch 34/120 | Loss=0.114397 | Val RMSE=12.5077 | Val MAE=8.7963 | Val MAPE=34.97% | LR=5.96e-04 | 255.4s
[INFO] start epoch 35/120
  Epoch 35 Batch 50/460 | Loss=0.135224 | diff=0.1254 | coarse=0.1228 | 14.5s
  Epoch 35 Batch 100/460 | Loss=0.110392 | diff=0.1010 | coarse=0.1172 | 29.3s
  Epoch 35 Batch 150/460 | Loss=0.108116 | diff=0.0995 | coarse=0.1071 | 44.1s
  Epoch 35 Batch 200/460 | Loss=0.112867 | diff=0.1023 | coarse=0.1325 | 58.8s
  Epoch 35 Batch 250/460 | Loss=0.130226 | diff=0.1196 | coarse=0.1325 | 73.3s
  Epoch 35 Batch 300/460 | Loss=0.124874 | diff=0.1151 | coarse=0.1218 | 87.8s
  Epoch 35 Batch 350/460 | Loss=0.108605 | diff=0.0999 | coarse=0.1089 | 102.1s
  Epoch 35 Batch 400/460 | Loss=0.127580 | diff=0.1169 | coarse=0.1335 | 116.6s
  Epoch 35 Batch 450/460 | Loss=0.091844 | diff=0.0853 | coarse=0.0819 | 131.0s
  Epoch 35 Batch 460/460 | Loss=0.030044 | diff=0.0276 | coarse=0.0304 | 133.8s
Epoch 35/120 | Loss=0.111302 | Val RMSE=12.4197 | Val MAE=8.6720 | Val MAPE=33.72% | LR=5.89e-04 | 253.8s
[INFO] start epoch 36/120
  Epoch 36 Batch 50/460 | Loss=0.130730 | diff=0.1207 | coarse=0.1253 | 14.5s
  Epoch 36 Batch 100/460 | Loss=0.107925 | diff=0.0986 | coarse=0.1164 | 29.0s
  Epoch 36 Batch 150/460 | Loss=0.103176 | diff=0.0936 | coarse=0.1202 | 44.0s
  Epoch 36 Batch 200/460 | Loss=0.113659 | diff=0.1027 | coarse=0.1372 | 58.7s
  [WARN] skip non-finite grad at epoch 36 batch 244
  Epoch 36 Batch 250/460 | Loss=0.101391 | diff=0.0924 | coarse=0.1124 | 73.6s
  Epoch 36 Batch 300/460 | Loss=0.123968 | diff=0.1143 | coarse=0.1204 | 88.1s
  Epoch 36 Batch 350/460 | Loss=0.113197 | diff=0.1043 | coarse=0.1111 | 102.5s
  Epoch 36 Batch 400/460 | Loss=0.124925 | diff=0.1141 | coarse=0.1354 | 116.9s
  Epoch 36 Batch 450/460 | Loss=0.099691 | diff=0.0931 | coarse=0.0826 | 132.1s
  Epoch 36 Batch 460/460 | Loss=0.034539 | diff=0.0321 | coarse=0.0303 | 135.1s
Epoch 36/120 | Loss=0.110824 | Val RMSE=12.7231 | Val MAE=9.0984 | Val MAPE=36.61% | LR=5.82e-04 | 252.0s
[INFO] start epoch 37/120
  Epoch 37 Batch 50/460 | Loss=0.113195 | diff=0.1043 | coarse=0.1111 | 14.4s
  Epoch 37 Batch 100/460 | Loss=0.106131 | diff=0.0972 | coarse=0.1111 | 29.2s
  Epoch 37 Batch 150/460 | Loss=0.111589 | diff=0.0995 | coarse=0.1514 | 43.9s
  Epoch 37 Batch 200/460 | Loss=0.125652 | diff=0.1163 | coarse=0.1173 | 58.5s
  Epoch 37 Batch 250/460 | Loss=0.094430 | diff=0.0875 | coarse=0.0872 | 73.2s
  Epoch 37 Batch 300/460 | Loss=0.131075 | diff=0.1205 | coarse=0.1326 | 87.8s
  Epoch 37 Batch 350/460 | Loss=0.118599 | diff=0.1095 | coarse=0.1137 | 102.3s
  Epoch 37 Batch 400/460 | Loss=0.130316 | diff=0.1204 | coarse=0.1245 | 117.6s
  Epoch 37 Batch 450/460 | Loss=0.099744 | diff=0.0932 | coarse=0.0820 | 132.9s
  Epoch 37 Batch 460/460 | Loss=0.030942 | diff=0.0284 | coarse=0.0313 | 135.8s
Epoch 37/120 | Loss=0.114831 | Val RMSE=12.7154 | Val MAE=9.2607 | Val MAPE=37.02% | LR=5.75e-04 | 263.0s
[INFO] start epoch 38/120
  Epoch 38 Batch 50/460 | Loss=0.109513 | diff=0.1009 | coarse=0.1082 | 14.8s
  Epoch 38 Batch 100/460 | Loss=0.115554 | diff=0.1053 | coarse=0.1280 | 29.2s
  Epoch 38 Batch 150/460 | Loss=0.101640 | diff=0.0907 | coarse=0.1363 | 43.7s
  Epoch 38 Batch 200/460 | Loss=0.118560 | diff=0.1095 | coarse=0.1137 | 58.1s
  Epoch 38 Batch 250/460 | Loss=0.104049 | diff=0.0970 | coarse=0.0886 | 72.8s
  Epoch 38 Batch 300/460 | Loss=0.150199 | diff=0.1378 | coarse=0.1551 | 87.8s
  Epoch 38 Batch 350/460 | Loss=0.126544 | diff=0.1161 | coarse=0.1305 | 102.9s
  Epoch 38 Batch 400/460 | Loss=0.120578 | diff=0.1107 | coarse=0.1229 | 118.0s
  Epoch 38 Batch 450/460 | Loss=0.094341 | diff=0.0881 | coarse=0.0781 | 132.5s
  Epoch 38 Batch 460/460 | Loss=0.028186 | diff=0.0259 | coarse=0.0285 | 135.2s
Epoch 38/120 | Loss=0.112895 | Val RMSE=12.6686 | Val MAE=9.0411 | Val MAPE=35.83% | LR=5.67e-04 | 265.5s
[INFO] start epoch 39/120
  Epoch 39 Batch 50/460 | Loss=0.108736 | diff=0.0999 | coarse=0.1109 | 14.8s
  Epoch 39 Batch 100/460 | Loss=0.120785 | diff=0.1091 | coarse=0.1457 | 29.2s
  Epoch 39 Batch 150/460 | Loss=0.097641 | diff=0.0891 | coarse=0.1066 | 43.6s
  Epoch 39 Batch 200/460 | Loss=0.102784 | diff=0.0940 | coarse=0.1103 | 58.1s
  Epoch 39 Batch 250/460 | Loss=0.096086 | diff=0.0892 | coarse=0.0864 | 73.5s
  Epoch 39 Batch 300/460 | Loss=0.139982 | diff=0.1279 | coarse=0.1514 | 88.3s
  Epoch 39 Batch 350/460 | Loss=0.113645 | diff=0.1044 | coarse=0.1150 | 102.8s
  Epoch 39 Batch 400/460 | Loss=0.111988 | diff=0.1030 | coarse=0.1118 | 117.5s
  Epoch 39 Batch 450/460 | Loss=0.089474 | diff=0.0829 | coarse=0.0825 | 132.3s
  Epoch 39 Batch 460/460 | Loss=0.026526 | diff=0.0242 | coarse=0.0295 | 135.1s
Epoch 39/120 | Loss=0.108173 | Val RMSE=12.6739 | Val MAE=8.8849 | Val MAPE=35.01% | LR=5.60e-04 | 259.9s
[EARLY STOP] patience=15, best_val_rmse=12.2353 at epoch 24
[INFO] PE-DiffWaveNet noleak training finished
{
  "split_mode": "noleak",
  "model_name": "PE-DiffWaveNet",
  "best_epoch": 24,
  "best_valid_rmse": 12.235258427701009,
  "best_valid_mae": 8.844037844494814,
  "best_valid_mape": 34.9139821340329,
  "test_rmse": 11.114868089679213,
  "test_mae": 8.009297320021444,
  "test_mape": 31.54622895322938,
  "relative_rmse": 2.7109434365071254,
  "relative_mae": 1.9534871512247425,
  "train_scale_max": 410.0,
  "world_size": 1,
  "eval_inference_steps": 50,
  "eval_num_samples": 3,
  "eval_t_start_ratio": 0.25,
  "use_diffusion": 1,
  "use_pe_graph": 0,
  "use_pe_film": 1,
  "pe_source": "train",
  "pe_graph_alpha": 1.0,
  "pe_film_scale": 1.0,
  "pe_film_zero_init": 0,
  "normalize_pe_features": 1,
  "pe_shuffle_seed": -1,
  "pe_adaptive_loss": 0,
  "pe_loss_weight": 0.15,
  "pe_loss_start_step": 4,
  "pe_loss_normalize": 1,
  "per_step_rmse": [
    7.443634330977863,
    9.324313462185433,
    10.685256831228802,
    11.792978575501763,
    12.690484612366221,
    13.58652955626057
  ],
  "per_step_mae": [
    5.6536370067499995,
    6.789733962139477,
    7.7894101467701855,
    8.633302711984019,
    9.259892979783912,
    9.92980711270108
  ],
  "step4_6_rmse_avg": 12.689997581376184,
  "peak_mode": "percentile",
  "peak_threshold": 65.99999815225601,
  "peak_count": 36556,
  "peak_ratio": 0.1000520020800832,
  "rmse_peak": 13.75395610722313,
  "mae_peak": 9.279792199825614
}
  Peak_mode      : percentile
  Peak_threshold : 66.00 μg/m³
  Peak_count     : 36556
  Peak_ratio     : 10.01%
  RMSE_peak      : 13.7540
  MAE_peak       : 9.2798
Per-step metrics:
  Step        RMSE         MAE
     1      7.4436      5.6536
     2      9.3243      6.7897
     3     10.6853      7.7894
     4     11.7930      8.6333
     5     12.6905      9.2599
     6     13.5865      9.9298
[INFO] outputs: D:/shengchan/鑷哀棰勬祴璧勬枡\matrix_N95_PEDiffWaveNet_noleak_D03_s52-nograph-l24-p6
[INFO] weights: D:/shengchan/鑷哀棰勬祴璧勬枡\weights_N95/weights_pediffwavenet_noleak_D03_s52-nograph-l24-p6
