{'PATH_MOD': '/mnt/d/时空数据/白文豪/week1/DiffSTG/output/model/', 'PATH_LOG': '/mnt/d/时空数据/白文豪/week1/DiffSTG/output/log/', 'PATH_FORECAST': '/mnt/d/时空数据/白文豪/week1/DiffSTG/output/forecast/', 'data': {'name': 'AIR_N95', 'path': '/mnt/d/时空数据/白文豪/week1/DiffSTG/data/dataset/', 'feature_file': '/mnt/d/时空数据/白文豪/week1/DiffSTG/data/dataset/AIR_N95/flow.npy', 'spatial': '/mnt/d/时空数据/白文豪/week1/DiffSTG/data/dataset/AIR_N95/adj.npy', 'num_recent': 1, 'num_features': 1, 'num_vertices': 95, 'points_per_hour': 1, 'val_start_idx': 7378, 'test_start_idx': 8047}, 'gpu_id': None, 'model': {'T_p': 12, 'T_h': 24, 'V': 95, 'F': 1, 'week_len': 7, 'day_len': 24, 'device': device(type='cuda'), 'd_h': 32, 'N': 200, 'sample_steps': 200, 'epsilon_theta': 'UGnet', 'is_label_condition': True, 'beta_end': 0.1, 'beta_schedule': 'quad', 'sample_strategy': 'ddpm', 'channel_multipliers': [1, 2], 'supports_len': 2, 'C': 32, 'n_channels': 32}, 'n_samples': 8, 'model_name': 'DiffSTG', 'is_test': False, 'epoch': 300, 'optimizer': 'adam', 'lr': 0.0001, 'batch_size': 32, 'wd': 1e-05, 'early_stop': 10, 'start_epoch': 0, 'device': device(type='cuda'), 'logger': <utils.common_utils.Logger object at 0x71cedb2d2150>, 'mask_ratio': 0.0, 'T_h': 24, 'T_p': 12, 'trial_name': 'UGnet+32+200+quad+0.1+200+ddpm+24+12+8+AIR_N95+0.0001+32+42+0.0+300+10+0.001+/mnt/d/时空数据/白文豪/week2/DiffSTG/output', 'log_path': '/mnt/d/时空数据/白文豪/week1/DiffSTG/output/log//UGnet+32+200+quad+0.1+200+ddpm+24+12+8+AIR_N95+0.0001+32+42+0.0+300+10+0.001+/mnt/d/时空数据/白文豪/week2/DiffSTG/output.log'}
model path:/mnt/d/时空数据/白文豪/week1/DiffSTG/output/model/UGnet+32+200+quad+0.1+200+ddpm+24+12+8+AIR_N95+0.0001+32+42+0.0+300+10+0.001+/mnt/d/时空数据/白文豪/week2/DiffSTG/outputN-200+T_h-24+T_p-12+epsilon_theta-UGnet.dm4stg
DiffSTG(
  (eps_model): UGnet(
    (down): ModuleList(
      (0-1): 2 x DownBlock(
        (res): ResidualBlock(
          (tcn1): TcnBlock(
            (conv): Conv2d(32, 32, kernel_size=(3, 3), stride=(1, 1), padding=(1, 2))
            (chomp): Chomp()
            (drop): Dropout(p=0.0, inplace=False)
            (net): Sequential(
              (0): Conv2d(32, 32, kernel_size=(3, 3), stride=(1, 1), padding=(1, 2))
              (1): Chomp()
              (2): Dropout(p=0.0, inplace=False)
            )
          )
          (tcn2): TcnBlock(
            (conv): Conv2d(32, 32, kernel_size=(3, 3), stride=(1, 1), padding=(1, 2))
            (chomp): Chomp()
            (drop): Dropout(p=0.0, inplace=False)
            (net): Sequential(
              (0): Conv2d(32, 32, kernel_size=(3, 3), stride=(1, 1), padding=(1, 2))
              (1): Chomp()
              (2): Dropout(p=0.0, inplace=False)
            )
          )
          (shortcut): Identity()
          (t_conv): Conv2d(32, 32, kernel_size=(1, 1), stride=(1, 1))
          (spatial): SpatialBlock()
          (norm): LayerNorm((95, 32), eps=1e-05, elementwise_affine=True)
        )
      )
      (2): Downsample(
        (conv): Conv2d(32, 32, kernel_size=(1, 3), stride=(1, 2), padding=(0, 1))
      )
      (3): DownBlock(
        (res): ResidualBlock(
          (tcn1): TcnBlock(
            (conv): Conv2d(32, 64, kernel_size=(3, 3), stride=(1, 1), padding=(1, 2))
            (chomp): Chomp()
            (drop): Dropout(p=0.0, inplace=False)
            (net): Sequential(
              (0): Conv2d(32, 64, kernel_size=(3, 3), stride=(1, 1), padding=(1, 2))
              (1): Chomp()
              (2): Dropout(p=0.0, inplace=False)
            )
            (shortcut): Conv2d(32, 64, kernel_size=(1, 1), stride=(1, 1))
          )
          (tcn2): TcnBlock(
            (conv): Conv2d(64, 64, kernel_size=(3, 3), stride=(1, 1), padding=(1, 2))
            (chomp): Chomp()
            (drop): Dropout(p=0.0, inplace=False)
            (net): Sequential(
              (0): Conv2d(64, 64, kernel_size=(3, 3), stride=(1, 1), padding=(1, 2))
              (1): Chomp()
              (2): Dropout(p=0.0, inplace=False)
            )
          )
          (shortcut): Conv2d(32, 64, kernel_size=(1, 1), stride=(1, 1))
          (t_conv): Conv2d(32, 64, kernel_size=(1, 1), stride=(1, 1))
          (spatial): SpatialBlock()
          (norm): LayerNorm((95, 64), eps=1e-05, elementwise_affine=True)
        )
      )
      (4): DownBlock(
        (res): ResidualBlock(
          (tcn1): TcnBlock(
            (conv): Conv2d(64, 64, kernel_size=(3, 3), stride=(1, 1), padding=(1, 2))
            (chomp): Chomp()
            (drop): Dropout(p=0.0, inplace=False)
            (net): Sequential(
              (0): Conv2d(64, 64, kernel_size=(3, 3), stride=(1, 1), padding=(1, 2))
              (1): Chomp()
              (2): Dropout(p=0.0, inplace=False)
            )
          )
          (tcn2): TcnBlock(
            (conv): Conv2d(64, 64, kernel_size=(3, 3), stride=(1, 1), padding=(1, 2))
            (chomp): Chomp()
            (drop): Dropout(p=0.0, inplace=False)
            (net): Sequential(
              (0): Conv2d(64, 64, kernel_size=(3, 3), stride=(1, 1), padding=(1, 2))
              (1): Chomp()
              (2): Dropout(p=0.0, inplace=False)
            )
          )
          (shortcut): Identity()
          (t_conv): Conv2d(32, 64, kernel_size=(1, 1), stride=(1, 1))
          (spatial): SpatialBlock()
          (norm): LayerNorm((95, 64), eps=1e-05, elementwise_affine=True)
        )
      )
    )
    (middle): MiddleBlock(
      (res1): ResidualBlock(
        (tcn1): TcnBlock(
          (conv): Conv2d(64, 64, kernel_size=(3, 3), stride=(1, 1), padding=(1, 2))
          (chomp): Chomp()
          (drop): Dropout(p=0.0, inplace=False)
          (net): Sequential(
            (0): Conv2d(64, 64, kernel_size=(3, 3), stride=(1, 1), padding=(1, 2))
            (1): Chomp()
            (2): Dropout(p=0.0, inplace=False)
          )
        )
        (tcn2): TcnBlock(
          (conv): Conv2d(64, 64, kernel_size=(3, 3), stride=(1, 1), padding=(1, 2))
          (chomp): Chomp()
          (drop): Dropout(p=0.0, inplace=False)
          (net): Sequential(
            (0): Conv2d(64, 64, kernel_size=(3, 3), stride=(1, 1), padding=(1, 2))
            (1): Chomp()
            (2): Dropout(p=0.0, inplace=False)
          )
        )
        (shortcut): Identity()
        (t_conv): Conv2d(32, 64, kernel_size=(1, 1), stride=(1, 1))
        (spatial): SpatialBlock()
        (norm): LayerNorm((95, 64), eps=1e-05, elementwise_affine=True)
      )
      (res2): ResidualBlock(
        (tcn1): TcnBlock(
          (conv): Conv2d(64, 64, kernel_size=(3, 3), stride=(1, 1), padding=(1, 2))
          (chomp): Chomp()
          (drop): Dropout(p=0.0, inplace=False)
          (net): Sequential(
            (0): Conv2d(64, 64, kernel_size=(3, 3), stride=(1, 1), padding=(1, 2))
            (1): Chomp()
            (2): Dropout(p=0.0, inplace=False)
          )
        )
        (tcn2): TcnBlock(
          (conv): Conv2d(64, 64, kernel_size=(3, 3), stride=(1, 1), padding=(1, 2))
          (chomp): Chomp()
          (drop): Dropout(p=0.0, inplace=False)
          (net): Sequential(
            (0): Conv2d(64, 64, kernel_size=(3, 3), stride=(1, 1), padding=(1, 2))
            (1): Chomp()
            (2): Dropout(p=0.0, inplace=False)
          )
        )
        (shortcut): Identity()
        (t_conv): Conv2d(32, 64, kernel_size=(1, 1), stride=(1, 1))
        (spatial): SpatialBlock()
        (norm): LayerNorm((95, 64), eps=1e-05, elementwise_affine=True)
      )
    )
    (up): ModuleList(
      (0-1): 2 x UpBlock(
        (res): ResidualBlock(
          (tcn1): TcnBlock(
            (conv): Conv2d(128, 64, kernel_size=(3, 3), stride=(1, 1), padding=(1, 2))
            (chomp): Chomp()
            (drop): Dropout(p=0.0, inplace=False)
            (net): Sequential(
              (0): Conv2d(128, 64, kernel_size=(3, 3), stride=(1, 1), padding=(1, 2))
              (1): Chomp()
              (2): Dropout(p=0.0, inplace=False)
            )
            (shortcut): Conv2d(128, 64, kernel_size=(1, 1), stride=(1, 1))
          )
          (tcn2): TcnBlock(
            (conv): Conv2d(64, 64, kernel_size=(3, 3), stride=(1, 1), padding=(1, 2))
            (chomp): Chomp()
            (drop): Dropout(p=0.0, inplace=False)
            (net): Sequential(
              (0): Conv2d(64, 64, kernel_size=(3, 3), stride=(1, 1), padding=(1, 2))
              (1): Chomp()
              (2): Dropout(p=0.0, inplace=False)
            )
          )
          (shortcut): Conv2d(128, 64, kernel_size=(1, 1), stride=(1, 1))
          (t_conv): Conv2d(32, 64, kernel_size=(1, 1), stride=(1, 1))
          (spatial): SpatialBlock()
          (norm): LayerNorm((95, 64), eps=1e-05, elementwise_affine=True)
        )
      )
      (2): UpBlock(
        (res): ResidualBlock(
          (tcn1): TcnBlock(
            (conv): Conv2d(96, 32, kernel_size=(3, 3), stride=(1, 1), padding=(1, 2))
            (chomp): Chomp()
            (drop): Dropout(p=0.0, inplace=False)
            (net): Sequential(
              (0): Conv2d(96, 32, kernel_size=(3, 3), stride=(1, 1), padding=(1, 2))
              (1): Chomp()
              (2): Dropout(p=0.0, inplace=False)
            )
            (shortcut): Conv2d(96, 32, kernel_size=(1, 1), stride=(1, 1))
          )
          (tcn2): TcnBlock(
            (conv): Conv2d(32, 32, kernel_size=(3, 3), stride=(1, 1), padding=(1, 2))
            (chomp): Chomp()
            (drop): Dropout(p=0.0, inplace=False)
            (net): Sequential(
              (0): Conv2d(32, 32, kernel_size=(3, 3), stride=(1, 1), padding=(1, 2))
              (1): Chomp()
              (2): Dropout(p=0.0, inplace=False)
            )
          )
          (shortcut): Conv2d(96, 32, kernel_size=(1, 1), stride=(1, 1))
          (t_conv): Conv2d(32, 32, kernel_size=(1, 1), stride=(1, 1))
          (spatial): SpatialBlock()
          (norm): LayerNorm((95, 32), eps=1e-05, elementwise_affine=True)
        )
      )
      (3): Upsample(
        (conv): ConvTranspose2d(32, 32, kernel_size=(1, 4), stride=(1, 2), padding=(0, 1))
      )
      (4-6): 3 x UpBlock(
        (res): ResidualBlock(
          (tcn1): TcnBlock(
            (conv): Conv2d(64, 32, kernel_size=(3, 3), stride=(1, 1), padding=(1, 2))
            (chomp): Chomp()
            (drop): Dropout(p=0.0, inplace=False)
            (net): Sequential(
              (0): Conv2d(64, 32, kernel_size=(3, 3), stride=(1, 1), padding=(1, 2))
              (1): Chomp()
              (2): Dropout(p=0.0, inplace=False)
            )
            (shortcut): Conv2d(64, 32, kernel_size=(1, 1), stride=(1, 1))
          )
          (tcn2): TcnBlock(
            (conv): Conv2d(32, 32, kernel_size=(3, 3), stride=(1, 1), padding=(1, 2))
            (chomp): Chomp()
            (drop): Dropout(p=0.0, inplace=False)
            (net): Sequential(
              (0): Conv2d(32, 32, kernel_size=(3, 3), stride=(1, 1), padding=(1, 2))
              (1): Chomp()
              (2): Dropout(p=0.0, inplace=False)
            )
          )
          (shortcut): Conv2d(64, 32, kernel_size=(1, 1), stride=(1, 1))
          (t_conv): Conv2d(32, 32, kernel_size=(1, 1), stride=(1, 1))
          (spatial): SpatialBlock()
          (norm): LayerNorm((95, 32), eps=1e-05, elementwise_affine=True)
        )
      )
    )
    (x_proj): Conv2d(1, 32, kernel_size=(1, 1), stride=(1, 1))
    (out): Sequential(
      (0): Conv2d(32, 1, kernel_size=(1, 1), stride=(1, 1))
      (1): Linear(in_features=72, out_features=36, bias=True)
    )
  )
)Num_of_parameters:911845
      |---Train--- |---Val Future-- -|-----Val History----|
Epoch | Loss  Time | MAE     RMSE    |  MAE    RMSE   Time|
   1.0| 9.365 79.1s |[2.4310 4.2023 ] | 2.1875 3.8394 487.71s
   2.0| 5.137 79.5s |[1.0243 1.8302 ] | 0.8623 1.5686 491.89s
   3.0| 2.799 73.7s |[0.2182 0.3543 ] | 0.1350 0.2166 472.88s
   4.0| 2.044 77.9s | 0.2218 0.2966  | 0.0823 0.1190 469.54s
   5.0| 1.777 70.2s |[0.2100 0.2761 ] | 0.0732 0.0986 439.76s
   6.0| 1.632 69.9s |[0.1657 0.2242 ] | 0.0623 0.0843 450.39s
   7.0| 1.531 70.0s | 0.2126 0.2723  | 0.0509 0.0683 437.29s
   8.0| 1.449 69.8s | 0.1858 0.2402  | 0.0586 0.0774 430.59s
   9.0| 1.380 70.7s |[0.1530 0.2032 ] | 0.0468 0.0620 433.42s
  10.0| 1.322 68.5s | 0.1555 0.2071  | 0.0374 0.0491 432.94s
  11.0| 1.272 69.3s |[0.1454 0.1999 ] | 0.0294 0.0385 434.40s
  12.0| 1.230 68.5s |[0.1153 0.1620 ] | 0.0272 0.0358 434.57s
  13.0| 1.195 69.3s |[0.0910 0.1275 ] | 0.0239 0.0318 429.07s
  14.0| 1.163 68.5s | 0.0918 0.1290  | 0.0238 0.0311 429.12s
  15.0| 1.137 67.4s |[0.0799 0.1100 ] | 0.0207 0.0269 426.80s
  16.0| 1.114 67.4s | 0.0800 0.1111  | 0.0192 0.0249 431.14s
  17.0| 1.094 69.7s | 0.0811 0.1130  | 0.0182 0.0238 427.50s
  18.0| 1.077 68.0s | 0.0929 0.1302  | 0.0286 0.0368 430.55s
  19.0| 1.061 67.7s | 0.0887 0.1243  | 0.0254 0.0326 428.88s
  20.0| 1.046 68.6s | 0.0923 0.1299  | 0.0251 0.0321 430.56s
  21.0| 1.032 68.5s | 0.0890 0.1248  | 0.0224 0.0288 432.60s
  22.0| 1.003 68.6s | 0.1081 0.1519  | 0.0258 0.0326 434.18s
  23.0| 0.997 69.7s | 0.0990 0.1394  | 0.0226 0.0278 438.45s
  24.0| 0.991 70.5s | 0.0914 0.1282  | 0.0129 0.0162 437.80s
  25.0| 0.985 71.2s | 0.0886 0.1240  | 0.0124 0.0157 438.89s
 |[0.0653 0.0809 ] | 0.0354 0.0399 3440.83s
