[INFO] PE-DiffWaveNet noleak training
[INFO] device=cuda, world_size=1
[INFO] output_dir=D:/shengchan/鑷哀棰勬祴璧勬枡\matrix_N95_PEDiffWaveNet_noleak_D01_s52-nograph-l12-p6
[INFO] clean_room=1, pe_source=train, use_pe_graph=0, use_pe_film=1, use_diffusion=1, pe_graph_alpha=1.0, pe_film_scale=1.0, pe_film_zero_init=0, pe_shuffle_seed=-1, pe_adaptive_loss=0, pe_loss_weight=0.15
[INFO] loading meteorological data...
[INFO] loading met cache: D:/shengchan/鑷哀棰勬祴璧勬枡\matrix_N95\met_raw_aligned_cache.npz
[INFO] trainX=(7361, 12, 95, 15), trainY=(7361, 6, 95)
[INFO] validX=(652, 12, 95, 15), validY=(652, 6, 95)
[INFO] testX=(653, 12, 95, 15), testY=(653, 6, 95)
[INFO] train-only PE time range: {'start_idx': 0, 'end_idx': 7377, 'start_time': '2022-01-01 00:00:00', 'end_time': '2022-11-05 23:00:00', 'length': 7378}
[INFO] building PE features: nodes=95, scales=[6, 9, 12, 24, 48, 72], step=1
[INFO] PE feature progress: 20/95
[INFO] PE feature progress: 40/95
[INFO] PE feature progress: 60/95
[INFO] PE feature progress: 80/95
[INFO] PE feature progress: 95/95
[INFO] building PE features: nodes=95, scales=[6, 9, 12, 24, 48, 72], step=1
[INFO] PE feature progress: 20/95
[INFO] PE feature progress: 40/95
[INFO] PE feature progress: 60/95
[INFO] PE feature progress: 80/95
[INFO] PE feature progress: 95/95
[INFO] graph nnz: S=691, T=1570, PE=0
[INFO] train batches/epoch=461, effective_batch=16
[INFO] model_params=621635
D:\shengchan\鑷哀棰勬祴璧勬枡\code\train_pediffwavenet_noleak.py:410: FutureWarning: `torch.cuda.amp.GradScaler(args...)` is deprecated. Please use `torch.amp.GradScaler('cuda', args...)` instead.
  scaler = torch.cuda.amp.GradScaler(enabled=use_amp)
[INFO] start epoch 1/120
  [WARN] skip non-finite grad at epoch 1 batch 1
  [WARN] skip non-finite grad at epoch 1 batch 2
  [WARN] skip non-finite grad at epoch 1 batch 3
  [WARN] skip non-finite grad at epoch 1 batch 4
  Epoch 1 Batch 50/461 | Loss=3.083262 | diff=2.7812 | coarse=3.7754 | 20.5s
  Epoch 1 Batch 100/461 | Loss=0.760564 | diff=0.6484 | coarse=1.4025 | 39.8s
  Epoch 1 Batch 150/461 | Loss=0.535206 | diff=0.4879 | coarse=0.5909 | 59.8s
  Epoch 1 Batch 200/461 | Loss=0.364021 | diff=0.3316 | coarse=0.4047 | 80.0s
  Epoch 1 Batch 250/461 | Loss=0.356491 | diff=0.3233 | coarse=0.4152 | 99.8s
  Epoch 1 Batch 300/461 | Loss=0.292096 | diff=0.2680 | coarse=0.3016 | 119.0s
  Epoch 1 Batch 350/461 | Loss=0.270217 | diff=0.2515 | coarse=0.2336 | 137.8s
  Epoch 1 Batch 400/461 | Loss=0.352601 | diff=0.3216 | coarse=0.3875 | 156.1s
  Epoch 1 Batch 450/461 | Loss=0.369807 | diff=0.3448 | coarse=0.3121 | 174.8s
  Epoch 1 Batch 461/461 | Loss=0.085898 | diff=0.0831 | coarse=0.0355 | 178.6s
Epoch 1/120 | Loss=1.081959 | Val RMSE=89.6976 | Val MAE=82.7229 | Val MAPE=388.60% | LR=2.80e-04 | 396.2s
  [BEST] epoch=1, val_rmse=89.6976
[INFO] start epoch 2/120
  Epoch 2 Batch 50/461 | Loss=0.321470 | diff=0.2979 | coarse=0.2952 | 20.2s
  Epoch 2 Batch 100/461 | Loss=0.243453 | diff=0.2256 | coarse=0.2230 | 40.2s
  Epoch 2 Batch 150/461 | Loss=0.440870 | diff=0.3987 | coarse=0.5277 | 60.1s
  Epoch 2 Batch 200/461 | Loss=0.343978 | diff=0.3177 | coarse=0.3287 | 79.4s
  Epoch 2 Batch 250/461 | Loss=0.270055 | diff=0.2436 | coarse=0.3309 | 97.8s
  Epoch 2 Batch 300/461 | Loss=0.243173 | diff=0.2238 | coarse=0.2427 | 116.0s
  Epoch 2 Batch 350/461 | Loss=0.358056 | diff=0.3309 | coarse=0.3396 | 134.6s
  Epoch 2 Batch 400/461 | Loss=0.226501 | diff=0.2093 | coarse=0.2153 | 153.7s
  Epoch 2 Batch 450/461 | Loss=0.236901 | diff=0.2153 | coarse=0.2703 | 172.2s
  Epoch 2 Batch 461/461 | Loss=0.140936 | diff=0.1287 | coarse=0.1536 | 176.0s
Epoch 2/120 | Loss=0.329793 | Val RMSE=90.3462 | Val MAE=85.0218 | Val MAPE=395.15% | LR=4.20e-04 | 392.8s
[INFO] start epoch 3/120
  Epoch 3 Batch 50/461 | Loss=0.290958 | diff=0.2692 | coarse=0.2716 | 20.2s
  Epoch 3 Batch 100/461 | Loss=0.198106 | diff=0.1834 | coarse=0.1843 | 40.5s
  Epoch 3 Batch 150/461 | Loss=0.444251 | diff=0.4005 | coarse=0.5466 | 60.7s
  Epoch 3 Batch 200/461 | Loss=0.300788 | diff=0.2779 | coarse=0.2856 | 81.3s
  Epoch 3 Batch 250/461 | Loss=0.245394 | diff=0.2242 | coarse=0.2653 | 100.4s
  Epoch 3 Batch 300/461 | Loss=0.239766 | diff=0.2203 | coarse=0.2436 | 119.0s
  Epoch 3 Batch 350/461 | Loss=0.334198 | diff=0.3122 | coarse=0.2755 | 138.1s
  Epoch 3 Batch 400/461 | Loss=0.218870 | diff=0.2027 | coarse=0.2024 | 156.8s
  Epoch 3 Batch 450/461 | Loss=0.218706 | diff=0.2006 | coarse=0.2269 | 175.2s
  Epoch 3 Batch 461/461 | Loss=0.139013 | diff=0.1279 | coarse=0.1395 | 179.0s
Epoch 3/120 | Loss=0.305553 | Val RMSE=80.9953 | Val MAE=77.4916 | Val MAPE=358.74% | LR=5.60e-04 | 399.9s
  [BEST] epoch=3, val_rmse=80.9953
[INFO] start epoch 4/120
  Epoch 4 Batch 50/461 | Loss=0.255835 | diff=0.2356 | coarse=0.2535 | 1832.7s
  Epoch 4 Batch 100/461 | Loss=0.188428 | diff=0.1747 | coarse=0.1720 | 1880.2s
  Epoch 4 Batch 150/461 | Loss=0.432771 | diff=0.3876 | coarse=0.5645 | 1922.7s
  Epoch 4 Batch 200/461 | Loss=0.271659 | diff=0.2509 | coarse=0.2592 | 1963.4s
  Epoch 4 Batch 250/461 | Loss=0.238029 | diff=0.2190 | coarse=0.2375 | 1999.6s
  Epoch 4 Batch 300/461 | Loss=0.247201 | diff=0.2259 | coarse=0.2658 | 2024.0s
  Epoch 4 Batch 350/461 | Loss=0.315297 | diff=0.2958 | coarse=0.2439 | 2051.1s
  Epoch 4 Batch 400/461 | Loss=0.196139 | diff=0.1817 | coarse=0.1808 | 2075.2s
  Epoch 4 Batch 450/461 | Loss=0.215471 | diff=0.1984 | coarse=0.2133 | 2095.5s
  Epoch 4 Batch 461/461 | Loss=0.138492 | diff=0.1277 | coarse=0.1355 | 2100.0s
Epoch 4/120 | Loss=0.291520 | Val RMSE=74.1123 | Val MAE=71.6108 | Val MAPE=330.87% | LR=7.00e-04 | 2354.5s
  [BEST] epoch=4, val_rmse=74.1123
[INFO] start epoch 5/120
  Epoch 5 Batch 50/461 | Loss=0.230394 | diff=0.2112 | coarse=0.2401 | 21.8s
  Epoch 5 Batch 100/461 | Loss=0.178812 | diff=0.1655 | coarse=0.1668 | 43.7s
  Epoch 5 Batch 150/461 | Loss=0.428043 | diff=0.3831 | coarse=0.5616 | 64.6s
  Epoch 5 Batch 200/461 | Loss=0.255116 | diff=0.2350 | coarse=0.2513 | 83.5s
  Epoch 5 Batch 250/461 | Loss=0.206947 | diff=0.1908 | coarse=0.2020 | 104.2s
  Epoch 5 Batch 300/461 | Loss=0.244971 | diff=0.2206 | coarse=0.3041 | 124.2s
  Epoch 5 Batch 350/461 | Loss=0.306109 | diff=0.2875 | coarse=0.2331 | 144.8s
  Epoch 5 Batch 400/461 | Loss=0.171641 | diff=0.1584 | coarse=0.1651 | 165.6s
  Epoch 5 Batch 450/461 | Loss=0.216317 | diff=0.1986 | coarse=0.2217 | 185.4s
  Epoch 5 Batch 461/461 | Loss=0.138068 | diff=0.1286 | coarse=0.1184 | 189.7s
Epoch 5/120 | Loss=0.279058 | Val RMSE=64.1677 | Val MAE=61.9637 | Val MAPE=287.73% | LR=7.00e-04 | 425.1s
  [BEST] epoch=5, val_rmse=64.1677
[INFO] start epoch 6/120
  Epoch 6 Batch 50/461 | Loss=0.224615 | diff=0.2045 | coarse=0.2512 | 22.3s
  Epoch 6 Batch 100/461 | Loss=0.173897 | diff=0.1619 | coarse=0.1498 | 44.3s
  Epoch 6 Batch 150/461 | Loss=0.398960 | diff=0.3573 | coarse=0.5213 | 66.2s
  Epoch 6 Batch 200/461 | Loss=0.255285 | diff=0.2361 | coarse=0.2398 | 86.6s
  Epoch 6 Batch 250/461 | Loss=0.196029 | diff=0.1809 | coarse=0.1885 | 106.3s
  Epoch 6 Batch 300/461 | Loss=0.219791 | diff=0.2002 | coarse=0.2445 | 125.4s
  Epoch 6 Batch 350/461 | Loss=0.294949 | diff=0.2767 | coarse=0.2279 | 145.4s
  Epoch 6 Batch 400/461 | Loss=0.157445 | diff=0.1452 | coarse=0.1530 | 165.8s
  Epoch 6 Batch 450/461 | Loss=0.211543 | diff=0.1951 | coarse=0.2061 | 186.6s
  Epoch 6 Batch 461/461 | Loss=0.134485 | diff=0.1255 | coarse=0.1123 | 190.5s
Epoch 6/120 | Loss=0.263333 | Val RMSE=51.5899 | Val MAE=49.4042 | Val MAPE=231.00% | LR=7.00e-04 | 425.3s
  [BEST] epoch=6, val_rmse=51.5899
[INFO] start epoch 7/120
  Epoch 7 Batch 50/461 | Loss=0.238039 | diff=0.2161 | coarse=0.2737 | 20.6s
  Epoch 7 Batch 100/461 | Loss=0.171600 | diff=0.1593 | coarse=0.1542 | 42.4s
  Epoch 7 Batch 150/461 | Loss=0.368158 | diff=0.3326 | coarse=0.4441 | 63.2s
  Epoch 7 Batch 200/461 | Loss=0.249764 | diff=0.2316 | coarse=0.2274 | 84.1s
  Epoch 7 Batch 250/461 | Loss=0.178334 | diff=0.1645 | coarse=0.1733 | 104.2s
  Epoch 7 Batch 300/461 | Loss=0.214088 | diff=0.1970 | coarse=0.2141 | 124.3s
  Epoch 7 Batch 350/461 | Loss=0.275615 | diff=0.2586 | coarse=0.2131 | 145.8s
  Epoch 7 Batch 400/461 | Loss=0.147619 | diff=0.1360 | coarse=0.1448 | 165.3s
  Epoch 7 Batch 450/461 | Loss=0.210125 | diff=0.1948 | coarse=0.1921 | 184.3s
  Epoch 7 Batch 461/461 | Loss=0.122777 | diff=0.1162 | coarse=0.0826 | 188.3s
Epoch 7/120 | Loss=0.250419 | Val RMSE=36.4636 | Val MAE=34.1464 | Val MAPE=160.04% | LR=6.99e-04 | 424.4s
  [BEST] epoch=7, val_rmse=36.4636
[INFO] start epoch 8/120
  Epoch 8 Batch 50/461 | Loss=0.233628 | diff=0.2121 | coarse=0.2693 | 19.8s
  Epoch 8 Batch 100/461 | Loss=0.166886 | diff=0.1537 | coarse=0.1644 | 40.1s
  Epoch 8 Batch 150/461 | Loss=0.339516 | diff=0.3114 | coarse=0.3510 | 59.6s
  Epoch 8 Batch 200/461 | Loss=0.232004 | diff=0.2154 | coarse=0.2072 | 80.6s
  Epoch 8 Batch 250/461 | Loss=0.160177 | diff=0.1475 | coarse=0.1582 | 102.0s
  Epoch 8 Batch 300/461 | Loss=0.199097 | diff=0.1839 | coarse=0.1896 | 121.7s
  Epoch 8 Batch 350/461 | Loss=0.259393 | diff=0.2429 | coarse=0.2067 | 143.2s
  Epoch 8 Batch 400/461 | Loss=0.143298 | diff=0.1318 | coarse=0.1432 | 163.7s
  Epoch 8 Batch 450/461 | Loss=0.202432 | diff=0.1874 | coarse=0.1885 | 185.0s
  Epoch 8 Batch 461/461 | Loss=0.117419 | diff=0.1114 | coarse=0.0753 | 189.5s
Epoch 8/120 | Loss=0.239252 | Val RMSE=24.6061 | Val MAE=22.0579 | Val MAPE=102.02% | LR=6.99e-04 | 438.4s
  [BEST] epoch=8, val_rmse=24.6061
[INFO] start epoch 9/120
  Epoch 9 Batch 50/461 | Loss=0.226517 | diff=0.2054 | coarse=0.2638 | 23.3s
  Epoch 9 Batch 100/461 | Loss=0.163347 | diff=0.1494 | coarse=0.1739 | 45.2s
  Epoch 9 Batch 150/461 | Loss=0.314060 | diff=0.2903 | coarse=0.2970 | 65.6s
  Epoch 9 Batch 200/461 | Loss=0.226890 | diff=0.2107 | coarse=0.2022 | 86.9s
  Epoch 9 Batch 250/461 | Loss=0.149809 | diff=0.1380 | coarse=0.1476 | 108.2s
  Epoch 9 Batch 300/461 | Loss=0.185290 | diff=0.1713 | coarse=0.1751 | 130.2s
  Epoch 9 Batch 350/461 | Loss=0.245627 | diff=0.2296 | coarse=0.2009 | 150.8s
  Epoch 9 Batch 400/461 | Loss=0.137053 | diff=0.1264 | coarse=0.1335 | 171.6s
  Epoch 9 Batch 450/461 | Loss=0.198691 | diff=0.1836 | coarse=0.1884 | 192.7s
  Epoch 9 Batch 461/461 | Loss=0.108505 | diff=0.1036 | coarse=0.0609 | 197.1s
Epoch 9/120 | Loss=0.228211 | Val RMSE=20.1595 | Val MAE=17.5787 | Val MAPE=79.69% | LR=6.98e-04 | 440.9s
  [BEST] epoch=9, val_rmse=20.1595
[INFO] start epoch 10/120
  Epoch 10 Batch 50/461 | Loss=0.218854 | diff=0.1988 | coarse=0.2505 | 22.8s
  Epoch 10 Batch 100/461 | Loss=0.157476 | diff=0.1433 | coarse=0.1776 | 45.2s
  Epoch 10 Batch 150/461 | Loss=0.298685 | diff=0.2770 | coarse=0.2708 | 66.8s
  Epoch 10 Batch 200/461 | Loss=0.220630 | diff=0.2047 | coarse=0.1995 | 87.0s
  Epoch 10 Batch 250/461 | Loss=0.135770 | diff=0.1247 | coarse=0.1389 | 107.0s
  Epoch 10 Batch 300/461 | Loss=0.170508 | diff=0.1577 | coarse=0.1607 | 128.7s
  Epoch 10 Batch 350/461 | Loss=0.229058 | diff=0.2134 | coarse=0.1957 | 149.3s
  Epoch 10 Batch 400/461 | Loss=0.137147 | diff=0.1268 | coarse=0.1295 | 169.0s
  Epoch 10 Batch 450/461 | Loss=0.190748 | diff=0.1759 | coarse=0.1854 | 190.6s
  Epoch 10 Batch 461/461 | Loss=0.101676 | diff=0.0975 | coarse=0.0523 | 194.8s
Epoch 10/120 | Loss=0.218072 | Val RMSE=17.2377 | Val MAE=14.4429 | Val MAPE=63.32% | LR=6.97e-04 | 440.9s
  [BEST] epoch=10, val_rmse=17.2377
[INFO] start epoch 11/120
  Epoch 11 Batch 50/461 | Loss=0.211529 | diff=0.1931 | coarse=0.2304 | 21.6s
  Epoch 11 Batch 100/461 | Loss=0.152986 | diff=0.1392 | coarse=0.1729 | 41.5s
  Epoch 11 Batch 150/461 | Loss=0.271899 | diff=0.2523 | coarse=0.2446 | 62.1s
  Epoch 11 Batch 200/461 | Loss=0.212389 | diff=0.1970 | coarse=0.1929 | 84.0s
  Epoch 11 Batch 250/461 | Loss=0.131622 | diff=0.1206 | coarse=0.1382 | 104.5s
  Epoch 11 Batch 300/461 | Loss=0.159380 | diff=0.1473 | coarse=0.1509 | 125.0s
  Epoch 11 Batch 350/461 | Loss=0.218366 | diff=0.2031 | coarse=0.1907 | 144.3s
  Epoch 11 Batch 400/461 | Loss=0.132688 | diff=0.1225 | coarse=0.1268 | 164.8s
  Epoch 11 Batch 450/461 | Loss=0.187954 | diff=0.1731 | coarse=0.1863 | 184.8s
  Epoch 11 Batch 461/461 | Loss=0.086966 | diff=0.0842 | coarse=0.0348 | 188.7s
Epoch 11/120 | Loss=0.207814 | Val RMSE=17.0749 | Val MAE=14.1707 | Val MAPE=63.72% | LR=6.95e-04 | 433.6s
  [BEST] epoch=11, val_rmse=17.0749
[INFO] start epoch 12/120
  Epoch 12 Batch 50/461 | Loss=0.203685 | diff=0.1865 | coarse=0.2153 | 22.0s
  Epoch 12 Batch 100/461 | Loss=0.151456 | diff=0.1380 | coarse=0.1679 | 43.1s
  Epoch 12 Batch 150/461 | Loss=0.248537 | diff=0.2307 | coarse=0.2231 | 64.0s
  Epoch 12 Batch 200/461 | Loss=0.205859 | diff=0.1905 | coarse=0.1922 | 85.6s
  Epoch 12 Batch 250/461 | Loss=0.134109 | diff=0.1232 | coarse=0.1358 | 106.0s
  Epoch 12 Batch 300/461 | Loss=0.148474 | diff=0.1371 | coarse=0.1428 | 117.2s
  Epoch 12 Batch 350/461 | Loss=0.214768 | diff=0.1999 | coarse=0.1854 | 128.3s
  Epoch 12 Batch 400/461 | Loss=0.123290 | diff=0.1137 | coarse=0.1197 | 139.4s
  Epoch 12 Batch 450/461 | Loss=0.180129 | diff=0.1658 | coarse=0.1795 | 150.5s
  Epoch 12 Batch 461/461 | Loss=0.077414 | diff=0.0753 | coarse=0.0265 | 152.8s
Epoch 12/120 | Loss=0.198232 | Val RMSE=14.8919 | Val MAE=11.7938 | Val MAPE=51.03% | LR=6.94e-04 | 310.5s
  [BEST] epoch=12, val_rmse=14.8919
[INFO] start epoch 13/120
  Epoch 13 Batch 50/461 | Loss=0.184085 | diff=0.1684 | coarse=0.1958 | 12.2s
  Epoch 13 Batch 100/461 | Loss=0.144068 | diff=0.1318 | coarse=0.1537 | 23.1s
  Epoch 13 Batch 150/461 | Loss=0.236697 | diff=0.2198 | coarse=0.2110 | 35.9s
  Epoch 13 Batch 200/461 | Loss=0.192790 | diff=0.1778 | coarse=0.1875 | 46.8s
  Epoch 13 Batch 250/461 | Loss=0.140427 | diff=0.1296 | coarse=0.1354 | 57.1s
  Epoch 13 Batch 300/461 | Loss=0.139971 | diff=0.1288 | coarse=0.1390 | 67.7s
  Epoch 13 Batch 350/461 | Loss=0.205429 | diff=0.1915 | coarse=0.1747 | 78.0s
  Epoch 13 Batch 400/461 | Loss=0.124938 | diff=0.1146 | coarse=0.1286 | 89.2s
  Epoch 13 Batch 450/461 | Loss=0.164883 | diff=0.1515 | coarse=0.1670 | 101.8s
  Epoch 13 Batch 461/461 | Loss=0.073170 | diff=0.0712 | coarse=0.0240 | 104.8s
Epoch 13/120 | Loss=0.188470 | Val RMSE=13.7076 | Val MAE=10.3916 | Val MAPE=42.60% | LR=6.92e-04 | 234.3s
  [BEST] epoch=13, val_rmse=13.7076
[INFO] start epoch 14/120
  Epoch 14 Batch 50/461 | Loss=0.169878 | diff=0.1553 | coarse=0.1825 | 12.0s
  Epoch 14 Batch 100/461 | Loss=0.138423 | diff=0.1267 | coarse=0.1460 | 24.4s
  Epoch 14 Batch 150/461 | Loss=0.236368 | diff=0.2186 | coarse=0.2224 | 36.3s
  Epoch 14 Batch 200/461 | Loss=0.177945 | diff=0.1635 | coarse=0.1801 | 47.2s
  Epoch 14 Batch 250/461 | Loss=0.155147 | diff=0.1441 | coarse=0.1381 | 58.4s
  Epoch 14 Batch 300/461 | Loss=0.137452 | diff=0.1260 | coarse=0.1434 | 69.2s
  Epoch 14 Batch 350/461 | Loss=0.186529 | diff=0.1727 | coarse=0.1726 | 80.5s
  Epoch 14 Batch 400/461 | Loss=0.131892 | diff=0.1202 | coarse=0.1463 | 92.1s
  Epoch 14 Batch 450/461 | Loss=0.168856 | diff=0.1549 | coarse=0.1746 | 105.1s
  Epoch 14 Batch 461/461 | Loss=0.064759 | diff=0.0631 | coarse=0.0202 | 107.5s
Epoch 14/120 | Loss=0.179839 | Val RMSE=13.9050 | Val MAE=10.6186 | Val MAPE=44.39% | LR=6.89e-04 | 236.9s
[INFO] start epoch 15/120
  Epoch 15 Batch 50/461 | Loss=0.167939 | diff=0.1541 | coarse=0.1727 | 11.7s
  Epoch 15 Batch 100/461 | Loss=0.132465 | diff=0.1214 | coarse=0.1377 | 23.6s
  Epoch 15 Batch 150/461 | Loss=0.221752 | diff=0.2046 | coarse=0.2143 | 34.9s
  Epoch 15 Batch 200/461 | Loss=0.172587 | diff=0.1582 | coarse=0.1801 | 45.6s
  Epoch 15 Batch 250/461 | Loss=0.147646 | diff=0.1377 | coarse=0.1249 | 58.3s
  Epoch 15 Batch 300/461 | Loss=0.134120 | diff=0.1237 | coarse=0.1302 | 69.3s
  Epoch 15 Batch 350/461 | Loss=0.166525 | diff=0.1532 | coarse=0.1663 | 80.1s
  Epoch 15 Batch 400/461 | Loss=0.120495 | diff=0.1108 | coarse=0.1208 | 90.9s
  Epoch 15 Batch 450/461 | Loss=0.164009 | diff=0.1497 | coarse=0.1785 | 102.7s
  Epoch 15 Batch 461/461 | Loss=0.059519 | diff=0.0580 | coarse=0.0187 | 105.2s
Epoch 15/120 | Loss=0.170606 | Val RMSE=13.1939 | Val MAE=9.4407 | Val MAPE=38.64% | LR=6.87e-04 | 234.9s
  [BEST] epoch=15, val_rmse=13.1939
[INFO] start epoch 16/120
  Epoch 16 Batch 50/461 | Loss=0.164665 | diff=0.1510 | coarse=0.1708 | 12.0s
  Epoch 16 Batch 100/461 | Loss=0.132177 | diff=0.1213 | coarse=0.1357 | 24.6s
  Epoch 16 Batch 150/461 | Loss=0.219490 | diff=0.2010 | coarse=0.2307 | 36.3s
  Epoch 16 Batch 200/461 | Loss=0.170526 | diff=0.1566 | coarse=0.1746 | 47.9s
  Epoch 16 Batch 250/461 | Loss=0.154049 | diff=0.1439 | coarse=0.1269 | 59.0s
  Epoch 16 Batch 300/461 | Loss=0.124879 | diff=0.1152 | coarse=0.1215 | 70.0s
  Epoch 16 Batch 350/461 | Loss=0.159920 | diff=0.1469 | coarse=0.1633 | 81.6s
  Epoch 16 Batch 400/461 | Loss=0.121949 | diff=0.1122 | coarse=0.1222 | 94.9s
  Epoch 16 Batch 450/461 | Loss=0.146622 | diff=0.1340 | coarse=0.1576 | 108.4s
  Epoch 16 Batch 461/461 | Loss=0.059233 | diff=0.0576 | coarse=0.0199 | 111.3s
Epoch 16/120 | Loss=0.163789 | Val RMSE=13.3364 | Val MAE=9.5828 | Val MAPE=39.68% | LR=6.84e-04 | 247.4s
[INFO] start epoch 17/120
  Epoch 17 Batch 50/461 | Loss=0.150327 | diff=0.1379 | coarse=0.1548 | 11.9s
  Epoch 17 Batch 100/461 | Loss=0.129983 | diff=0.1198 | coarse=0.1270 | 24.4s
  Epoch 17 Batch 150/461 | Loss=0.195387 | diff=0.1803 | coarse=0.1886 | 36.2s
  Epoch 17 Batch 200/461 | Loss=0.159357 | diff=0.1454 | coarse=0.1740 | 47.2s
  Epoch 17 Batch 250/461 | Loss=0.148594 | diff=0.1389 | coarse=0.1214 | 58.2s
  Epoch 17 Batch 300/461 | Loss=0.138015 | diff=0.1280 | coarse=0.1251 | 69.5s
  Epoch 17 Batch 350/461 | Loss=0.156316 | diff=0.1440 | coarse=0.1546 | 80.5s
  Epoch 17 Batch 400/461 | Loss=0.133196 | diff=0.1233 | coarse=0.1238 | 91.6s
  Epoch 17 Batch 450/461 | Loss=0.143745 | diff=0.1311 | coarse=0.1585 | 104.9s
  Epoch 17 Batch 461/461 | Loss=0.051261 | diff=0.0498 | coarse=0.0182 | 107.6s
Epoch 17/120 | Loss=0.160233 | Val RMSE=13.5855 | Val MAE=10.0184 | Val MAPE=41.41% | LR=6.81e-04 | 235.5s
[INFO] start epoch 18/120
  Epoch 18 Batch 50/461 | Loss=0.153097 | diff=0.1404 | coarse=0.1587 | 11.4s
  Epoch 18 Batch 100/461 | Loss=0.124648 | diff=0.1140 | coarse=0.1328 | 23.5s
  Epoch 18 Batch 150/461 | Loss=0.193046 | diff=0.1778 | coarse=0.1902 | 35.3s
  [WARN] skip non-finite grad at epoch 18 batch 181
  Epoch 18 Batch 200/461 | Loss=0.167142 | diff=0.1523 | coarse=0.1855 | 46.0s
  Epoch 18 Batch 250/461 | Loss=0.146131 | diff=0.1367 | coarse=0.1174 | 57.7s
  Epoch 18 Batch 300/461 | Loss=0.139072 | diff=0.1282 | coarse=0.1359 | 69.0s
  Epoch 18 Batch 350/461 | Loss=0.157891 | diff=0.1460 | coarse=0.1487 | 79.2s
  Epoch 18 Batch 400/461 | Loss=0.123048 | diff=0.1137 | coarse=0.1173 | 89.7s
  Epoch 18 Batch 450/461 | Loss=0.142232 | diff=0.1309 | coarse=0.1421 | 101.3s
  Epoch 18 Batch 461/461 | Loss=0.043063 | diff=0.0415 | coarse=0.0193 | 104.0s
Epoch 18/120 | Loss=0.157693 | Val RMSE=13.9613 | Val MAE=10.4445 | Val MAPE=44.86% | LR=6.78e-04 | 232.5s
[INFO] start epoch 19/120
  Epoch 19 Batch 50/461 | Loss=0.150174 | diff=0.1382 | coarse=0.1492 | 11.4s
  Epoch 19 Batch 100/461 | Loss=0.123292 | diff=0.1134 | coarse=0.1236 | 23.2s
  Epoch 19 Batch 150/461 | Loss=0.198309 | diff=0.1829 | coarse=0.1927 | 35.0s
  Epoch 19 Batch 200/461 | Loss=0.159486 | diff=0.1460 | coarse=0.1682 | 46.0s
  Epoch 19 Batch 250/461 | Loss=0.143061 | diff=0.1335 | coarse=0.1198 | 56.9s
  Epoch 19 Batch 300/461 | Loss=0.131364 | diff=0.1214 | coarse=0.1246 | 67.6s
  Epoch 19 Batch 350/461 | Loss=0.162778 | diff=0.1504 | coarse=0.1553 | 78.5s
  Epoch 19 Batch 400/461 | Loss=0.120871 | diff=0.1117 | coarse=0.1142 | 90.2s
  Epoch 19 Batch 450/461 | Loss=0.149542 | diff=0.1372 | coarse=0.1539 | 101.5s
  Epoch 19 Batch 461/461 | Loss=0.043508 | diff=0.0419 | coarse=0.0201 | 103.9s
Epoch 19/120 | Loss=0.150407 | Val RMSE=13.8368 | Val MAE=9.9708 | Val MAPE=41.29% | LR=6.75e-04 | 232.9s
[INFO] start epoch 20/120
  Epoch 20 Batch 50/461 | Loss=0.147549 | diff=0.1355 | coarse=0.1509 | 11.7s
  Epoch 20 Batch 100/461 | Loss=0.125945 | diff=0.1161 | coarse=0.1235 | 23.3s
  Epoch 20 Batch 150/461 | Loss=0.188344 | diff=0.1735 | coarse=0.1854 | 35.4s
  Epoch 20 Batch 200/461 | Loss=0.147904 | diff=0.1348 | coarse=0.1644 | 47.4s
  Epoch 20 Batch 250/461 | Loss=0.126184 | diff=0.1174 | coarse=0.1099 | 58.9s
  Epoch 20 Batch 300/461 | Loss=0.114447 | diff=0.1052 | coarse=0.1159 | 69.4s
  Epoch 20 Batch 350/461 | Loss=0.172618 | diff=0.1605 | coarse=0.1519 | 80.0s
  Epoch 20 Batch 400/461 | Loss=0.123139 | diff=0.1141 | coarse=0.1128 | 91.0s
  Epoch 20 Batch 450/461 | Loss=0.143103 | diff=0.1313 | coarse=0.1480 | 101.8s
  Epoch 20 Batch 461/461 | Loss=0.039699 | diff=0.0382 | coarse=0.0193 | 104.1s
Epoch 20/120 | Loss=0.146425 | Val RMSE=13.3702 | Val MAE=9.7073 | Val MAPE=41.06% | LR=6.71e-04 | 236.4s
[INFO] start epoch 21/120
  Epoch 21 Batch 50/461 | Loss=0.146274 | diff=0.1348 | coarse=0.1440 | 12.2s
  Epoch 21 Batch 100/461 | Loss=0.123698 | diff=0.1141 | coarse=0.1196 | 22.9s
  Epoch 21 Batch 150/461 | Loss=0.190192 | diff=0.1754 | coarse=0.1845 | 34.5s
  Epoch 21 Batch 200/461 | Loss=0.143249 | diff=0.1305 | coarse=0.1594 | 46.5s
  Epoch 21 Batch 250/461 | Loss=0.120424 | diff=0.1119 | coarse=0.1065 | 57.0s
  Epoch 21 Batch 300/461 | Loss=0.115504 | diff=0.1065 | coarse=0.1124 | 67.2s
  Epoch 21 Batch 350/461 | Loss=0.152725 | diff=0.1408 | coarse=0.1497 | 78.3s
  Epoch 21 Batch 400/461 | Loss=0.125317 | diff=0.1161 | coarse=0.1157 | 89.4s
  Epoch 21 Batch 450/461 | Loss=0.130186 | diff=0.1192 | coarse=0.1369 | 100.0s
  Epoch 21 Batch 461/461 | Loss=0.039821 | diff=0.0382 | coarse=0.0197 | 102.1s
Epoch 21/120 | Loss=0.141855 | Val RMSE=14.0005 | Val MAE=10.4225 | Val MAPE=45.59% | LR=6.67e-04 | 225.6s
[INFO] start epoch 22/120
  Epoch 22 Batch 50/461 | Loss=0.149444 | diff=0.1373 | coarse=0.1514 | 10.7s
  Epoch 22 Batch 100/461 | Loss=0.124244 | diff=0.1147 | coarse=0.1199 | 22.2s
  Epoch 22 Batch 150/461 | Loss=0.184906 | diff=0.1696 | coarse=0.1912 | 34.1s
  Epoch 22 Batch 200/461 | Loss=0.136968 | diff=0.1245 | coarse=0.1557 | 46.1s
  Epoch 22 Batch 250/461 | Loss=0.123422 | diff=0.1133 | coarse=0.1265 | 57.3s
  Epoch 22 Batch 300/461 | Loss=0.104946 | diff=0.0963 | coarse=0.1077 | 68.9s
  Epoch 22 Batch 350/461 | Loss=0.167147 | diff=0.1555 | coarse=0.1459 | 78.8s
  Epoch 22 Batch 400/461 | Loss=0.113132 | diff=0.1047 | coarse=0.1053 | 88.8s
  Epoch 22 Batch 450/461 | Loss=0.128920 | diff=0.1183 | coarse=0.1330 | 99.1s
  Epoch 22 Batch 461/461 | Loss=0.038544 | diff=0.0369 | coarse=0.0202 | 101.1s
Epoch 22/120 | Loss=0.139085 | Val RMSE=14.1262 | Val MAE=10.4981 | Val MAPE=46.22% | LR=6.63e-04 | 229.3s
[INFO] start epoch 23/120
  Epoch 23 Batch 50/461 | Loss=0.140968 | diff=0.1296 | coarse=0.1427 | 10.5s
  Epoch 23 Batch 100/461 | Loss=0.134609 | diff=0.1249 | coarse=0.1219 | 21.3s
  Epoch 23 Batch 150/461 | Loss=0.181583 | diff=0.1680 | coarse=0.1700 | 32.1s
  Epoch 23 Batch 200/461 | Loss=0.144723 | diff=0.1318 | coarse=0.1611 | 43.7s
  Epoch 23 Batch 250/461 | Loss=0.108189 | diff=0.0999 | coarse=0.1039 | 55.0s
  Epoch 23 Batch 300/461 | Loss=0.119281 | diff=0.1105 | coarse=0.1094 | 66.2s
  Epoch 23 Batch 350/461 | Loss=0.162172 | diff=0.1496 | coarse=0.1567 | 77.5s
  Epoch 23 Batch 400/461 | Loss=0.151072 | diff=0.1372 | coarse=0.1731 | 89.4s
  Epoch 23 Batch 450/461 | Loss=0.141302 | diff=0.1299 | coarse=0.1422 | 99.8s
  Epoch 23 Batch 461/461 | Loss=0.034499 | diff=0.0331 | coarse=0.0176 | 101.9s
Epoch 23/120 | Loss=0.143653 | Val RMSE=13.7140 | Val MAE=10.2301 | Val MAPE=45.05% | LR=6.59e-04 | 221.8s
[INFO] start epoch 24/120
  Epoch 24 Batch 50/461 | Loss=0.146708 | diff=0.1340 | coarse=0.1592 | 11.7s
  Epoch 24 Batch 100/461 | Loss=0.116290 | diff=0.1072 | coarse=0.1132 | 21.8s
  Epoch 24 Batch 150/461 | Loss=0.180381 | diff=0.1670 | coarse=0.1672 | 32.1s
  [WARN] skip non-finite grad at epoch 24 batch 181
  Epoch 24 Batch 200/461 | Loss=0.134849 | diff=0.1235 | coarse=0.1424 | 43.1s
  Epoch 24 Batch 250/461 | Loss=0.109305 | diff=0.1007 | coarse=0.1078 | 54.1s
  Epoch 24 Batch 300/461 | Loss=0.108006 | diff=0.0999 | coarse=0.1018 | 66.6s
  Epoch 24 Batch 350/461 | Loss=0.164179 | diff=0.1516 | coarse=0.1578 | 78.1s
  Epoch 24 Batch 400/461 | Loss=0.111558 | diff=0.1017 | coarse=0.1229 | 89.7s
  Epoch 24 Batch 450/461 | Loss=0.129210 | diff=0.1188 | coarse=0.1303 | 100.5s
  Epoch 24 Batch 461/461 | Loss=0.033487 | diff=0.0321 | coarse=0.0175 | 102.5s
Epoch 24/120 | Loss=0.141481 | Val RMSE=13.2427 | Val MAE=9.6780 | Val MAPE=41.65% | LR=6.54e-04 | 224.5s
[INFO] start epoch 25/120
  Epoch 25 Batch 50/461 | Loss=0.141847 | diff=0.1292 | coarse=0.1580 | 12.6s
  Epoch 25 Batch 100/461 | Loss=0.137278 | diff=0.1249 | coarse=0.1545 | 24.1s
  Epoch 25 Batch 150/461 | Loss=0.167456 | diff=0.1549 | coarse=0.1575 | 35.3s
  Epoch 25 Batch 200/461 | Loss=0.205767 | diff=0.1902 | coarse=0.1947 | 48.4s
  Epoch 25 Batch 250/461 | Loss=0.107889 | diff=0.0997 | coarse=0.1021 | 60.6s
  Epoch 25 Batch 300/461 | Loss=0.113414 | diff=0.1053 | coarse=0.1017 | 71.9s
  Epoch 25 Batch 350/461 | Loss=0.167624 | diff=0.1546 | coarse=0.1624 | 82.3s
  Epoch 25 Batch 400/461 | Loss=0.105229 | diff=0.0964 | coarse=0.1107 | 93.2s
  Epoch 25 Batch 450/461 | Loss=0.124378 | diff=0.1138 | coarse=0.1320 | 104.5s
  Epoch 25 Batch 461/461 | Loss=0.031192 | diff=0.0296 | coarse=0.0194 | 107.3s
Epoch 25/120 | Loss=0.142396 | Val RMSE=13.0512 | Val MAE=9.4327 | Val MAPE=39.64% | LR=6.49e-04 | 227.7s
  [BEST] epoch=25, val_rmse=13.0512
[INFO] start epoch 26/120
  Epoch 26 Batch 50/461 | Loss=0.144425 | diff=0.1334 | coarse=0.1382 | 11.8s
  Epoch 26 Batch 100/461 | Loss=0.123662 | diff=0.1128 | coarse=0.1363 | 23.8s
  Epoch 26 Batch 150/461 | Loss=0.164842 | diff=0.1521 | coarse=0.1596 | 36.1s
  Epoch 26 Batch 200/461 | Loss=0.187890 | diff=0.1735 | coarse=0.1794 | 46.5s
  Epoch 26 Batch 250/461 | Loss=0.102795 | diff=0.0948 | coarse=0.1003 | 56.9s
  Epoch 26 Batch 300/461 | Loss=0.115987 | diff=0.1070 | coarse=0.1122 | 68.4s
  Epoch 26 Batch 350/461 | Loss=0.143837 | diff=0.1302 | coarse=0.1705 | 78.5s
  Epoch 26 Batch 400/461 | Loss=0.106691 | diff=0.0982 | coarse=0.1062 | 88.6s
  Epoch 26 Batch 450/461 | Loss=0.119833 | diff=0.1094 | coarse=0.1303 | 98.8s
  Epoch 26 Batch 461/461 | Loss=0.031890 | diff=0.0304 | coarse=0.0181 | 101.0s
Epoch 26/120 | Loss=0.136490 | Val RMSE=12.8941 | Val MAE=9.2021 | Val MAPE=38.16% | LR=6.44e-04 | 209.9s
  [BEST] epoch=26, val_rmse=12.8941
[INFO] start epoch 27/120
  Epoch 27 Batch 50/461 | Loss=0.150446 | diff=0.1394 | coarse=0.1380 | 11.1s
  Epoch 27 Batch 100/461 | Loss=0.117431 | diff=0.1071 | coarse=0.1293 | 20.7s
  Epoch 27 Batch 150/461 | Loss=0.155091 | diff=0.1432 | coarse=0.1488 | 30.4s
  Epoch 27 Batch 200/461 | Loss=0.209800 | diff=0.1938 | coarse=0.1997 | 40.8s
  Epoch 27 Batch 250/461 | Loss=0.103930 | diff=0.0959 | coarse=0.1001 | 52.1s
  Epoch 27 Batch 300/461 | Loss=0.102918 | diff=0.0949 | coarse=0.1004 | 63.6s
  Epoch 27 Batch 350/461 | Loss=0.155105 | diff=0.1409 | coarse=0.1776 | 74.1s
  Epoch 27 Batch 400/461 | Loss=0.102833 | diff=0.0946 | coarse=0.1033 | 85.1s
  Epoch 27 Batch 450/461 | Loss=0.126455 | diff=0.1158 | coarse=0.1331 | 96.0s
  Epoch 27 Batch 461/461 | Loss=0.031817 | diff=0.0302 | coarse=0.0199 | 98.6s
Epoch 27/120 | Loss=0.136407 | Val RMSE=12.9832 | Val MAE=9.1157 | Val MAPE=36.86% | LR=6.39e-04 | 203.0s
[INFO] start epoch 28/120
  Epoch 28 Batch 50/461 | Loss=0.158340 | diff=0.1480 | coarse=0.1289 | 9.9s
  Epoch 28 Batch 100/461 | Loss=0.114640 | diff=0.1050 | coarse=0.1205 | 22.4s
  Epoch 28 Batch 150/461 | Loss=0.147669 | diff=0.1363 | coarse=0.1416 | 36.1s
  Epoch 28 Batch 200/461 | Loss=0.158618 | diff=0.1446 | coarse=0.1752 | 46.9s
  Epoch 28 Batch 250/461 | Loss=0.106280 | diff=0.0983 | coarse=0.1001 | 56.5s
  Epoch 28 Batch 300/461 | Loss=0.099803 | diff=0.0919 | coarse=0.0988 | 66.1s
  Epoch 28 Batch 350/461 | Loss=0.137306 | diff=0.1246 | coarse=0.1591 | 76.3s
  Epoch 28 Batch 400/461 | Loss=0.103207 | diff=0.0953 | coarse=0.0983 | 87.4s
  Epoch 28 Batch 450/461 | Loss=0.119762 | diff=0.1089 | coarse=0.1355 | 98.6s
  Epoch 28 Batch 461/461 | Loss=0.029874 | diff=0.0283 | coarse=0.0191 | 100.8s
Epoch 28/120 | Loss=0.130793 | Val RMSE=13.1616 | Val MAE=9.3462 | Val MAPE=38.65% | LR=6.33e-04 | 213.7s
[INFO] start epoch 29/120
  Epoch 29 Batch 50/461 | Loss=0.149067 | diff=0.1386 | coarse=0.1310 | 9.9s
  Epoch 29 Batch 100/461 | Loss=0.107849 | diff=0.0986 | coarse=0.1151 | 19.6s
  Epoch 29 Batch 150/461 | Loss=0.165107 | diff=0.1533 | coarse=0.1473 | 29.5s
  [WARN] skip non-finite grad at epoch 29 batch 181
  Epoch 29 Batch 200/461 | Loss=0.149842 | diff=0.1371 | coarse=0.1587 | 40.0s
  Epoch 29 Batch 250/461 | Loss=0.093554 | diff=0.0860 | coarse=0.0944 | 53.5s
  Epoch 29 Batch 300/461 | Loss=0.097793 | diff=0.0898 | coarse=0.0999 | 66.2s
  Epoch 29 Batch 350/461 | Loss=0.133823 | diff=0.1226 | coarse=0.1409 | 76.5s
  Epoch 29 Batch 400/461 | Loss=0.098141 | diff=0.0904 | coarse=0.0966 | 86.2s
  Epoch 29 Batch 450/461 | Loss=0.114175 | diff=0.1050 | coarse=0.1151 | 96.4s
  Epoch 29 Batch 461/461 | Loss=0.027170 | diff=0.0257 | coarse=0.0183 | 98.6s
Epoch 29/120 | Loss=0.124943 | Val RMSE=13.0601 | Val MAE=9.3421 | Val MAPE=39.44% | LR=6.27e-04 | 212.9s
[INFO] start epoch 30/120
  Epoch 30 Batch 50/461 | Loss=0.127134 | diff=0.1169 | coarse=0.1277 | 10.3s
  Epoch 30 Batch 100/461 | Loss=0.105189 | diff=0.0961 | coarse=0.1138 | 21.2s
  Epoch 30 Batch 150/461 | Loss=0.151355 | diff=0.1400 | coarse=0.1418 | 31.0s
  Epoch 30 Batch 200/461 | Loss=0.130373 | diff=0.1189 | coarse=0.1435 | 40.8s
  Epoch 30 Batch 250/461 | Loss=0.095784 | diff=0.0881 | coarse=0.0955 | 50.6s
  Epoch 30 Batch 300/461 | Loss=0.093002 | diff=0.0858 | coarse=0.0904 | 60.3s
  Epoch 30 Batch 350/461 | Loss=0.126150 | diff=0.1146 | coarse=0.1443 | 72.7s
  Epoch 30 Batch 400/461 | Loss=0.113294 | diff=0.1035 | coarse=0.1223 | 84.2s
  Epoch 30 Batch 450/461 | Loss=0.125169 | diff=0.1155 | coarse=0.1210 | 96.7s
  Epoch 30 Batch 461/461 | Loss=0.024491 | diff=0.0231 | coarse=0.0176 | 98.7s
Epoch 30/120 | Loss=0.126287 | Val RMSE=13.6433 | Val MAE=10.1663 | Val MAPE=44.27% | LR=6.21e-04 | 212.5s
[INFO] start epoch 31/120
  Epoch 31 Batch 50/461 | Loss=0.128919 | diff=0.1183 | coarse=0.1332 | 11.2s
  Epoch 31 Batch 100/461 | Loss=0.107766 | diff=0.0986 | coarse=0.1146 | 22.6s
  Epoch 31 Batch 150/461 | Loss=0.159030 | diff=0.1476 | coarse=0.1425 | 33.8s
  Epoch 31 Batch 200/461 | Loss=0.155136 | diff=0.1421 | coarse=0.1626 | 43.6s
  Epoch 31 Batch 250/461 | Loss=0.101854 | diff=0.0941 | coarse=0.0964 | 53.3s
  Epoch 31 Batch 300/461 | Loss=0.125229 | diff=0.1168 | coarse=0.1059 | 63.1s
  Epoch 31 Batch 350/461 | Loss=0.129552 | diff=0.1185 | coarse=0.1387 | 73.0s
  Epoch 31 Batch 400/461 | Loss=0.097661 | diff=0.0882 | coarse=0.1181 | 82.8s
  Epoch 31 Batch 450/461 | Loss=0.112981 | diff=0.1036 | coarse=0.1176 | 92.5s
  Epoch 31 Batch 461/461 | Loss=0.028857 | diff=0.0272 | coarse=0.0204 | 95.3s
Epoch 31/120 | Loss=0.126113 | Val RMSE=13.8899 | Val MAE=10.3240 | Val MAPE=45.23% | LR=6.15e-04 | 218.6s
[INFO] start epoch 32/120
  Epoch 32 Batch 50/461 | Loss=0.125161 | diff=0.1152 | coarse=0.1243 | 11.2s
  Epoch 32 Batch 100/461 | Loss=0.131293 | diff=0.1227 | coarse=0.1070 | 22.2s
  Epoch 32 Batch 150/461 | Loss=0.178524 | diff=0.1629 | coarse=0.1955 | 33.8s
  Epoch 32 Batch 200/461 | Loss=0.147472 | diff=0.1348 | coarse=0.1581 | 44.5s
  Epoch 32 Batch 250/461 | Loss=0.096104 | diff=0.0887 | coarse=0.0928 | 55.5s
  Epoch 32 Batch 300/461 | Loss=0.099117 | diff=0.0910 | coarse=0.1015 | 65.5s
  Epoch 32 Batch 350/461 | Loss=0.119801 | diff=0.1099 | coarse=0.1238 | 75.4s
  Epoch 32 Batch 400/461 | Loss=0.095984 | diff=0.0865 | coarse=0.1182 | 85.0s
  Epoch 32 Batch 450/461 | Loss=0.107060 | diff=0.0979 | coarse=0.1140 | 94.7s
  Epoch 32 Batch 461/461 | Loss=0.025124 | diff=0.0233 | coarse=0.0230 | 96.8s
Epoch 32/120 | Loss=0.128744 | Val RMSE=14.1409 | Val MAE=10.4081 | Val MAPE=45.94% | LR=6.09e-04 | 219.1s
[INFO] start epoch 33/120
  Epoch 33 Batch 50/461 | Loss=0.132510 | diff=0.1226 | coarse=0.1233 | 9.6s
  Epoch 33 Batch 100/461 | Loss=0.124798 | diff=0.1166 | coarse=0.1020 | 19.8s
  Epoch 33 Batch 150/461 | Loss=0.183311 | diff=0.1657 | coarse=0.2204 | 30.4s
  Epoch 33 Batch 200/461 | Loss=0.140046 | diff=0.1275 | coarse=0.1568 | 42.1s
  Epoch 33 Batch 250/461 | Loss=0.117127 | diff=0.1083 | coarse=0.1105 | 54.0s
  Epoch 33 Batch 300/461 | Loss=0.099840 | diff=0.0905 | coarse=0.1163 | 65.0s
  Epoch 33 Batch 350/461 | Loss=0.119579 | diff=0.1095 | coarse=0.1264 | 76.4s
  Epoch 33 Batch 400/461 | Loss=0.112525 | diff=0.1044 | coarse=0.1017 | 86.1s
  Epoch 33 Batch 450/461 | Loss=0.116956 | diff=0.1076 | coarse=0.1171 | 96.0s
  Epoch 33 Batch 461/461 | Loss=0.026183 | diff=0.0250 | coarse=0.0148 | 98.0s
Epoch 33/120 | Loss=0.129481 | Val RMSE=15.1819 | Val MAE=11.4310 | Val MAPE=51.35% | LR=6.03e-04 | 214.6s
[INFO] start epoch 34/120
  Epoch 34 Batch 50/461 | Loss=0.119745 | diff=0.1105 | coarse=0.1152 | 11.3s
  Epoch 34 Batch 100/461 | Loss=0.103945 | diff=0.0959 | coarse=0.1007 | 20.9s
  Epoch 34 Batch 150/461 | Loss=0.162114 | diff=0.1476 | coarse=0.1810 | 30.6s
  Epoch 34 Batch 200/461 | Loss=0.140771 | diff=0.1291 | coarse=0.1457 | 40.6s
  [WARN] skip non-finite grad at epoch 34 batch 241
  Epoch 34 Batch 250/461 | Loss=0.107419 | diff=0.0988 | coarse=0.1083 | 52.2s
  Epoch 34 Batch 300/461 | Loss=0.102527 | diff=0.0932 | coarse=0.1171 | 64.1s
  Epoch 34 Batch 350/461 | Loss=0.124906 | diff=0.1138 | coarse=0.1385 | 75.7s
  Epoch 34 Batch 400/461 | Loss=0.094130 | diff=0.0863 | coarse=0.0976 | 87.2s
  Epoch 34 Batch 450/461 | Loss=0.101615 | diff=0.0930 | coarse=0.1077 | 98.8s
  Epoch 34 Batch 461/461 | Loss=0.025019 | diff=0.0233 | coarse=0.0212 | 100.9s
Epoch 34/120 | Loss=0.122793 | Val RMSE=13.6604 | Val MAE=9.9959 | Val MAPE=43.03% | LR=5.96e-04 | 221.6s
[INFO] start epoch 35/120
  Epoch 35 Batch 50/461 | Loss=0.117621 | diff=0.1083 | coarse=0.1165 | 12.1s
  Epoch 35 Batch 100/461 | Loss=0.098044 | diff=0.0903 | coarse=0.0974 | 23.8s
  Epoch 35 Batch 150/461 | Loss=0.145975 | diff=0.1329 | coarse=0.1630 | 35.4s
  Epoch 35 Batch 200/461 | Loss=0.145893 | diff=0.1349 | coarse=0.1368 | 46.6s
  Epoch 35 Batch 250/461 | Loss=0.092854 | diff=0.0857 | coarse=0.0897 | 58.2s
  Epoch 35 Batch 300/461 | Loss=0.091679 | diff=0.0841 | coarse=0.0953 | 70.2s
  Epoch 35 Batch 350/461 | Loss=0.114970 | diff=0.1041 | coarse=0.1358 | 82.5s
  Epoch 35 Batch 400/461 | Loss=0.089393 | diff=0.0819 | coarse=0.0940 | 93.9s
  Epoch 35 Batch 450/461 | Loss=0.102833 | diff=0.0941 | coarse=0.1092 | 105.5s
  Epoch 35 Batch 461/461 | Loss=0.024793 | diff=0.0237 | coarse=0.0141 | 107.7s
Epoch 35/120 | Loss=0.118343 | Val RMSE=13.9037 | Val MAE=10.1484 | Val MAPE=44.08% | LR=5.89e-04 | 228.0s
[INFO] start epoch 36/120
  Epoch 36 Batch 50/461 | Loss=0.117820 | diff=0.1083 | coarse=0.1195 | 9.6s
  Epoch 36 Batch 100/461 | Loss=0.101804 | diff=0.0939 | coarse=0.0993 | 21.7s
  Epoch 36 Batch 150/461 | Loss=0.148658 | diff=0.1371 | coarse=0.1445 | 34.3s
  Epoch 36 Batch 200/461 | Loss=0.132533 | diff=0.1221 | coarse=0.1305 | 47.2s
  Epoch 36 Batch 250/461 | Loss=0.090569 | diff=0.0832 | coarse=0.0916 | 59.1s
  Epoch 36 Batch 300/461 | Loss=0.090471 | diff=0.0831 | coarse=0.0926 | 71.3s
  Epoch 36 Batch 350/461 | Loss=0.113960 | diff=0.1040 | coarse=0.1251 | 82.3s
  Epoch 36 Batch 400/461 | Loss=0.101553 | diff=0.0940 | coarse=0.0946 | 94.3s
  Epoch 36 Batch 450/461 | Loss=0.101945 | diff=0.0932 | coarse=0.1089 | 106.5s
  Epoch 36 Batch 461/461 | Loss=0.026716 | diff=0.0255 | coarse=0.0151 | 109.0s
Epoch 36/120 | Loss=0.114924 | Val RMSE=13.8265 | Val MAE=9.9534 | Val MAPE=42.43% | LR=5.82e-04 | 227.2s
[INFO] start epoch 37/120
  Epoch 37 Batch 50/461 | Loss=0.120016 | diff=0.1096 | coarse=0.1304 | 9.7s
  Epoch 37 Batch 100/461 | Loss=0.109954 | diff=0.1019 | coarse=0.1001 | 19.3s
  Epoch 37 Batch 150/461 | Loss=0.133981 | diff=0.1230 | coarse=0.1374 | 30.5s
  Epoch 37 Batch 200/461 | Loss=0.125893 | diff=0.1156 | coarse=0.1283 | 42.8s
  Epoch 37 Batch 250/461 | Loss=0.085993 | diff=0.0790 | coarse=0.0873 | 54.5s
  Epoch 37 Batch 300/461 | Loss=0.088195 | diff=0.0808 | coarse=0.0921 | 68.0s
  Epoch 37 Batch 350/461 | Loss=0.111937 | diff=0.1023 | coarse=0.1210 | 80.6s
  Epoch 37 Batch 400/461 | Loss=0.120070 | diff=0.1104 | coarse=0.1209 | 92.5s
  Epoch 37 Batch 450/461 | Loss=0.122476 | diff=0.1117 | coarse=0.1341 | 103.8s
  Epoch 37 Batch 461/461 | Loss=0.036121 | diff=0.0344 | coarse=0.0215 | 105.9s
Epoch 37/120 | Loss=0.116551 | Val RMSE=14.3517 | Val MAE=10.4995 | Val MAPE=46.08% | LR=5.75e-04 | 224.4s
[INFO] start epoch 38/120
  Epoch 38 Batch 50/461 | Loss=0.121336 | diff=0.1107 | coarse=0.1330 | 12.2s
  Epoch 38 Batch 100/461 | Loss=0.128123 | diff=0.1204 | coarse=0.0965 | 22.0s
  Epoch 38 Batch 150/461 | Loss=0.137802 | diff=0.1269 | coarse=0.1365 | 31.8s
  Epoch 38 Batch 200/461 | Loss=0.122897 | diff=0.1124 | coarse=0.1314 | 41.9s
  Epoch 38 Batch 250/461 | Loss=0.092093 | diff=0.0845 | coarse=0.0946 | 54.6s
  Epoch 38 Batch 300/461 | Loss=0.097245 | diff=0.0880 | coarse=0.1150 | 66.7s
  Epoch 38 Batch 350/461 | Loss=0.124210 | diff=0.1152 | coarse=0.1130 | 76.9s
  Epoch 38 Batch 400/461 | Loss=0.095742 | diff=0.0882 | coarse=0.0945 | 87.1s
  Epoch 38 Batch 450/461 | Loss=0.112485 | diff=0.1022 | coarse=0.1290 | 97.1s
  Epoch 38 Batch 461/461 | Loss=0.030558 | diff=0.0293 | coarse=0.0163 | 99.5s
Epoch 38/120 | Loss=0.119431 | Val RMSE=14.1420 | Val MAE=10.0760 | Val MAPE=43.97% | LR=5.67e-04 | 214.2s
[INFO] start epoch 39/120
  Epoch 39 Batch 50/461 | Loss=0.120649 | diff=0.1097 | coarse=0.1367 | 11.3s
  Epoch 39 Batch 100/461 | Loss=0.095285 | diff=0.0878 | coarse=0.0936 | 25.0s
  Epoch 39 Batch 150/461 | Loss=0.134641 | diff=0.1237 | coarse=0.1364 | 37.0s
  Epoch 39 Batch 200/461 | Loss=0.119608 | diff=0.1094 | coarse=0.1281 | 46.5s
  Epoch 39 Batch 250/461 | Loss=0.087819 | diff=0.0807 | coarse=0.0891 | 56.1s
  Epoch 39 Batch 300/461 | Loss=0.096286 | diff=0.0884 | coarse=0.0981 | 66.2s
  Epoch 39 Batch 350/461 | Loss=0.121798 | diff=0.1128 | coarse=0.1123 | 77.6s
  Epoch 39 Batch 400/461 | Loss=0.105971 | diff=0.0969 | coarse=0.1138 | 89.6s
  Epoch 39 Batch 450/461 | Loss=0.100591 | diff=0.0923 | coarse=0.1034 | 100.4s
  Epoch 39 Batch 461/461 | Loss=0.026440 | diff=0.0253 | coarse=0.0148 | 102.4s
Epoch 39/120 | Loss=0.116573 | Val RMSE=14.1393 | Val MAE=10.2435 | Val MAPE=45.26% | LR=5.60e-04 | 223.8s
[INFO] start epoch 40/120
  Epoch 40 Batch 50/461 | Loss=0.117519 | diff=0.1052 | coarse=0.1544 | 10.6s
  Epoch 40 Batch 100/461 | Loss=0.092080 | diff=0.0848 | coarse=0.0912 | 21.3s
  Epoch 40 Batch 150/461 | Loss=0.129934 | diff=0.1195 | coarse=0.1306 | 34.6s
  Epoch 40 Batch 200/461 | Loss=0.125871 | diff=0.1155 | coarse=0.1299 | 46.9s
  Epoch 40 Batch 250/461 | Loss=0.085758 | diff=0.0788 | coarse=0.0866 | 58.3s
  Epoch 40 Batch 300/461 | Loss=0.088623 | diff=0.0810 | coarse=0.0951 | 69.1s
  Epoch 40 Batch 350/461 | Loss=0.129834 | diff=0.1202 | coarse=0.1207 | 80.0s
  Epoch 40 Batch 400/461 | Loss=0.094698 | diff=0.0866 | coarse=0.1013 | 92.0s
  Epoch 40 Batch 450/461 | Loss=0.100547 | diff=0.0924 | coarse=0.1013 | 103.7s
  Epoch 40 Batch 461/461 | Loss=0.023267 | diff=0.0221 | coarse=0.0143 | 106.1s
Epoch 40/120 | Loss=0.113581 | Val RMSE=13.7104 | Val MAE=9.8516 | Val MAPE=42.60% | LR=5.52e-04 | 231.0s
[INFO] start epoch 41/120
  Epoch 41 Batch 50/461 | Loss=0.117952 | diff=0.1060 | coarse=0.1494 | 11.0s
  Epoch 41 Batch 100/461 | Loss=0.104195 | diff=0.0965 | coarse=0.0956 | 21.9s
  Epoch 41 Batch 150/461 | Loss=0.132607 | diff=0.1217 | coarse=0.1364 | 33.3s
  Epoch 41 Batch 200/461 | Loss=0.124271 | diff=0.1137 | coarse=0.1322 | 45.8s
  Epoch 41 Batch 250/461 | Loss=0.083610 | diff=0.0769 | coarse=0.0836 | 57.2s
  Epoch 41 Batch 300/461 | Loss=0.082464 | diff=0.0747 | coarse=0.0971 | 67.3s
  Epoch 41 Batch 350/461 | Loss=0.125166 | diff=0.1122 | coarse=0.1627 | 77.5s
  Epoch 41 Batch 400/461 | Loss=0.090032 | diff=0.0829 | coarse=0.0889 | 87.3s
  Epoch 41 Batch 450/461 | Loss=0.100173 | diff=0.0920 | coarse=0.1018 | 99.1s
  Epoch 41 Batch 461/461 | Loss=0.021122 | diff=0.0200 | coarse=0.0145 | 101.3s
Epoch 41/120 | Loss=0.112918 | Val RMSE=12.9281 | Val MAE=9.1898 | Val MAPE=38.11% | LR=5.44e-04 | 215.7s
[EARLY STOP] patience=15, best_val_rmse=12.8941 at epoch 26
[INFO] PE-DiffWaveNet noleak training finished
{
  "split_mode": "noleak",
  "model_name": "PE-DiffWaveNet",
  "best_epoch": 26,
  "best_valid_rmse": 12.894057600723992,
  "best_valid_mae": 9.202128294762415,
  "best_valid_mape": 38.162061216724986,
  "test_rmse": 11.507845741993272,
  "test_mae": 8.33546218996895,
  "test_mape": 34.14624540644695,
  "relative_rmse": 2.806791644388603,
  "relative_mae": 2.0330395585290124,
  "train_scale_max": 410.0,
  "world_size": 1,
  "eval_inference_steps": 50,
  "eval_num_samples": 3,
  "eval_t_start_ratio": 0.25,
  "use_diffusion": 1,
  "use_pe_graph": 0,
  "use_pe_film": 1,
  "pe_source": "train",
  "pe_graph_alpha": 1.0,
  "pe_film_scale": 1.0,
  "pe_film_zero_init": 0,
  "normalize_pe_features": 1,
  "pe_shuffle_seed": -1,
  "pe_adaptive_loss": 0,
  "pe_loss_weight": 0.15,
  "pe_loss_start_step": 4,
  "pe_loss_normalize": 1,
  "per_step_rmse": [
    7.469879516890688,
    9.790225798125565,
    11.175592693979736,
    12.261479797565672,
    12.970126743420963,
    14.123509263836727
  ],
  "per_step_mae": [
    5.659031863425905,
    7.1570620382258126,
    8.159114063022605,
    9.047567353970265,
    9.578064803019322,
    10.411933018149803
  ],
  "step4_6_rmse_avg": 13.118371934941118,
  "peak_mode": "percentile",
  "peak_threshold": 64.99999910593033,
  "peak_count": 41597,
  "peak_ratio": 0.11175680395475672,
  "rmse_peak": 13.719976017051346,
  "mae_peak": 9.37058192717268
}
  Peak_mode      : percentile
  Peak_threshold : 65.00 μg/m³
  Peak_count     : 41597
  Peak_ratio     : 11.18%
  RMSE_peak      : 13.7200
  MAE_peak       : 9.3706
Per-step metrics:
  Step        RMSE         MAE
     1      7.4699      5.6590
     2      9.7902      7.1571
     3     11.1756      8.1591
     4     12.2615      9.0476
     5     12.9701      9.5781
     6     14.1235     10.4119
[INFO] outputs: D:/shengchan/鑷哀棰勬祴璧勬枡\matrix_N95_PEDiffWaveNet_noleak_D01_s52-nograph-l12-p6
[INFO] weights: D:/shengchan/鑷哀棰勬祴璧勬枡\weights_N95/weights_pediffwavenet_noleak_D01_s52-nograph-l12-p6
