[INFO] PE-DiffWaveNet noleak training
[INFO] device=cuda, world_size=1
[INFO] output_dir=/mnt/d/时空数据/臭氧预测资料/matrix_N95_PEDiffWaveNet_noleak_g3_pedw_no_pe_graph_p3_l12_s42
[INFO] clean_room=1, pe_source=train, use_pe_graph=0, use_pe_film=1, use_diffusion=1, pe_graph_alpha=1.0, pe_film_scale=1.0, pe_film_zero_init=0, pe_shuffle_seed=-1, pe_adaptive_loss=0, pe_loss_weight=0.15
[INFO] loading meteorological data...
[INFO] loading met cache: /mnt/d/时空数据/臭氧预测资料/matrix_N95/met_raw_aligned_cache.npz
[INFO] trainX=(7364, 12, 95, 15), trainY=(7364, 3, 95)
[INFO] validX=(655, 12, 95, 15), validY=(655, 3, 95)
[INFO] testX=(656, 12, 95, 15), testY=(656, 3, 95)
[INFO] train-only PE time range: {'start_idx': 0, 'end_idx': 7377, 'start_time': '2022-01-01 00:00:00', 'end_time': '2022-11-05 23:00:00', 'length': 7378}
[INFO] building PE features: nodes=95, scales=[6, 9, 12, 24, 48, 72], step=1
[INFO] PE feature progress: 20/95
[INFO] PE feature progress: 40/95
[INFO] PE feature progress: 60/95
[INFO] PE feature progress: 80/95
[INFO] PE feature progress: 95/95
[INFO] building PE features: nodes=95, scales=[6, 9, 12, 24, 48, 72], step=1
[INFO] PE feature progress: 20/95
[INFO] PE feature progress: 40/95
[INFO] PE feature progress: 60/95
[INFO] PE feature progress: 80/95
[INFO] PE feature progress: 95/95
[INFO] graph nnz: S=691, T=1570, PE=0
[INFO] train batches/epoch=461, effective_batch=16
[INFO] model_params=621392
[INFO] start epoch 1/120
  [WARN] skip non-finite grad at epoch 1 batch 1
  [WARN] skip non-finite grad at epoch 1 batch 2
  [WARN] skip non-finite grad at epoch 1 batch 3
  Epoch 1 Batch 50/461 | Loss=2.460742 | diff=2.2547 | coarse=2.5756 | 13.1s
  Epoch 1 Batch 100/461 | Loss=0.340938 | diff=0.3147 | coarse=0.3279 | 21.6s
  Epoch 1 Batch 150/461 | Loss=0.151318 | diff=0.1370 | coarse=0.1784 | 30.1s
  Epoch 1 Batch 200/461 | Loss=0.116562 | diff=0.1065 | coarse=0.1264 | 38.6s
  Epoch 1 Batch 250/461 | Loss=0.192546 | diff=0.1808 | coarse=0.1472 | 47.2s
  Epoch 1 Batch 300/461 | Loss=0.119018 | diff=0.1085 | coarse=0.1314 | 55.7s
  Epoch 1 Batch 350/461 | Loss=0.083819 | diff=0.0767 | coarse=0.0884 | 64.3s
  Epoch 1 Batch 400/461 | Loss=0.121270 | diff=0.1109 | coarse=0.1297 | 72.6s
  Epoch 1 Batch 450/461 | Loss=0.092835 | diff=0.0843 | coarse=0.1068 | 81.2s
  Epoch 1 Batch 461/461 | Loss=0.085037 | diff=0.0825 | coarse=0.0319 | 83.3s
Epoch 1/120 | Loss=0.563594 | Val RMSE=120.5101 | Val MAE=117.2955 | Val MAPE=533.60% | LR=2.80e-04 | 179.5s
  [BEST] epoch=1, val_rmse=120.5101
[INFO] start epoch 2/120
  Epoch 2 Batch 50/461 | Loss=0.088630 | diff=0.0815 | coarse=0.0897 | 8.9s
  Epoch 2 Batch 100/461 | Loss=0.095099 | diff=0.0879 | coarse=0.0895 | 17.2s
  Epoch 2 Batch 150/461 | Loss=0.173395 | diff=0.1631 | coarse=0.1292 | 25.8s
  Epoch 2 Batch 200/461 | Loss=0.165961 | diff=0.1535 | coarse=0.1560 | 34.3s
  Epoch 2 Batch 250/461 | Loss=0.118995 | diff=0.1118 | coarse=0.0900 | 42.7s
  Epoch 2 Batch 300/461 | Loss=0.089490 | diff=0.0825 | coarse=0.0868 | 51.1s
  Epoch 2 Batch 350/461 | Loss=0.118237 | diff=0.1108 | coarse=0.0929 | 59.8s
  Epoch 2 Batch 400/461 | Loss=0.137819 | diff=0.1249 | coarse=0.1613 | 68.5s
  Epoch 2 Batch 450/461 | Loss=0.077293 | diff=0.0681 | coarse=0.1148 | 77.1s
  Epoch 2 Batch 461/461 | Loss=0.094353 | diff=0.0924 | coarse=0.0239 | 78.9s
Epoch 2/120 | Loss=0.118041 | Val RMSE=88.8296 | Val MAE=86.0792 | Val MAPE=395.72% | LR=4.20e-04 | 175.8s
  [BEST] epoch=2, val_rmse=88.8296
[INFO] start epoch 3/120
  Epoch 3 Batch 50/461 | Loss=0.081596 | diff=0.0754 | coarse=0.0772 | 9.3s
  Epoch 3 Batch 100/461 | Loss=0.083931 | diff=0.0773 | coarse=0.0826 | 17.9s
  Epoch 3 Batch 150/461 | Loss=0.167746 | diff=0.1584 | coarse=0.1162 | 26.4s
  Epoch 3 Batch 200/461 | Loss=0.151841 | diff=0.1409 | coarse=0.1366 | 34.8s
  Epoch 3 Batch 250/461 | Loss=0.116251 | diff=0.1096 | coarse=0.0835 | 43.2s
  Epoch 3 Batch 300/461 | Loss=0.080589 | diff=0.0744 | coarse=0.0768 | 51.5s
  Epoch 3 Batch 350/461 | Loss=0.101950 | diff=0.0952 | coarse=0.0842 | 59.6s
  Epoch 3 Batch 400/461 | Loss=0.132995 | diff=0.1190 | coarse=0.1747 | 68.0s
  Epoch 3 Batch 450/461 | Loss=0.078832 | diff=0.0705 | coarse=0.1043 | 76.4s
  Epoch 3 Batch 461/461 | Loss=0.091143 | diff=0.0892 | coarse=0.0239 | 78.2s
Epoch 3/120 | Loss=0.110687 | Val RMSE=72.6882 | Val MAE=70.5800 | Val MAPE=324.59% | LR=5.60e-04 | 173.7s
  [BEST] epoch=3, val_rmse=72.6882
[INFO] start epoch 4/120
  Epoch 4 Batch 50/461 | Loss=0.078832 | diff=0.0729 | coarse=0.0742 | 8.6s
  Epoch 4 Batch 100/461 | Loss=0.079746 | diff=0.0733 | coarse=0.0801 | 16.9s
  Epoch 4 Batch 150/461 | Loss=0.149835 | diff=0.1420 | coarse=0.0975 | 25.5s
  Epoch 4 Batch 200/461 | Loss=0.143600 | diff=0.1338 | coarse=0.1226 | 33.9s
  Epoch 4 Batch 250/461 | Loss=0.109501 | diff=0.1032 | coarse=0.0793 | 42.4s
  Epoch 4 Batch 300/461 | Loss=0.076614 | diff=0.0710 | coarse=0.0703 | 50.9s
  Epoch 4 Batch 350/461 | Loss=0.092948 | diff=0.0869 | coarse=0.0758 | 59.5s
  Epoch 4 Batch 400/461 | Loss=0.133216 | diff=0.1197 | coarse=0.1692 | 67.9s
  Epoch 4 Batch 450/461 | Loss=0.085934 | diff=0.0779 | coarse=0.1003 | 76.4s
  Epoch 4 Batch 461/461 | Loss=0.083368 | diff=0.0815 | coarse=0.0230 | 78.2s
Epoch 4/120 | Loss=0.106031 | Val RMSE=60.2269 | Val MAE=58.2771 | Val MAPE=269.11% | LR=7.00e-04 | 174.4s
  [BEST] epoch=4, val_rmse=60.2269
[INFO] start epoch 5/120
  Epoch 5 Batch 50/461 | Loss=0.078653 | diff=0.0724 | coarse=0.0776 | 9.0s
  Epoch 5 Batch 100/461 | Loss=0.075097 | diff=0.0690 | coarse=0.0763 | 17.8s
  Epoch 5 Batch 150/461 | Loss=0.137117 | diff=0.1302 | coarse=0.0861 | 26.3s
  Epoch 5 Batch 200/461 | Loss=0.130716 | diff=0.1224 | coarse=0.1044 | 34.8s
  Epoch 5 Batch 250/461 | Loss=0.103659 | diff=0.0974 | coarse=0.0788 | 43.4s
  Epoch 5 Batch 300/461 | Loss=0.071586 | diff=0.0661 | coarse=0.0684 | 51.8s
  Epoch 5 Batch 350/461 | Loss=0.089510 | diff=0.0834 | coarse=0.0766 | 60.1s
  Epoch 5 Batch 400/461 | Loss=0.131176 | diff=0.1191 | coarse=0.1509 | 68.5s
  Epoch 5 Batch 450/461 | Loss=0.097808 | diff=0.0895 | coarse=0.1036 | 76.9s
  Epoch 5 Batch 461/461 | Loss=0.075286 | diff=0.0737 | coarse=0.0200 | 78.7s
Epoch 5/120 | Loss=0.102629 | Val RMSE=56.8274 | Val MAE=54.8842 | Val MAPE=255.09% | LR=7.00e-04 | 172.7s
  [BEST] epoch=5, val_rmse=56.8274
[INFO] start epoch 6/120
  Epoch 6 Batch 50/461 | Loss=0.081410 | diff=0.0753 | coarse=0.0768 | 8.3s
  Epoch 6 Batch 100/461 | Loss=0.073609 | diff=0.0675 | coarse=0.0766 | 16.4s
  Epoch 6 Batch 150/461 | Loss=0.127314 | diff=0.1208 | coarse=0.0808 | 24.5s
  Epoch 6 Batch 200/461 | Loss=0.122839 | diff=0.1153 | coarse=0.0941 | 32.6s
  Epoch 6 Batch 250/461 | Loss=0.100050 | diff=0.0943 | coarse=0.0718 | 40.7s
  Epoch 6 Batch 300/461 | Loss=0.068728 | diff=0.0634 | coarse=0.0662 | 48.7s
  Epoch 6 Batch 350/461 | Loss=0.084568 | diff=0.0786 | coarse=0.0743 | 56.7s
  Epoch 6 Batch 400/461 | Loss=0.134808 | diff=0.1232 | coarse=0.1447 | 64.7s
  Epoch 6 Batch 450/461 | Loss=0.083410 | diff=0.0767 | coarse=0.0837 | 72.7s
  Epoch 6 Batch 461/461 | Loss=0.075446 | diff=0.0736 | coarse=0.0232 | 74.4s
Epoch 6/120 | Loss=0.096866 | Val RMSE=48.4502 | Val MAE=46.4664 | Val MAPE=217.92% | LR=7.00e-04 | 166.6s
  [BEST] epoch=6, val_rmse=48.4502
[INFO] start epoch 7/120
  Epoch 7 Batch 50/461 | Loss=0.083740 | diff=0.0781 | coarse=0.0710 | 8.2s
  Epoch 7 Batch 100/461 | Loss=0.070015 | diff=0.0640 | coarse=0.0756 | 16.2s
  Epoch 7 Batch 150/461 | Loss=0.142690 | diff=0.1356 | coarse=0.0892 | 24.3s
  Epoch 7 Batch 200/461 | Loss=0.112888 | diff=0.1056 | coarse=0.0913 | 32.4s
  Epoch 7 Batch 250/461 | Loss=0.095763 | diff=0.0900 | coarse=0.0723 | 40.5s
  Epoch 7 Batch 300/461 | Loss=0.067584 | diff=0.0624 | coarse=0.0651 | 48.6s
  Epoch 7 Batch 350/461 | Loss=0.084052 | diff=0.0782 | coarse=0.0734 | 56.8s
  Epoch 7 Batch 400/461 | Loss=0.132427 | diff=0.1222 | coarse=0.1277 | 64.9s
  Epoch 7 Batch 450/461 | Loss=0.081931 | diff=0.0757 | coarse=0.0776 | 73.1s
  Epoch 7 Batch 461/461 | Loss=0.067857 | diff=0.0661 | coarse=0.0214 | 74.8s
Epoch 7/120 | Loss=0.092310 | Val RMSE=38.6031 | Val MAE=36.7085 | Val MAPE=172.53% | LR=6.99e-04 | 171.1s
  [BEST] epoch=7, val_rmse=38.6031
[INFO] start epoch 8/120
  Epoch 8 Batch 50/461 | Loss=0.082502 | diff=0.0764 | coarse=0.0761 | 8.7s
  Epoch 8 Batch 100/461 | Loss=0.068973 | diff=0.0629 | coarse=0.0760 | 17.3s
  Epoch 8 Batch 150/461 | Loss=0.133530 | diff=0.1271 | coarse=0.0804 | 25.8s
  Epoch 8 Batch 200/461 | Loss=0.107087 | diff=0.0999 | coarse=0.0899 | 34.3s
  Epoch 8 Batch 250/461 | Loss=0.089568 | diff=0.0839 | coarse=0.0712 | 42.8s
  Epoch 8 Batch 300/461 | Loss=0.066049 | diff=0.0610 | coarse=0.0634 | 51.5s
  Epoch 8 Batch 350/461 | Loss=0.081726 | diff=0.0761 | coarse=0.0697 | 59.9s
  Epoch 8 Batch 400/461 | Loss=0.129102 | diff=0.1205 | coarse=0.1072 | 68.4s
  Epoch 8 Batch 450/461 | Loss=0.079444 | diff=0.0741 | coarse=0.0668 | 76.8s
  Epoch 8 Batch 461/461 | Loss=0.064956 | diff=0.0634 | coarse=0.0189 | 78.5s
Epoch 8/120 | Loss=0.086161 | Val RMSE=31.7575 | Val MAE=29.8041 | Val MAPE=140.91% | LR=6.99e-04 | 175.7s
  [BEST] epoch=8, val_rmse=31.7575
[INFO] start epoch 9/120
  Epoch 9 Batch 50/461 | Loss=0.070710 | diff=0.0652 | coarse=0.0691 | 9.9s
  Epoch 9 Batch 100/461 | Loss=0.068127 | diff=0.0620 | coarse=0.0761 | 19.8s
  Epoch 9 Batch 150/461 | Loss=0.111626 | diff=0.1059 | coarse=0.0715 | 28.6s
  Epoch 9 Batch 200/461 | Loss=0.106132 | diff=0.0988 | coarse=0.0912 | 37.2s
  Epoch 9 Batch 250/461 | Loss=0.083988 | diff=0.0786 | coarse=0.0673 | 45.8s
  Epoch 9 Batch 300/461 | Loss=0.064397 | diff=0.0594 | coarse=0.0618 | 54.3s
  Epoch 9 Batch 350/461 | Loss=0.077302 | diff=0.0723 | coarse=0.0621 | 62.7s
  Epoch 9 Batch 400/461 | Loss=0.115604 | diff=0.1079 | coarse=0.0965 | 71.3s
  Epoch 9 Batch 450/461 | Loss=0.073644 | diff=0.0686 | coarse=0.0636 | 79.7s
  Epoch 9 Batch 461/461 | Loss=0.059700 | diff=0.0580 | coarse=0.0210 | 81.5s
Epoch 9/120 | Loss=0.079702 | Val RMSE=24.6122 | Val MAE=22.4969 | Val MAPE=106.21% | LR=6.98e-04 | 177.9s
  [BEST] epoch=9, val_rmse=24.6122
[INFO] start epoch 10/120
  Epoch 10 Batch 50/461 | Loss=0.066821 | diff=0.0619 | coarse=0.0621 | 8.5s
  Epoch 10 Batch 100/461 | Loss=0.067452 | diff=0.0613 | coarse=0.0771 | 16.7s
  Epoch 10 Batch 150/461 | Loss=0.093290 | diff=0.0880 | coarse=0.0665 | 24.9s
  Epoch 10 Batch 200/461 | Loss=0.100258 | diff=0.0931 | coarse=0.0896 | 33.2s
  Epoch 10 Batch 250/461 | Loss=0.077785 | diff=0.0726 | coarse=0.0648 | 41.5s
  Epoch 10 Batch 300/461 | Loss=0.061979 | diff=0.0572 | coarse=0.0596 | 49.8s
  Epoch 10 Batch 350/461 | Loss=0.069703 | diff=0.0648 | coarse=0.0607 | 58.1s
  Epoch 10 Batch 400/461 | Loss=0.104907 | diff=0.0976 | coarse=0.0908 | 66.5s
  Epoch 10 Batch 450/461 | Loss=0.076194 | diff=0.0703 | coarse=0.0734 | 74.8s
  Epoch 10 Batch 461/461 | Loss=0.065262 | diff=0.0637 | coarse=0.0194 | 76.5s
Epoch 10/120 | Loss=0.073846 | Val RMSE=22.0081 | Val MAE=19.9244 | Val MAPE=93.31% | LR=6.97e-04 | 173.8s
  [BEST] epoch=10, val_rmse=22.0081
[INFO] start epoch 11/120
  Epoch 11 Batch 50/461 | Loss=0.063967 | diff=0.0592 | coarse=0.0593 | 8.7s
  Epoch 11 Batch 100/461 | Loss=0.067781 | diff=0.0617 | coarse=0.0758 | 17.2s
  Epoch 11 Batch 150/461 | Loss=0.080276 | diff=0.0753 | coarse=0.0620 | 25.7s
  Epoch 11 Batch 200/461 | Loss=0.095008 | diff=0.0879 | coarse=0.0888 | 34.2s
  Epoch 11 Batch 250/461 | Loss=0.072108 | diff=0.0670 | coarse=0.0639 | 42.8s
  Epoch 11 Batch 300/461 | Loss=0.061625 | diff=0.0568 | coarse=0.0599 | 51.3s
  Epoch 11 Batch 350/461 | Loss=0.063989 | diff=0.0592 | coarse=0.0604 | 59.8s
  Epoch 11 Batch 400/461 | Loss=0.097049 | diff=0.0903 | coarse=0.0847 | 68.1s
  Epoch 11 Batch 450/461 | Loss=0.075795 | diff=0.0702 | coarse=0.0703 | 76.6s
  Epoch 11 Batch 461/461 | Loss=0.057695 | diff=0.0561 | coarse=0.0204 | 78.4s
Epoch 11/120 | Loss=0.069309 | Val RMSE=21.0946 | Val MAE=19.0731 | Val MAPE=88.35% | LR=6.95e-04 | 177.5s
  [BEST] epoch=11, val_rmse=21.0946
[INFO] start epoch 12/120
  Epoch 12 Batch 50/461 | Loss=0.064090 | diff=0.0594 | coarse=0.0591 | 8.8s
  Epoch 12 Batch 100/461 | Loss=0.066051 | diff=0.0605 | coarse=0.0697 | 17.5s
  Epoch 12 Batch 150/461 | Loss=0.074143 | diff=0.0694 | coarse=0.0595 | 26.1s
  Epoch 12 Batch 200/461 | Loss=0.089754 | diff=0.0829 | coarse=0.0851 | 34.6s
  Epoch 12 Batch 250/461 | Loss=0.068307 | diff=0.0634 | coarse=0.0613 | 43.2s
  Epoch 12 Batch 300/461 | Loss=0.060769 | diff=0.0560 | coarse=0.0594 | 51.8s
  Epoch 12 Batch 350/461 | Loss=0.062940 | diff=0.0581 | coarse=0.0604 | 60.2s
  Epoch 12 Batch 400/461 | Loss=0.094735 | diff=0.0880 | coarse=0.0839 | 68.8s
  Epoch 12 Batch 450/461 | Loss=0.067690 | diff=0.0627 | coarse=0.0625 | 77.4s
  Epoch 12 Batch 461/461 | Loss=0.046105 | diff=0.0444 | coarse=0.0216 | 79.3s
Epoch 12/120 | Loss=0.067010 | Val RMSE=18.0643 | Val MAE=15.8880 | Val MAPE=72.03% | LR=6.94e-04 | 175.9s
  [BEST] epoch=12, val_rmse=18.0643
[INFO] start epoch 13/120
  Epoch 13 Batch 50/461 | Loss=0.064077 | diff=0.0595 | coarse=0.0566 | 9.9s
  Epoch 13 Batch 100/461 | Loss=0.065277 | diff=0.0600 | coarse=0.0659 | 19.5s
  Epoch 13 Batch 150/461 | Loss=0.069433 | diff=0.0649 | coarse=0.0565 | 28.8s
  Epoch 13 Batch 200/461 | Loss=0.087597 | diff=0.0809 | coarse=0.0838 | 37.4s
  Epoch 13 Batch 250/461 | Loss=0.066175 | diff=0.0614 | coarse=0.0598 | 46.1s
  Epoch 13 Batch 300/461 | Loss=0.058665 | diff=0.0541 | coarse=0.0570 | 54.6s
  Epoch 13 Batch 350/461 | Loss=0.062804 | diff=0.0581 | coarse=0.0585 | 63.2s
  Epoch 13 Batch 400/461 | Loss=0.093043 | diff=0.0859 | coarse=0.0892 | 71.8s
  Epoch 13 Batch 450/461 | Loss=0.062116 | diff=0.0577 | coarse=0.0550 | 80.4s
  Epoch 13 Batch 461/461 | Loss=0.038148 | diff=0.0363 | coarse=0.0236 | 82.1s
Epoch 13/120 | Loss=0.064785 | Val RMSE=15.9406 | Val MAE=13.7796 | Val MAPE=61.95% | LR=6.92e-04 | 177.9s
  [BEST] epoch=13, val_rmse=15.9406
[INFO] start epoch 14/120
  Epoch 14 Batch 50/461 | Loss=0.063801 | diff=0.0594 | coarse=0.0553 | 8.3s
  Epoch 14 Batch 100/461 | Loss=0.065006 | diff=0.0597 | coarse=0.0666 | 16.7s
  Epoch 14 Batch 150/461 | Loss=0.065057 | diff=0.0607 | coarse=0.0538 | 24.9s
  Epoch 14 Batch 200/461 | Loss=0.086985 | diff=0.0803 | coarse=0.0833 | 33.5s
  Epoch 14 Batch 250/461 | Loss=0.065094 | diff=0.0602 | coarse=0.0608 | 42.1s
  Epoch 14 Batch 300/461 | Loss=0.056552 | diff=0.0522 | coarse=0.0550 | 50.8s
  Epoch 14 Batch 350/461 | Loss=0.059920 | diff=0.0552 | coarse=0.0585 | 59.4s
  Epoch 14 Batch 400/461 | Loss=0.088267 | diff=0.0809 | coarse=0.0922 | 68.3s
  Epoch 14 Batch 450/461 | Loss=0.062400 | diff=0.0580 | coarse=0.0551 | 78.0s
  Epoch 14 Batch 461/461 | Loss=0.035624 | diff=0.0337 | coarse=0.0241 | 80.0s
Epoch 14/120 | Loss=0.062965 | Val RMSE=16.5989 | Val MAE=14.4790 | Val MAPE=66.65% | LR=6.89e-04 | 177.9s
[INFO] start epoch 15/120
  Epoch 15 Batch 50/461 | Loss=0.061791 | diff=0.0573 | coarse=0.0560 | 8.7s
  Epoch 15 Batch 100/461 | Loss=0.063470 | diff=0.0585 | coarse=0.0623 | 17.4s
  Epoch 15 Batch 150/461 | Loss=0.062814 | diff=0.0585 | coarse=0.0541 | 26.0s
  Epoch 15 Batch 200/461 | Loss=0.086769 | diff=0.0802 | coarse=0.0823 | 34.6s
  Epoch 15 Batch 250/461 | Loss=0.062838 | diff=0.0582 | coarse=0.0581 | 43.3s
  Epoch 15 Batch 300/461 | Loss=0.057247 | diff=0.0528 | coarse=0.0557 | 51.8s
  Epoch 15 Batch 350/461 | Loss=0.060211 | diff=0.0555 | coarse=0.0588 | 60.2s
  Epoch 15 Batch 400/461 | Loss=0.094960 | diff=0.0867 | coarse=0.1033 | 68.5s
  Epoch 15 Batch 450/461 | Loss=0.055378 | diff=0.0512 | coarse=0.0527 | 76.8s
  Epoch 15 Batch 461/461 | Loss=0.034610 | diff=0.0330 | coarse=0.0201 | 78.5s
Epoch 15/120 | Loss=0.062790 | Val RMSE=18.3573 | Val MAE=16.1772 | Val MAPE=77.29% | LR=6.87e-04 | 177.2s
[INFO] start epoch 16/120
  Epoch 16 Batch 50/461 | Loss=0.058352 | diff=0.0540 | coarse=0.0542 | 8.7s
  Epoch 16 Batch 100/461 | Loss=0.067481 | diff=0.0624 | coarse=0.0634 | 17.3s
  Epoch 16 Batch 150/461 | Loss=0.068106 | diff=0.0633 | coarse=0.0596 | 25.8s
  Epoch 16 Batch 200/461 | Loss=0.087906 | diff=0.0817 | coarse=0.0780 | 34.4s
  Epoch 16 Batch 250/461 | Loss=0.064483 | diff=0.0598 | coarse=0.0591 | 43.1s
  Epoch 16 Batch 300/461 | Loss=0.056419 | diff=0.0519 | coarse=0.0563 | 51.6s
  Epoch 16 Batch 350/461 | Loss=0.061385 | diff=0.0567 | coarse=0.0584 | 60.1s
  Epoch 16 Batch 400/461 | Loss=0.093979 | diff=0.0864 | coarse=0.0953 | 68.6s
  Epoch 16 Batch 450/461 | Loss=0.059550 | diff=0.0551 | coarse=0.0558 | 77.2s
  Epoch 16 Batch 461/461 | Loss=0.027568 | diff=0.0262 | coarse=0.0168 | 79.0s
Epoch 16/120 | Loss=0.064190 | Val RMSE=19.5718 | Val MAE=17.5101 | Val MAPE=82.49% | LR=6.84e-04 | 176.8s
[INFO] start epoch 17/120
  Epoch 17 Batch 50/461 | Loss=0.057731 | diff=0.0535 | coarse=0.0531 | 9.6s
  Epoch 17 Batch 100/461 | Loss=0.067109 | diff=0.0623 | coarse=0.0597 | 19.3s
  Epoch 17 Batch 150/461 | Loss=0.068739 | diff=0.0633 | coarse=0.0680 | 28.5s
  Epoch 17 Batch 200/461 | Loss=0.092886 | diff=0.0860 | coarse=0.0858 | 37.4s
  Epoch 17 Batch 250/461 | Loss=0.067989 | diff=0.0633 | coarse=0.0585 | 46.0s
  Epoch 17 Batch 300/461 | Loss=0.060181 | diff=0.0553 | coarse=0.0612 | 54.7s
  Epoch 17 Batch 350/461 | Loss=0.057190 | diff=0.0528 | coarse=0.0553 | 63.4s
  Epoch 17 Batch 400/461 | Loss=0.077819 | diff=0.0713 | coarse=0.0810 | 72.1s
  Epoch 17 Batch 450/461 | Loss=0.057284 | diff=0.0527 | coarse=0.0579 | 80.7s
  Epoch 17 Batch 461/461 | Loss=0.027866 | diff=0.0265 | coarse=0.0172 | 82.6s
Epoch 17/120 | Loss=0.064826 | Val RMSE=19.6416 | Val MAE=17.5866 | Val MAPE=82.10% | LR=6.81e-04 | 180.1s
[INFO] start epoch 18/120
  Epoch 18 Batch 50/461 | Loss=0.053657 | diff=0.0496 | coarse=0.0509 | 8.4s
  Epoch 18 Batch 100/461 | Loss=0.059475 | diff=0.0546 | coarse=0.0604 | 16.7s
  Epoch 18 Batch 150/461 | Loss=0.065168 | diff=0.0601 | coarse=0.0630 | 25.1s
  [WARN] skip non-finite grad at epoch 18 batch 177
  Epoch 18 Batch 200/461 | Loss=0.082634 | diff=0.0752 | coarse=0.0927 | 33.4s
  Epoch 18 Batch 250/461 | Loss=0.069884 | diff=0.0648 | coarse=0.0641 | 41.7s
  Epoch 18 Batch 300/461 | Loss=0.055874 | diff=0.0514 | coarse=0.0556 | 49.9s
  Epoch 18 Batch 350/461 | Loss=0.055958 | diff=0.0516 | coarse=0.0540 | 58.2s
  Epoch 18 Batch 400/461 | Loss=0.077988 | diff=0.0722 | coarse=0.0718 | 67.8s
  Epoch 18 Batch 450/461 | Loss=0.053929 | diff=0.0498 | coarse=0.0521 | 77.4s
  Epoch 18 Batch 461/461 | Loss=0.029295 | diff=0.0279 | coarse=0.0170 | 79.5s
Epoch 18/120 | Loss=0.063000 | Val RMSE=17.4552 | Val MAE=15.3502 | Val MAPE=71.70% | LR=6.78e-04 | 176.6s
[INFO] start epoch 19/120
  Epoch 19 Batch 50/461 | Loss=0.052849 | diff=0.0488 | coarse=0.0504 | 8.6s
  Epoch 19 Batch 100/461 | Loss=0.056538 | diff=0.0517 | coarse=0.0604 | 17.2s
  Epoch 19 Batch 150/461 | Loss=0.066654 | diff=0.0614 | coarse=0.0662 | 25.8s
  Epoch 19 Batch 200/461 | Loss=0.077772 | diff=0.0706 | coarse=0.0892 | 34.4s
  Epoch 19 Batch 250/461 | Loss=0.069721 | diff=0.0645 | coarse=0.0655 | 43.1s
  Epoch 19 Batch 300/461 | Loss=0.056303 | diff=0.0518 | coarse=0.0559 | 51.7s
  Epoch 19 Batch 350/461 | Loss=0.055698 | diff=0.0513 | coarse=0.0547 | 60.2s
  Epoch 19 Batch 400/461 | Loss=0.082308 | diff=0.0766 | coarse=0.0707 | 68.7s
  Epoch 19 Batch 450/461 | Loss=0.053897 | diff=0.0498 | coarse=0.0514 | 76.9s
  Epoch 19 Batch 461/461 | Loss=0.027053 | diff=0.0258 | coarse=0.0161 | 78.7s
Epoch 19/120 | Loss=0.061522 | Val RMSE=15.0211 | Val MAE=12.7287 | Val MAPE=56.47% | LR=6.75e-04 | 176.4s
  [BEST] epoch=19, val_rmse=15.0211
[INFO] start epoch 20/120
  Epoch 20 Batch 50/461 | Loss=0.052433 | diff=0.0484 | coarse=0.0505 | 8.8s
  Epoch 20 Batch 100/461 | Loss=0.058143 | diff=0.0528 | coarse=0.0663 | 17.3s
  Epoch 20 Batch 150/461 | Loss=0.061299 | diff=0.0561 | coarse=0.0646 | 26.0s
  Epoch 20 Batch 200/461 | Loss=0.073868 | diff=0.0680 | coarse=0.0739 | 34.6s
  Epoch 20 Batch 250/461 | Loss=0.065336 | diff=0.0604 | coarse=0.0620 | 43.3s
  Epoch 20 Batch 300/461 | Loss=0.057906 | diff=0.0533 | coarse=0.0570 | 52.0s
  Epoch 20 Batch 350/461 | Loss=0.056125 | diff=0.0517 | coarse=0.0556 | 60.6s
  Epoch 20 Batch 400/461 | Loss=0.083881 | diff=0.0780 | coarse=0.0731 | 69.3s
  Epoch 20 Batch 450/461 | Loss=0.052685 | diff=0.0487 | coarse=0.0503 | 77.8s
  Epoch 20 Batch 461/461 | Loss=0.024117 | diff=0.0228 | coarse=0.0159 | 79.6s
Epoch 20/120 | Loss=0.059240 | Val RMSE=17.0007 | Val MAE=15.0463 | Val MAPE=68.93% | LR=6.71e-04 | 176.6s
[INFO] start epoch 21/120
  Epoch 21 Batch 50/461 | Loss=0.062587 | diff=0.0581 | coarse=0.0563 | 10.0s
  Epoch 21 Batch 100/461 | Loss=0.056146 | diff=0.0509 | coarse=0.0654 | 19.8s
  Epoch 21 Batch 150/461 | Loss=0.060916 | diff=0.0558 | coarse=0.0640 | 29.4s
  Epoch 21 Batch 200/461 | Loss=0.070077 | diff=0.0645 | coarse=0.0700 | 38.0s
  Epoch 21 Batch 250/461 | Loss=0.064494 | diff=0.0593 | coarse=0.0647 | 46.6s
  Epoch 21 Batch 300/461 | Loss=0.055741 | diff=0.0514 | coarse=0.0546 | 55.3s
  Epoch 21 Batch 350/461 | Loss=0.057806 | diff=0.0533 | coarse=0.0563 | 63.9s
  Epoch 21 Batch 400/461 | Loss=0.086913 | diff=0.0807 | coarse=0.0778 | 72.5s
  Epoch 21 Batch 450/461 | Loss=0.057134 | diff=0.0528 | coarse=0.0545 | 81.1s
  Epoch 21 Batch 461/461 | Loss=0.026577 | diff=0.0253 | coarse=0.0156 | 82.9s
Epoch 21/120 | Loss=0.057551 | Val RMSE=12.9372 | Val MAE=10.6450 | Val MAPE=46.34% | LR=6.67e-04 | 180.4s
  [BEST] epoch=21, val_rmse=12.9372
[INFO] start epoch 22/120
  Epoch 22 Batch 50/461 | Loss=0.053969 | diff=0.0498 | coarse=0.0518 | 8.4s
  Epoch 22 Batch 100/461 | Loss=0.056008 | diff=0.0508 | coarse=0.0652 | 16.7s
  Epoch 22 Batch 150/461 | Loss=0.052777 | diff=0.0482 | coarse=0.0567 | 24.9s
  Epoch 22 Batch 200/461 | Loss=0.068259 | diff=0.0629 | coarse=0.0674 | 33.2s
  Epoch 22 Batch 250/461 | Loss=0.063099 | diff=0.0575 | coarse=0.0701 | 41.5s
  Epoch 22 Batch 300/461 | Loss=0.056326 | diff=0.0517 | coarse=0.0580 | 49.7s
  Epoch 22 Batch 350/461 | Loss=0.056770 | diff=0.0523 | coarse=0.0560 | 58.4s
  Epoch 22 Batch 400/461 | Loss=0.071750 | diff=0.0660 | coarse=0.0715 | 67.0s
  Epoch 22 Batch 450/461 | Loss=0.057219 | diff=0.0530 | coarse=0.0531 | 75.6s
  Epoch 22 Batch 461/461 | Loss=0.024673 | diff=0.0234 | coarse=0.0162 | 77.4s
Epoch 22/120 | Loss=0.056420 | Val RMSE=13.5875 | Val MAE=11.3557 | Val MAPE=50.74% | LR=6.63e-04 | 174.9s
[INFO] start epoch 23/120
  Epoch 23 Batch 50/461 | Loss=0.051154 | diff=0.0471 | coarse=0.0502 | 8.8s
  Epoch 23 Batch 100/461 | Loss=0.053886 | diff=0.0489 | coarse=0.0618 | 17.4s
  Epoch 23 Batch 150/461 | Loss=0.051363 | diff=0.0472 | coarse=0.0526 | 26.2s
  Epoch 23 Batch 200/461 | Loss=0.071229 | diff=0.0657 | coarse=0.0690 | 34.9s
  Epoch 23 Batch 250/461 | Loss=0.068350 | diff=0.0619 | coarse=0.0808 | 43.6s
  Epoch 23 Batch 300/461 | Loss=0.059965 | diff=0.0551 | coarse=0.0602 | 52.4s
  Epoch 23 Batch 350/461 | Loss=0.058141 | diff=0.0538 | coarse=0.0547 | 60.9s
  Epoch 23 Batch 400/461 | Loss=0.074272 | diff=0.0683 | coarse=0.0741 | 69.3s
  Epoch 23 Batch 450/461 | Loss=0.054084 | diff=0.0499 | coarse=0.0520 | 77.5s
  Epoch 23 Batch 461/461 | Loss=0.021226 | diff=0.0201 | coarse=0.0142 | 79.2s
Epoch 23/120 | Loss=0.056657 | Val RMSE=15.2205 | Val MAE=13.0212 | Val MAPE=59.36% | LR=6.59e-04 | 182.8s
[INFO] start epoch 24/120
  Epoch 24 Batch 50/461 | Loss=0.049486 | diff=0.0455 | coarse=0.0498 | 10.1s
  Epoch 24 Batch 100/461 | Loss=0.052755 | diff=0.0482 | coarse=0.0567 | 19.2s
  Epoch 24 Batch 150/461 | Loss=0.049123 | diff=0.0451 | coarse=0.0506 | 28.0s
  Epoch 24 Batch 200/461 | Loss=0.070116 | diff=0.0648 | coarse=0.0671 | 36.6s
  Epoch 24 Batch 250/461 | Loss=0.066675 | diff=0.0612 | coarse=0.0683 | 45.2s
  Epoch 24 Batch 300/461 | Loss=0.052462 | diff=0.0483 | coarse=0.0516 | 53.8s
  Epoch 24 Batch 350/461 | Loss=0.059669 | diff=0.0554 | coarse=0.0536 | 62.3s
  Epoch 24 Batch 400/461 | Loss=0.088232 | diff=0.0823 | coarse=0.0747 | 70.7s
  Epoch 24 Batch 450/461 | Loss=0.051362 | diff=0.0473 | coarse=0.0506 | 79.2s
  Epoch 24 Batch 461/461 | Loss=0.022097 | diff=0.0211 | coarse=0.0130 | 81.1s
Epoch 24/120 | Loss=0.055643 | Val RMSE=12.5097 | Val MAE=10.1539 | Val MAPE=44.14% | LR=6.54e-04 | 175.6s
  [BEST] epoch=24, val_rmse=12.5097
[INFO] start epoch 25/120
  Epoch 25 Batch 50/461 | Loss=0.051029 | diff=0.0466 | coarse=0.0559 | 9.6s
  Epoch 25 Batch 100/461 | Loss=0.051729 | diff=0.0476 | coarse=0.0518 | 19.0s
  Epoch 25 Batch 150/461 | Loss=0.048741 | diff=0.0449 | coarse=0.0483 | 28.9s
  Epoch 25 Batch 200/461 | Loss=0.066542 | diff=0.0614 | coarse=0.0641 | 38.5s
  Epoch 25 Batch 250/461 | Loss=0.060491 | diff=0.0559 | coarse=0.0572 | 47.9s
  Epoch 25 Batch 300/461 | Loss=0.051782 | diff=0.0477 | coarse=0.0505 | 56.3s
  Epoch 25 Batch 350/461 | Loss=0.056327 | diff=0.0521 | coarse=0.0525 | 64.8s
  Epoch 25 Batch 400/461 | Loss=0.078106 | diff=0.0723 | coarse=0.0730 | 73.3s
  Epoch 25 Batch 450/461 | Loss=0.059843 | diff=0.0558 | coarse=0.0510 | 81.9s
  Epoch 25 Batch 461/461 | Loss=0.020504 | diff=0.0194 | coarse=0.0140 | 83.7s
Epoch 25/120 | Loss=0.054664 | Val RMSE=10.8230 | Val MAE=8.2218 | Val MAPE=34.88% | LR=6.49e-04 | 181.2s
  [BEST] epoch=25, val_rmse=10.8230
[INFO] start epoch 26/120
  Epoch 26 Batch 50/461 | Loss=0.045855 | diff=0.0420 | coarse=0.0480 | 9.2s
  Epoch 26 Batch 100/461 | Loss=0.051613 | diff=0.0476 | coarse=0.0499 | 17.6s
  Epoch 26 Batch 150/461 | Loss=0.051503 | diff=0.0474 | coarse=0.0516 | 26.4s
  Epoch 26 Batch 200/461 | Loss=0.065299 | diff=0.0604 | coarse=0.0614 | 35.3s
  Epoch 26 Batch 250/461 | Loss=0.059814 | diff=0.0556 | coarse=0.0524 | 43.9s
  Epoch 26 Batch 300/461 | Loss=0.050924 | diff=0.0469 | coarse=0.0505 | 52.6s
  Epoch 26 Batch 350/461 | Loss=0.054354 | diff=0.0500 | coarse=0.0545 | 61.0s
  Epoch 26 Batch 400/461 | Loss=0.063083 | diff=0.0579 | coarse=0.0646 | 69.6s
  Epoch 26 Batch 450/461 | Loss=0.056018 | diff=0.0517 | coarse=0.0538 | 78.2s
  Epoch 26 Batch 461/461 | Loss=0.020360 | diff=0.0192 | coarse=0.0140 | 80.0s
Epoch 26/120 | Loss=0.052662 | Val RMSE=10.6571 | Val MAE=8.1446 | Val MAPE=35.36% | LR=6.44e-04 | 176.7s
  [BEST] epoch=26, val_rmse=10.6571
[INFO] start epoch 27/120
  Epoch 27 Batch 50/461 | Loss=0.045724 | diff=0.0420 | coarse=0.0465 | 8.7s
  Epoch 27 Batch 100/461 | Loss=0.051106 | diff=0.0470 | coarse=0.0518 | 17.9s
  Epoch 27 Batch 150/461 | Loss=0.048030 | diff=0.0441 | coarse=0.0485 | 26.6s
  Epoch 27 Batch 200/461 | Loss=0.073256 | diff=0.0680 | coarse=0.0661 | 35.0s
  Epoch 27 Batch 250/461 | Loss=0.062172 | diff=0.0579 | coarse=0.0538 | 43.4s
  [WARN] skip non-finite grad at epoch 27 batch 258
  Epoch 27 Batch 300/461 | Loss=0.051033 | diff=0.0469 | coarse=0.0515 | 51.9s
  Epoch 27 Batch 350/461 | Loss=0.053285 | diff=0.0489 | coarse=0.0543 | 60.4s
  Epoch 27 Batch 400/461 | Loss=0.063860 | diff=0.0590 | coarse=0.0614 | 68.8s
  Epoch 27 Batch 450/461 | Loss=0.061926 | diff=0.0569 | coarse=0.0625 | 77.2s
  Epoch 27 Batch 461/461 | Loss=0.018510 | diff=0.0174 | coarse=0.0134 | 79.1s
Epoch 27/120 | Loss=0.051718 | Val RMSE=10.8871 | Val MAE=8.4523 | Val MAPE=37.69% | LR=6.39e-04 | 175.7s
[INFO] start epoch 28/120
  Epoch 28 Batch 50/461 | Loss=0.046584 | diff=0.0429 | coarse=0.0461 | 8.9s
  Epoch 28 Batch 100/461 | Loss=0.051328 | diff=0.0469 | coarse=0.0557 | 17.2s
  Epoch 28 Batch 150/461 | Loss=0.045423 | diff=0.0419 | coarse=0.0445 | 25.6s
  Epoch 28 Batch 200/461 | Loss=0.063412 | diff=0.0578 | coarse=0.0697 | 34.1s
  Epoch 28 Batch 250/461 | Loss=0.062623 | diff=0.0584 | coarse=0.0532 | 42.6s
  Epoch 28 Batch 300/461 | Loss=0.054697 | diff=0.0498 | coarse=0.0607 | 51.2s
  Epoch 28 Batch 350/461 | Loss=0.054653 | diff=0.0505 | coarse=0.0523 | 59.9s
  Epoch 28 Batch 400/461 | Loss=0.063642 | diff=0.0584 | coarse=0.0650 | 68.7s
  Epoch 28 Batch 450/461 | Loss=0.061472 | diff=0.0563 | coarse=0.0652 | 77.5s
  Epoch 28 Batch 461/461 | Loss=0.016225 | diff=0.0150 | coarse=0.0151 | 79.4s
Epoch 28/120 | Loss=0.052575 | Val RMSE=10.4486 | Val MAE=7.9406 | Val MAPE=34.84% | LR=6.33e-04 | 176.2s
  [BEST] epoch=28, val_rmse=10.4486
[INFO] start epoch 29/120
  Epoch 29 Batch 50/461 | Loss=0.058340 | diff=0.0544 | coarse=0.0490 | 10.2s
  Epoch 29 Batch 100/461 | Loss=0.050477 | diff=0.0460 | coarse=0.0566 | 19.9s
  Epoch 29 Batch 150/461 | Loss=0.041884 | diff=0.0387 | coarse=0.0401 | 28.9s
  Epoch 29 Batch 200/461 | Loss=0.072690 | diff=0.0661 | coarse=0.0829 | 37.5s
  [WARN] skip non-finite grad at epoch 29 batch 227
  Epoch 29 Batch 250/461 | Loss=0.068991 | diff=0.0643 | coarse=0.0586 | 46.1s
  Epoch 29 Batch 300/461 | Loss=0.050094 | diff=0.0459 | coarse=0.0523 | 54.7s
  Epoch 29 Batch 350/461 | Loss=0.056542 | diff=0.0523 | coarse=0.0528 | 63.2s
  Epoch 29 Batch 400/461 | Loss=0.068741 | diff=0.0634 | coarse=0.0671 | 71.8s
  Epoch 29 Batch 450/461 | Loss=0.052162 | diff=0.0475 | coarse=0.0589 | 81.0s
  Epoch 29 Batch 461/461 | Loss=0.014802 | diff=0.0136 | coarse=0.0156 | 82.9s
Epoch 29/120 | Loss=0.054133 | Val RMSE=10.6398 | Val MAE=8.1897 | Val MAPE=35.76% | LR=6.27e-04 | 182.4s
[INFO] start epoch 30/120
  Epoch 30 Batch 50/461 | Loss=0.046735 | diff=0.0428 | coarse=0.0492 | 8.7s
  Epoch 30 Batch 100/461 | Loss=0.053040 | diff=0.0492 | coarse=0.0480 | 17.1s
  Epoch 30 Batch 150/461 | Loss=0.042942 | diff=0.0398 | coarse=0.0396 | 25.6s
  Epoch 30 Batch 200/461 | Loss=0.075604 | diff=0.0687 | coarse=0.0865 | 34.0s
  Epoch 30 Batch 250/461 | Loss=0.068955 | diff=0.0641 | coarse=0.0610 | 42.7s
  Epoch 30 Batch 300/461 | Loss=0.048963 | diff=0.0450 | coarse=0.0491 | 51.1s
  Epoch 30 Batch 350/461 | Loss=0.050396 | diff=0.0463 | coarse=0.0515 | 59.9s
  Epoch 30 Batch 400/461 | Loss=0.071426 | diff=0.0666 | coarse=0.0609 | 68.4s
  Epoch 30 Batch 450/461 | Loss=0.053241 | diff=0.0480 | coarse=0.0650 | 77.0s
  Epoch 30 Batch 461/461 | Loss=0.014003 | diff=0.0126 | coarse=0.0178 | 78.9s
Epoch 30/120 | Loss=0.054579 | Val RMSE=13.6023 | Val MAE=11.3718 | Val MAPE=52.13% | LR=6.21e-04 | 175.5s
[INFO] start epoch 31/120
  Epoch 31 Batch 50/461 | Loss=0.045419 | diff=0.0417 | coarse=0.0461 | 8.9s
  Epoch 31 Batch 100/461 | Loss=0.051142 | diff=0.0472 | coarse=0.0493 | 17.3s
  Epoch 31 Batch 150/461 | Loss=0.044541 | diff=0.0411 | coarse=0.0430 | 25.8s
  Epoch 31 Batch 200/461 | Loss=0.079702 | diff=0.0741 | coarse=0.0697 | 34.3s
  Epoch 31 Batch 250/461 | Loss=0.062764 | diff=0.0580 | coarse=0.0590 | 42.9s
  Epoch 31 Batch 300/461 | Loss=0.050135 | diff=0.0463 | coarse=0.0482 | 51.4s
  Epoch 31 Batch 350/461 | Loss=0.063822 | diff=0.0588 | coarse=0.0627 | 60.3s
  Epoch 31 Batch 400/461 | Loss=0.062571 | diff=0.0578 | coarse=0.0602 | 69.2s
  Epoch 31 Batch 450/461 | Loss=0.053471 | diff=0.0470 | coarse=0.0806 | 77.8s
  Epoch 31 Batch 461/461 | Loss=0.015655 | diff=0.0143 | coarse=0.0174 | 79.6s
Epoch 31/120 | Loss=0.055191 | Val RMSE=13.1499 | Val MAE=10.9082 | Val MAPE=50.67% | LR=6.15e-04 | 182.6s
[INFO] start epoch 32/120
  Epoch 32 Batch 50/461 | Loss=0.052784 | diff=0.0492 | coarse=0.0447 | 9.2s
  Epoch 32 Batch 100/461 | Loss=0.051820 | diff=0.0479 | coarse=0.0486 | 18.0s
  Epoch 32 Batch 150/461 | Loss=0.054188 | diff=0.0504 | coarse=0.0468 | 26.4s
  Epoch 32 Batch 200/461 | Loss=0.077519 | diff=0.0715 | coarse=0.0749 | 34.9s
  Epoch 32 Batch 250/461 | Loss=0.053240 | diff=0.0493 | coarse=0.0494 | 43.5s
  Epoch 32 Batch 300/461 | Loss=0.053747 | diff=0.0500 | coarse=0.0469 | 52.0s
  Epoch 32 Batch 350/461 | Loss=0.055251 | diff=0.0506 | coarse=0.0586 | 60.6s
  Epoch 32 Batch 400/461 | Loss=0.060481 | diff=0.0557 | coarse=0.0595 | 69.1s
  Epoch 32 Batch 450/461 | Loss=0.056110 | diff=0.0484 | coarse=0.0960 | 77.9s
  Epoch 32 Batch 461/461 | Loss=0.015246 | diff=0.0138 | coarse=0.0184 | 79.7s
Epoch 32/120 | Loss=0.052754 | Val RMSE=11.1300 | Val MAE=8.7440 | Val MAPE=39.10% | LR=6.09e-04 | 176.7s
[INFO] start epoch 33/120
  Epoch 33 Batch 50/461 | Loss=0.053319 | diff=0.0497 | coarse=0.0456 | 10.3s
  Epoch 33 Batch 100/461 | Loss=0.053025 | diff=0.0486 | coarse=0.0554 | 19.5s
  Epoch 33 Batch 150/461 | Loss=0.056268 | diff=0.0528 | coarse=0.0431 | 28.6s
  Epoch 33 Batch 200/461 | Loss=0.077922 | diff=0.0711 | coarse=0.0856 | 37.4s
  Epoch 33 Batch 250/461 | Loss=0.053702 | diff=0.0496 | coarse=0.0510 | 45.9s
  Epoch 33 Batch 300/461 | Loss=0.049569 | diff=0.0459 | coarse=0.0461 | 54.6s
  Epoch 33 Batch 350/461 | Loss=0.055486 | diff=0.0512 | coarse=0.0531 | 63.1s
  Epoch 33 Batch 400/461 | Loss=0.058383 | diff=0.0538 | coarse=0.0575 | 71.8s
  Epoch 33 Batch 450/461 | Loss=0.052279 | diff=0.0453 | coarse=0.0875 | 80.3s
  Epoch 33 Batch 461/461 | Loss=0.017042 | diff=0.0153 | coarse=0.0217 | 82.1s
Epoch 33/120 | Loss=0.050577 | Val RMSE=10.6794 | Val MAE=8.1291 | Val MAPE=35.17% | LR=6.03e-04 | 177.3s
[INFO] start epoch 34/120
  Epoch 34 Batch 50/461 | Loss=0.043786 | diff=0.0403 | coarse=0.0440 | 8.8s
  Epoch 34 Batch 100/461 | Loss=0.051405 | diff=0.0470 | coarse=0.0553 | 17.1s
  Epoch 34 Batch 150/461 | Loss=0.047415 | diff=0.0436 | coarse=0.0476 | 25.3s
  Epoch 34 Batch 200/461 | Loss=0.063949 | diff=0.0586 | coarse=0.0666 | 33.3s
  Epoch 34 Batch 250/461 | Loss=0.055294 | diff=0.0514 | coarse=0.0485 | 42.0s
  Epoch 34 Batch 300/461 | Loss=0.046203 | diff=0.0426 | coarse=0.0449 | 50.6s
  Epoch 34 Batch 350/461 | Loss=0.053629 | diff=0.0499 | coarse=0.0467 | 59.2s
  Epoch 34 Batch 400/461 | Loss=0.056349 | diff=0.0519 | coarse=0.0558 | 67.6s
  Epoch 34 Batch 450/461 | Loss=0.047891 | diff=0.0419 | coarse=0.0743 | 76.1s
  Epoch 34 Batch 461/461 | Loss=0.017161 | diff=0.0156 | coarse=0.0196 | 78.0s
Epoch 34/120 | Loss=0.047922 | Val RMSE=10.7266 | Val MAE=8.0809 | Val MAPE=34.20% | LR=5.96e-04 | 175.9s
[INFO] start epoch 35/120
  Epoch 35 Batch 50/461 | Loss=0.047440 | diff=0.0440 | coarse=0.0435 | 9.0s
  Epoch 35 Batch 100/461 | Loss=0.051036 | diff=0.0467 | coarse=0.0543 | 17.6s
  Epoch 35 Batch 150/461 | Loss=0.047569 | diff=0.0430 | coarse=0.0570 | 26.3s
  Epoch 35 Batch 200/461 | Loss=0.057624 | diff=0.0531 | coarse=0.0568 | 35.0s
  Epoch 35 Batch 250/461 | Loss=0.051465 | diff=0.0477 | coarse=0.0475 | 43.8s
  Epoch 35 Batch 300/461 | Loss=0.046060 | diff=0.0425 | coarse=0.0446 | 52.4s
  Epoch 35 Batch 350/461 | Loss=0.050402 | diff=0.0468 | coarse=0.0456 | 60.7s
  Epoch 35 Batch 400/461 | Loss=0.055583 | diff=0.0512 | coarse=0.0553 | 68.9s
  Epoch 35 Batch 450/461 | Loss=0.046108 | diff=0.0412 | coarse=0.0609 | 77.4s
  Epoch 35 Batch 461/461 | Loss=0.017876 | diff=0.0166 | coarse=0.0164 | 79.2s
Epoch 35/120 | Loss=0.046420 | Val RMSE=10.4469 | Val MAE=7.7867 | Val MAPE=32.69% | LR=5.89e-04 | 176.9s
  [BEST] epoch=35, val_rmse=10.4469
[INFO] start epoch 36/120
  Epoch 36 Batch 50/461 | Loss=0.043052 | diff=0.0395 | coarse=0.0444 | 9.1s
  Epoch 36 Batch 100/461 | Loss=0.052668 | diff=0.0485 | coarse=0.0525 | 18.1s
  Epoch 36 Batch 150/461 | Loss=0.046533 | diff=0.0425 | coarse=0.0509 | 27.0s
  Epoch 36 Batch 200/461 | Loss=0.056230 | diff=0.0519 | coarse=0.0536 | 35.9s
  Epoch 36 Batch 250/461 | Loss=0.052938 | diff=0.0490 | coarse=0.0492 | 44.8s
  Epoch 36 Batch 300/461 | Loss=0.046763 | diff=0.0431 | coarse=0.0463 | 53.6s
  Epoch 36 Batch 350/461 | Loss=0.047708 | diff=0.0439 | coarse=0.0474 | 62.5s
  Epoch 36 Batch 400/461 | Loss=0.054391 | diff=0.0501 | coarse=0.0537 | 71.3s
  Epoch 36 Batch 450/461 | Loss=0.045513 | diff=0.0413 | coarse=0.0530 | 80.1s
  Epoch 36 Batch 461/461 | Loss=0.019547 | diff=0.0183 | coarse=0.0157 | 81.9s
Epoch 36/120 | Loss=0.045599 | Val RMSE=10.7677 | Val MAE=7.9857 | Val MAPE=33.76% | LR=5.82e-04 | 179.8s
[INFO] start epoch 37/120
  Epoch 37 Batch 50/461 | Loss=0.044452 | diff=0.0402 | coarse=0.0533 | 8.7s
  Epoch 37 Batch 100/461 | Loss=0.052708 | diff=0.0486 | coarse=0.0514 | 17.0s
  Epoch 37 Batch 150/461 | Loss=0.039715 | diff=0.0364 | coarse=0.0416 | 25.5s
  Epoch 37 Batch 200/461 | Loss=0.055239 | diff=0.0510 | coarse=0.0535 | 34.2s
  Epoch 37 Batch 250/461 | Loss=0.048841 | diff=0.0447 | coarse=0.0512 | 42.6s
  Epoch 37 Batch 300/461 | Loss=0.047864 | diff=0.0442 | coarse=0.0462 | 51.1s
  Epoch 37 Batch 350/461 | Loss=0.045326 | diff=0.0416 | coarse=0.0468 | 59.6s
  Epoch 37 Batch 400/461 | Loss=0.057503 | diff=0.0530 | coarse=0.0566 | 67.9s
  Epoch 37 Batch 450/461 | Loss=0.042535 | diff=0.0386 | coarse=0.0488 | 76.3s
  Epoch 37 Batch 461/461 | Loss=0.017350 | diff=0.0163 | coarse=0.0125 | 78.1s
Epoch 37/120 | Loss=0.045072 | Val RMSE=11.3706 | Val MAE=8.7289 | Val MAPE=37.68% | LR=5.75e-04 | 174.1s
[INFO] start epoch 38/120
  Epoch 38 Batch 50/461 | Loss=0.050171 | diff=0.0449 | coarse=0.0657 | 8.8s
  [WARN] skip non-finite grad at epoch 38 batch 89
  Epoch 38 Batch 100/461 | Loss=0.049940 | diff=0.0460 | coarse=0.0493 | 17.3s
  Epoch 38 Batch 150/461 | Loss=0.039135 | diff=0.0362 | coarse=0.0366 | 25.8s
  Epoch 38 Batch 200/461 | Loss=0.054694 | diff=0.0504 | coarse=0.0536 | 34.4s
  Epoch 38 Batch 250/461 | Loss=0.049326 | diff=0.0452 | coarse=0.0522 | 43.0s
  Epoch 38 Batch 300/461 | Loss=0.049035 | diff=0.0451 | coarse=0.0493 | 51.5s
  Epoch 38 Batch 350/461 | Loss=0.044337 | diff=0.0407 | coarse=0.0458 | 60.1s
  Epoch 38 Batch 400/461 | Loss=0.062927 | diff=0.0577 | coarse=0.0650 | 68.5s
  Epoch 38 Batch 450/461 | Loss=0.043148 | diff=0.0396 | coarse=0.0446 | 77.1s
  Epoch 38 Batch 461/461 | Loss=0.016655 | diff=0.0158 | coarse=0.0106 | 78.9s
Epoch 38/120 | Loss=0.045785 | Val RMSE=11.2060 | Val MAE=8.5160 | Val MAPE=36.40% | LR=5.67e-04 | 175.4s
[INFO] start epoch 39/120
  Epoch 39 Batch 50/461 | Loss=0.054534 | diff=0.0501 | coarse=0.0552 | 8.5s
  Epoch 39 Batch 100/461 | Loss=0.044835 | diff=0.0412 | coarse=0.0451 | 16.9s
  Epoch 39 Batch 150/461 | Loss=0.042676 | diff=0.0396 | coarse=0.0390 | 25.2s
  Epoch 39 Batch 200/461 | Loss=0.056741 | diff=0.0524 | coarse=0.0545 | 33.6s
  Epoch 39 Batch 250/461 | Loss=0.047766 | diff=0.0438 | coarse=0.0494 | 42.1s
  Epoch 39 Batch 300/461 | Loss=0.053328 | diff=0.0496 | coarse=0.0463 | 50.6s
  Epoch 39 Batch 350/461 | Loss=0.052286 | diff=0.0486 | coarse=0.0461 | 59.1s
  Epoch 39 Batch 400/461 | Loss=0.059048 | diff=0.0543 | coarse=0.0596 | 67.7s
  Epoch 39 Batch 450/461 | Loss=0.043358 | diff=0.0402 | coarse=0.0394 | 76.2s
  Epoch 39 Batch 461/461 | Loss=0.018863 | diff=0.0180 | coarse=0.0108 | 77.9s
Epoch 39/120 | Loss=0.046921 | Val RMSE=11.2511 | Val MAE=8.5227 | Val MAPE=35.98% | LR=5.60e-04 | 176.0s
[INFO] start epoch 40/120
  Epoch 40 Batch 50/461 | Loss=0.054455 | diff=0.0508 | coarse=0.0458 | 8.7s
  Epoch 40 Batch 100/461 | Loss=0.047403 | diff=0.0433 | coarse=0.0507 | 17.2s
  Epoch 40 Batch 150/461 | Loss=0.041154 | diff=0.0381 | coarse=0.0384 | 25.8s
  Epoch 40 Batch 200/461 | Loss=0.062060 | diff=0.0571 | coarse=0.0623 | 34.4s
  Epoch 40 Batch 250/461 | Loss=0.049526 | diff=0.0455 | coarse=0.0499 | 42.8s
  Epoch 40 Batch 300/461 | Loss=0.046915 | diff=0.0433 | coarse=0.0454 | 51.4s
  Epoch 40 Batch 350/461 | Loss=0.047181 | diff=0.0434 | coarse=0.0469 | 60.0s
  Epoch 40 Batch 400/461 | Loss=0.053719 | diff=0.0494 | coarse=0.0535 | 68.5s
  Epoch 40 Batch 450/461 | Loss=0.044389 | diff=0.0411 | coarse=0.0413 | 77.0s
  Epoch 40 Batch 461/461 | Loss=0.014628 | diff=0.0137 | coarse=0.0113 | 78.8s
Epoch 40/120 | Loss=0.047267 | Val RMSE=10.2510 | Val MAE=7.4984 | Val MAPE=31.37% | LR=5.52e-04 | 176.0s
  [BEST] epoch=40, val_rmse=10.2510
[INFO] start epoch 41/120
  Epoch 41 Batch 50/461 | Loss=0.045219 | diff=0.0417 | coarse=0.0443 | 11.2s
  Epoch 41 Batch 100/461 | Loss=0.043090 | diff=0.0397 | coarse=0.0429 | 22.8s
  Epoch 41 Batch 150/461 | Loss=0.039647 | diff=0.0364 | coarse=0.0409 | 31.5s
  Epoch 41 Batch 200/461 | Loss=0.065361 | diff=0.0594 | coarse=0.0746 | 40.2s
  Epoch 41 Batch 250/461 | Loss=0.048326 | diff=0.0447 | coarse=0.0454 | 49.1s
  Epoch 41 Batch 300/461 | Loss=0.047593 | diff=0.0434 | coarse=0.0525 | 58.4s
  Epoch 41 Batch 350/461 | Loss=0.043080 | diff=0.0397 | coarse=0.0420 | 67.7s
  Epoch 41 Batch 400/461 | Loss=0.053263 | diff=0.0490 | coarse=0.0536 | 76.6s
  Epoch 41 Batch 450/461 | Loss=0.039732 | diff=0.0367 | coarse=0.0382 | 85.4s
  Epoch 41 Batch 461/461 | Loss=0.014577 | diff=0.0137 | coarse=0.0111 | 87.3s
Epoch 41/120 | Loss=0.045340 | Val RMSE=10.7619 | Val MAE=8.1125 | Val MAPE=34.78% | LR=5.44e-04 | 187.2s
[INFO] start epoch 42/120
  Epoch 42 Batch 50/461 | Loss=0.041374 | diff=0.0378 | coarse=0.0444 | 8.4s
  Epoch 42 Batch 100/461 | Loss=0.049808 | diff=0.0461 | coarse=0.0459 | 16.6s
  Epoch 42 Batch 150/461 | Loss=0.038467 | diff=0.0356 | coarse=0.0355 | 25.1s
  Epoch 42 Batch 200/461 | Loss=0.061851 | diff=0.0548 | coarse=0.0881 | 33.9s
  Epoch 42 Batch 250/461 | Loss=0.051412 | diff=0.0477 | coarse=0.0463 | 42.5s
  [WARN] skip non-finite grad at epoch 42 batch 268
  Epoch 42 Batch 300/461 | Loss=0.057223 | diff=0.0520 | coarse=0.0648 | 52.0s
  Epoch 42 Batch 350/461 | Loss=0.042737 | diff=0.0394 | coarse=0.0412 | 61.9s
  Epoch 42 Batch 400/461 | Loss=0.054028 | diff=0.0495 | coarse=0.0572 | 71.5s
  Epoch 42 Batch 450/461 | Loss=0.038193 | diff=0.0352 | coarse=0.0368 | 80.4s
  Epoch 42 Batch 461/461 | Loss=0.013759 | diff=0.0129 | coarse=0.0102 | 82.2s
Epoch 42/120 | Loss=0.045297 | Val RMSE=11.1880 | Val MAE=8.5472 | Val MAPE=36.51% | LR=5.36e-04 | 179.9s
[INFO] start epoch 43/120
  Epoch 43 Batch 50/461 | Loss=0.043177 | diff=0.0392 | coarse=0.0503 | 8.7s
  Epoch 43 Batch 100/461 | Loss=0.047209 | diff=0.0437 | coarse=0.0445 | 17.0s
  Epoch 43 Batch 150/461 | Loss=0.038961 | diff=0.0357 | coarse=0.0406 | 25.4s
  Epoch 43 Batch 200/461 | Loss=0.054462 | diff=0.0498 | coarse=0.0578 | 34.1s
  Epoch 43 Batch 250/461 | Loss=0.051986 | diff=0.0483 | coarse=0.0455 | 42.6s
  Epoch 43 Batch 300/461 | Loss=0.051972 | diff=0.0478 | coarse=0.0522 | 51.0s
  Epoch 43 Batch 350/461 | Loss=0.041856 | diff=0.0386 | coarse=0.0411 | 59.7s
  Epoch 43 Batch 400/461 | Loss=0.053167 | diff=0.0489 | coarse=0.0538 | 68.2s
  Epoch 43 Batch 450/461 | Loss=0.038777 | diff=0.0358 | coarse=0.0371 | 76.6s
  Epoch 43 Batch 461/461 | Loss=0.013223 | diff=0.0124 | coarse=0.0098 | 78.3s
Epoch 43/120 | Loss=0.044007 | Val RMSE=11.2395 | Val MAE=8.5680 | Val MAPE=36.37% | LR=5.28e-04 | 175.6s
[INFO] start epoch 44/120
  Epoch 44 Batch 50/461 | Loss=0.046701 | diff=0.0420 | coarse=0.0592 | 9.1s
  Epoch 44 Batch 100/461 | Loss=0.045769 | diff=0.0421 | coarse=0.0459 | 17.3s
  Epoch 44 Batch 150/461 | Loss=0.036336 | diff=0.0336 | coarse=0.0344 | 25.9s
  Epoch 44 Batch 200/461 | Loss=0.053397 | diff=0.0493 | coarse=0.0510 | 34.4s
  Epoch 44 Batch 250/461 | Loss=0.050497 | diff=0.0460 | coarse=0.0560 | 43.0s
  Epoch 44 Batch 300/461 | Loss=0.043108 | diff=0.0396 | coarse=0.0440 | 51.8s
  Epoch 44 Batch 350/461 | Loss=0.041575 | diff=0.0384 | coarse=0.0394 | 60.7s
  Epoch 44 Batch 400/461 | Loss=0.052415 | diff=0.0482 | coarse=0.0526 | 69.4s
  Epoch 44 Batch 450/461 | Loss=0.038991 | diff=0.0361 | coarse=0.0367 | 78.3s
  Epoch 44 Batch 461/461 | Loss=0.011820 | diff=0.0111 | coarse=0.0094 | 80.1s
Epoch 44/120 | Loss=0.042292 | Val RMSE=10.7674 | Val MAE=8.0675 | Val MAPE=34.03% | LR=5.19e-04 | 177.1s
[INFO] start epoch 45/120
  Epoch 45 Batch 50/461 | Loss=0.049936 | diff=0.0449 | coarse=0.0629 | 10.2s
  Epoch 45 Batch 100/461 | Loss=0.053495 | diff=0.0494 | coarse=0.0511 | 19.1s
  Epoch 45 Batch 150/461 | Loss=0.036634 | diff=0.0337 | coarse=0.0363 | 27.8s
  Epoch 45 Batch 200/461 | Loss=0.054035 | diff=0.0496 | coarse=0.0555 | 36.7s
  Epoch 45 Batch 250/461 | Loss=0.050757 | diff=0.0453 | coarse=0.0683 | 45.3s
  Epoch 45 Batch 300/461 | Loss=0.048288 | diff=0.0451 | coarse=0.0399 | 53.9s
  Epoch 45 Batch 350/461 | Loss=0.042166 | diff=0.0389 | coarse=0.0412 | 62.6s
  Epoch 45 Batch 400/461 | Loss=0.051856 | diff=0.0475 | coarse=0.0540 | 71.4s
  Epoch 45 Batch 450/461 | Loss=0.037941 | diff=0.0349 | coarse=0.0382 | 79.9s
  Epoch 45 Batch 461/461 | Loss=0.012162 | diff=0.0114 | coarse=0.0100 | 81.7s
Epoch 45/120 | Loss=0.042553 | Val RMSE=10.2106 | Val MAE=7.4441 | Val MAPE=31.37% | LR=5.11e-04 | 179.9s
  [BEST] epoch=45, val_rmse=10.2106
[INFO] start epoch 46/120
  Epoch 46 Batch 50/461 | Loss=0.044736 | diff=0.0404 | coarse=0.0542 | 9.2s
  Epoch 46 Batch 100/461 | Loss=0.060318 | diff=0.0560 | coarse=0.0536 | 18.0s
  Epoch 46 Batch 150/461 | Loss=0.039086 | diff=0.0360 | coarse=0.0392 | 26.6s
  Epoch 46 Batch 200/461 | Loss=0.052314 | diff=0.0484 | coarse=0.0494 | 35.3s
  Epoch 46 Batch 250/461 | Loss=0.048982 | diff=0.0443 | coarse=0.0582 | 43.8s
  Epoch 46 Batch 300/461 | Loss=0.043741 | diff=0.0405 | coarse=0.0400 | 53.5s
  Epoch 46 Batch 350/461 | Loss=0.042485 | diff=0.0390 | coarse=0.0440 | 63.5s
  Epoch 46 Batch 400/461 | Loss=0.052757 | diff=0.0485 | coarse=0.0529 | 73.0s
  Epoch 46 Batch 450/461 | Loss=0.039846 | diff=0.0368 | coarse=0.0376 | 82.0s
  Epoch 46 Batch 461/461 | Loss=0.011575 | diff=0.0108 | coarse=0.0096 | 83.9s
Epoch 46/120 | Loss=0.043107 | Val RMSE=10.3901 | Val MAE=7.6744 | Val MAPE=32.65% | LR=5.02e-04 | 182.4s
[INFO] start epoch 47/120
  Epoch 47 Batch 50/461 | Loss=0.042328 | diff=0.0389 | coarse=0.0432 | 9.1s
  [WARN] skip non-finite grad at epoch 47 batch 89
  Epoch 47 Batch 100/461 | Loss=0.047166 | diff=0.0430 | coarse=0.0524 | 17.4s
  Epoch 47 Batch 150/461 | Loss=0.048122 | diff=0.0452 | coarse=0.0362 | 26.1s
  Epoch 47 Batch 200/461 | Loss=0.057034 | diff=0.0522 | coarse=0.0606 | 34.8s
  Epoch 47 Batch 250/461 | Loss=0.053281 | diff=0.0493 | coarse=0.0496 | 43.4s
  [WARN] skip non-finite grad at epoch 47 batch 268
  Epoch 47 Batch 300/461 | Loss=0.043310 | diff=0.0398 | coarse=0.0439 | 51.7s
  Epoch 47 Batch 350/461 | Loss=0.040273 | diff=0.0371 | coarse=0.0400 | 60.4s
  Epoch 47 Batch 400/461 | Loss=0.049687 | diff=0.0456 | coarse=0.0508 | 69.0s
  Epoch 47 Batch 450/461 | Loss=0.038490 | diff=0.0357 | coarse=0.0354 | 77.6s
  Epoch 47 Batch 461/461 | Loss=0.011033 | diff=0.0103 | coarse=0.0092 | 79.5s
Epoch 47/120 | Loss=0.043200 | Val RMSE=10.3671 | Val MAE=7.5626 | Val MAPE=32.25% | LR=4.94e-04 | 180.2s
[INFO] start epoch 48/120
  Epoch 48 Batch 50/461 | Loss=0.039690 | diff=0.0367 | coarse=0.0373 | 9.2s
  Epoch 48 Batch 100/461 | Loss=0.043095 | diff=0.0394 | coarse=0.0457 | 18.0s
  Epoch 48 Batch 150/461 | Loss=0.046639 | diff=0.0433 | coarse=0.0414 | 26.9s
  Epoch 48 Batch 200/461 | Loss=0.051072 | diff=0.0467 | coarse=0.0551 | 35.8s
  Epoch 48 Batch 250/461 | Loss=0.057784 | diff=0.0539 | coarse=0.0482 | 44.5s
  Epoch 48 Batch 300/461 | Loss=0.039885 | diff=0.0367 | coarse=0.0395 | 53.1s
  Epoch 48 Batch 350/461 | Loss=0.040389 | diff=0.0370 | coarse=0.0427 | 62.4s
  Epoch 48 Batch 400/461 | Loss=0.050393 | diff=0.0461 | coarse=0.0531 | 71.0s
  Epoch 48 Batch 450/461 | Loss=0.036795 | diff=0.0340 | coarse=0.0352 | 79.6s
  Epoch 48 Batch 461/461 | Loss=0.011157 | diff=0.0104 | coarse=0.0100 | 81.4s
Epoch 48/120 | Loss=0.042228 | Val RMSE=10.7880 | Val MAE=8.0726 | Val MAPE=34.36% | LR=4.85e-04 | 178.1s
[INFO] start epoch 49/120
  Epoch 49 Batch 50/461 | Loss=0.042085 | diff=0.0391 | coarse=0.0377 | 9.1s
  Epoch 49 Batch 100/461 | Loss=0.039004 | diff=0.0359 | coarse=0.0391 | 17.7s
  Epoch 49 Batch 150/461 | Loss=0.045969 | diff=0.0417 | coarse=0.0535 | 26.5s
  Epoch 49 Batch 200/461 | Loss=0.048959 | diff=0.0452 | coarse=0.0471 | 35.4s
  Epoch 49 Batch 250/461 | Loss=0.049715 | diff=0.0455 | coarse=0.0524 | 44.0s
  Epoch 49 Batch 300/461 | Loss=0.042922 | diff=0.0398 | coarse=0.0388 | 52.8s
  Epoch 49 Batch 350/461 | Loss=0.040385 | diff=0.0371 | coarse=0.0413 | 61.4s
  Epoch 49 Batch 400/461 | Loss=0.049161 | diff=0.0452 | coarse=0.0494 | 70.0s
  Epoch 49 Batch 450/461 | Loss=0.037402 | diff=0.0345 | coarse=0.0366 | 78.7s
  Epoch 49 Batch 461/461 | Loss=0.011386 | diff=0.0106 | coarse=0.0093 | 80.5s
Epoch 49/120 | Loss=0.041107 | Val RMSE=10.5603 | Val MAE=7.8709 | Val MAPE=33.94% | LR=4.76e-04 | 176.5s
[INFO] start epoch 50/120
  Epoch 50 Batch 50/461 | Loss=0.041825 | diff=0.0388 | coarse=0.0379 | 8.9s
  Epoch 50 Batch 100/461 | Loss=0.041484 | diff=0.0386 | coarse=0.0366 | 17.6s
  Epoch 50 Batch 150/461 | Loss=0.041326 | diff=0.0368 | coarse=0.0568 | 26.3s
  Epoch 50 Batch 200/461 | Loss=0.051377 | diff=0.0471 | coarse=0.0539 | 34.8s
  Epoch 50 Batch 250/461 | Loss=0.046725 | diff=0.0430 | coarse=0.0470 | 43.7s
  Epoch 50 Batch 300/461 | Loss=0.043491 | diff=0.0401 | coarse=0.0418 | 52.5s
  Epoch 50 Batch 350/461 | Loss=0.039407 | diff=0.0360 | coarse=0.0424 | 61.1s
  Epoch 50 Batch 400/461 | Loss=0.048441 | diff=0.0446 | coarse=0.0486 | 69.8s
  Epoch 50 Batch 450/461 | Loss=0.036985 | diff=0.0339 | coarse=0.0390 | 78.4s
  Epoch 50 Batch 461/461 | Loss=0.011018 | diff=0.0102 | coarse=0.0098 | 80.2s
Epoch 50/120 | Loss=0.040258 | Val RMSE=10.9296 | Val MAE=8.2788 | Val MAPE=35.75% | LR=4.67e-04 | 177.3s
[INFO] start epoch 51/120
  Epoch 51 Batch 50/461 | Loss=0.039503 | diff=0.0363 | coarse=0.0400 | 9.3s
  Epoch 51 Batch 100/461 | Loss=0.039766 | diff=0.0368 | coarse=0.0370 | 18.1s
  Epoch 51 Batch 150/461 | Loss=0.039818 | diff=0.0361 | coarse=0.0462 | 27.0s
  Epoch 51 Batch 200/461 | Loss=0.048813 | diff=0.0447 | coarse=0.0512 | 35.5s
  Epoch 51 Batch 250/461 | Loss=0.043410 | diff=0.0402 | coarse=0.0398 | 43.8s
  Epoch 51 Batch 300/461 | Loss=0.042019 | diff=0.0386 | coarse=0.0425 | 52.0s
  Epoch 51 Batch 350/461 | Loss=0.039605 | diff=0.0357 | coarse=0.0483 | 60.3s
  Epoch 51 Batch 400/461 | Loss=0.046794 | diff=0.0429 | coarse=0.0481 | 68.5s
  Epoch 51 Batch 450/461 | Loss=0.036135 | diff=0.0333 | coarse=0.0353 | 77.0s
  Epoch 51 Batch 461/461 | Loss=0.010798 | diff=0.0101 | coarse=0.0091 | 78.7s
Epoch 51/120 | Loss=0.038963 | Val RMSE=11.1571 | Val MAE=8.4861 | Val MAPE=36.95% | LR=4.58e-04 | 179.3s
[INFO] start epoch 52/120
  Epoch 52 Batch 50/461 | Loss=0.039333 | diff=0.0363 | coarse=0.0375 | 9.1s
  Epoch 52 Batch 100/461 | Loss=0.038112 | diff=0.0351 | coarse=0.0377 | 17.8s
  Epoch 52 Batch 150/461 | Loss=0.037135 | diff=0.0343 | coarse=0.0359 | 26.4s
  Epoch 52 Batch 200/461 | Loss=0.047059 | diff=0.0434 | coarse=0.0464 | 35.6s
  Epoch 52 Batch 250/461 | Loss=0.039856 | diff=0.0367 | coarse=0.0391 | 44.5s
  Epoch 52 Batch 300/461 | Loss=0.041234 | diff=0.0380 | coarse=0.0405 | 53.5s
  Epoch 52 Batch 350/461 | Loss=0.039116 | diff=0.0355 | coarse=0.0453 | 62.2s
  Epoch 52 Batch 400/461 | Loss=0.045444 | diff=0.0417 | coarse=0.0470 | 70.9s
  Epoch 52 Batch 450/461 | Loss=0.047347 | diff=0.0441 | coarse=0.0401 | 79.6s
  Epoch 52 Batch 461/461 | Loss=0.014104 | diff=0.0133 | coarse=0.0096 | 81.5s
Epoch 52/120 | Loss=0.038644 | Val RMSE=10.3909 | Val MAE=7.6264 | Val MAPE=32.55% | LR=4.49e-04 | 179.0s
[INFO] start epoch 53/120
  Epoch 53 Batch 50/461 | Loss=0.034846 | diff=0.0321 | coarse=0.0339 | 9.1s
  Epoch 53 Batch 100/461 | Loss=0.038362 | diff=0.0353 | coarse=0.0379 | 17.8s
  Epoch 53 Batch 150/461 | Loss=0.037970 | diff=0.0352 | coarse=0.0347 | 26.5s
  Epoch 53 Batch 200/461 | Loss=0.047730 | diff=0.0439 | coarse=0.0474 | 35.1s
  Epoch 53 Batch 250/461 | Loss=0.039587 | diff=0.0362 | coarse=0.0427 | 43.8s
  Epoch 53 Batch 300/461 | Loss=0.037094 | diff=0.0342 | coarse=0.0367 | 52.5s
  Epoch 53 Batch 350/461 | Loss=0.041019 | diff=0.0377 | coarse=0.0410 | 61.1s
  Epoch 53 Batch 400/461 | Loss=0.046820 | diff=0.0429 | coarse=0.0491 | 70.0s
  Epoch 53 Batch 450/461 | Loss=0.044923 | diff=0.0418 | coarse=0.0387 | 78.9s
  Epoch 53 Batch 461/461 | Loss=0.011775 | diff=0.0111 | coarse=0.0087 | 80.8s
Epoch 53/120 | Loss=0.038216 | Val RMSE=10.0797 | Val MAE=7.2985 | Val MAPE=31.54% | LR=4.40e-04 | 176.5s
  [BEST] epoch=53, val_rmse=10.0797
[INFO] start epoch 54/120
  Epoch 54 Batch 50/461 | Loss=0.034651 | diff=0.0319 | coarse=0.0339 | 9.2s
  Epoch 54 Batch 100/461 | Loss=0.039305 | diff=0.0362 | coarse=0.0382 | 17.9s
  Epoch 54 Batch 150/461 | Loss=0.035684 | diff=0.0328 | coarse=0.0364 | 26.6s
  Epoch 54 Batch 200/461 | Loss=0.048930 | diff=0.0450 | coarse=0.0497 | 35.2s
  Epoch 54 Batch 250/461 | Loss=0.039620 | diff=0.0366 | coarse=0.0382 | 43.7s
  Epoch 54 Batch 300/461 | Loss=0.035777 | diff=0.0329 | coarse=0.0359 | 52.3s
  Epoch 54 Batch 350/461 | Loss=0.040212 | diff=0.0370 | coarse=0.0406 | 60.9s
  Epoch 54 Batch 400/461 | Loss=0.049810 | diff=0.0456 | coarse=0.0526 | 69.8s
  Epoch 54 Batch 450/461 | Loss=0.036765 | diff=0.0336 | coarse=0.0396 | 78.4s
  Epoch 54 Batch 461/461 | Loss=0.010956 | diff=0.0102 | coarse=0.0093 | 80.2s
Epoch 54/120 | Loss=0.037899 | Val RMSE=9.7028 | Val MAE=6.8024 | Val MAPE=28.85% | LR=4.31e-04 | 177.2s
  [BEST] epoch=54, val_rmse=9.7028
[INFO] start epoch 55/120
  Epoch 55 Batch 50/461 | Loss=0.034459 | diff=0.0317 | coarse=0.0344 | 9.2s
  Epoch 55 Batch 100/461 | Loss=0.038660 | diff=0.0357 | coarse=0.0373 | 17.7s
  Epoch 55 Batch 150/461 | Loss=0.035162 | diff=0.0322 | coarse=0.0373 | 26.5s
  Epoch 55 Batch 200/461 | Loss=0.049295 | diff=0.0450 | coarse=0.0532 | 35.0s
  Epoch 55 Batch 250/461 | Loss=0.042286 | diff=0.0388 | coarse=0.0433 | 43.4s
  Epoch 55 Batch 300/461 | Loss=0.036914 | diff=0.0337 | coarse=0.0406 | 51.7s
  Epoch 55 Batch 350/461 | Loss=0.040304 | diff=0.0373 | coarse=0.0377 | 60.2s
  Epoch 55 Batch 400/461 | Loss=0.048768 | diff=0.0446 | coarse=0.0521 | 68.6s
  Epoch 55 Batch 450/461 | Loss=0.035918 | diff=0.0324 | coarse=0.0439 | 77.2s
  Epoch 55 Batch 461/461 | Loss=0.011192 | diff=0.0103 | coarse=0.0113 | 78.9s
Epoch 55/120 | Loss=0.037713 | Val RMSE=10.2168 | Val MAE=7.4097 | Val MAPE=31.54% | LR=4.21e-04 | 177.0s
[INFO] start epoch 56/120
  Epoch 56 Batch 50/461 | Loss=0.035780 | diff=0.0330 | coarse=0.0350 | 9.0s
  Epoch 56 Batch 100/461 | Loss=0.038603 | diff=0.0356 | coarse=0.0375 | 17.8s
  Epoch 56 Batch 150/461 | Loss=0.034086 | diff=0.0315 | coarse=0.0326 | 26.5s
  Epoch 56 Batch 200/461 | Loss=0.047399 | diff=0.0432 | coarse=0.0523 | 35.3s
  [WARN] skip non-finite grad at epoch 56 batch 219
  Epoch 56 Batch 250/461 | Loss=0.044667 | diff=0.0406 | coarse=0.0503 | 43.9s
  Epoch 56 Batch 300/461 | Loss=0.037105 | diff=0.0336 | coarse=0.0442 | 52.6s
  Epoch 56 Batch 350/461 | Loss=0.039734 | diff=0.0369 | coarse=0.0359 | 61.2s
  Epoch 56 Batch 400/461 | Loss=0.049288 | diff=0.0458 | coarse=0.0441 | 69.9s
  Epoch 56 Batch 450/461 | Loss=0.036282 | diff=0.0332 | coarse=0.0384 | 79.0s
  Epoch 56 Batch 461/461 | Loss=0.012000 | diff=0.0112 | coarse=0.0097 | 80.8s
Epoch 56/120 | Loss=0.036948 | Val RMSE=10.4039 | Val MAE=7.6260 | Val MAPE=32.69% | LR=4.12e-04 | 177.8s
[INFO] start epoch 57/120
  Epoch 57 Batch 50/461 | Loss=0.035029 | diff=0.0323 | coarse=0.0338 | 9.2s
  Epoch 57 Batch 100/461 | Loss=0.038897 | diff=0.0359 | coarse=0.0370 | 18.0s
  Epoch 57 Batch 150/461 | Loss=0.032848 | diff=0.0304 | coarse=0.0311 | 26.8s
  Epoch 57 Batch 200/461 | Loss=0.045419 | diff=0.0420 | coarse=0.0430 | 35.2s
  Epoch 57 Batch 250/461 | Loss=0.047987 | diff=0.0447 | coarse=0.0408 | 43.8s
  Epoch 57 Batch 300/461 | Loss=0.036859 | diff=0.0337 | coarse=0.0401 | 52.3s
  Epoch 57 Batch 350/461 | Loss=0.037972 | diff=0.0349 | coarse=0.0383 | 60.9s
  Epoch 57 Batch 400/461 | Loss=0.044555 | diff=0.0411 | coarse=0.0435 | 69.6s
  Epoch 57 Batch 450/461 | Loss=0.037098 | diff=0.0340 | coarse=0.0392 | 78.3s
  Epoch 57 Batch 461/461 | Loss=0.011161 | diff=0.0104 | coarse=0.0090 | 80.1s
Epoch 57/120 | Loss=0.036282 | Val RMSE=10.3694 | Val MAE=7.5317 | Val MAPE=32.34% | LR=4.02e-04 | 177.1s
[INFO] start epoch 58/120
  Epoch 58 Batch 50/461 | Loss=0.035112 | diff=0.0323 | coarse=0.0353 | 9.1s
  Epoch 58 Batch 100/461 | Loss=0.036360 | diff=0.0334 | coarse=0.0370 | 17.8s
  Epoch 58 Batch 150/461 | Loss=0.033249 | diff=0.0307 | coarse=0.0321 | 26.5s
  Epoch 58 Batch 200/461 | Loss=0.044519 | diff=0.0407 | coarse=0.0476 | 35.1s
  Epoch 58 Batch 250/461 | Loss=0.044426 | diff=0.0410 | coarse=0.0434 | 43.8s
  Epoch 58 Batch 300/461 | Loss=0.035397 | diff=0.0326 | coarse=0.0351 | 52.5s
  Epoch 58 Batch 350/461 | Loss=0.039210 | diff=0.0359 | coarse=0.0410 | 61.1s
  Epoch 58 Batch 400/461 | Loss=0.042090 | diff=0.0387 | coarse=0.0424 | 69.8s
  Epoch 58 Batch 450/461 | Loss=0.033853 | diff=0.0308 | coarse=0.0386 | 78.4s
  Epoch 58 Batch 461/461 | Loss=0.010442 | diff=0.0097 | coarse=0.0095 | 80.3s
Epoch 58/120 | Loss=0.035700 | Val RMSE=10.0299 | Val MAE=7.1458 | Val MAPE=30.65% | LR=3.93e-04 | 179.2s
[INFO] start epoch 59/120
  Epoch 59 Batch 50/461 | Loss=0.034420 | diff=0.0316 | coarse=0.0357 | 9.0s
  Epoch 59 Batch 100/461 | Loss=0.036697 | diff=0.0337 | coarse=0.0373 | 17.7s
  Epoch 59 Batch 150/461 | Loss=0.032620 | diff=0.0301 | coarse=0.0321 | 26.6s
  Epoch 59 Batch 200/461 | Loss=0.043257 | diff=0.0390 | coarse=0.0530 | 35.1s
  Epoch 59 Batch 250/461 | Loss=0.042169 | diff=0.0383 | coarse=0.0486 | 43.8s
  Epoch 59 Batch 300/461 | Loss=0.036285 | diff=0.0335 | coarse=0.0344 | 52.3s
  Epoch 59 Batch 350/461 | Loss=0.038019 | diff=0.0347 | coarse=0.0409 | 60.8s
  Epoch 59 Batch 400/461 | Loss=0.042399 | diff=0.0390 | coarse=0.0427 | 69.7s
  Epoch 59 Batch 450/461 | Loss=0.035405 | diff=0.0322 | coarse=0.0400 | 78.7s
  Epoch 59 Batch 461/461 | Loss=0.010791 | diff=0.0101 | coarse=0.0090 | 80.6s
Epoch 59/120 | Loss=0.035581 | Val RMSE=10.1264 | Val MAE=7.2080 | Val MAPE=30.68% | LR=3.83e-04 | 178.2s
[INFO] start epoch 60/120
  Epoch 60 Batch 50/461 | Loss=0.035558 | diff=0.0324 | coarse=0.0398 | 8.9s
  Epoch 60 Batch 100/461 | Loss=0.036460 | diff=0.0336 | coarse=0.0361 | 17.6s
  Epoch 60 Batch 150/461 | Loss=0.030455 | diff=0.0280 | coarse=0.0303 | 26.5s
  Epoch 60 Batch 200/461 | Loss=0.043407 | diff=0.0394 | coarse=0.0500 | 35.0s
  Epoch 60 Batch 250/461 | Loss=0.042274 | diff=0.0386 | coarse=0.0464 | 43.7s
  Epoch 60 Batch 300/461 | Loss=0.037163 | diff=0.0343 | coarse=0.0361 | 52.4s
  Epoch 60 Batch 350/461 | Loss=0.037148 | diff=0.0337 | coarse=0.0431 | 61.1s
  Epoch 60 Batch 400/461 | Loss=0.042694 | diff=0.0392 | coarse=0.0434 | 69.8s
  Epoch 60 Batch 450/461 | Loss=0.038130 | diff=0.0351 | coarse=0.0376 | 78.5s
  Epoch 60 Batch 461/461 | Loss=0.011158 | diff=0.0104 | coarse=0.0089 | 80.3s
Epoch 60/120 | Loss=0.035396 | Val RMSE=10.3258 | Val MAE=7.3725 | Val MAPE=31.22% | LR=3.74e-04 | 177.1s
[INFO] start epoch 61/120
  [WARN] skip non-finite grad at epoch 61 batch 32
  Epoch 61 Batch 50/461 | Loss=0.037173 | diff=0.0337 | coarse=0.0436 | 9.0s
  Epoch 61 Batch 100/461 | Loss=0.037972 | diff=0.0350 | coarse=0.0372 | 17.7s
  Epoch 61 Batch 150/461 | Loss=0.032764 | diff=0.0305 | coarse=0.0288 | 26.4s
  Epoch 61 Batch 200/461 | Loss=0.040883 | diff=0.0377 | coarse=0.0403 | 35.0s
  Epoch 61 Batch 250/461 | Loss=0.039257 | diff=0.0361 | coarse=0.0393 | 43.6s
  Epoch 61 Batch 300/461 | Loss=0.039435 | diff=0.0365 | coarse=0.0366 | 52.0s
  Epoch 61 Batch 350/461 | Loss=0.035296 | diff=0.0324 | coarse=0.0360 | 60.8s
  Epoch 61 Batch 400/461 | Loss=0.043974 | diff=0.0405 | coarse=0.0439 | 69.4s
  Epoch 61 Batch 450/461 | Loss=0.032446 | diff=0.0298 | coarse=0.0328 | 78.1s
  Epoch 61 Batch 461/461 | Loss=0.011582 | diff=0.0108 | coarse=0.0096 | 79.9s
Epoch 61/120 | Loss=0.035264 | Val RMSE=9.8817 | Val MAE=6.8278 | Val MAPE=28.92% | LR=3.64e-04 | 176.7s
[INFO] start epoch 62/120
  Epoch 62 Batch 50/461 | Loss=0.038016 | diff=0.0350 | coarse=0.0374 | 8.9s
  Epoch 62 Batch 100/461 | Loss=0.036063 | diff=0.0330 | coarse=0.0381 | 17.6s
  Epoch 62 Batch 150/461 | Loss=0.030347 | diff=0.0280 | coarse=0.0288 | 26.2s
  Epoch 62 Batch 200/461 | Loss=0.041435 | diff=0.0383 | coarse=0.0395 | 34.9s
  Epoch 62 Batch 250/461 | Loss=0.040805 | diff=0.0378 | coarse=0.0374 | 43.5s
  Epoch 62 Batch 300/461 | Loss=0.036057 | diff=0.0329 | coarse=0.0389 | 52.2s
  Epoch 62 Batch 350/461 | Loss=0.035731 | diff=0.0329 | coarse=0.0352 | 60.8s
  Epoch 62 Batch 400/461 | Loss=0.041775 | diff=0.0382 | coarse=0.0445 | 69.5s
  Epoch 62 Batch 450/461 | Loss=0.032459 | diff=0.0298 | coarse=0.0338 | 78.1s
  Epoch 62 Batch 461/461 | Loss=0.012125 | diff=0.0114 | coarse=0.0094 | 80.0s
Epoch 62/120 | Loss=0.034867 | Val RMSE=9.7678 | Val MAE=6.7230 | Val MAPE=28.40% | LR=3.55e-04 | 178.7s
[INFO] start epoch 63/120
  Epoch 63 Batch 50/461 | Loss=0.034267 | diff=0.0314 | coarse=0.0356 | 9.0s
  Epoch 63 Batch 100/461 | Loss=0.037528 | diff=0.0340 | coarse=0.0436 | 17.9s
  Epoch 63 Batch 150/461 | Loss=0.031983 | diff=0.0295 | coarse=0.0311 | 26.7s
  Epoch 63 Batch 200/461 | Loss=0.039379 | diff=0.0362 | coarse=0.0399 | 35.0s
  Epoch 63 Batch 250/461 | Loss=0.043616 | diff=0.0405 | coarse=0.0385 | 43.5s
  Epoch 63 Batch 300/461 | Loss=0.033808 | diff=0.0304 | coarse=0.0424 | 51.8s
  Epoch 63 Batch 350/461 | Loss=0.035990 | diff=0.0332 | coarse=0.0350 | 60.3s
  Epoch 63 Batch 400/461 | Loss=0.041539 | diff=0.0379 | coarse=0.0452 | 68.6s
  Epoch 63 Batch 450/461 | Loss=0.032520 | diff=0.0298 | coarse=0.0337 | 77.1s
  Epoch 63 Batch 461/461 | Loss=0.009860 | diff=0.0092 | coarse=0.0083 | 79.0s
Epoch 63/120 | Loss=0.034839 | Val RMSE=9.8739 | Val MAE=6.9060 | Val MAPE=29.37% | LR=3.45e-04 | 175.4s
[INFO] start epoch 64/120
  Epoch 64 Batch 50/461 | Loss=0.036557 | diff=0.0338 | coarse=0.0342 | 8.9s
  Epoch 64 Batch 100/461 | Loss=0.037044 | diff=0.0332 | coarse=0.0484 | 17.3s
  Epoch 64 Batch 150/461 | Loss=0.030180 | diff=0.0279 | coarse=0.0290 | 25.9s
  Epoch 64 Batch 200/461 | Loss=0.040075 | diff=0.0365 | coarse=0.0442 | 34.4s
  Epoch 64 Batch 250/461 | Loss=0.037676 | diff=0.0348 | coarse=0.0362 | 43.1s
  Epoch 64 Batch 300/461 | Loss=0.033359 | diff=0.0303 | coarse=0.0377 | 51.7s
  Epoch 64 Batch 350/461 | Loss=0.034082 | diff=0.0313 | coarse=0.0348 | 60.4s
  Epoch 64 Batch 400/461 | Loss=0.042014 | diff=0.0381 | coarse=0.0491 | 69.0s
  Epoch 64 Batch 450/461 | Loss=0.033952 | diff=0.0313 | coarse=0.0328 | 77.7s
  Epoch 64 Batch 461/461 | Loss=0.010178 | diff=0.0095 | coarse=0.0085 | 79.5s
Epoch 64/120 | Loss=0.034294 | Val RMSE=9.7651 | Val MAE=6.7696 | Val MAPE=28.93% | LR=3.36e-04 | 175.9s
[INFO] start epoch 65/120
  Epoch 65 Batch 50/461 | Loss=0.036159 | diff=0.0334 | coarse=0.0345 | 8.9s
  Epoch 65 Batch 100/461 | Loss=0.036362 | diff=0.0330 | coarse=0.0425 | 17.6s
  Epoch 65 Batch 150/461 | Loss=0.030921 | diff=0.0285 | coarse=0.0305 | 26.3s
  Epoch 65 Batch 200/461 | Loss=0.042446 | diff=0.0387 | coarse=0.0463 | 35.0s
  Epoch 65 Batch 250/461 | Loss=0.036947 | diff=0.0341 | coarse=0.0357 | 43.6s
  [WARN] skip non-finite grad at epoch 65 batch 283
  Epoch 65 Batch 300/461 | Loss=0.033980 | diff=0.0313 | coarse=0.0336 | 52.6s
  Epoch 65 Batch 350/461 | Loss=0.033873 | diff=0.0310 | coarse=0.0356 | 61.5s
  Epoch 65 Batch 400/461 | Loss=0.042755 | diff=0.0391 | coarse=0.0463 | 70.4s
  Epoch 65 Batch 450/461 | Loss=0.032000 | diff=0.0295 | coarse=0.0308 | 79.1s
  Epoch 65 Batch 461/461 | Loss=0.009845 | diff=0.0092 | coarse=0.0087 | 80.9s
Epoch 65/120 | Loss=0.033850 | Val RMSE=9.7026 | Val MAE=6.6483 | Val MAPE=28.40% | LR=3.26e-04 | 177.9s
[INFO] start epoch 66/120
  Epoch 66 Batch 50/461 | Loss=0.033672 | diff=0.0308 | coarse=0.0355 | 8.8s
  Epoch 66 Batch 100/461 | Loss=0.037640 | diff=0.0348 | coarse=0.0355 | 17.4s
  Epoch 66 Batch 150/461 | Loss=0.031464 | diff=0.0289 | coarse=0.0316 | 26.2s
  Epoch 66 Batch 200/461 | Loss=0.041592 | diff=0.0382 | coarse=0.0422 | 35.1s
  Epoch 66 Batch 250/461 | Loss=0.038098 | diff=0.0352 | coarse=0.0357 | 44.2s
  Epoch 66 Batch 300/461 | Loss=0.039071 | diff=0.0365 | coarse=0.0324 | 52.9s
  Epoch 66 Batch 350/461 | Loss=0.034841 | diff=0.0319 | coarse=0.0361 | 61.8s
  Epoch 66 Batch 400/461 | Loss=0.042258 | diff=0.0388 | coarse=0.0430 | 70.6s
  Epoch 66 Batch 450/461 | Loss=0.031753 | diff=0.0291 | coarse=0.0335 | 79.2s
  Epoch 66 Batch 461/461 | Loss=0.009916 | diff=0.0093 | coarse=0.0081 | 81.1s
Epoch 66/120 | Loss=0.034154 | Val RMSE=9.8997 | Val MAE=6.9079 | Val MAPE=29.46% | LR=3.17e-04 | 182.8s
[INFO] start epoch 67/120
  Epoch 67 Batch 50/461 | Loss=0.033536 | diff=0.0304 | coarse=0.0394 | 8.9s
  Epoch 67 Batch 100/461 | Loss=0.036618 | diff=0.0336 | coarse=0.0377 | 17.9s
  Epoch 67 Batch 150/461 | Loss=0.030971 | diff=0.0284 | coarse=0.0323 | 26.7s
  Epoch 67 Batch 200/461 | Loss=0.039839 | diff=0.0366 | coarse=0.0406 | 35.2s
  Epoch 67 Batch 250/461 | Loss=0.037035 | diff=0.0342 | coarse=0.0354 | 43.7s
  Epoch 67 Batch 300/461 | Loss=0.035919 | diff=0.0332 | coarse=0.0341 | 52.0s
  Epoch 67 Batch 350/461 | Loss=0.033501 | diff=0.0307 | coarse=0.0356 | 60.4s
  Epoch 67 Batch 400/461 | Loss=0.044149 | diff=0.0409 | coarse=0.0402 | 68.8s
  Epoch 67 Batch 450/461 | Loss=0.031984 | diff=0.0296 | coarse=0.0303 | 77.3s
  Epoch 67 Batch 461/461 | Loss=0.010154 | diff=0.0095 | coarse=0.0086 | 79.0s
Epoch 67/120 | Loss=0.033786 | Val RMSE=9.9682 | Val MAE=7.0417 | Val MAPE=30.15% | LR=3.07e-04 | 176.8s
[INFO] start epoch 68/120
  Epoch 68 Batch 50/461 | Loss=0.033302 | diff=0.0298 | coarse=0.0441 | 8.9s
  Epoch 68 Batch 100/461 | Loss=0.041748 | diff=0.0382 | coarse=0.0447 | 17.6s
  Epoch 68 Batch 150/461 | Loss=0.032181 | diff=0.0298 | coarse=0.0291 | 26.5s
  Epoch 68 Batch 200/461 | Loss=0.038371 | diff=0.0353 | coarse=0.0382 | 35.1s
  Epoch 68 Batch 250/461 | Loss=0.036188 | diff=0.0334 | coarse=0.0350 | 43.7s
  Epoch 68 Batch 300/461 | Loss=0.033974 | diff=0.0312 | coarse=0.0346 | 52.3s
  Epoch 68 Batch 350/461 | Loss=0.033708 | diff=0.0306 | coarse=0.0385 | 61.0s
  Epoch 68 Batch 400/461 | Loss=0.041264 | diff=0.0381 | coarse=0.0401 | 69.8s
  Epoch 68 Batch 450/461 | Loss=0.031516 | diff=0.0291 | coarse=0.0303 | 78.5s
  Epoch 68 Batch 461/461 | Loss=0.010258 | diff=0.0095 | coarse=0.0099 | 80.4s
Epoch 68/120 | Loss=0.033047 | Val RMSE=9.8967 | Val MAE=6.9320 | Val MAPE=29.54% | LR=2.98e-04 | 176.9s
[INFO] start epoch 69/120
  Epoch 69 Batch 50/461 | Loss=0.035253 | diff=0.0324 | coarse=0.0355 | 9.3s
  Epoch 69 Batch 100/461 | Loss=0.037805 | diff=0.0344 | coarse=0.0430 | 18.0s
  Epoch 69 Batch 150/461 | Loss=0.030236 | diff=0.0279 | coarse=0.0289 | 26.6s
  Epoch 69 Batch 200/461 | Loss=0.037468 | diff=0.0345 | coarse=0.0375 | 35.1s
  Epoch 69 Batch 250/461 | Loss=0.037447 | diff=0.0347 | coarse=0.0340 | 43.7s
  Epoch 69 Batch 300/461 | Loss=0.031868 | diff=0.0293 | coarse=0.0323 | 52.2s
  Epoch 69 Batch 350/461 | Loss=0.032624 | diff=0.0297 | coarse=0.0371 | 60.8s
  Epoch 69 Batch 400/461 | Loss=0.038446 | diff=0.0353 | coarse=0.0391 | 69.3s
  Epoch 69 Batch 450/461 | Loss=0.030695 | diff=0.0282 | coarse=0.0306 | 77.9s
  Epoch 69 Batch 461/461 | Loss=0.010542 | diff=0.0098 | coarse=0.0094 | 79.8s
Epoch 69/120 | Loss=0.032202 | Val RMSE=9.7458 | Val MAE=6.7306 | Val MAPE=28.77% | LR=2.88e-04 | 177.2s
[EARLY STOP] patience=15, best_val_rmse=9.7028 at epoch 54
[INFO] PE-DiffWaveNet noleak training finished
{
  "split_mode": "noleak",
  "model_name": "PE-DiffWaveNet",
  "best_epoch": 54,
  "best_valid_rmse": 9.702833297610375,
  "best_valid_mae": 6.802400055143945,
  "best_valid_mape": 28.850883413380874,
  "test_rmse": 9.052884662850769,
  "test_mae": 6.3245811517548995,
  "test_mape": 26.51345153403668,
  "relative_rmse": 2.208020649475797,
  "relative_mae": 1.5425807687207072,
  "train_scale_max": 410.0,
  "world_size": 1,
  "eval_inference_steps": 50,
  "eval_num_samples": 3,
  "eval_t_start_ratio": 0.25,
  "use_diffusion": 1,
  "use_pe_graph": 0,
  "use_pe_film": 1,
  "pe_source": "train",
  "pe_graph_alpha": 1.0,
  "pe_film_scale": 1.0,
  "pe_film_zero_init": 0,
  "normalize_pe_features": 1,
  "pe_shuffle_seed": -1,
  "pe_adaptive_loss": 0,
  "pe_loss_weight": 0.15,
  "pe_loss_start_step": 4,
  "pe_loss_normalize": 1,
  "per_step_rmse": [
    6.962668567370911,
    9.040502602189047,
    10.754288506330587
  ],
  "per_step_mae": [
    5.025709167208621,
    6.336128082800361,
    7.611906205255718
  ],
  "step4_6_rmse_avg": null,
  "peak_mode": "percentile",
  "peak_threshold": 64.99999910593033,
  "peak_count": 20819,
  "peak_ratio": 0.11135537013264869,
  "rmse_peak": 9.443268062256983,
  "mae_peak": 5.928326796908852
}
  Peak_mode      : percentile
  Peak_threshold : 65.00 μg/m³
  Peak_count     : 20819
  Peak_ratio     : 11.14%
  RMSE_peak      : 9.4433
  MAE_peak       : 5.9283
Per-step metrics:
  Step        RMSE         MAE
     1      6.9627      5.0257
     2      9.0405      6.3361
     3     10.7543      7.6119
[INFO] outputs: /mnt/d/时空数据/臭氧预测资料/matrix_N95_PEDiffWaveNet_noleak_g3_pedw_no_pe_graph_p3_l12_s42
[INFO] weights: /mnt/d/时空数据/臭氧预测资料/weights_N95/weights_pediffwavenet_noleak_g3_pedw_no_pe_graph_p3_l12_s42