{'PATH_MOD': '/mnt/d/时空数据/白文豪/week1/DiffSTG/output/model/', 'PATH_LOG': '/mnt/d/时空数据/白文豪/week1/DiffSTG/output/log/', 'PATH_FORECAST': '/mnt/d/时空数据/白文豪/week1/DiffSTG/output/forecast/', 'data': {'name': 'AIR_N95_PM10', 'path': '/mnt/d/时空数据/白文豪/week1/DiffSTG/data/dataset/', 'feature_file': '/mnt/d/时空数据/白文豪/week1/DiffSTG/data/dataset/AIR_N95_PM10/flow.npy', 'spatial': '/mnt/d/时空数据/白文豪/week1/DiffSTG/data/dataset/AIR_N95_PM10/adj.npy', 'num_recent': 1, 'num_features': 1, 'num_vertices': 95, 'points_per_hour': 1, 'val_start_idx': 7378, 'test_start_idx': 8047}, 'gpu_id': None, 'model': {'T_p': 6, 'T_h': 24, 'V': 95, 'F': 1, 'week_len': 7, 'day_len': 24, 'device': device(type='cuda'), 'd_h': 32, 'N': 200, 'sample_steps': 200, 'epsilon_theta': 'UGnet', 'is_label_condition': True, 'beta_end': 0.1, 'beta_schedule': 'quad', 'sample_strategy': 'ddpm', 'channel_multipliers': [1, 2], 'supports_len': 2, 'C': 32, 'n_channels': 32}, 'n_samples': 8, 'model_name': 'DiffSTG', 'is_test': False, 'epoch': 300, 'optimizer': 'adam', 'lr': 0.0001, 'batch_size': 32, 'wd': 1e-05, 'early_stop': 10, 'start_epoch': 0, 'device': device(type='cuda'), 'logger': <utils.common_utils.Logger object at 0x78893439dd90>, 'mask_ratio': 0.0, 'T_h': 24, 'T_p': 6, 'trial_name': 'UGnet+32+200+quad+0.1+200+ddpm+24+6+8+AIR_N95_PM10+0.0001+32+42+0.0+300+10+0.001+/mnt/d/时空数据/白文豪/week2/DiffSTG/output', 'log_path': '/mnt/d/时空数据/白文豪/week1/DiffSTG/output/log//UGnet+32+200+quad+0.1+200+ddpm+24+6+8+AIR_N95_PM10+0.0001+32+42+0.0+300+10+0.001+/mnt/d/时空数据/白文豪/week2/DiffSTG/output.log'}
model path:/mnt/d/时空数据/白文豪/week1/DiffSTG/output/model/UGnet+32+200+quad+0.1+200+ddpm+24+6+8+AIR_N95_PM10+0.0001+32+42+0.0+300+10+0.001+/mnt/d/时空数据/白文豪/week2/DiffSTG/outputN-200+T_h-24+T_p-6+epsilon_theta-UGnet.dm4stg
DiffSTG(
  (eps_model): UGnet(
    (down): ModuleList(
      (0-1): 2 x DownBlock(
        (res): ResidualBlock(
          (tcn1): TcnBlock(
            (conv): Conv2d(32, 32, kernel_size=(3, 3), stride=(1, 1), padding=(1, 2))
            (chomp): Chomp()
            (drop): Dropout(p=0.0, inplace=False)
            (net): Sequential(
              (0): Conv2d(32, 32, kernel_size=(3, 3), stride=(1, 1), padding=(1, 2))
              (1): Chomp()
              (2): Dropout(p=0.0, inplace=False)
            )
          )
          (tcn2): TcnBlock(
            (conv): Conv2d(32, 32, kernel_size=(3, 3), stride=(1, 1), padding=(1, 2))
            (chomp): Chomp()
            (drop): Dropout(p=0.0, inplace=False)
            (net): Sequential(
              (0): Conv2d(32, 32, kernel_size=(3, 3), stride=(1, 1), padding=(1, 2))
              (1): Chomp()
              (2): Dropout(p=0.0, inplace=False)
            )
          )
          (shortcut): Identity()
          (t_conv): Conv2d(32, 32, kernel_size=(1, 1), stride=(1, 1))
          (spatial): SpatialBlock()
          (norm): LayerNorm((95, 32), eps=1e-05, elementwise_affine=True)
        )
      )
      (2): Downsample(
        (conv): Conv2d(32, 32, kernel_size=(1, 3), stride=(1, 2), padding=(0, 1))
      )
      (3): DownBlock(
        (res): ResidualBlock(
          (tcn1): TcnBlock(
            (conv): Conv2d(32, 64, kernel_size=(3, 3), stride=(1, 1), padding=(1, 2))
            (chomp): Chomp()
            (drop): Dropout(p=0.0, inplace=False)
            (net): Sequential(
              (0): Conv2d(32, 64, kernel_size=(3, 3), stride=(1, 1), padding=(1, 2))
              (1): Chomp()
              (2): Dropout(p=0.0, inplace=False)
            )
            (shortcut): Conv2d(32, 64, kernel_size=(1, 1), stride=(1, 1))
          )
          (tcn2): TcnBlock(
            (conv): Conv2d(64, 64, kernel_size=(3, 3), stride=(1, 1), padding=(1, 2))
            (chomp): Chomp()
            (drop): Dropout(p=0.0, inplace=False)
            (net): Sequential(
              (0): Conv2d(64, 64, kernel_size=(3, 3), stride=(1, 1), padding=(1, 2))
              (1): Chomp()
              (2): Dropout(p=0.0, inplace=False)
            )
          )
          (shortcut): Conv2d(32, 64, kernel_size=(1, 1), stride=(1, 1))
          (t_conv): Conv2d(32, 64, kernel_size=(1, 1), stride=(1, 1))
          (spatial): SpatialBlock()
          (norm): LayerNorm((95, 64), eps=1e-05, elementwise_affine=True)
        )
      )
      (4): DownBlock(
        (res): ResidualBlock(
          (tcn1): TcnBlock(
            (conv): Conv2d(64, 64, kernel_size=(3, 3), stride=(1, 1), padding=(1, 2))
            (chomp): Chomp()
            (drop): Dropout(p=0.0, inplace=False)
            (net): Sequential(
              (0): Conv2d(64, 64, kernel_size=(3, 3), stride=(1, 1), padding=(1, 2))
              (1): Chomp()
              (2): Dropout(p=0.0, inplace=False)
            )
          )
          (tcn2): TcnBlock(
            (conv): Conv2d(64, 64, kernel_size=(3, 3), stride=(1, 1), padding=(1, 2))
            (chomp): Chomp()
            (drop): Dropout(p=0.0, inplace=False)
            (net): Sequential(
              (0): Conv2d(64, 64, kernel_size=(3, 3), stride=(1, 1), padding=(1, 2))
              (1): Chomp()
              (2): Dropout(p=0.0, inplace=False)
            )
          )
          (shortcut): Identity()
          (t_conv): Conv2d(32, 64, kernel_size=(1, 1), stride=(1, 1))
          (spatial): SpatialBlock()
          (norm): LayerNorm((95, 64), eps=1e-05, elementwise_affine=True)
        )
      )
    )
    (middle): MiddleBlock(
      (res1): ResidualBlock(
        (tcn1): TcnBlock(
          (conv): Conv2d(64, 64, kernel_size=(3, 3), stride=(1, 1), padding=(1, 2))
          (chomp): Chomp()
          (drop): Dropout(p=0.0, inplace=False)
          (net): Sequential(
            (0): Conv2d(64, 64, kernel_size=(3, 3), stride=(1, 1), padding=(1, 2))
            (1): Chomp()
            (2): Dropout(p=0.0, inplace=False)
          )
        )
        (tcn2): TcnBlock(
          (conv): Conv2d(64, 64, kernel_size=(3, 3), stride=(1, 1), padding=(1, 2))
          (chomp): Chomp()
          (drop): Dropout(p=0.0, inplace=False)
          (net): Sequential(
            (0): Conv2d(64, 64, kernel_size=(3, 3), stride=(1, 1), padding=(1, 2))
            (1): Chomp()
            (2): Dropout(p=0.0, inplace=False)
          )
        )
        (shortcut): Identity()
        (t_conv): Conv2d(32, 64, kernel_size=(1, 1), stride=(1, 1))
        (spatial): SpatialBlock()
        (norm): LayerNorm((95, 64), eps=1e-05, elementwise_affine=True)
      )
      (res2): ResidualBlock(
        (tcn1): TcnBlock(
          (conv): Conv2d(64, 64, kernel_size=(3, 3), stride=(1, 1), padding=(1, 2))
          (chomp): Chomp()
          (drop): Dropout(p=0.0, inplace=False)
          (net): Sequential(
            (0): Conv2d(64, 64, kernel_size=(3, 3), stride=(1, 1), padding=(1, 2))
            (1): Chomp()
            (2): Dropout(p=0.0, inplace=False)
          )
        )
        (tcn2): TcnBlock(
          (conv): Conv2d(64, 64, kernel_size=(3, 3), stride=(1, 1), padding=(1, 2))
          (chomp): Chomp()
          (drop): Dropout(p=0.0, inplace=False)
          (net): Sequential(
            (0): Conv2d(64, 64, kernel_size=(3, 3), stride=(1, 1), padding=(1, 2))
            (1): Chomp()
            (2): Dropout(p=0.0, inplace=False)
          )
        )
        (shortcut): Identity()
        (t_conv): Conv2d(32, 64, kernel_size=(1, 1), stride=(1, 1))
        (spatial): SpatialBlock()
        (norm): LayerNorm((95, 64), eps=1e-05, elementwise_affine=True)
      )
    )
    (up): ModuleList(
      (0-1): 2 x UpBlock(
        (res): ResidualBlock(
          (tcn1): TcnBlock(
            (conv): Conv2d(128, 64, kernel_size=(3, 3), stride=(1, 1), padding=(1, 2))
            (chomp): Chomp()
            (drop): Dropout(p=0.0, inplace=False)
            (net): Sequential(
              (0): Conv2d(128, 64, kernel_size=(3, 3), stride=(1, 1), padding=(1, 2))
              (1): Chomp()
              (2): Dropout(p=0.0, inplace=False)
            )
            (shortcut): Conv2d(128, 64, kernel_size=(1, 1), stride=(1, 1))
          )
          (tcn2): TcnBlock(
            (conv): Conv2d(64, 64, kernel_size=(3, 3), stride=(1, 1), padding=(1, 2))
            (chomp): Chomp()
            (drop): Dropout(p=0.0, inplace=False)
            (net): Sequential(
              (0): Conv2d(64, 64, kernel_size=(3, 3), stride=(1, 1), padding=(1, 2))
              (1): Chomp()
              (2): Dropout(p=0.0, inplace=False)
            )
          )
          (shortcut): Conv2d(128, 64, kernel_size=(1, 1), stride=(1, 1))
          (t_conv): Conv2d(32, 64, kernel_size=(1, 1), stride=(1, 1))
          (spatial): SpatialBlock()
          (norm): LayerNorm((95, 64), eps=1e-05, elementwise_affine=True)
        )
      )
      (2): UpBlock(
        (res): ResidualBlock(
          (tcn1): TcnBlock(
            (conv): Conv2d(96, 32, kernel_size=(3, 3), stride=(1, 1), padding=(1, 2))
            (chomp): Chomp()
            (drop): Dropout(p=0.0, inplace=False)
            (net): Sequential(
              (0): Conv2d(96, 32, kernel_size=(3, 3), stride=(1, 1), padding=(1, 2))
              (1): Chomp()
              (2): Dropout(p=0.0, inplace=False)
            )
            (shortcut): Conv2d(96, 32, kernel_size=(1, 1), stride=(1, 1))
          )
          (tcn2): TcnBlock(
            (conv): Conv2d(32, 32, kernel_size=(3, 3), stride=(1, 1), padding=(1, 2))
            (chomp): Chomp()
            (drop): Dropout(p=0.0, inplace=False)
            (net): Sequential(
              (0): Conv2d(32, 32, kernel_size=(3, 3), stride=(1, 1), padding=(1, 2))
              (1): Chomp()
              (2): Dropout(p=0.0, inplace=False)
            )
          )
          (shortcut): Conv2d(96, 32, kernel_size=(1, 1), stride=(1, 1))
          (t_conv): Conv2d(32, 32, kernel_size=(1, 1), stride=(1, 1))
          (spatial): SpatialBlock()
          (norm): LayerNorm((95, 32), eps=1e-05, elementwise_affine=True)
        )
      )
      (3): Upsample(
        (conv): ConvTranspose2d(32, 32, kernel_size=(1, 4), stride=(1, 2), padding=(0, 1))
      )
      (4-6): 3 x UpBlock(
        (res): ResidualBlock(
          (tcn1): TcnBlock(
            (conv): Conv2d(64, 32, kernel_size=(3, 3), stride=(1, 1), padding=(1, 2))
            (chomp): Chomp()
            (drop): Dropout(p=0.0, inplace=False)
            (net): Sequential(
              (0): Conv2d(64, 32, kernel_size=(3, 3), stride=(1, 1), padding=(1, 2))
              (1): Chomp()
              (2): Dropout(p=0.0, inplace=False)
            )
            (shortcut): Conv2d(64, 32, kernel_size=(1, 1), stride=(1, 1))
          )
          (tcn2): TcnBlock(
            (conv): Conv2d(32, 32, kernel_size=(3, 3), stride=(1, 1), padding=(1, 2))
            (chomp): Chomp()
            (drop): Dropout(p=0.0, inplace=False)
            (net): Sequential(
              (0): Conv2d(32, 32, kernel_size=(3, 3), stride=(1, 1), padding=(1, 2))
              (1): Chomp()
              (2): Dropout(p=0.0, inplace=False)
            )
          )
          (shortcut): Conv2d(64, 32, kernel_size=(1, 1), stride=(1, 1))
          (t_conv): Conv2d(32, 32, kernel_size=(1, 1), stride=(1, 1))
          (spatial): SpatialBlock()
          (norm): LayerNorm((95, 32), eps=1e-05, elementwise_affine=True)
        )
      )
    )
    (x_proj): Conv2d(1, 32, kernel_size=(1, 1), stride=(1, 1))
    (out): Sequential(
      (0): Conv2d(32, 1, kernel_size=(1, 1), stride=(1, 1))
      (1): Linear(in_features=60, out_features=30, bias=True)
    )
  )
)Num_of_parameters:911047
      |---Train--- |---Val Future-- -|-----Val History----|
Epoch | Loss  Time | MAE     RMSE    |  MAE    RMSE   Time|
   1.0| 8.720 56.9s |[0.2527 0.4445 ] | 0.2932 0.5006 368.88s
   2.0| 4.134 57.9s |[0.0838 0.1391 ] | 0.0699 0.1177 375.20s
   3.0| 2.555 57.9s |[0.0500 0.0740 ] | 0.0282 0.0422 377.91s
   4.0| 2.086 56.8s |[0.0334 0.0485 ] | 0.0203 0.0293 374.87s
   5.0| 1.858 56.7s |[0.0219 0.0308 ] | 0.0149 0.0203 379.19s
   6.0| 1.682 56.7s | 0.0407 0.0556  | 0.0143 0.0200 371.49s
   7.0| 1.548 58.9s | 0.0324 0.0456  | 0.0126 0.0170 379.62s
   8.0| 1.452 58.4s | 0.0274 0.0391  | 0.0086 0.0115 377.06s
   9.0| 1.379 62.8s |[0.0176 0.0256 ] | 0.0093 0.0116 373.75s
  10.0| 1.317 58.9s |[0.0166 0.0239 ] | 0.0073 0.0094 369.28s
  11.0| 1.262 56.0s | 0.0266 0.0348  | 0.0084 0.0112 365.83s
  12.0| 1.215 55.5s |[0.0148 0.0208 ] | 0.0042 0.0056 370.32s
  13.0| 1.173 56.4s | 0.0150 0.0209  | 0.0053 0.0070 371.60s
  14.0| 1.137 60.4s | 0.0178 0.0236  | 0.0040 0.0054 392.95s
  15.0| 1.102 60.2s | 0.0155 0.0213  | 0.0060 0.0077 391.18s
  16.0| 1.074 59.7s |[0.0141 0.0196 ] | 0.0048 0.0062 392.51s
  17.0| 1.047 59.2s |[0.0135 0.0190 ] | 0.0043 0.0056 443.00s
  18.0| 1.021 73.0s |[0.0134 0.0189 ] | 0.0041 0.0054 387.30s
  19.0| 0.998 58.1s | 0.0134 0.0189  | 0.0041 0.0054 378.03s
  20.0| 0.975 57.8s |[0.0133 0.0187 ] | 0.0035 0.0047 374.84s
  21.0| 0.956 57.8s | 0.0136 0.0191  | 0.0044 0.0056 378.41s
  22.0| 0.936 57.8s | 0.0138 0.0193  | 0.0043 0.0056 375.89s
  23.0| 0.918 57.9s | 0.0139 0.0193  | 0.0048 0.0061 374.70s
  24.0| 0.901 57.8s |[0.0130 0.0183 ] | 0.0026 0.0035 374.26s
  25.0| 0.885 57.8s |[0.0128 0.0181 ] | 0.0028 0.0038 373.24s
  26.0| 0.869 57.8s |[0.0128 0.0181 ] | 0.0023 0.0032 374.69s
  27.0| 0.854 57.8s |[0.0128 0.0180 ] | 0.0026 0.0035 374.74s
 |[0.0140 0.0400 ] | 0.0016 0.0025 1167.05s
