[INFO] PE-DiffWaveNet noleak training
[INFO] device=cuda, world_size=1
[INFO] output_dir=/mnt/d/时空数据/臭氧预测资料/matrix_N95_PEDiffWaveNet_noleak_g3_pedw_no_pe_graph_p3_l24_s42
[INFO] clean_room=1, pe_source=train, use_pe_graph=0, use_pe_film=1, use_diffusion=1, pe_graph_alpha=1.0, pe_film_scale=1.0, pe_film_zero_init=0, pe_shuffle_seed=-1, pe_adaptive_loss=0, pe_loss_weight=0.15
[INFO] loading meteorological data...
[INFO] loading met cache: /mnt/d/时空数据/臭氧预测资料/matrix_N95/met_raw_aligned_cache.npz
[INFO] trainX=(7352, 24, 95, 15), trainY=(7352, 3, 95)
[INFO] validX=(643, 24, 95, 15), validY=(643, 3, 95)
[INFO] testX=(644, 24, 95, 15), testY=(644, 3, 95)
[INFO] train-only PE time range: {'start_idx': 0, 'end_idx': 7377, 'start_time': '2022-01-01 00:00:00', 'end_time': '2022-11-05 23:00:00', 'length': 7378}
[INFO] building PE features: nodes=95, scales=[6, 9, 12, 24, 48, 72], step=1
[INFO] PE feature progress: 20/95
[INFO] PE feature progress: 40/95
[INFO] PE feature progress: 60/95
[INFO] PE feature progress: 80/95
[INFO] PE feature progress: 95/95
[INFO] building PE features: nodes=95, scales=[6, 9, 12, 24, 48, 72], step=1
[INFO] PE feature progress: 20/95
[INFO] PE feature progress: 40/95
[INFO] PE feature progress: 60/95
[INFO] PE feature progress: 80/95
[INFO] PE feature progress: 95/95
[INFO] graph nnz: S=691, T=1570, PE=0
[INFO] train batches/epoch=460, effective_batch=16
[INFO] model_params=621392
[INFO] start epoch 1/120
  [WARN] skip non-finite grad at epoch 1 batch 1
  [WARN] skip non-finite grad at epoch 1 batch 2
  [WARN] skip non-finite grad at epoch 1 batch 3
  Epoch 1 Batch 50/460 | Loss=1.654260 | diff=1.5072 | coarse=1.8379 | 12.7s
  Epoch 1 Batch 100/460 | Loss=0.423654 | diff=0.3944 | coarse=0.3653 | 22.1s
  Epoch 1 Batch 150/460 | Loss=0.117243 | diff=0.1050 | coarse=0.1525 | 31.5s
  Epoch 1 Batch 200/460 | Loss=0.119102 | diff=0.1078 | coarse=0.1412 | 40.8s
  Epoch 1 Batch 250/460 | Loss=0.139578 | diff=0.1280 | coarse=0.1446 | 50.1s
  Epoch 1 Batch 300/460 | Loss=0.198013 | diff=0.1866 | coarse=0.1428 | 59.4s
  Epoch 1 Batch 350/460 | Loss=0.088753 | diff=0.0814 | coarse=0.0913 | 68.8s
  Epoch 1 Batch 400/460 | Loss=0.104959 | diff=0.0950 | coarse=0.1239 | 78.2s
  Epoch 1 Batch 450/460 | Loss=0.091565 | diff=0.0842 | coarse=0.0922 | 87.8s
  Epoch 1 Batch 460/460 | Loss=0.043185 | diff=0.0396 | coarse=0.0449 | 89.7s
Epoch 1/120 | Loss=0.559420 | Val RMSE=118.9530 | Val MAE=115.6035 | Val MAPE=528.49% | LR=2.80e-04 | 196.2s
  [BEST] epoch=1, val_rmse=118.9530
[INFO] start epoch 2/120
  Epoch 2 Batch 50/460 | Loss=0.094969 | diff=0.0875 | coarse=0.0938 | 9.7s
  Epoch 2 Batch 100/460 | Loss=0.094202 | diff=0.0871 | coarse=0.0890 | 19.3s
  Epoch 2 Batch 150/460 | Loss=0.067534 | diff=0.0621 | coarse=0.0675 | 29.1s
  Epoch 2 Batch 200/460 | Loss=0.165888 | diff=0.1531 | coarse=0.1604 | 38.8s
  Epoch 2 Batch 250/460 | Loss=0.255851 | diff=0.2358 | coarse=0.2504 | 48.6s
  Epoch 2 Batch 300/460 | Loss=0.089247 | diff=0.0835 | coarse=0.0718 | 58.6s
  Epoch 2 Batch 350/460 | Loss=0.105942 | diff=0.0968 | coarse=0.1140 | 68.6s
  Epoch 2 Batch 400/460 | Loss=0.148669 | diff=0.1337 | coarse=0.1869 | 78.2s
  Epoch 2 Batch 450/460 | Loss=0.087731 | diff=0.0829 | coarse=0.0609 | 88.0s
  Epoch 2 Batch 460/460 | Loss=0.062011 | diff=0.0590 | coarse=0.0374 | 89.8s
Epoch 2/120 | Loss=0.117196 | Val RMSE=93.0938 | Val MAE=90.3224 | Val MAPE=415.61% | LR=4.20e-04 | 196.3s
  [BEST] epoch=2, val_rmse=93.0938
[INFO] start epoch 3/120
  Epoch 3 Batch 50/460 | Loss=0.083909 | diff=0.0778 | coarse=0.0760 | 11.3s
  Epoch 3 Batch 100/460 | Loss=0.089562 | diff=0.0828 | coarse=0.0846 | 22.4s
  Epoch 3 Batch 150/460 | Loss=0.061398 | diff=0.0566 | coarse=0.0604 | 33.8s
  Epoch 3 Batch 200/460 | Loss=0.164403 | diff=0.1526 | coarse=0.1481 | 45.0s
  Epoch 3 Batch 250/460 | Loss=0.251953 | diff=0.2354 | coarse=0.2067 | 55.3s
  Epoch 3 Batch 300/460 | Loss=0.081590 | diff=0.0762 | coarse=0.0677 | 65.6s
  Epoch 3 Batch 350/460 | Loss=0.091931 | diff=0.0835 | coarse=0.1051 | 75.9s
  Epoch 3 Batch 400/460 | Loss=0.144771 | diff=0.1320 | coarse=0.1602 | 86.7s
  Epoch 3 Batch 450/460 | Loss=0.073719 | diff=0.0691 | coarse=0.0574 | 97.8s
  Epoch 3 Batch 460/460 | Loss=0.060680 | diff=0.0578 | coarse=0.0360 | 99.8s
Epoch 3/120 | Loss=0.106865 | Val RMSE=76.1344 | Val MAE=73.9917 | Val MAPE=340.68% | LR=5.60e-04 | 209.3s
  [BEST] epoch=3, val_rmse=76.1344
[INFO] start epoch 4/120
  Epoch 4 Batch 50/460 | Loss=0.072977 | diff=0.0674 | coarse=0.0692 | 9.8s
  Epoch 4 Batch 100/460 | Loss=0.084927 | diff=0.0786 | coarse=0.0788 | 19.5s
  Epoch 4 Batch 150/460 | Loss=0.062898 | diff=0.0579 | coarse=0.0621 | 29.5s
  Epoch 4 Batch 200/460 | Loss=0.167254 | diff=0.1547 | coarse=0.1563 | 40.2s
  Epoch 4 Batch 250/460 | Loss=0.247851 | diff=0.2340 | coarse=0.1727 | 50.9s
  Epoch 4 Batch 300/460 | Loss=0.081453 | diff=0.0764 | coarse=0.0637 | 61.0s
  Epoch 4 Batch 350/460 | Loss=0.084211 | diff=0.0760 | coarse=0.1027 | 70.9s
  Epoch 4 Batch 400/460 | Loss=0.152147 | diff=0.1396 | coarse=0.1564 | 80.5s
  Epoch 4 Batch 450/460 | Loss=0.064553 | diff=0.0603 | coarse=0.0525 | 90.1s
  Epoch 4 Batch 460/460 | Loss=0.056192 | diff=0.0535 | coarse=0.0333 | 92.0s
Epoch 4/120 | Loss=0.100590 | Val RMSE=64.4346 | Val MAE=62.6203 | Val MAPE=288.39% | LR=7.00e-04 | 198.3s
  [BEST] epoch=4, val_rmse=64.4346
[INFO] start epoch 5/120
  Epoch 5 Batch 50/460 | Loss=0.069601 | diff=0.0643 | coarse=0.0662 | 9.4s
  Epoch 5 Batch 100/460 | Loss=0.077647 | diff=0.0715 | coarse=0.0763 | 18.8s
  Epoch 5 Batch 150/460 | Loss=0.064269 | diff=0.0593 | coarse=0.0622 | 28.1s
  Epoch 5 Batch 200/460 | Loss=0.170904 | diff=0.1584 | coarse=0.1568 | 37.4s
  Epoch 5 Batch 250/460 | Loss=0.229535 | diff=0.2182 | coarse=0.1417 | 46.8s
  Epoch 5 Batch 300/460 | Loss=0.083916 | diff=0.0788 | coarse=0.0636 | 56.2s
  Epoch 5 Batch 350/460 | Loss=0.082272 | diff=0.0740 | coarse=0.1037 | 65.4s
  Epoch 5 Batch 400/460 | Loss=0.162096 | diff=0.1482 | coarse=0.1734 | 75.2s
  Epoch 5 Batch 450/460 | Loss=0.059889 | diff=0.0558 | coarse=0.0505 | 86.2s
  Epoch 5 Batch 460/460 | Loss=0.052441 | diff=0.0498 | coarse=0.0328 | 88.8s
Epoch 5/120 | Loss=0.096870 | Val RMSE=56.6323 | Val MAE=54.9402 | Val MAPE=254.14% | LR=7.00e-04 | 195.0s
  [BEST] epoch=5, val_rmse=56.6323
[INFO] start epoch 6/120
  Epoch 6 Batch 50/460 | Loss=0.066228 | diff=0.0610 | coarse=0.0656 | 9.1s
  Epoch 6 Batch 100/460 | Loss=0.073091 | diff=0.0671 | coarse=0.0747 | 18.3s
  Epoch 6 Batch 150/460 | Loss=0.061976 | diff=0.0570 | coarse=0.0621 | 27.8s
  Epoch 6 Batch 200/460 | Loss=0.148903 | diff=0.1383 | coarse=0.1329 | 36.9s
  Epoch 6 Batch 250/460 | Loss=0.220435 | diff=0.2096 | coarse=0.1358 | 46.2s
  Epoch 6 Batch 300/460 | Loss=0.088204 | diff=0.0826 | coarse=0.0698 | 55.5s
  Epoch 6 Batch 350/460 | Loss=0.079374 | diff=0.0708 | coarse=0.1074 | 64.7s
  Epoch 6 Batch 400/460 | Loss=0.157593 | diff=0.1445 | coarse=0.1639 | 73.9s
  Epoch 6 Batch 450/460 | Loss=0.059239 | diff=0.0552 | coarse=0.0510 | 83.7s
  Epoch 6 Batch 460/460 | Loss=0.051787 | diff=0.0491 | coarse=0.0340 | 85.5s
Epoch 6/120 | Loss=0.091221 | Val RMSE=48.9133 | Val MAE=47.2255 | Val MAPE=219.95% | LR=7.00e-04 | 192.8s
  [BEST] epoch=6, val_rmse=48.9133
[INFO] start epoch 7/120
  Epoch 7 Batch 50/460 | Loss=0.066524 | diff=0.0613 | coarse=0.0654 | 9.8s
  Epoch 7 Batch 100/460 | Loss=0.071591 | diff=0.0657 | coarse=0.0739 | 19.6s
  Epoch 7 Batch 150/460 | Loss=0.057533 | diff=0.0529 | coarse=0.0580 | 29.5s
  Epoch 7 Batch 200/460 | Loss=0.140312 | diff=0.1317 | coarse=0.1071 | 39.5s
  Epoch 7 Batch 250/460 | Loss=0.200428 | diff=0.1905 | coarse=0.1244 | 49.4s
  Epoch 7 Batch 300/460 | Loss=0.086366 | diff=0.0807 | coarse=0.0706 | 59.3s
  Epoch 7 Batch 350/460 | Loss=0.078038 | diff=0.0691 | coarse=0.1123 | 69.9s
  Epoch 7 Batch 400/460 | Loss=0.140939 | diff=0.1296 | coarse=0.1414 | 79.7s
  Epoch 7 Batch 450/460 | Loss=0.056002 | diff=0.0519 | coarse=0.0512 | 89.2s
  Epoch 7 Batch 460/460 | Loss=0.044862 | diff=0.0425 | coarse=0.0298 | 91.1s
Epoch 7/120 | Loss=0.086216 | Val RMSE=38.9630 | Val MAE=37.2495 | Val MAPE=174.32% | LR=6.99e-04 | 198.9s
  [BEST] epoch=7, val_rmse=38.9630
[INFO] start epoch 8/120
  Epoch 8 Batch 50/460 | Loss=0.065644 | diff=0.0607 | coarse=0.0615 | 9.7s
  Epoch 8 Batch 100/460 | Loss=0.069317 | diff=0.0633 | coarse=0.0747 | 19.3s
  Epoch 8 Batch 150/460 | Loss=0.056326 | diff=0.0519 | coarse=0.0548 | 29.1s
  Epoch 8 Batch 200/460 | Loss=0.130058 | diff=0.1228 | coarse=0.0903 | 38.8s
  Epoch 8 Batch 250/460 | Loss=0.172649 | diff=0.1647 | coarse=0.0993 | 48.8s
  Epoch 8 Batch 300/460 | Loss=0.081519 | diff=0.0761 | coarse=0.0674 | 58.7s
  Epoch 8 Batch 350/460 | Loss=0.076920 | diff=0.0684 | coarse=0.1066 | 68.6s
  Epoch 8 Batch 400/460 | Loss=0.127012 | diff=0.1171 | coarse=0.1236 | 78.2s
  Epoch 8 Batch 450/460 | Loss=0.054579 | diff=0.0503 | coarse=0.0541 | 87.9s
  Epoch 8 Batch 460/460 | Loss=0.039819 | diff=0.0374 | coarse=0.0298 | 89.8s
Epoch 8/120 | Loss=0.081284 | Val RMSE=31.7124 | Val MAE=29.9287 | Val MAPE=140.17% | LR=6.99e-04 | 195.1s
  [BEST] epoch=8, val_rmse=31.7124
[INFO] start epoch 9/120
  Epoch 9 Batch 50/460 | Loss=0.064006 | diff=0.0593 | coarse=0.0589 | 10.6s
  Epoch 9 Batch 100/460 | Loss=0.066627 | diff=0.0608 | coarse=0.0725 | 20.9s
  Epoch 9 Batch 150/460 | Loss=0.056509 | diff=0.0522 | coarse=0.0545 | 30.6s
  Epoch 9 Batch 200/460 | Loss=0.122407 | diff=0.1158 | coarse=0.0824 | 40.3s
  Epoch 9 Batch 250/460 | Loss=0.149091 | diff=0.1422 | coarse=0.0859 | 49.8s
  Epoch 9 Batch 300/460 | Loss=0.076578 | diff=0.0716 | coarse=0.0621 | 59.6s
  Epoch 9 Batch 350/460 | Loss=0.077381 | diff=0.0699 | coarse=0.0937 | 69.3s
  Epoch 9 Batch 400/460 | Loss=0.122151 | diff=0.1127 | coarse=0.1185 | 79.2s
  Epoch 9 Batch 450/460 | Loss=0.051890 | diff=0.0474 | coarse=0.0564 | 89.1s
  Epoch 9 Batch 460/460 | Loss=0.038282 | diff=0.0355 | coarse=0.0353 | 91.0s
Epoch 9/120 | Loss=0.076818 | Val RMSE=27.5406 | Val MAE=25.5971 | Val MAPE=120.81% | LR=6.98e-04 | 196.1s
  [BEST] epoch=9, val_rmse=27.5406
[INFO] start epoch 10/120
  Epoch 10 Batch 50/460 | Loss=0.064275 | diff=0.0595 | coarse=0.0595 | 9.6s
  Epoch 10 Batch 100/460 | Loss=0.064153 | diff=0.0585 | coarse=0.0702 | 19.0s
  Epoch 10 Batch 150/460 | Loss=0.056065 | diff=0.0518 | coarse=0.0538 | 29.0s
  Epoch 10 Batch 200/460 | Loss=0.112665 | diff=0.1069 | coarse=0.0724 | 38.9s
  Epoch 10 Batch 250/460 | Loss=0.129597 | diff=0.1230 | coarse=0.0820 | 48.8s
  Epoch 10 Batch 300/460 | Loss=0.072932 | diff=0.0682 | coarse=0.0593 | 58.7s
  Epoch 10 Batch 350/460 | Loss=0.075858 | diff=0.0697 | coarse=0.0771 | 68.6s
  Epoch 10 Batch 400/460 | Loss=0.124642 | diff=0.1148 | coarse=0.1235 | 78.5s
  Epoch 10 Batch 450/460 | Loss=0.051594 | diff=0.0473 | coarse=0.0532 | 88.4s
  Epoch 10 Batch 460/460 | Loss=0.033596 | diff=0.0315 | coarse=0.0259 | 90.3s
Epoch 10/120 | Loss=0.072053 | Val RMSE=19.3526 | Val MAE=17.2136 | Val MAPE=82.14% | LR=6.97e-04 | 201.8s
  [BEST] epoch=10, val_rmse=19.3526
[INFO] start epoch 11/120
  Epoch 11 Batch 50/460 | Loss=0.064840 | diff=0.0601 | coarse=0.0590 | 9.5s
  Epoch 11 Batch 100/460 | Loss=0.063315 | diff=0.0580 | coarse=0.0670 | 19.0s
  Epoch 11 Batch 150/460 | Loss=0.054892 | diff=0.0506 | coarse=0.0540 | 28.6s
  Epoch 11 Batch 200/460 | Loss=0.100458 | diff=0.0951 | coarse=0.0670 | 38.0s
  Epoch 11 Batch 250/460 | Loss=0.116884 | diff=0.1101 | coarse=0.0848 | 47.7s
  Epoch 11 Batch 300/460 | Loss=0.064373 | diff=0.0601 | coarse=0.0530 | 57.3s
  Epoch 11 Batch 350/460 | Loss=0.069537 | diff=0.0644 | coarse=0.0640 | 67.2s
  Epoch 11 Batch 400/460 | Loss=0.127114 | diff=0.1166 | coarse=0.1316 | 76.8s
  Epoch 11 Batch 450/460 | Loss=0.050306 | diff=0.0464 | coarse=0.0489 | 86.3s
  Epoch 11 Batch 460/460 | Loss=0.032006 | diff=0.0298 | coarse=0.0276 | 88.2s
Epoch 11/120 | Loss=0.067868 | Val RMSE=13.0108 | Val MAE=10.6999 | Val MAPE=50.71% | LR=6.95e-04 | 194.0s
  [BEST] epoch=11, val_rmse=13.0108
[INFO] start epoch 12/120
  Epoch 12 Batch 50/460 | Loss=0.061678 | diff=0.0571 | coarse=0.0569 | 9.7s
  Epoch 12 Batch 100/460 | Loss=0.061355 | diff=0.0564 | coarse=0.0619 | 19.4s
  Epoch 12 Batch 150/460 | Loss=0.054001 | diff=0.0498 | coarse=0.0531 | 29.1s
  Epoch 12 Batch 200/460 | Loss=0.079885 | diff=0.0750 | coarse=0.0611 | 38.6s
  Epoch 12 Batch 250/460 | Loss=0.108721 | diff=0.1016 | coarse=0.0886 | 48.3s
  Epoch 12 Batch 300/460 | Loss=0.059853 | diff=0.0559 | coarse=0.0497 | 57.6s
  Epoch 12 Batch 350/460 | Loss=0.063346 | diff=0.0586 | coarse=0.0598 | 67.5s
  Epoch 12 Batch 400/460 | Loss=0.129383 | diff=0.1191 | coarse=0.1284 | 77.5s
  Epoch 12 Batch 450/460 | Loss=0.050466 | diff=0.0465 | coarse=0.0497 | 87.4s
  Epoch 12 Batch 460/460 | Loss=0.030303 | diff=0.0282 | coarse=0.0266 | 89.3s
Epoch 12/120 | Loss=0.065037 | Val RMSE=12.7623 | Val MAE=10.5089 | Val MAPE=49.49% | LR=6.94e-04 | 198.1s
  [BEST] epoch=12, val_rmse=12.7623
[INFO] start epoch 13/120
  Epoch 13 Batch 50/460 | Loss=0.061335 | diff=0.0567 | coarse=0.0578 | 9.8s
  Epoch 13 Batch 100/460 | Loss=0.059225 | diff=0.0544 | coarse=0.0597 | 19.5s
  Epoch 13 Batch 150/460 | Loss=0.051251 | diff=0.0472 | coarse=0.0502 | 29.0s
  Epoch 13 Batch 200/460 | Loss=0.062158 | diff=0.0579 | coarse=0.0538 | 38.8s
  Epoch 13 Batch 250/460 | Loss=0.102744 | diff=0.0956 | coarse=0.0893 | 48.4s
  Epoch 13 Batch 300/460 | Loss=0.056339 | diff=0.0525 | coarse=0.0485 | 57.9s
  Epoch 13 Batch 350/460 | Loss=0.059391 | diff=0.0548 | coarse=0.0569 | 68.6s
  Epoch 13 Batch 400/460 | Loss=0.122175 | diff=0.1127 | coarse=0.1183 | 78.2s
  Epoch 13 Batch 450/460 | Loss=0.047800 | diff=0.0440 | coarse=0.0471 | 88.5s
  Epoch 13 Batch 460/460 | Loss=0.028322 | diff=0.0263 | coarse=0.0251 | 90.7s
Epoch 13/120 | Loss=0.062416 | Val RMSE=11.6347 | Val MAE=9.3147 | Val MAPE=42.47% | LR=6.92e-04 | 197.5s
  [BEST] epoch=13, val_rmse=11.6347
[INFO] start epoch 14/120
  Epoch 14 Batch 50/460 | Loss=0.058441 | diff=0.0541 | coarse=0.0545 | 9.7s
  Epoch 14 Batch 100/460 | Loss=0.058405 | diff=0.0537 | coarse=0.0590 | 19.3s
  Epoch 14 Batch 150/460 | Loss=0.050086 | diff=0.0462 | coarse=0.0484 | 28.9s
  Epoch 14 Batch 200/460 | Loss=0.055828 | diff=0.0517 | coarse=0.0520 | 38.5s
  Epoch 14 Batch 250/460 | Loss=0.094762 | diff=0.0875 | coarse=0.0908 | 48.1s
  Epoch 14 Batch 300/460 | Loss=0.053932 | diff=0.0501 | coarse=0.0477 | 57.8s
  Epoch 14 Batch 350/460 | Loss=0.057636 | diff=0.0532 | coarse=0.0554 | 67.4s
  Epoch 14 Batch 400/460 | Loss=0.104384 | diff=0.0962 | coarse=0.1018 | 77.1s
  Epoch 14 Batch 450/460 | Loss=0.046245 | diff=0.0426 | coarse=0.0461 | 86.6s
  Epoch 14 Batch 460/460 | Loss=0.028023 | diff=0.0261 | coarse=0.0239 | 88.5s
Epoch 14/120 | Loss=0.060069 | Val RMSE=11.6382 | Val MAE=9.2937 | Val MAPE=42.16% | LR=6.89e-04 | 193.7s
[INFO] start epoch 15/120
  Epoch 15 Batch 50/460 | Loss=0.057956 | diff=0.0537 | coarse=0.0531 | 10.9s
  Epoch 15 Batch 100/460 | Loss=0.055863 | diff=0.0513 | coarse=0.0574 | 21.8s
  Epoch 15 Batch 150/460 | Loss=0.048065 | diff=0.0444 | coarse=0.0461 | 31.6s
  Epoch 15 Batch 200/460 | Loss=0.061638 | diff=0.0570 | coarse=0.0585 | 41.4s
  Epoch 15 Batch 250/460 | Loss=0.087483 | diff=0.0808 | coarse=0.0832 | 51.3s
  Epoch 15 Batch 300/460 | Loss=0.053674 | diff=0.0497 | coarse=0.0495 | 61.1s
  Epoch 15 Batch 350/460 | Loss=0.057775 | diff=0.0533 | coarse=0.0562 | 71.2s
  Epoch 15 Batch 400/460 | Loss=0.092814 | diff=0.0858 | coarse=0.0880 | 81.1s
  Epoch 15 Batch 450/460 | Loss=0.051903 | diff=0.0475 | coarse=0.0546 | 91.2s
  Epoch 15 Batch 460/460 | Loss=0.030616 | diff=0.0287 | coarse=0.0236 | 93.1s
Epoch 15/120 | Loss=0.059671 | Val RMSE=13.4376 | Val MAE=11.1715 | Val MAPE=52.90% | LR=6.87e-04 | 200.4s
[INFO] start epoch 16/120
  Epoch 16 Batch 50/460 | Loss=0.056322 | diff=0.0522 | coarse=0.0518 | 9.8s
  Epoch 16 Batch 100/460 | Loss=0.052393 | diff=0.0481 | coarse=0.0541 | 19.5s
  Epoch 16 Batch 150/460 | Loss=0.046706 | diff=0.0431 | coarse=0.0456 | 29.2s
  Epoch 16 Batch 200/460 | Loss=0.055657 | diff=0.0522 | coarse=0.0433 | 39.0s
  Epoch 16 Batch 250/460 | Loss=0.080740 | diff=0.0746 | coarse=0.0769 | 49.6s
  Epoch 16 Batch 300/460 | Loss=0.053731 | diff=0.0498 | coarse=0.0488 | 60.2s
  Epoch 16 Batch 350/460 | Loss=0.057142 | diff=0.0524 | coarse=0.0588 | 70.4s
  Epoch 16 Batch 400/460 | Loss=0.094579 | diff=0.0875 | coarse=0.0881 | 79.9s
  Epoch 16 Batch 450/460 | Loss=0.049114 | diff=0.0446 | coarse=0.0566 | 89.4s
  Epoch 16 Batch 460/460 | Loss=0.029854 | diff=0.0273 | coarse=0.0322 | 91.2s
Epoch 16/120 | Loss=0.060136 | Val RMSE=13.5698 | Val MAE=11.4080 | Val MAPE=52.55% | LR=6.84e-04 | 196.7s
[INFO] start epoch 17/120
  Epoch 17 Batch 50/460 | Loss=0.057432 | diff=0.0530 | coarse=0.0553 | 9.5s
  Epoch 17 Batch 100/460 | Loss=0.060242 | diff=0.0556 | coarse=0.0582 | 18.9s
  Epoch 17 Batch 150/460 | Loss=0.049445 | diff=0.0458 | coarse=0.0456 | 28.2s
  Epoch 17 Batch 200/460 | Loss=0.061325 | diff=0.0579 | coarse=0.0430 | 37.6s
  Epoch 17 Batch 250/460 | Loss=0.075208 | diff=0.0694 | coarse=0.0725 | 47.3s
  Epoch 17 Batch 300/460 | Loss=0.055342 | diff=0.0516 | coarse=0.0466 | 57.0s
  Epoch 17 Batch 350/460 | Loss=0.059333 | diff=0.0544 | coarse=0.0611 | 66.6s
  Epoch 17 Batch 400/460 | Loss=0.091168 | diff=0.0838 | coarse=0.0925 | 76.2s
  Epoch 17 Batch 450/460 | Loss=0.043936 | diff=0.0401 | coarse=0.0476 | 86.7s
  Epoch 17 Batch 460/460 | Loss=0.032673 | diff=0.0290 | coarse=0.0460 | 88.7s
Epoch 17/120 | Loss=0.058865 | Val RMSE=13.6000 | Val MAE=11.4313 | Val MAPE=51.97% | LR=6.81e-04 | 195.0s
[INFO] start epoch 18/120
  Epoch 18 Batch 50/460 | Loss=0.058925 | diff=0.0546 | coarse=0.0543 | 9.5s
  Epoch 18 Batch 100/460 | Loss=0.057705 | diff=0.0533 | coarse=0.0555 | 20.1s
  Epoch 18 Batch 150/460 | Loss=0.050426 | diff=0.0467 | coarse=0.0468 | 30.1s
  Epoch 18 Batch 200/460 | Loss=0.084746 | diff=0.0797 | coarse=0.0634 | 39.9s
  Epoch 18 Batch 250/460 | Loss=0.075232 | diff=0.0693 | coarse=0.0737 | 49.8s
  Epoch 18 Batch 300/460 | Loss=0.083192 | diff=0.0779 | coarse=0.0659 | 60.3s
  Epoch 18 Batch 350/460 | Loss=0.072581 | diff=0.0664 | coarse=0.0769 | 69.8s
  Epoch 18 Batch 400/460 | Loss=0.083921 | diff=0.0771 | coarse=0.0847 | 79.0s
  [WARN] skip non-finite grad at epoch 18 batch 436
  Epoch 18 Batch 450/460 | Loss=0.082098 | diff=0.0772 | coarse=0.0606 | 88.5s
  Epoch 18 Batch 460/460 | Loss=0.026866 | diff=0.0245 | coarse=0.0290 | 90.3s
Epoch 18/120 | Loss=0.060045 | Val RMSE=14.9964 | Val MAE=12.9285 | Val MAPE=60.02% | LR=6.78e-04 | 195.1s
[INFO] start epoch 19/120
  Epoch 19 Batch 50/460 | Loss=0.054277 | diff=0.0501 | coarse=0.0520 | 9.7s
  Epoch 19 Batch 100/460 | Loss=0.059715 | diff=0.0554 | coarse=0.0544 | 19.5s
  Epoch 19 Batch 150/460 | Loss=0.049359 | diff=0.0457 | coarse=0.0457 | 29.3s
  Epoch 19 Batch 200/460 | Loss=0.049098 | diff=0.0457 | coarse=0.0420 | 39.0s
  Epoch 19 Batch 250/460 | Loss=0.075883 | diff=0.0699 | coarse=0.0748 | 48.7s
  Epoch 19 Batch 300/460 | Loss=0.055004 | diff=0.0512 | coarse=0.0480 | 58.4s
  Epoch 19 Batch 350/460 | Loss=0.065616 | diff=0.0602 | coarse=0.0682 | 67.9s
  Epoch 19 Batch 400/460 | Loss=0.073171 | diff=0.0676 | coarse=0.0696 | 77.6s
  Epoch 19 Batch 450/460 | Loss=0.060727 | diff=0.0568 | coarse=0.0486 | 87.3s
  Epoch 19 Batch 460/460 | Loss=0.024704 | diff=0.0226 | coarse=0.0260 | 89.2s
Epoch 19/120 | Loss=0.056979 | Val RMSE=14.8367 | Val MAE=12.7176 | Val MAPE=58.85% | LR=6.75e-04 | 194.2s
[INFO] start epoch 20/120
  Epoch 20 Batch 50/460 | Loss=0.052486 | diff=0.0485 | coarse=0.0498 | 9.4s
  Epoch 20 Batch 100/460 | Loss=0.057009 | diff=0.0527 | coarse=0.0536 | 18.9s
  Epoch 20 Batch 150/460 | Loss=0.046875 | diff=0.0432 | coarse=0.0463 | 28.5s
  Epoch 20 Batch 200/460 | Loss=0.041341 | diff=0.0384 | coarse=0.0370 | 38.0s
  Epoch 20 Batch 250/460 | Loss=0.073429 | diff=0.0677 | coarse=0.0714 | 47.4s
  Epoch 20 Batch 300/460 | Loss=0.044480 | diff=0.0411 | coarse=0.0428 | 56.9s
  Epoch 20 Batch 350/460 | Loss=0.062627 | diff=0.0576 | coarse=0.0634 | 66.3s
  Epoch 20 Batch 400/460 | Loss=0.071554 | diff=0.0664 | coarse=0.0647 | 75.7s
  Epoch 20 Batch 450/460 | Loss=0.057792 | diff=0.0539 | coarse=0.0491 | 85.1s
  Epoch 20 Batch 460/460 | Loss=0.024671 | diff=0.0229 | coarse=0.0223 | 86.9s
Epoch 20/120 | Loss=0.055413 | Val RMSE=12.9221 | Val MAE=10.6451 | Val MAPE=47.68% | LR=6.71e-04 | 190.4s
[INFO] start epoch 21/120
  Epoch 21 Batch 50/460 | Loss=0.058368 | diff=0.0537 | coarse=0.0578 | 9.7s
  Epoch 21 Batch 100/460 | Loss=0.052061 | diff=0.0480 | coarse=0.0510 | 20.0s
  Epoch 21 Batch 150/460 | Loss=0.044043 | diff=0.0405 | coarse=0.0446 | 30.6s
  Epoch 21 Batch 200/460 | Loss=0.050705 | diff=0.0474 | coarse=0.0413 | 40.9s
  Epoch 21 Batch 250/460 | Loss=0.073562 | diff=0.0680 | coarse=0.0695 | 50.7s
  Epoch 21 Batch 300/460 | Loss=0.044142 | diff=0.0408 | coarse=0.0414 | 60.6s
  Epoch 21 Batch 350/460 | Loss=0.052002 | diff=0.0475 | coarse=0.0569 | 70.3s
  Epoch 21 Batch 400/460 | Loss=0.071675 | diff=0.0662 | coarse=0.0683 | 80.1s
  Epoch 21 Batch 450/460 | Loss=0.047246 | diff=0.0435 | coarse=0.0465 | 90.2s
  Epoch 21 Batch 460/460 | Loss=0.028340 | diff=0.0262 | coarse=0.0267 | 92.0s
Epoch 21/120 | Loss=0.056152 | Val RMSE=13.2890 | Val MAE=10.9761 | Val MAPE=47.08% | LR=6.67e-04 | 199.3s
[INFO] start epoch 22/120
  Epoch 22 Batch 50/460 | Loss=0.056264 | diff=0.0520 | coarse=0.0530 | 9.3s
  Epoch 22 Batch 100/460 | Loss=0.056547 | diff=0.0520 | coarse=0.0567 | 18.7s
  Epoch 22 Batch 150/460 | Loss=0.044886 | diff=0.0417 | coarse=0.0404 | 28.0s
  Epoch 22 Batch 200/460 | Loss=0.038947 | diff=0.0361 | coarse=0.0361 | 37.4s
  Epoch 22 Batch 250/460 | Loss=0.090660 | diff=0.0841 | coarse=0.0820 | 46.7s
  Epoch 22 Batch 300/460 | Loss=0.041559 | diff=0.0383 | coarse=0.0407 | 56.2s
  Epoch 22 Batch 350/460 | Loss=0.048798 | diff=0.0446 | coarse=0.0523 | 66.8s
  Epoch 22 Batch 400/460 | Loss=0.076245 | diff=0.0700 | coarse=0.0778 | 77.5s
  Epoch 22 Batch 450/460 | Loss=0.049114 | diff=0.0452 | coarse=0.0489 | 87.2s
  Epoch 22 Batch 460/460 | Loss=0.029171 | diff=0.0272 | coarse=0.0252 | 89.1s
Epoch 22/120 | Loss=0.056250 | Val RMSE=12.0139 | Val MAE=9.4793 | Val MAPE=38.82% | LR=6.63e-04 | 195.9s
[INFO] start epoch 23/120
  Epoch 23 Batch 50/460 | Loss=0.052464 | diff=0.0486 | coarse=0.0485 | 9.8s
  Epoch 23 Batch 100/460 | Loss=0.051793 | diff=0.0478 | coarse=0.0504 | 19.5s
  Epoch 23 Batch 150/460 | Loss=0.043164 | diff=0.0400 | coarse=0.0390 | 29.2s
  Epoch 23 Batch 200/460 | Loss=0.036325 | diff=0.0336 | coarse=0.0337 | 38.5s
  Epoch 23 Batch 250/460 | Loss=0.075288 | diff=0.0698 | coarse=0.0688 | 47.8s
  Epoch 23 Batch 300/460 | Loss=0.043202 | diff=0.0400 | coarse=0.0399 | 57.1s
  Epoch 23 Batch 350/460 | Loss=0.049603 | diff=0.0456 | coarse=0.0502 | 66.7s
  Epoch 23 Batch 400/460 | Loss=0.073478 | diff=0.0672 | coarse=0.0789 | 76.3s
  [WARN] skip non-finite grad at epoch 23 batch 413
  Epoch 23 Batch 450/460 | Loss=0.045010 | diff=0.0410 | coarse=0.0497 | 86.0s
  Epoch 23 Batch 460/460 | Loss=0.026527 | diff=0.0247 | coarse=0.0228 | 87.8s
Epoch 23/120 | Loss=0.054399 | Val RMSE=12.4433 | Val MAE=9.9820 | Val MAPE=43.83% | LR=6.59e-04 | 194.1s
[INFO] start epoch 24/120
  Epoch 24 Batch 50/460 | Loss=0.048784 | diff=0.0451 | coarse=0.0466 | 9.6s
  Epoch 24 Batch 100/460 | Loss=0.052533 | diff=0.0486 | coarse=0.0496 | 19.3s
  Epoch 24 Batch 150/460 | Loss=0.042684 | diff=0.0395 | coarse=0.0397 | 28.9s
  Epoch 24 Batch 200/460 | Loss=0.037105 | diff=0.0344 | coarse=0.0333 | 38.5s
  Epoch 24 Batch 250/460 | Loss=0.071728 | diff=0.0663 | coarse=0.0683 | 48.3s
  Epoch 24 Batch 300/460 | Loss=0.043198 | diff=0.0399 | coarse=0.0407 | 58.1s
  Epoch 24 Batch 350/460 | Loss=0.047725 | diff=0.0436 | coarse=0.0510 | 67.7s
  Epoch 24 Batch 400/460 | Loss=0.078442 | diff=0.0711 | coarse=0.0912 | 77.2s
  Epoch 24 Batch 450/460 | Loss=0.038828 | diff=0.0358 | coarse=0.0376 | 86.5s
  Epoch 24 Batch 460/460 | Loss=0.024853 | diff=0.0231 | coarse=0.0214 | 88.3s
Epoch 24/120 | Loss=0.052690 | Val RMSE=14.9536 | Val MAE=12.7189 | Val MAPE=59.46% | LR=6.54e-04 | 193.2s
[INFO] start epoch 25/120
  Epoch 25 Batch 50/460 | Loss=0.049503 | diff=0.0458 | coarse=0.0469 | 9.6s
  Epoch 25 Batch 100/460 | Loss=0.053209 | diff=0.0491 | coarse=0.0520 | 19.2s
  Epoch 25 Batch 150/460 | Loss=0.045381 | diff=0.0421 | coarse=0.0411 | 28.9s
  Epoch 25 Batch 200/460 | Loss=0.038824 | diff=0.0361 | coarse=0.0340 | 38.6s
  Epoch 25 Batch 250/460 | Loss=0.071276 | diff=0.0658 | coarse=0.0686 | 48.1s
  Epoch 25 Batch 300/460 | Loss=0.039464 | diff=0.0364 | coarse=0.0378 | 57.7s
  Epoch 25 Batch 350/460 | Loss=0.049743 | diff=0.0450 | coarse=0.0592 | 67.3s
  Epoch 25 Batch 400/460 | Loss=0.072700 | diff=0.0653 | coarse=0.0924 | 76.8s
  Epoch 25 Batch 450/460 | Loss=0.037621 | diff=0.0347 | coarse=0.0371 | 86.4s
  Epoch 25 Batch 460/460 | Loss=0.024570 | diff=0.0228 | coarse=0.0226 | 88.3s
Epoch 25/120 | Loss=0.051892 | Val RMSE=13.5840 | Val MAE=11.2669 | Val MAPE=50.70% | LR=6.49e-04 | 194.5s
[INFO] start epoch 26/120
  Epoch 26 Batch 50/460 | Loss=0.049920 | diff=0.0460 | coarse=0.0485 | 9.8s
  Epoch 26 Batch 100/460 | Loss=0.058202 | diff=0.0536 | coarse=0.0581 | 19.8s
  Epoch 26 Batch 150/460 | Loss=0.044804 | diff=0.0411 | coarse=0.0459 | 29.6s
  Epoch 26 Batch 200/460 | Loss=0.045268 | diff=0.0421 | coarse=0.0402 | 39.3s
  Epoch 26 Batch 250/460 | Loss=0.071611 | diff=0.0663 | coarse=0.0661 | 49.0s
  Epoch 26 Batch 300/460 | Loss=0.044224 | diff=0.0411 | coarse=0.0392 | 58.6s
  Epoch 26 Batch 350/460 | Loss=0.057710 | diff=0.0520 | coarse=0.0710 | 68.2s
  Epoch 26 Batch 400/460 | Loss=0.055404 | diff=0.0509 | coarse=0.0566 | 78.1s
  Epoch 26 Batch 450/460 | Loss=0.037565 | diff=0.0347 | coarse=0.0360 | 87.9s
  Epoch 26 Batch 460/460 | Loss=0.024084 | diff=0.0222 | coarse=0.0238 | 89.8s
Epoch 26/120 | Loss=0.053296 | Val RMSE=12.1078 | Val MAE=9.7119 | Val MAPE=42.85% | LR=6.44e-04 | 194.2s
[INFO] start epoch 27/120
  Epoch 27 Batch 50/460 | Loss=0.054049 | diff=0.0498 | coarse=0.0532 | 9.7s
  Epoch 27 Batch 100/460 | Loss=0.057825 | diff=0.0534 | coarse=0.0548 | 19.3s
  Epoch 27 Batch 150/460 | Loss=0.041923 | diff=0.0388 | coarse=0.0395 | 29.3s
  Epoch 27 Batch 200/460 | Loss=0.043267 | diff=0.0404 | coarse=0.0361 | 39.9s
  Epoch 27 Batch 250/460 | Loss=0.075506 | diff=0.0698 | coarse=0.0708 | 50.6s
  Epoch 27 Batch 300/460 | Loss=0.040795 | diff=0.0378 | coarse=0.0380 | 60.8s
  Epoch 27 Batch 350/460 | Loss=0.060494 | diff=0.0544 | coarse=0.0756 | 70.6s
  Epoch 27 Batch 400/460 | Loss=0.059658 | diff=0.0553 | coarse=0.0543 | 80.2s
  Epoch 27 Batch 450/460 | Loss=0.039175 | diff=0.0363 | coarse=0.0364 | 90.1s
  Epoch 27 Batch 460/460 | Loss=0.022326 | diff=0.0205 | coarse=0.0224 | 91.9s
Epoch 27/120 | Loss=0.053758 | Val RMSE=13.2083 | Val MAE=10.8438 | Val MAPE=48.59% | LR=6.39e-04 | 197.7s
[INFO] start epoch 28/120
  Epoch 28 Batch 50/460 | Loss=0.045753 | diff=0.0419 | coarse=0.0485 | 9.5s
  Epoch 28 Batch 100/460 | Loss=0.054346 | diff=0.0499 | coarse=0.0560 | 18.8s
  Epoch 28 Batch 150/460 | Loss=0.042238 | diff=0.0391 | coarse=0.0398 | 28.1s
  Epoch 28 Batch 200/460 | Loss=0.040469 | diff=0.0377 | coarse=0.0340 | 37.5s
  Epoch 28 Batch 250/460 | Loss=0.075234 | diff=0.0696 | coarse=0.0703 | 47.1s
  Epoch 28 Batch 300/460 | Loss=0.040405 | diff=0.0373 | coarse=0.0394 | 56.7s
  Epoch 28 Batch 350/460 | Loss=0.049690 | diff=0.0444 | coarse=0.0659 | 66.4s
  Epoch 28 Batch 400/460 | Loss=0.067687 | diff=0.0630 | coarse=0.0581 | 76.8s
  Epoch 28 Batch 450/460 | Loss=0.041964 | diff=0.0390 | coarse=0.0376 | 87.3s
  Epoch 28 Batch 460/460 | Loss=0.022258 | diff=0.0206 | coarse=0.0213 | 89.3s
Epoch 28/120 | Loss=0.053328 | Val RMSE=13.3791 | Val MAE=10.9727 | Val MAPE=49.35% | LR=6.33e-04 | 195.5s
[EARLY STOP] patience=15, best_val_rmse=11.6347 at epoch 13
[INFO] PE-DiffWaveNet noleak training finished
{
  "split_mode": "noleak",
  "model_name": "PE-DiffWaveNet",
  "best_epoch": 13,
  "best_valid_rmse": 11.634730901788139,
  "best_valid_mae": 9.314721131868412,
  "best_valid_mape": 42.46679554133914,
  "test_rmse": 11.503556416305711,
  "test_mae": 9.309034601908596,
  "test_mape": 44.609164408173356,
  "relative_rmse": 2.805745467391637,
  "relative_mae": 2.27049624436795,
  "train_scale_max": 410.0,
  "world_size": 1,
  "eval_inference_steps": 50,
  "eval_num_samples": 3,
  "eval_t_start_ratio": 0.25,
  "use_diffusion": 1,
  "use_pe_graph": 0,
  "use_pe_film": 1,
  "pe_source": "train",
  "pe_graph_alpha": 1.0,
  "pe_film_scale": 1.0,
  "pe_film_zero_init": 0,
  "normalize_pe_features": 1,
  "pe_shuffle_seed": -1,
  "pe_adaptive_loss": 0,
  "pe_loss_weight": 0.15,
  "pe_loss_start_step": 4,
  "pe_loss_normalize": 1,
  "per_step_rmse": [
    10.004704673461566,
    10.783307549105494,
    13.43955331726489
  ],
  "per_step_mae": [
    8.471851330635182,
    8.569247060917546,
    10.886005414173063
  ],
  "step4_6_rmse_avg": null,
  "peak_mode": "percentile",
  "peak_threshold": 64.99999910593033,
  "peak_count": 20646,
  "peak_ratio": 0.11248774109186009,
  "rmse_peak": 8.627761018544676,
  "mae_peak": 5.913645965240699
}
  Peak_mode      : percentile
  Peak_threshold : 65.00 μg/m³
  Peak_count     : 20646
  Peak_ratio     : 11.25%
  RMSE_peak      : 8.6278
  MAE_peak       : 5.9136
Per-step metrics:
  Step        RMSE         MAE
     1     10.0047      8.4719
     2     10.7833      8.5692
     3     13.4396     10.8860
[INFO] outputs: /mnt/d/时空数据/臭氧预测资料/matrix_N95_PEDiffWaveNet_noleak_g3_pedw_no_pe_graph_p3_l24_s42
[INFO] weights: /mnt/d/时空数据/臭氧预测资料/weights_N95/weights_pediffwavenet_noleak_g3_pedw_no_pe_graph_p3_l24_s42