[INFO] PE-DiffWaveNet noleak training
[INFO] device=cuda, world_size=1
[INFO] output_dir=/mnt/d/时空数据/臭氧预测资料/matrix_N95_PEDiffWaveNet_noleak_g3_pedw_no_pe_film_p6_l24_s42
[INFO] clean_room=1, pe_source=train, use_pe_graph=1, use_pe_film=0, use_diffusion=1, pe_graph_alpha=1.0, pe_film_scale=1.0, pe_film_zero_init=0, pe_shuffle_seed=-1, pe_adaptive_loss=0, pe_loss_weight=0.15
[INFO] loading meteorological data...
[INFO] loading met cache: /mnt/d/时空数据/臭氧预测资料/matrix_N95/met_raw_aligned_cache.npz
[INFO] trainX=(7349, 24, 95, 15), trainY=(7349, 6, 95)
[INFO] validX=(640, 24, 95, 15), validY=(640, 6, 95)
[INFO] testX=(641, 24, 95, 15), testY=(641, 6, 95)
[INFO] train-only PE time range: {'start_idx': 0, 'end_idx': 7377, 'start_time': '2022-01-01 00:00:00', 'end_time': '2022-11-05 23:00:00', 'length': 7378}
[INFO] building PE features: nodes=95, scales=[6, 9, 12, 24, 48, 72], step=1
[INFO] PE feature progress: 20/95
[INFO] PE feature progress: 40/95
[INFO] PE feature progress: 60/95
[INFO] PE feature progress: 80/95
[INFO] PE feature progress: 95/95
[INFO] graph nnz: S=691, T=1570, PE=2293
[INFO] train batches/epoch=460, effective_batch=16
[INFO] model_params=614467
[INFO] start epoch 1/120
  [WARN] skip non-finite grad at epoch 1 batch 1
  [WARN] skip non-finite grad at epoch 1 batch 2
  [WARN] skip non-finite grad at epoch 1 batch 3
  [WARN] skip non-finite grad at epoch 1 batch 4
  [WARN] skip non-finite grad at epoch 1 batch 5
  Epoch 1 Batch 50/460 | Loss=3.506583 | diff=3.1044 | coarse=5.0275 | 13.1s
  Epoch 1 Batch 100/460 | Loss=1.527664 | diff=1.4338 | coarse=1.1731 | 22.5s
  Epoch 1 Batch 150/460 | Loss=0.521213 | diff=0.4738 | coarse=0.5926 | 31.8s
  Epoch 1 Batch 200/460 | Loss=0.451768 | diff=0.4081 | coarse=0.5463 | 41.1s
  Epoch 1 Batch 250/460 | Loss=0.950232 | diff=0.8965 | coarse=0.6718 | 50.4s
  Epoch 1 Batch 300/460 | Loss=0.793645 | diff=0.7304 | coarse=0.7901 | 59.6s
  Epoch 1 Batch 350/460 | Loss=0.383020 | diff=0.3509 | coarse=0.4012 | 68.7s
  Epoch 1 Batch 400/460 | Loss=0.562239 | diff=0.5154 | coarse=0.5858 | 77.6s
  Epoch 1 Batch 450/460 | Loss=0.439085 | diff=0.4073 | coarse=0.3974 | 86.6s
  Epoch 1 Batch 460/460 | Loss=0.207546 | diff=0.1907 | coarse=0.2100 | 88.5s
Epoch 1/120 | Loss=1.438869 | Val RMSE=143.1388 | Val MAE=141.0081 | Val MAPE=636.58% | LR=2.80e-04 | 206.0s
  [BEST] epoch=1, val_rmse=143.1388
[INFO] start epoch 2/120
  Epoch 2 Batch 50/460 | Loss=0.452306 | diff=0.4137 | coarse=0.4820 | 9.2s
  Epoch 2 Batch 100/460 | Loss=0.515972 | diff=0.4848 | coarse=0.3894 | 18.0s
  Epoch 2 Batch 150/460 | Loss=0.441680 | diff=0.4101 | coarse=0.3942 | 26.8s
  Epoch 2 Batch 200/460 | Loss=0.383039 | diff=0.3553 | coarse=0.3468 | 35.7s
  Epoch 2 Batch 250/460 | Loss=0.347974 | diff=0.3227 | coarse=0.3163 | 44.5s
  Epoch 2 Batch 300/460 | Loss=0.382509 | diff=0.3543 | coarse=0.3524 | 53.5s
  Epoch 2 Batch 350/460 | Loss=0.358530 | diff=0.3302 | coarse=0.3535 | 62.4s
  Epoch 2 Batch 400/460 | Loss=0.346742 | diff=0.3205 | coarse=0.3283 | 71.2s
  Epoch 2 Batch 450/460 | Loss=0.285128 | diff=0.2632 | coarse=0.2737 | 80.0s
  Epoch 2 Batch 460/460 | Loss=0.374552 | diff=0.3664 | coarse=0.1022 | 81.6s
Epoch 2/120 | Loss=0.397265 | Val RMSE=113.2298 | Val MAE=111.3244 | Val MAPE=502.98% | LR=4.20e-04 | 179.4s
  [BEST] epoch=2, val_rmse=113.2298
[INFO] start epoch 3/120
  Epoch 3 Batch 50/460 | Loss=0.382705 | diff=0.3490 | coarse=0.4218 | 9.4s
  Epoch 3 Batch 100/460 | Loss=0.436247 | diff=0.4074 | coarse=0.3601 | 18.6s
  Epoch 3 Batch 150/460 | Loss=0.397022 | diff=0.3699 | coarse=0.3396 | 27.5s
  Epoch 3 Batch 200/460 | Loss=0.383049 | diff=0.3594 | coarse=0.2959 | 36.8s
  Epoch 3 Batch 250/460 | Loss=0.333456 | diff=0.3087 | coarse=0.3095 | 45.9s
  Epoch 3 Batch 300/460 | Loss=0.348568 | diff=0.3225 | coarse=0.3255 | 54.9s
  Epoch 3 Batch 350/460 | Loss=0.312457 | diff=0.2869 | coarse=0.3198 | 63.9s
  Epoch 3 Batch 400/460 | Loss=0.338313 | diff=0.3106 | coarse=0.3468 | 73.0s
  Epoch 3 Batch 450/460 | Loss=0.289417 | diff=0.2682 | coarse=0.2652 | 82.2s
  Epoch 3 Batch 460/460 | Loss=0.378371 | diff=0.3692 | coarse=0.1145 | 84.0s
Epoch 3/120 | Loss=0.361399 | Val RMSE=75.7996 | Val MAE=73.8934 | Val MAPE=333.88% | LR=5.60e-04 | 180.7s
  [BEST] epoch=3, val_rmse=75.7996
[INFO] start epoch 4/120
  Epoch 4 Batch 50/460 | Loss=0.386055 | diff=0.3530 | coarse=0.4127 | 9.6s
  Epoch 4 Batch 100/460 | Loss=0.397062 | diff=0.3705 | coarse=0.3315 | 19.2s
  Epoch 4 Batch 150/460 | Loss=0.419910 | diff=0.3862 | coarse=0.4215 | 29.7s
  Epoch 4 Batch 200/460 | Loss=0.390986 | diff=0.3679 | coarse=0.2890 | 40.3s
  Epoch 4 Batch 250/460 | Loss=0.310105 | diff=0.2874 | coarse=0.2841 | 49.8s
  Epoch 4 Batch 300/460 | Loss=0.330933 | diff=0.3055 | coarse=0.3177 | 59.1s
  Epoch 4 Batch 350/460 | Loss=0.300776 | diff=0.2725 | coarse=0.3529 | 68.4s
  Epoch 4 Batch 400/460 | Loss=0.324399 | diff=0.2990 | coarse=0.3176 | 77.4s
  Epoch 4 Batch 450/460 | Loss=0.271381 | diff=0.2500 | coarse=0.2670 | 86.4s
  Epoch 4 Batch 460/460 | Loss=0.382576 | diff=0.3735 | coarse=0.1128 | 88.1s
Epoch 4/120 | Loss=0.340455 | Val RMSE=50.3046 | Val MAE=47.9763 | Val MAPE=219.50% | LR=7.00e-04 | 188.0s
  [BEST] epoch=4, val_rmse=50.3046
[INFO] start epoch 5/120
  Epoch 5 Batch 50/460 | Loss=0.376154 | diff=0.3449 | coarse=0.3901 | 8.8s
  Epoch 5 Batch 100/460 | Loss=0.373190 | diff=0.3483 | coarse=0.3113 | 17.4s
  Epoch 5 Batch 150/460 | Loss=0.418271 | diff=0.3863 | coarse=0.3992 | 26.2s
  Epoch 5 Batch 200/460 | Loss=0.374808 | diff=0.3524 | coarse=0.2798 | 35.1s
  Epoch 5 Batch 250/460 | Loss=0.296469 | diff=0.2750 | coarse=0.2682 | 44.0s
  Epoch 5 Batch 300/460 | Loss=0.314631 | diff=0.2905 | coarse=0.3017 | 53.0s
  Epoch 5 Batch 350/460 | Loss=0.285239 | diff=0.2588 | coarse=0.3306 | 62.0s
  Epoch 5 Batch 400/460 | Loss=0.323993 | diff=0.2985 | coarse=0.3182 | 70.8s
  Epoch 5 Batch 450/460 | Loss=0.267017 | diff=0.2464 | coarse=0.2572 | 79.7s
  Epoch 5 Batch 460/460 | Loss=0.370891 | diff=0.3619 | coarse=0.1121 | 81.5s
Epoch 5/120 | Loss=0.326519 | Val RMSE=34.6120 | Val MAE=32.0118 | Val MAPE=148.78% | LR=7.00e-04 | 178.0s
  [BEST] epoch=5, val_rmse=34.6120
[INFO] start epoch 6/120
  Epoch 6 Batch 50/460 | Loss=0.333859 | diff=0.3054 | coarse=0.3553 | 9.4s
  Epoch 6 Batch 100/460 | Loss=0.319426 | diff=0.2976 | coarse=0.2725 | 18.7s
  Epoch 6 Batch 150/460 | Loss=0.360681 | diff=0.3336 | coarse=0.3383 | 28.1s
  Epoch 6 Batch 200/460 | Loss=0.347803 | diff=0.3280 | coarse=0.2475 | 38.0s
  Epoch 6 Batch 250/460 | Loss=0.278797 | diff=0.2587 | coarse=0.2513 | 47.3s
  Epoch 6 Batch 300/460 | Loss=0.282629 | diff=0.2611 | coarse=0.2694 | 56.1s
  Epoch 6 Batch 350/460 | Loss=0.276893 | diff=0.2528 | coarse=0.3011 | 64.9s
  Epoch 6 Batch 400/460 | Loss=0.283010 | diff=0.2601 | coarse=0.2865 | 73.7s
  Epoch 6 Batch 450/460 | Loss=0.271863 | diff=0.2529 | coarse=0.2369 | 82.6s
  Epoch 6 Batch 460/460 | Loss=0.357003 | diff=0.3477 | coarse=0.1160 | 84.2s
Epoch 6/120 | Loss=0.304383 | Val RMSE=25.7456 | Val MAE=22.7295 | Val MAPE=106.31% | LR=7.00e-04 | 181.5s
  [BEST] epoch=6, val_rmse=25.7456
[INFO] start epoch 7/120
  Epoch 7 Batch 50/460 | Loss=0.323555 | diff=0.2955 | coarse=0.3505 | 9.3s
  Epoch 7 Batch 100/460 | Loss=0.291811 | diff=0.2703 | coarse=0.2684 | 18.3s
  Epoch 7 Batch 150/460 | Loss=0.338604 | diff=0.3135 | coarse=0.3137 | 27.4s
  Epoch 7 Batch 200/460 | Loss=0.305538 | diff=0.2885 | coarse=0.2132 | 36.6s
  Epoch 7 Batch 250/460 | Loss=0.266758 | diff=0.2473 | coarse=0.2427 | 45.6s
  Epoch 7 Batch 300/460 | Loss=0.258488 | diff=0.2387 | coarse=0.2475 | 54.7s
  Epoch 7 Batch 350/460 | Loss=0.270058 | diff=0.2481 | coarse=0.2742 | 63.8s
  Epoch 7 Batch 400/460 | Loss=0.251569 | diff=0.2308 | coarse=0.2591 | 72.8s
  Epoch 7 Batch 450/460 | Loss=0.267568 | diff=0.2480 | coarse=0.2447 | 81.7s
  Epoch 7 Batch 460/460 | Loss=0.343481 | diff=0.3335 | coarse=0.1245 | 83.4s
Epoch 7/120 | Loss=0.287658 | Val RMSE=19.6349 | Val MAE=16.6490 | Val MAPE=75.27% | LR=6.99e-04 | 179.1s
  [BEST] epoch=7, val_rmse=19.6349
[INFO] start epoch 8/120
  Epoch 8 Batch 50/460 | Loss=0.308227 | diff=0.2809 | coarse=0.3422 | 10.5s
  Epoch 8 Batch 100/460 | Loss=0.273271 | diff=0.2532 | coarse=0.2512 | 20.8s
  Epoch 8 Batch 150/460 | Loss=0.296521 | diff=0.2751 | coarse=0.2679 | 30.0s
  Epoch 8 Batch 200/460 | Loss=0.294318 | diff=0.2770 | coarse=0.2161 | 38.8s
  Epoch 8 Batch 250/460 | Loss=0.276894 | diff=0.2571 | coarse=0.2474 | 47.6s
  Epoch 8 Batch 300/460 | Loss=0.242634 | diff=0.2241 | coarse=0.2313 | 56.5s
  Epoch 8 Batch 350/460 | Loss=0.242553 | diff=0.2237 | coarse=0.2361 | 65.5s
  Epoch 8 Batch 400/460 | Loss=0.238717 | diff=0.2205 | coarse=0.2282 | 74.5s
  Epoch 8 Batch 450/460 | Loss=0.275159 | diff=0.2564 | coarse=0.2346 | 83.5s
  Epoch 8 Batch 460/460 | Loss=0.329389 | diff=0.3201 | coarse=0.1161 | 85.2s
Epoch 8/120 | Loss=0.271935 | Val RMSE=16.3136 | Val MAE=12.8802 | Val MAPE=52.64% | LR=6.99e-04 | 182.6s
  [BEST] epoch=8, val_rmse=16.3136
[INFO] start epoch 9/120
  Epoch 9 Batch 50/460 | Loss=0.293996 | diff=0.2669 | coarse=0.3381 | 9.0s
  Epoch 9 Batch 100/460 | Loss=0.237058 | diff=0.2189 | coarse=0.2269 | 17.9s
  Epoch 9 Batch 150/460 | Loss=0.268274 | diff=0.2485 | coarse=0.2470 | 26.8s
  Epoch 9 Batch 200/460 | Loss=0.263931 | diff=0.2472 | coarse=0.2096 | 35.9s
  Epoch 9 Batch 250/460 | Loss=0.259869 | diff=0.2404 | coarse=0.2433 | 44.9s
  Epoch 9 Batch 300/460 | Loss=0.229370 | diff=0.2124 | coarse=0.2119 | 54.9s
  Epoch 9 Batch 350/460 | Loss=0.227293 | diff=0.2089 | coarse=0.2295 | 65.1s
  Epoch 9 Batch 400/460 | Loss=0.242748 | diff=0.2247 | coarse=0.2261 | 75.2s
  Epoch 9 Batch 450/460 | Loss=0.241510 | diff=0.2249 | coarse=0.2078 | 84.5s
  Epoch 9 Batch 460/460 | Loss=0.312556 | diff=0.3031 | coarse=0.1179 | 86.1s
Epoch 9/120 | Loss=0.255512 | Val RMSE=15.7775 | Val MAE=12.2496 | Val MAPE=49.09% | LR=6.98e-04 | 183.1s
  [BEST] epoch=9, val_rmse=15.7775
[INFO] start epoch 10/120
  Epoch 10 Batch 50/460 | Loss=0.272412 | diff=0.2477 | coarse=0.3092 | 9.2s
  Epoch 10 Batch 100/460 | Loss=0.224195 | diff=0.2070 | coarse=0.2152 | 18.2s
  Epoch 10 Batch 150/460 | Loss=0.241600 | diff=0.2238 | coarse=0.2222 | 27.2s
  Epoch 10 Batch 200/460 | Loss=0.262641 | diff=0.2442 | coarse=0.2308 | 36.3s
  Epoch 10 Batch 250/460 | Loss=0.257140 | diff=0.2371 | coarse=0.2499 | 45.2s
  Epoch 10 Batch 300/460 | Loss=0.232146 | diff=0.2139 | coarse=0.2279 | 54.0s
  Epoch 10 Batch 350/460 | Loss=0.224538 | diff=0.2057 | coarse=0.2349 | 62.8s
  Epoch 10 Batch 400/460 | Loss=0.230714 | diff=0.2134 | coarse=0.2167 | 71.7s
  Epoch 10 Batch 450/460 | Loss=0.212980 | diff=0.1985 | coarse=0.1809 | 80.6s
  Epoch 10 Batch 460/460 | Loss=0.307418 | diff=0.2981 | coarse=0.1170 | 82.2s
Epoch 10/120 | Loss=0.239743 | Val RMSE=14.9411 | Val MAE=11.4205 | Val MAPE=46.38% | LR=6.97e-04 | 179.5s
  [BEST] epoch=10, val_rmse=14.9411
[INFO] start epoch 11/120
  Epoch 11 Batch 50/460 | Loss=0.256440 | diff=0.2334 | coarse=0.2884 | 9.3s
  Epoch 11 Batch 100/460 | Loss=0.216781 | diff=0.2003 | coarse=0.2060 | 18.4s
  Epoch 11 Batch 150/460 | Loss=0.242612 | diff=0.2251 | coarse=0.2190 | 27.4s
  Epoch 11 Batch 200/460 | Loss=0.245797 | diff=0.2287 | coarse=0.2140 | 36.5s
  Epoch 11 Batch 250/460 | Loss=0.249220 | diff=0.2304 | coarse=0.2358 | 45.5s
  Epoch 11 Batch 300/460 | Loss=0.217822 | diff=0.2000 | coarse=0.2232 | 54.6s
  Epoch 11 Batch 350/460 | Loss=0.225980 | diff=0.2099 | coarse=0.2012 | 63.5s
  Epoch 11 Batch 400/460 | Loss=0.200342 | diff=0.1843 | coarse=0.2003 | 72.5s
  Epoch 11 Batch 450/460 | Loss=0.187456 | diff=0.1734 | coarse=0.1753 | 81.6s
  Epoch 11 Batch 460/460 | Loss=0.271305 | diff=0.2629 | coarse=0.1048 | 83.4s
Epoch 11/120 | Loss=0.224327 | Val RMSE=13.9467 | Val MAE=10.3331 | Val MAPE=42.47% | LR=6.95e-04 | 181.1s
  [BEST] epoch=11, val_rmse=13.9467
[INFO] start epoch 12/120
  Epoch 12 Batch 50/460 | Loss=0.244938 | diff=0.2235 | coarse=0.2680 | 9.7s
  Epoch 12 Batch 100/460 | Loss=0.225015 | diff=0.2084 | coarse=0.2076 | 18.7s
  Epoch 12 Batch 150/460 | Loss=0.217495 | diff=0.2015 | coarse=0.1995 | 27.8s
  Epoch 12 Batch 200/460 | Loss=0.217930 | diff=0.1999 | coarse=0.2249 | 36.8s
  Epoch 12 Batch 250/460 | Loss=0.242501 | diff=0.2247 | coarse=0.2222 | 45.9s
  Epoch 12 Batch 300/460 | Loss=0.226989 | diff=0.2107 | coarse=0.2035 | 55.0s
  Epoch 12 Batch 350/460 | Loss=0.202240 | diff=0.1878 | coarse=0.1805 | 64.0s
  Epoch 12 Batch 400/460 | Loss=0.196150 | diff=0.1810 | coarse=0.1895 | 73.0s
  Epoch 12 Batch 450/460 | Loss=0.190777 | diff=0.1767 | coarse=0.1758 | 82.1s
  Epoch 12 Batch 460/460 | Loss=0.241760 | diff=0.2351 | coarse=0.0829 | 83.8s
Epoch 12/120 | Loss=0.214878 | Val RMSE=16.1371 | Val MAE=13.0680 | Val MAPE=58.45% | LR=6.94e-04 | 181.4s
[INFO] start epoch 13/120
  Epoch 13 Batch 50/460 | Loss=0.235080 | diff=0.2137 | coarse=0.2672 | 9.2s
  Epoch 13 Batch 100/460 | Loss=0.202164 | diff=0.1872 | coarse=0.1867 | 18.2s
  Epoch 13 Batch 150/460 | Loss=0.218818 | diff=0.2027 | coarse=0.2011 | 27.1s
  Epoch 13 Batch 200/460 | Loss=0.218117 | diff=0.1999 | coarse=0.2275 | 36.4s
  Epoch 13 Batch 250/460 | Loss=0.225468 | diff=0.2086 | coarse=0.2103 | 46.6s
  Epoch 13 Batch 300/460 | Loss=0.203722 | diff=0.1881 | coarse=0.1950 | 57.0s
  Epoch 13 Batch 350/460 | Loss=0.183517 | diff=0.1698 | coarse=0.1709 | 66.7s
  Epoch 13 Batch 400/460 | Loss=0.191447 | diff=0.1763 | coarse=0.1890 | 76.0s
  Epoch 13 Batch 450/460 | Loss=0.164790 | diff=0.1510 | coarse=0.1719 | 85.0s
  Epoch 13 Batch 460/460 | Loss=0.204499 | diff=0.1978 | coarse=0.0842 | 86.8s
Epoch 13/120 | Loss=0.205736 | Val RMSE=16.4674 | Val MAE=13.0918 | Val MAPE=58.58% | LR=6.92e-04 | 183.9s
[INFO] start epoch 14/120
  Epoch 14 Batch 50/460 | Loss=0.220887 | diff=0.2027 | coarse=0.2273 | 9.2s
  Epoch 14 Batch 100/460 | Loss=0.184261 | diff=0.1706 | coarse=0.1708 | 18.3s
  Epoch 14 Batch 150/460 | Loss=0.203100 | diff=0.1879 | coarse=0.1901 | 27.3s
  Epoch 14 Batch 200/460 | Loss=0.205995 | diff=0.1879 | coarse=0.2268 | 36.1s
  Epoch 14 Batch 250/460 | Loss=0.232827 | diff=0.2157 | coarse=0.2136 | 45.0s
  Epoch 14 Batch 300/460 | Loss=0.185432 | diff=0.1701 | coarse=0.1916 | 53.8s
  Epoch 14 Batch 350/460 | Loss=0.178492 | diff=0.1650 | coarse=0.1682 | 62.6s
  Epoch 14 Batch 400/460 | Loss=0.187546 | diff=0.1723 | coarse=0.1905 | 71.5s
  Epoch 14 Batch 450/460 | Loss=0.158956 | diff=0.1465 | coarse=0.1557 | 80.5s
  Epoch 14 Batch 460/460 | Loss=0.157474 | diff=0.1510 | coarse=0.0813 | 82.2s
Epoch 14/120 | Loss=0.199937 | Val RMSE=15.9726 | Val MAE=12.6683 | Val MAPE=55.88% | LR=6.89e-04 | 181.7s
[INFO] start epoch 15/120
  Epoch 15 Batch 50/460 | Loss=0.205622 | diff=0.1884 | coarse=0.2156 | 9.1s
  Epoch 15 Batch 100/460 | Loss=0.228231 | diff=0.2140 | coarse=0.1782 | 18.0s
  Epoch 15 Batch 150/460 | Loss=0.201339 | diff=0.1855 | coarse=0.1983 | 27.1s
  Epoch 15 Batch 200/460 | Loss=0.185643 | diff=0.1671 | coarse=0.2321 | 36.1s
  Epoch 15 Batch 250/460 | Loss=0.210350 | diff=0.1939 | coarse=0.2050 | 45.1s
  Epoch 15 Batch 300/460 | Loss=0.175622 | diff=0.1601 | coarse=0.1940 | 54.2s
  Epoch 15 Batch 350/460 | Loss=0.205118 | diff=0.1899 | coarse=0.1898 | 63.3s
  Epoch 15 Batch 400/460 | Loss=0.216399 | diff=0.2018 | coarse=0.1820 | 72.3s
  Epoch 15 Batch 450/460 | Loss=0.164930 | diff=0.1508 | coarse=0.1773 | 81.2s
  Epoch 15 Batch 460/460 | Loss=0.135719 | diff=0.1306 | coarse=0.0639 | 82.9s
Epoch 15/120 | Loss=0.192189 | Val RMSE=14.2064 | Val MAE=10.7760 | Val MAPE=45.25% | LR=6.87e-04 | 180.6s
[INFO] start epoch 16/120
  Epoch 16 Batch 50/460 | Loss=0.210895 | diff=0.1951 | coarse=0.1977 | 9.1s
  Epoch 16 Batch 100/460 | Loss=0.210851 | diff=0.1966 | coarse=0.1779 | 18.0s
  Epoch 16 Batch 150/460 | Loss=0.204602 | diff=0.1886 | coarse=0.2004 | 27.0s
  Epoch 16 Batch 200/460 | Loss=0.182601 | diff=0.1643 | coarse=0.2293 | 35.9s
  Epoch 16 Batch 250/460 | Loss=0.204682 | diff=0.1896 | coarse=0.1886 | 45.0s
  Epoch 16 Batch 300/460 | Loss=0.210479 | diff=0.1962 | coarse=0.1784 | 54.0s
  Epoch 16 Batch 350/460 | Loss=0.200861 | diff=0.1863 | coarse=0.1820 | 63.0s
  Epoch 16 Batch 400/460 | Loss=0.190092 | diff=0.1764 | coarse=0.1716 | 72.0s
  Epoch 16 Batch 450/460 | Loss=0.180562 | diff=0.1678 | coarse=0.1593 | 81.1s
  Epoch 16 Batch 460/460 | Loss=0.196594 | diff=0.1909 | coarse=0.0715 | 82.8s
Epoch 16/120 | Loss=0.194470 | Val RMSE=15.2909 | Val MAE=12.2579 | Val MAPE=52.70% | LR=6.84e-04 | 180.3s
[INFO] start epoch 17/120
  Epoch 17 Batch 50/460 | Loss=0.208482 | diff=0.1930 | coarse=0.1940 | 9.2s
  Epoch 17 Batch 100/460 | Loss=0.185779 | diff=0.1715 | coarse=0.1789 | 18.3s
  Epoch 17 Batch 150/460 | Loss=0.201987 | diff=0.1870 | coarse=0.1874 | 27.3s
  Epoch 17 Batch 200/460 | Loss=0.182636 | diff=0.1636 | coarse=0.2382 | 36.3s
  Epoch 17 Batch 250/460 | Loss=0.206475 | diff=0.1910 | coarse=0.1932 | 46.1s
  Epoch 17 Batch 300/460 | Loss=0.174257 | diff=0.1581 | coarse=0.2020 | 55.4s
  Epoch 17 Batch 350/460 | Loss=0.185788 | diff=0.1721 | coarse=0.1716 | 64.4s
  Epoch 17 Batch 400/460 | Loss=0.170952 | diff=0.1579 | coarse=0.1628 | 73.5s
  Epoch 17 Batch 450/460 | Loss=0.152012 | diff=0.1401 | coarse=0.1493 | 82.7s
  Epoch 17 Batch 460/460 | Loss=0.146793 | diff=0.1416 | coarse=0.0651 | 84.5s
Epoch 17/120 | Loss=0.182677 | Val RMSE=16.4288 | Val MAE=13.4334 | Val MAPE=59.10% | LR=6.81e-04 | 182.0s
[INFO] start epoch 18/120
  Epoch 18 Batch 50/460 | Loss=0.200748 | diff=0.1859 | coarse=0.1859 | 9.2s
  Epoch 18 Batch 100/460 | Loss=0.184199 | diff=0.1700 | coarse=0.1778 | 18.0s
  Epoch 18 Batch 150/460 | Loss=0.194632 | diff=0.1804 | coarse=0.1777 | 26.9s
  Epoch 18 Batch 200/460 | Loss=0.189686 | diff=0.1668 | coarse=0.2857 | 35.7s
  Epoch 18 Batch 250/460 | Loss=0.182909 | diff=0.1686 | coarse=0.1783 | 44.4s
  Epoch 18 Batch 300/460 | Loss=0.168751 | diff=0.1529 | coarse=0.1983 | 53.3s
  Epoch 18 Batch 350/460 | Loss=0.170485 | diff=0.1575 | coarse=0.1619 | 62.2s
  Epoch 18 Batch 400/460 | Loss=0.167977 | diff=0.1553 | coarse=0.1590 | 71.2s
  Epoch 18 Batch 450/460 | Loss=0.141918 | diff=0.1305 | coarse=0.1423 | 81.2s
  Epoch 18 Batch 460/460 | Loss=0.122533 | diff=0.1176 | coarse=0.0621 | 83.1s
Epoch 18/120 | Loss=0.177996 | Val RMSE=15.8475 | Val MAE=12.7315 | Val MAPE=57.36% | LR=6.78e-04 | 182.6s
[INFO] start epoch 19/120
  Epoch 19 Batch 50/460 | Loss=0.196874 | diff=0.1822 | coarse=0.1832 | 9.1s
  Epoch 19 Batch 100/460 | Loss=0.177058 | diff=0.1634 | coarse=0.1711 | 18.0s
  Epoch 19 Batch 150/460 | Loss=0.188533 | diff=0.1745 | coarse=0.1748 | 27.0s
  Epoch 19 Batch 200/460 | Loss=0.156321 | diff=0.1397 | coarse=0.2082 | 36.0s
  Epoch 19 Batch 250/460 | Loss=0.191702 | diff=0.1771 | coarse=0.1829 | 45.0s
  Epoch 19 Batch 300/460 | Loss=0.156494 | diff=0.1415 | coarse=0.1874 | 54.0s
  Epoch 19 Batch 350/460 | Loss=0.164559 | diff=0.1525 | coarse=0.1502 | 63.0s
  Epoch 19 Batch 400/460 | Loss=0.156969 | diff=0.1443 | coarse=0.1582 | 72.0s
  Epoch 19 Batch 450/460 | Loss=0.150018 | diff=0.1380 | coarse=0.1500 | 80.7s
  Epoch 19 Batch 460/460 | Loss=0.131033 | diff=0.1266 | coarse=0.0553 | 82.4s
Epoch 19/120 | Loss=0.169549 | Val RMSE=14.7452 | Val MAE=11.4592 | Val MAPE=51.99% | LR=6.75e-04 | 182.4s
[INFO] start epoch 20/120
  Epoch 20 Batch 50/460 | Loss=0.194554 | diff=0.1807 | coarse=0.1732 | 9.2s
  Epoch 20 Batch 100/460 | Loss=0.167169 | diff=0.1541 | coarse=0.1633 | 18.1s
  Epoch 20 Batch 150/460 | Loss=0.184122 | diff=0.1706 | coarse=0.1693 | 27.2s
  Epoch 20 Batch 200/460 | Loss=0.182447 | diff=0.1702 | coarse=0.1525 | 36.2s
  Epoch 20 Batch 250/460 | Loss=0.169286 | diff=0.1558 | coarse=0.1685 | 45.2s
  Epoch 20 Batch 300/460 | Loss=0.150439 | diff=0.1372 | coarse=0.1659 | 54.3s
  Epoch 20 Batch 350/460 | Loss=0.183571 | diff=0.1702 | coarse=0.1672 | 63.3s
  Epoch 20 Batch 400/460 | Loss=0.164167 | diff=0.1522 | coarse=0.1496 | 72.4s
  Epoch 20 Batch 450/460 | Loss=0.145651 | diff=0.1347 | coarse=0.1364 | 81.4s
  Epoch 20 Batch 460/460 | Loss=0.156030 | diff=0.1498 | coarse=0.0775 | 83.0s
Epoch 20/120 | Loss=0.166730 | Val RMSE=13.6589 | Val MAE=10.3853 | Val MAPE=45.90% | LR=6.71e-04 | 180.3s
  [BEST] epoch=20, val_rmse=13.6589
[INFO] start epoch 21/120
  Epoch 21 Batch 50/460 | Loss=0.200464 | diff=0.1848 | coarse=0.1959 | 10.1s
  Epoch 21 Batch 100/460 | Loss=0.171538 | diff=0.1584 | coarse=0.1642 | 20.2s
  Epoch 21 Batch 150/460 | Loss=0.186133 | diff=0.1723 | coarse=0.1727 | 30.4s
  Epoch 21 Batch 200/460 | Loss=0.170007 | diff=0.1581 | coarse=0.1483 | 39.5s
  Epoch 21 Batch 250/460 | Loss=0.175958 | diff=0.1620 | coarse=0.1748 | 48.5s
  Epoch 21 Batch 300/460 | Loss=0.147850 | diff=0.1349 | coarse=0.1614 | 57.4s
  Epoch 21 Batch 350/460 | Loss=0.160390 | diff=0.1469 | coarse=0.1684 | 66.4s
  Epoch 21 Batch 400/460 | Loss=0.192647 | diff=0.1789 | coarse=0.1720 | 75.5s
  Epoch 21 Batch 450/460 | Loss=0.129754 | diff=0.1193 | coarse=0.1312 | 84.5s
  Epoch 21 Batch 460/460 | Loss=0.120585 | diff=0.1157 | coarse=0.0610 | 86.2s
Epoch 21/120 | Loss=0.170306 | Val RMSE=13.6108 | Val MAE=10.2626 | Val MAPE=45.01% | LR=6.67e-04 | 183.4s
  [BEST] epoch=21, val_rmse=13.6108
[INFO] start epoch 22/120
  Epoch 22 Batch 50/460 | Loss=0.187161 | diff=0.1705 | coarse=0.2082 | 9.0s
  Epoch 22 Batch 100/460 | Loss=0.172640 | diff=0.1599 | coarse=0.1593 | 17.8s
  Epoch 22 Batch 150/460 | Loss=0.171990 | diff=0.1589 | coarse=0.1642 | 26.8s
  Epoch 22 Batch 200/460 | Loss=0.151557 | diff=0.1409 | coarse=0.1338 | 35.8s
  Epoch 22 Batch 250/460 | Loss=0.169926 | diff=0.1566 | coarse=0.1672 | 44.9s
  Epoch 22 Batch 300/460 | Loss=0.141235 | diff=0.1298 | coarse=0.1435 | 53.9s
  Epoch 22 Batch 350/460 | Loss=0.152856 | diff=0.1414 | coarse=0.1430 | 62.9s
  Epoch 22 Batch 400/460 | Loss=0.171957 | diff=0.1594 | coarse=0.1576 | 72.0s
  Epoch 22 Batch 450/460 | Loss=0.120692 | diff=0.1106 | coarse=0.1257 | 81.0s
  Epoch 22 Batch 460/460 | Loss=0.104057 | diff=0.0995 | coarse=0.0570 | 82.8s
Epoch 22/120 | Loss=0.162752 | Val RMSE=14.2383 | Val MAE=10.7791 | Val MAPE=47.64% | LR=6.63e-04 | 180.4s
[INFO] start epoch 23/120
  [WARN] skip non-finite grad at epoch 23 batch 36
  Epoch 23 Batch 50/460 | Loss=0.183453 | diff=0.1656 | coarse=0.2226 | 9.1s
  Epoch 23 Batch 100/460 | Loss=0.168751 | diff=0.1556 | coarse=0.1639 | 18.2s
  Epoch 23 Batch 150/460 | Loss=0.169285 | diff=0.1563 | coarse=0.1628 | 27.2s
  Epoch 23 Batch 200/460 | Loss=0.145636 | diff=0.1348 | coarse=0.1350 | 36.3s
  Epoch 23 Batch 250/460 | Loss=0.160570 | diff=0.1480 | coarse=0.1577 | 45.2s
  Epoch 23 Batch 300/460 | Loss=0.140315 | diff=0.1279 | coarse=0.1546 | 54.2s
  Epoch 23 Batch 350/460 | Loss=0.150510 | diff=0.1393 | coarse=0.1406 | 63.0s
  Epoch 23 Batch 400/460 | Loss=0.163266 | diff=0.1506 | coarse=0.1579 | 71.8s
  Epoch 23 Batch 450/460 | Loss=0.121888 | diff=0.1121 | coarse=0.1228 | 80.7s
  Epoch 23 Batch 460/460 | Loss=0.096409 | diff=0.0922 | coarse=0.0523 | 82.4s
Epoch 23/120 | Loss=0.156266 | Val RMSE=15.0502 | Val MAE=11.3331 | Val MAPE=50.79% | LR=6.59e-04 | 180.5s
[INFO] start epoch 24/120
  Epoch 24 Batch 50/460 | Loss=0.166050 | diff=0.1506 | coarse=0.1937 | 9.1s
  Epoch 24 Batch 100/460 | Loss=0.159381 | diff=0.1471 | coarse=0.1533 | 18.1s
  Epoch 24 Batch 150/460 | Loss=0.162580 | diff=0.1498 | coarse=0.1599 | 27.2s
  Epoch 24 Batch 200/460 | Loss=0.147584 | diff=0.1372 | coarse=0.1296 | 36.1s
  Epoch 24 Batch 250/460 | Loss=0.160657 | diff=0.1482 | coarse=0.1554 | 45.2s
  Epoch 24 Batch 300/460 | Loss=0.133108 | diff=0.1212 | coarse=0.1492 | 54.2s
  Epoch 24 Batch 350/460 | Loss=0.139443 | diff=0.1288 | coarse=0.1325 | 63.2s
  Epoch 24 Batch 400/460 | Loss=0.157873 | diff=0.1451 | coarse=0.1600 | 72.1s
  Epoch 24 Batch 450/460 | Loss=0.131002 | diff=0.1199 | coarse=0.1385 | 81.1s
  Epoch 24 Batch 460/460 | Loss=0.094900 | diff=0.0907 | coarse=0.0531 | 82.7s
Epoch 24/120 | Loss=0.149307 | Val RMSE=15.1237 | Val MAE=11.5779 | Val MAPE=50.85% | LR=6.54e-04 | 179.2s
[INFO] start epoch 25/120
  Epoch 25 Batch 50/460 | Loss=0.163136 | diff=0.1491 | coarse=0.1759 | 10.3s
  Epoch 25 Batch 100/460 | Loss=0.147337 | diff=0.1358 | coarse=0.1447 | 20.1s
  Epoch 25 Batch 150/460 | Loss=0.198015 | diff=0.1826 | coarse=0.1926 | 29.2s
  Epoch 25 Batch 200/460 | Loss=0.147920 | diff=0.1370 | coarse=0.1368 | 38.2s
  Epoch 25 Batch 250/460 | Loss=0.178256 | diff=0.1658 | coarse=0.1556 | 47.3s
  Epoch 25 Batch 300/460 | Loss=0.165220 | diff=0.1517 | coarse=0.1695 | 56.4s
  Epoch 25 Batch 350/460 | Loss=0.138649 | diff=0.1276 | coarse=0.1380 | 65.4s
  Epoch 25 Batch 400/460 | Loss=0.142413 | diff=0.1300 | coarse=0.1551 | 74.4s
  Epoch 25 Batch 450/460 | Loss=0.127527 | diff=0.1134 | coarse=0.1767 | 83.3s
  Epoch 25 Batch 460/460 | Loss=0.074854 | diff=0.0691 | coarse=0.0724 | 85.1s
Epoch 25/120 | Loss=0.154436 | Val RMSE=15.8569 | Val MAE=12.2348 | Val MAPE=52.34% | LR=6.49e-04 | 181.8s
[INFO] start epoch 26/120
  Epoch 26 Batch 50/460 | Loss=0.151141 | diff=0.1392 | coarse=0.1490 | 9.3s
  Epoch 26 Batch 100/460 | Loss=0.151249 | diff=0.1396 | coarse=0.1451 | 18.3s
  Epoch 26 Batch 150/460 | Loss=0.166092 | diff=0.1536 | coarse=0.1566 | 27.4s
  Epoch 26 Batch 200/460 | Loss=0.161135 | diff=0.1490 | coarse=0.1519 | 36.4s
  Epoch 26 Batch 250/460 | Loss=0.154685 | diff=0.1427 | coarse=0.1494 | 45.6s
  Epoch 26 Batch 300/460 | Loss=0.151840 | diff=0.1370 | coarse=0.1852 | 55.4s
  Epoch 26 Batch 350/460 | Loss=0.136866 | diff=0.1263 | coarse=0.1318 | 65.2s
  Epoch 26 Batch 400/460 | Loss=0.143742 | diff=0.1324 | coarse=0.1419 | 75.0s
  Epoch 26 Batch 450/460 | Loss=0.132902 | diff=0.1227 | coarse=0.1271 | 85.1s
  Epoch 26 Batch 460/460 | Loss=0.071902 | diff=0.0675 | coarse=0.0555 | 87.0s
Epoch 26/120 | Loss=0.153388 | Val RMSE=15.3251 | Val MAE=11.7466 | Val MAPE=51.33% | LR=6.44e-04 | 188.9s
[INFO] start epoch 27/120
  Epoch 27 Batch 50/460 | Loss=0.155395 | diff=0.1435 | coarse=0.1482 | 9.7s
  Epoch 27 Batch 100/460 | Loss=0.140504 | diff=0.1295 | coarse=0.1373 | 18.8s
  Epoch 27 Batch 150/460 | Loss=0.147172 | diff=0.1354 | coarse=0.1476 | 27.9s
  Epoch 27 Batch 200/460 | Loss=0.134847 | diff=0.1242 | coarse=0.1330 | 36.7s
  Epoch 27 Batch 250/460 | Loss=0.149389 | diff=0.1379 | coarse=0.1440 | 45.4s
  Epoch 27 Batch 300/460 | Loss=0.135539 | diff=0.1215 | coarse=0.1753 | 54.2s
  Epoch 27 Batch 350/460 | Loss=0.125377 | diff=0.1156 | coarse=0.1226 | 62.9s
  Epoch 27 Batch 400/460 | Loss=0.133446 | diff=0.1226 | coarse=0.1353 | 72.3s
  [WARN] skip non-finite grad at epoch 27 batch 448
  Epoch 27 Batch 450/460 | Loss=0.125654 | diff=0.1162 | coarse=0.1183 | 81.2s
  Epoch 27 Batch 460/460 | Loss=0.065467 | diff=0.0616 | coarse=0.0488 | 82.9s
Epoch 27/120 | Loss=0.143450 | Val RMSE=15.6688 | Val MAE=12.2499 | Val MAPE=53.44% | LR=6.39e-04 | 190.4s
[INFO] start epoch 28/120
  Epoch 28 Batch 50/460 | Loss=0.145144 | diff=0.1336 | coarse=0.1449 | 9.6s
  Epoch 28 Batch 100/460 | Loss=0.134987 | diff=0.1246 | coarse=0.1292 | 18.7s
  Epoch 28 Batch 150/460 | Loss=0.151571 | diff=0.1391 | coarse=0.1562 | 27.8s
  Epoch 28 Batch 200/460 | Loss=0.135540 | diff=0.1257 | coarse=0.1226 | 36.8s
  Epoch 28 Batch 250/460 | Loss=0.164940 | diff=0.1524 | coarse=0.1573 | 45.9s
  Epoch 28 Batch 300/460 | Loss=0.138285 | diff=0.1252 | coarse=0.1635 | 55.0s
  Epoch 28 Batch 350/460 | Loss=0.150653 | diff=0.1402 | coarse=0.1307 | 64.0s
  Epoch 28 Batch 400/460 | Loss=0.141308 | diff=0.1300 | coarse=0.1419 | 73.0s
  Epoch 28 Batch 450/460 | Loss=0.119891 | diff=0.1102 | coarse=0.1210 | 81.9s
  Epoch 28 Batch 460/460 | Loss=0.063798 | diff=0.0601 | coarse=0.0461 | 83.6s
Epoch 28/120 | Loss=0.140930 | Val RMSE=16.9799 | Val MAE=13.2986 | Val MAPE=58.05% | LR=6.33e-04 | 185.0s
[INFO] start epoch 29/120
  Epoch 29 Batch 50/460 | Loss=0.156642 | diff=0.1449 | coarse=0.1465 | 10.2s
  Epoch 29 Batch 100/460 | Loss=0.126590 | diff=0.1164 | coarse=0.1273 | 19.8s
  Epoch 29 Batch 150/460 | Loss=0.148402 | diff=0.1367 | coarse=0.1462 | 29.7s
  Epoch 29 Batch 200/460 | Loss=0.208380 | diff=0.1976 | coarse=0.1345 | 39.1s
  Epoch 29 Batch 250/460 | Loss=0.154080 | diff=0.1397 | coarse=0.1796 | 48.3s
  Epoch 29 Batch 300/460 | Loss=0.144900 | diff=0.1304 | coarse=0.1808 | 57.2s
  Epoch 29 Batch 350/460 | Loss=0.136757 | diff=0.1260 | coarse=0.1346 | 66.4s
  Epoch 29 Batch 400/460 | Loss=0.128896 | diff=0.1180 | coarse=0.1367 | 75.4s
  Epoch 29 Batch 450/460 | Loss=0.114391 | diff=0.1051 | coarse=0.1167 | 84.4s
  Epoch 29 Batch 460/460 | Loss=0.054270 | diff=0.0506 | coarse=0.0464 | 86.2s
Epoch 29/120 | Loss=0.143697 | Val RMSE=14.1748 | Val MAE=10.4866 | Val MAPE=45.22% | LR=6.27e-04 | 182.8s
[INFO] start epoch 30/120
  Epoch 30 Batch 50/460 | Loss=0.154912 | diff=0.1427 | coarse=0.1523 | 9.4s
  Epoch 30 Batch 100/460 | Loss=0.131288 | diff=0.1204 | coarse=0.1355 | 19.3s
  Epoch 30 Batch 150/460 | Loss=0.151397 | diff=0.1393 | coarse=0.1516 | 29.1s
  Epoch 30 Batch 200/460 | Loss=0.233231 | diff=0.2187 | coarse=0.1819 | 39.0s
  Epoch 30 Batch 250/460 | Loss=0.161355 | diff=0.1462 | coarse=0.1899 | 49.1s
  Epoch 30 Batch 300/460 | Loss=0.154177 | diff=0.1442 | coarse=0.1248 | 58.6s
  Epoch 30 Batch 350/460 | Loss=0.136914 | diff=0.1260 | coarse=0.1361 | 68.0s
  Epoch 30 Batch 400/460 | Loss=0.137595 | diff=0.1258 | coarse=0.1476 | 78.2s
  Epoch 30 Batch 450/460 | Loss=0.119638 | diff=0.1093 | coarse=0.1291 | 88.3s
  Epoch 30 Batch 460/460 | Loss=0.060606 | diff=0.0569 | coarse=0.0459 | 90.2s
Epoch 30/120 | Loss=0.146290 | Val RMSE=14.3108 | Val MAE=10.7373 | Val MAPE=46.37% | LR=6.21e-04 | 186.9s
[INFO] start epoch 31/120
  Epoch 31 Batch 50/460 | Loss=0.157883 | diff=0.1451 | coarse=0.1596 | 8.9s
  Epoch 31 Batch 100/460 | Loss=0.129579 | diff=0.1186 | coarse=0.1367 | 17.5s
  Epoch 31 Batch 150/460 | Loss=0.176372 | diff=0.1629 | coarse=0.1678 | 26.2s
  Epoch 31 Batch 200/460 | Loss=0.166864 | diff=0.1538 | coarse=0.1631 | 34.9s
  Epoch 31 Batch 250/460 | Loss=0.160961 | diff=0.1451 | coarse=0.1977 | 43.9s
  Epoch 31 Batch 300/460 | Loss=0.132321 | diff=0.1208 | coarse=0.1446 | 52.9s
  Epoch 31 Batch 350/460 | Loss=0.130211 | diff=0.1206 | coarse=0.1199 | 62.1s
  Epoch 31 Batch 400/460 | Loss=0.130735 | diff=0.1200 | coarse=0.1343 | 71.9s
  Epoch 31 Batch 450/460 | Loss=0.111960 | diff=0.1024 | coarse=0.1196 | 81.5s
  Epoch 31 Batch 460/460 | Loss=0.058400 | diff=0.0548 | coarse=0.0448 | 83.4s
Epoch 31/120 | Loss=0.140754 | Val RMSE=16.5586 | Val MAE=13.0559 | Val MAPE=57.35% | LR=6.15e-04 | 189.9s
[INFO] start epoch 32/120
  Epoch 32 Batch 50/460 | Loss=0.153150 | diff=0.1379 | coarse=0.1904 | 9.1s
  Epoch 32 Batch 100/460 | Loss=0.133018 | diff=0.1229 | coarse=0.1269 | 17.9s
  Epoch 32 Batch 150/460 | Loss=0.149859 | diff=0.1369 | coarse=0.1623 | 26.7s
  Epoch 32 Batch 200/460 | Loss=0.139853 | diff=0.1268 | coarse=0.1632 | 35.5s
  Epoch 32 Batch 250/460 | Loss=0.143102 | diff=0.1271 | coarse=0.1994 | 44.4s
  Epoch 32 Batch 300/460 | Loss=0.128352 | diff=0.1173 | coarse=0.1383 | 53.1s
  Epoch 32 Batch 350/460 | Loss=0.130491 | diff=0.1198 | coarse=0.1337 | 62.0s
  Epoch 32 Batch 400/460 | Loss=0.126457 | diff=0.1160 | coarse=0.1311 | 71.0s
  Epoch 32 Batch 450/460 | Loss=0.102741 | diff=0.0937 | coarse=0.1125 | 79.7s
  Epoch 32 Batch 460/460 | Loss=0.057843 | diff=0.0544 | coarse=0.0433 | 81.4s
Epoch 32/120 | Loss=0.135851 | Val RMSE=14.8053 | Val MAE=11.1018 | Val MAPE=47.72% | LR=6.09e-04 | 186.4s
[INFO] start epoch 33/120
  Epoch 33 Batch 50/460 | Loss=0.146432 | diff=0.1296 | coarse=0.2100 | 10.1s
  Epoch 33 Batch 100/460 | Loss=0.144228 | diff=0.1340 | coarse=0.1284 | 19.2s
  Epoch 33 Batch 150/460 | Loss=0.138138 | diff=0.1273 | coarse=0.1355 | 28.4s
  Epoch 33 Batch 200/460 | Loss=0.130663 | diff=0.1186 | coarse=0.1506 | 37.4s
  Epoch 33 Batch 250/460 | Loss=0.151714 | diff=0.1351 | coarse=0.2077 | 46.5s
  [WARN] skip non-finite grad at epoch 33 batch 260
  Epoch 33 Batch 300/460 | Loss=0.130400 | diff=0.1193 | coarse=0.1383 | 55.6s
  Epoch 33 Batch 350/460 | Loss=0.117601 | diff=0.1077 | coarse=0.1242 | 64.5s
  Epoch 33 Batch 400/460 | Loss=0.122887 | diff=0.1121 | coarse=0.1354 | 73.7s
  Epoch 33 Batch 450/460 | Loss=0.098970 | diff=0.0903 | coarse=0.1083 | 82.5s
  Epoch 33 Batch 460/460 | Loss=0.058663 | diff=0.0553 | coarse=0.0415 | 84.2s
Epoch 33/120 | Loss=0.137129 | Val RMSE=16.2544 | Val MAE=12.4769 | Val MAPE=55.64% | LR=6.03e-04 | 181.0s
[INFO] start epoch 34/120
  Epoch 34 Batch 50/460 | Loss=0.151431 | diff=0.1385 | coarse=0.1612 | 9.9s
  Epoch 34 Batch 100/460 | Loss=0.123496 | diff=0.1136 | coarse=0.1232 | 18.8s
  Epoch 34 Batch 150/460 | Loss=0.134498 | diff=0.1236 | coarse=0.1366 | 27.5s
  Epoch 34 Batch 200/460 | Loss=0.123951 | diff=0.1128 | coarse=0.1391 | 36.6s
  Epoch 34 Batch 250/460 | Loss=0.137956 | diff=0.1228 | coarse=0.1898 | 46.0s
  Epoch 34 Batch 300/460 | Loss=0.120577 | diff=0.1108 | coarse=0.1220 | 54.8s
  Epoch 34 Batch 350/460 | Loss=0.114388 | diff=0.1054 | coarse=0.1125 | 64.8s
  Epoch 34 Batch 400/460 | Loss=0.120557 | diff=0.1100 | coarse=0.1315 | 73.7s
  Epoch 34 Batch 450/460 | Loss=0.108934 | diff=0.1007 | coarse=0.1030 | 82.4s
  Epoch 34 Batch 460/460 | Loss=0.078849 | diff=0.0756 | coarse=0.0407 | 84.1s
Epoch 34/120 | Loss=0.130762 | Val RMSE=15.4972 | Val MAE=11.7616 | Val MAPE=53.07% | LR=5.96e-04 | 179.8s
[INFO] start epoch 35/120
  Epoch 35 Batch 50/460 | Loss=0.143321 | diff=0.1325 | coarse=0.1357 | 8.8s
  Epoch 35 Batch 100/460 | Loss=0.119204 | diff=0.1096 | coarse=0.1196 | 17.7s
  Epoch 35 Batch 150/460 | Loss=0.129851 | diff=0.1194 | coarse=0.1306 | 26.6s
  Epoch 35 Batch 200/460 | Loss=0.120594 | diff=0.1094 | coarse=0.1403 | 35.7s
  Epoch 35 Batch 250/460 | Loss=0.139054 | diff=0.1255 | coarse=0.1689 | 45.5s
  Epoch 35 Batch 300/460 | Loss=0.117644 | diff=0.1082 | coarse=0.1177 | 55.3s
  Epoch 35 Batch 350/460 | Loss=0.123296 | diff=0.1142 | coarse=0.1140 | 64.9s
  Epoch 35 Batch 400/460 | Loss=0.123742 | diff=0.1138 | coarse=0.1239 | 74.6s
  Epoch 35 Batch 450/460 | Loss=0.134915 | diff=0.1253 | coarse=0.1206 | 84.4s
  Epoch 35 Batch 460/460 | Loss=0.106284 | diff=0.1025 | coarse=0.0474 | 86.1s
Epoch 35/120 | Loss=0.128481 | Val RMSE=15.8328 | Val MAE=12.1521 | Val MAPE=54.57% | LR=5.89e-04 | 184.4s
[INFO] start epoch 36/120
  Epoch 36 Batch 50/460 | Loss=0.132315 | diff=0.1218 | coarse=0.1315 | 9.1s
  Epoch 36 Batch 100/460 | Loss=0.119715 | diff=0.1096 | coarse=0.1263 | 18.2s
  Epoch 36 Batch 150/460 | Loss=0.132859 | diff=0.1221 | coarse=0.1339 | 27.3s
  Epoch 36 Batch 200/460 | Loss=0.121778 | diff=0.1112 | coarse=0.1324 | 36.2s
  Epoch 36 Batch 250/460 | Loss=0.141508 | diff=0.1296 | coarse=0.1492 | 45.1s
  Epoch 36 Batch 300/460 | Loss=0.118162 | diff=0.1088 | coarse=0.1167 | 53.9s
  Epoch 36 Batch 350/460 | Loss=0.121296 | diff=0.1117 | coarse=0.1194 | 62.7s
  Epoch 36 Batch 400/460 | Loss=0.142998 | diff=0.1321 | coarse=0.1359 | 71.6s
  Epoch 36 Batch 450/460 | Loss=0.131888 | diff=0.1225 | coarse=0.1169 | 80.5s
  Epoch 36 Batch 460/460 | Loss=0.081491 | diff=0.0777 | coarse=0.0469 | 82.2s
Epoch 36/120 | Loss=0.128294 | Val RMSE=14.1970 | Val MAE=10.4005 | Val MAPE=45.59% | LR=5.82e-04 | 189.6s
[EARLY STOP] patience=15, best_val_rmse=13.6108 at epoch 21
[INFO] PE-DiffWaveNet noleak training finished
{
  "split_mode": "noleak",
  "model_name": "PE-DiffWaveNet",
  "best_epoch": 21,
  "best_valid_rmse": 13.610806712444877,
  "best_valid_mae": 10.262635972728107,
  "best_valid_mape": 45.00586891759162,
  "test_rmse": 12.05772807959447,
  "test_mae": 8.86900910539771,
  "test_mape": 36.566424557735964,
  "relative_rmse": 2.9409092877059684,
  "relative_mae": 2.163172952536027,
  "train_scale_max": 410.0,
  "world_size": 1,
  "eval_inference_steps": 50,
  "eval_num_samples": 3,
  "eval_t_start_ratio": 0.25,
  "use_diffusion": 1,
  "use_pe_graph": 1,
  "use_pe_film": 0,
  "pe_source": "train",
  "pe_graph_alpha": 1.0,
  "pe_film_scale": 1.0,
  "pe_film_zero_init": 0,
  "normalize_pe_features": 1,
  "pe_shuffle_seed": -1,
  "pe_adaptive_loss": 0,
  "pe_loss_weight": 0.15,
  "pe_loss_start_step": 4,
  "pe_loss_normalize": 1,
  "per_step_rmse": [
    7.50420667568515,
    10.200420101937127,
    11.447252527064501,
    12.678763144441367,
    13.479904056898611,
    15.44256170092336
  ],
  "per_step_mae": [
    5.535171957224971,
    7.58630240916801,
    8.501672989830354,
    9.478318459475394,
    10.124514595586895,
    11.988074221100641
  ],
  "step4_6_rmse_avg": 13.867076300754448,
  "peak_mode": "percentile",
  "peak_threshold": 65.99999815225601,
  "peak_count": 36556,
  "peak_ratio": 0.1000520020800832,
  "rmse_peak": 13.16398971368714,
  "mae_peak": 8.952459243322078
}
  Peak_mode      : percentile
  Peak_threshold : 66.00 μg/m³
  Peak_count     : 36556
  Peak_ratio     : 10.01%
  RMSE_peak      : 13.1640
  MAE_peak       : 8.9525
Per-step metrics:
  Step        RMSE         MAE
     1      7.5042      5.5352
     2     10.2004      7.5863
     3     11.4473      8.5017
     4     12.6788      9.4783
     5     13.4799     10.1245
     6     15.4426     11.9881
[INFO] outputs: /mnt/d/时空数据/臭氧预测资料/matrix_N95_PEDiffWaveNet_noleak_g3_pedw_no_pe_film_p6_l24_s42
[INFO] weights: /mnt/d/时空数据/臭氧预测资料/weights_N95/weights_pediffwavenet_noleak_g3_pedw_no_pe_film_p6_l24_s42
